Microchip MPLAB XC8 Compiler V2.05 ()

Linker command line:

-W-3 --edf=C:\Program Files (x86)\Microchip\xc8\v2.05\pic\dat\en_msgs.txt \
  -cs -h+dist/default/production\QI_Monitor.X.production.sym \
  --cmf=dist/default/production\QI_Monitor.X.production.cmf -z -Q18F27K40 \
  -oC:\Users\DREWMA~1\AppData\Local\Temp\sfk4.2 --defsym=__MPLAB_BUILD=1 \
  -Mdist/default/production/QI_Monitor.X.production.map -E1 -ver=XC8 \
  --acfsm=1493 -ASTACK=04DAh-0E87h -pstack=STACK -ACODE=00h-01FFFFh \
  -ACONST=00h-01FFFFh -ASMALLCONST=0F00h-0FFFhx497 \
  -AMEDIUMCONST=0F00h-0FFFFh,010F00h-01FFFFh -ACOMRAM=01h-05Fh \
  -AABS1=00h-0E87h -ABIGRAM=01h-0E87h \
  -ARAM=060h-0FFh,0100h-01FFhx13,0E00h-0E87h -ABANK0=060h-0FFh \
  -ABANK1=0100h-01FFh -ABANK2=0200h-02FFh -ABANK3=0300h-03FFh \
  -ABANK4=0400h-04FFh -ABANK5=0500h-05FFh -ABANK6=0600h-06FFh \
  -ABANK7=0700h-07FFh -ABANK8=0800h-08FFh -ABANK9=0900h-09FFh \
  -ABANK10=0A00h-0AFFh -ABANK11=0B00h-0BFFh -ABANK12=0C00h-0CFFh \
  -ABANK13=0D00h-0DFFh -ABANK14=0E00h-0E87h \
  -ASFR=0E8Dh-0EFFh,0F00h-0F5Fh,0F60h-0FFFh \
  -preset_vec=00h,intcode=08h,intcodelo=018h,powerup,init -pramtop=0F00h \
  -psmallconst=SMALLCONST -pmediumconst=MEDIUMCONST -pconst=CONST \
  -AFARRAM=00h-00h -ACONFIG=0300000h-030000Bh -pconfig=CONFIG \
  -AIDLOC=0200000h-020000Fh -pidloc=IDLOC -AEEDATA=0310000h-03103FFh \
  -peeprom_data=EEDATA \
  -prdata=COMRAM,nvrram=COMRAM,nvbit=COMRAM,rbss=COMRAM,rbit=COMRAM \
  -pfarbss=FARRAM,fardata=FARRAM,nvFARRAM=FARRAM \
  -pintsave_regs=BIGRAM,bigbss=BIGRAM,bigdata=BIGRAM -pbss=RAM \
  -pidata=CODE,irdata=CODE,ibigdata=CODE,ifardata=CODE -prparam=COMRAM \
  C:\Users\DREWMA~1\AppData\Local\Temp\sfk4.o \
  dist/default/production\QI_Monitor.X.production.o 

Object code version is 3.11

Machine type is 18F27K40

Call graph: (short form)




                Name                               Link     Load   Length Selector   Space Scale
C:\Users\DREWMA~1\AppData\Local\Temp\sfk4.o
                init                                 C2       C2        4        C       0
                reset_vec                             0        0        4        0       0
                idloc                            200000   200000       10   200000       0
                config                           300000   300000        C   300000       0
dist/default/production\QI_Monitor.X.production.o
                intcodelo                            18       18       AA        C       0
                intcode                               8        8        6        4       0
                temp                                 5E       5E        1        1       1
                mediumconst                        E03E     E03E     1FC2     701F       0
                text210                           1C1C4    1C1C4       14     8000       0
                text209                           1C3B0    1C3B0        4     8000       0
                text208                           1C1B0    1C1B0       14     8000       0
                text207                           1C32A    1C32A        C     8000       0
                text206                           1C3AC    1C3AC        4     8000       0
                text205                           1C3A8    1C3A8        4     8000       0
                text204                           1C382    1C382        6     8000       0
                text203                           1BCA2    1BCA2       2E     8000       0
                text202                           1BA0A    1BA0A       3C     8000       0
                text201                           18594    18594      288     8000       0
                text200                           19FC6    19FC6       D0     8000       0
                text199                           16BF8    16BF8      352     8000       0
                text198                           17566    17566      30E     8000       0
                text197                           1B576    1B576       48     8000       0
                text196                           196C6    196C6      140     8000       0
                text195                           14C64    14C64      974     8000       0
                text194                           1C3C4    1C3C4        2     8000       0
                text193                           1BDEE    1BDEE       28     8000       0
                text192                           1AA72    1AA72       8A     8000       0
                text191                           1A3AC    1A3AC       BA     8000       0
                text190                           1AC8A    1AC8A       82     8000       0
                text189                           1AF88    1AF88       66     8000       0
                text188                           1BE3C    1BE3C       26     8000       0
                text187                           19D10    19D10       F4     8000       0
                text186                           19A28    19A28       FE     8000       0
                text185                           1B2BC    1B2BC       52     8000       0
                text184                           1B7DE    1B7DE       42     8000       0
                text183                           17B36    17B36      2AE     8000       0
                text182                           1BFF2    1BFF2       1E     8000       0
                text181                           1B79C    1B79C       42     8000       0
                text180                           1C35E    1C35E        A     8000       0
                text179                           1AC06    1AC06       84     8000       0
                text178                           1AD7E    1AD7E       70     8000       0
                text177                           15A0C    15A0C      418     8000       0
                text176                           11724    11724     1718     8000       0
                text175                           1B9CE    1B9CE       3C     8000       0
                text174                           1A514    1A514       A4     8000       0
                text173                           1C15E    1C15E       16     8000       0
                text172                           1C3C2    1C3C2        2     8000       0
                text171                           1BEAA    1BEAA       24     8000       0
                text170                           1C354    1C354        A     8000       0
                text169                           1C148    1C148       16     8000       0
                text168                           1C3C0    1C3C0        2     8000       0
                text167                           1BE86    1BE86       24     8000       0
                text166                           1C34A    1C34A        A     8000       0
                text165                           1C3A4    1C3A4        4     8000       0
                text164                           1C3A0    1C3A0        4     8000       0
                text163                           1C080    1C080       1C     8000       0
                text162                           1C2F8    1C2F8        E     8000       0
                text161                           1C19C    1C19C       14     8000       0
                text160                           1C3BE    1C3BE        2     8000       0
                text159                           1BD24    1BD24       2A     8000       0
                text158                           1C064    1C064       1C     8000       0
                text157                           1C2EA    1C2EA        E     8000       0
                text156                           1C048    1C048       1C     8000       0
                text155                           1C3BC    1C3BC        2     8000       0
                text154                           1BCFA    1BCFA       2A     8000       0
                text153                           1C188    1C188       14     8000       0
                text152                           1A6FA    1A6FA       9E     8000       0
                text151                           1C3BA    1C3BA        2     8000       0
                text150                           1BDC6    1BDC6       28     8000       0
                text149                           1C39C    1C39C        4     8000       0
                text148                           1C3B8    1C3B8        2     8000       0
                text147                           1C132    1C132       16     8000       0
                text146                           1BB1C    1BB1C       34     8000       0
                intcode_body                      1A096    1A096       CC     8000       0
                text144                           17258    17258      30E     8000       0
                text143                           1830A    1830A      28A     8000       0
                text142                           168A4    168A4      354     8000       0
                text141                           19582    19582      144     8000       0
                text140                           1A162    1A162       CA     8000       0
                text139                           1B820    1B820       40     8000       0
                text138                           1C0EA    1C0EA       1A     8000       0
                text137                           1BB82    1BB82       32     8000       0
                text136                           1C31E    1C31E        C     8000       0
                text135                           1C0D0    1C0D0       1A     8000       0
                text134                           1B716    1B716       44     8000       0
                text133                           18A9A    18A9A      276     8000       0
                text132                           1C37C    1C37C        6     8000       0
                text131                           1C368    1C368        8     8000       0
                text130                           1C2DC    1C2DC        E     8000       0
                text129                           1C398    1C398        4     8000       0
                text128                           1C376    1C376        6     8000       0
                text127                           1C3B6    1C3B6        2     8000       0
                text126                           1C0B6    1C0B6       1A     8000       0
                text125                           1BD9E    1BD9E       28     8000       0
                text124                           1BFD2    1BFD2       20     8000       0
                text123                           1C2CE    1C2CE        E     8000       0
                text122                           1C394    1C394        4     8000       0
                text121                           1C3B4    1C3B4        2     8000       0
                text120                           1BFB2    1BFB2       20     8000       0
                text119                           1BAE8    1BAE8       34     8000       0
                text117                           1B26A    1B26A       52     8000       0
                text116                           1C340    1C340        A     8000       0
                text115                           1A5B8    1A5B8       A2     8000       0
                text114                           1B44E    1B44E       50     8000       0
                text113                           1B604    1B604       46     8000       0
                text112                           1B3FE    1B3FE       50     8000       0
                text111                           16550    16550      354     8000       0
                text110                           1943E    1943E      144     8000       0
                text109                           17DE4    17DE4      29C     8000       0
                text108                           18F48    18F48      22C     8000       0
                text107                           18D10    18D10      238     8000       0
                text106                           1A466    1A466       AE     8000       0
                text105                           1A22C    1A22C       C4     8000       0
                text104                           1B8DC    1B8DC       3E     8000       0
                text103                           1AF22    1AF22       66     8000       0
                text102                           1A830    1A830       98     8000       0
                text101                           1B1BE    1B1BE       58     8000       0
                text100                           1B6D2    1B6D2       44     8000       0
                text99                            1BC74    1BC74       2E     8000       0
                text98                            19806    19806      122     8000       0
                text97                            18080    18080      28A     8000       0
                text96                            1BC44    1BC44       30     8000       0
                text95                            1AB82    1AB82       84     8000       0
                text94                            1BD76    1BD76       28     8000       0
                text93                            1A8C8    1A8C8       90     8000       0
                text92                            1C09C    1C09C       1A     8000       0
                text91                            1B75A    1B75A       42     8000       0
                text90                            1BF92    1BF92       20     8000       0
                text89                            19E04    19E04       F0     8000       0
                text88                            1B992    1B992       3C     8000       0
                text87                            1BE16    1BE16       26     8000       0
                text86                            192EE    192EE      150     8000       0
                text85                            1B108    1B108       5C     8000       0
                text84                            19174    19174      17A     8000       0
                text83                            1BC14    1BC14       30     8000       0
                text82                            1A9E6    1A9E6       8C     8000       0
                text81                            19EF4    19EF4       D2     8000       0
                text80                            1BBE4    1BBE4       30     8000       0
                text79                            16F4A    16F4A      30E     8000       0
                text78                            1B52E    1B52E       48     8000       0
                text77                            1A2F0    1A2F0       BC     8000       0
                text76                            1ADEE    1ADEE       68     8000       0
                text75                            19B26    19B26       F6     8000       0
                text74                            19928    19928      100     8000       0
                text73                            1B216    1B216       54     8000       0
                text72                            1B68E    1B68E       44     8000       0
                text71                            17874    17874      2C2     8000       0
                text70                            1BEF0    1BEF0       22     8000       0
                text69                            1B64A    1B64A       44     8000       0
                text68                            1C174    1C174       14     8000       0
                text67                            1AAFC    1AAFC       86     8000       0
                text66                            1AD0C    1AD0C       72     8000       0
                text65                            155D8    155D8      434     8000       0
                text64                            10000    10000     1724     8000       0
                text63                            1B4E6    1B4E6       48     8000       0
                text62                            1B49E    1B49E       48     8000       0
                text61                            12E3C    12E3C     107A     8000       0
                text60                            1C2C0    1C2C0        E     8000       0
                text59                            1AFEE    1AFEE       60     8000       0
                text58                            1BECE    1BECE       22     8000       0
                text57                            1C2B2    1C2B2        E     8000       0
                text56                            1C2A4    1C2A4        E     8000       0
                text55                            1AEBC    1AEBC       66     8000       0
                text54                            1C296    1C296        E     8000       0
                text53                            1C288    1C288        E     8000       0
                text52                            1BA46    1BA46       38     8000       0
                text51                            1C312    1C312        C     8000       0
                text50                            1BA7E    1BA7E       36     8000       0
                text49                            1BF72    1BF72       20     8000       0
                text48                            1C104    1C104       18     8000       0
                text47                            1C27A    1C27A        E     8000       0
                text46                            1C26C    1C26C        E     8000       0
                text45                            1A65A    1A65A       A0     8000       0
                text44                            1C02C    1C02C       1C     8000       0
                text43                            1C25E    1C25E        E     8000       0
                text42                            1BCD0    1BCD0       2A     8000       0
                text41                            1C250    1C250        E     8000       0
                text40                            1B3AE    1B3AE       50     8000       0
                text39                            1C242    1C242        E     8000       0
                text38                            1BB50    1BB50       32     8000       0
                text37                            1C234    1C234        E     8000       0
                text36                            1B35E    1B35E       50     8000       0
                text35                            1B956    1B956       3C     8000       0
                text34                            1B89E    1B89E       3E     8000       0
                text33                            1BF52    1BF52       20     8000       0
                text32                            1C226    1C226        E     8000       0
                text31                            1C390    1C390        4     8000       0
                text30                            1BF32    1BF32       20     8000       0
                text29                            1C218    1C218        E     8000       0
                text28                            1C38C    1C38C        4     8000       0
                text27                            1C388    1C388        4     8000       0
                text26                            1BF12    1BF12       20     8000       0
                text25                            1C336    1C336        A     8000       0
                text24                            1B164    1B164       5A     8000       0
                text23                            1B91A    1B91A       3C     8000       0
                text22                            1C208    1C208       10     8000       0
                text21                            1C1F8    1C1F8       10     8000       0
                text20                            1B860    1B860       3E     8000       0
                text19                            1C11C    1C11C       16     8000       0
                text18                            1BD4E    1BD4E       28     8000       0
                text17                            1C370    1C370        6     8000       0
                text16                            1B5BE    1B5BE       46     8000       0
                text15                            1C1E8    1C1E8       10     8000       0
                text14                            1C010    1C010       1C     8000       0
                text13                            1C306    1C306        C     8000       0
                text12                            1BBB4    1BBB4       30     8000       0
                text11                            1A798    1A798       98     8000       0
                text10                            1B0AC    1B0AC       5C     8000       0
                text9                             1B04E    1B04E       5E     8000       0
                text8                             15E24    15E24      3A6     8000       0
                text7                             1BAB4    1BAB4       34     8000       0
                text6                             1B30E    1B30E       50     8000       0
                text5                             1AE56    1AE56       66     8000       0
                text4                             161CA    161CA      386     8000       0
                text3                             1C1D8    1C1D8       10     8000       0
                text2                             13EB6    13EB6      DAE     8000       0
                text1                             19C1C    19C1C       F4     8000       0
                text0                             1881C    1881C      27E     8000       0
                cstackCOMRAM                          1        1       5D        1       1
                cstackBANK0                          60       60       59       60       1
                cstackBANK1                         100      100       61      100       1
                cstackBANK2                         200      200       AE      200       1
                cstackBANK3                         3DD      3DD       23      300       1
                cstackBANK4                         4C0      4C0       1A      400       1
                bssBANK4                            400      400       C0      400       1
                dataBANK3                           3B9      3B9       24      300       1
                bssBANK3                            300      300       B9      300       1
                dataBANK2                           2FF      2FF        1      200       1
                bssBANK2                            2AE      2AE       50      200       1
                bssBANK1                            161      161       5D      100       1
                dataBANK0                            FD       FD        1       60       1
                bssBANK0                             B9       B9       43       60       1
                bitbssBANK0                         7E0       FC        1       60       1     8
                cinit                             1A958    1A958       8E     8000       0
                nvBANK2                             2FE      2FE        1      200       1
                idataBANK3                        1BE62    1BE62       24     8000       0
                idataBANK2                        1C3C7    1C3C7        1     8000       0
                idataBANK0                        1C3C6    1C3C6        1     8000       0

TOTAL           Name                               Link     Load   Length     Space
        CLASS   STACK          

        CLASS   CODE           
                intcodelo                            18       18       AA         0
                intcode                               8        8        6         0
                init                                 C2       C2        4         0
                reset_vec                             0        0        4         0
                text210                           1C1C4    1C1C4       14         0
                text209                           1C3B0    1C3B0        4         0
                text208                           1C1B0    1C1B0       14         0
                text207                           1C32A    1C32A        C         0
                text206                           1C3AC    1C3AC        4         0
                text205                           1C3A8    1C3A8        4         0
                text204                           1C382    1C382        6         0
                text203                           1BCA2    1BCA2       2E         0
                text202                           1BA0A    1BA0A       3C         0
                text201                           18594    18594      288         0
                text200                           19FC6    19FC6       D0         0
                text199                           16BF8    16BF8      352         0
                text198                           17566    17566      30E         0
                text197                           1B576    1B576       48         0
                text196                           196C6    196C6      140         0
                text195                           14C64    14C64      974         0
                text194                           1C3C4    1C3C4        2         0
                text193                           1BDEE    1BDEE       28         0
                text192                           1AA72    1AA72       8A         0
                text191                           1A3AC    1A3AC       BA         0
                text190                           1AC8A    1AC8A       82         0
                text189                           1AF88    1AF88       66         0
                text188                           1BE3C    1BE3C       26         0
                text187                           19D10    19D10       F4         0
                text186                           19A28    19A28       FE         0
                text185                           1B2BC    1B2BC       52         0
                text184                           1B7DE    1B7DE       42         0
                text183                           17B36    17B36      2AE         0
                text182                           1BFF2    1BFF2       1E         0
                text181                           1B79C    1B79C       42         0
                text180                           1C35E    1C35E        A         0
                text179                           1AC06    1AC06       84         0
                text178                           1AD7E    1AD7E       70         0
                text177                           15A0C    15A0C      418         0
                text176                           11724    11724     1718         0
                text175                           1B9CE    1B9CE       3C         0
                text174                           1A514    1A514       A4         0
                text173                           1C15E    1C15E       16         0
                text172                           1C3C2    1C3C2        2         0
                text171                           1BEAA    1BEAA       24         0
                text170                           1C354    1C354        A         0
                text169                           1C148    1C148       16         0
                text168                           1C3C0    1C3C0        2         0
                text167                           1BE86    1BE86       24         0
                text166                           1C34A    1C34A        A         0
                text165                           1C3A4    1C3A4        4         0
                text164                           1C3A0    1C3A0        4         0
                text163                           1C080    1C080       1C         0
                text162                           1C2F8    1C2F8        E         0
                text161                           1C19C    1C19C       14         0
                text160                           1C3BE    1C3BE        2         0
                text159                           1BD24    1BD24       2A         0
                text158                           1C064    1C064       1C         0
                text157                           1C2EA    1C2EA        E         0
                text156                           1C048    1C048       1C         0
                text155                           1C3BC    1C3BC        2         0
                text154                           1BCFA    1BCFA       2A         0
                text153                           1C188    1C188       14         0
                text152                           1A6FA    1A6FA       9E         0
                text151                           1C3BA    1C3BA        2         0
                text150                           1BDC6    1BDC6       28         0
                text149                           1C39C    1C39C        4         0
                text148                           1C3B8    1C3B8        2         0
                text147                           1C132    1C132       16         0
                text146                           1BB1C    1BB1C       34         0
                intcode_body                      1A096    1A096       CC         0
                text144                           17258    17258      30E         0
                text143                           1830A    1830A      28A         0
                text142                           168A4    168A4      354         0
                text141                           19582    19582      144         0
                text140                           1A162    1A162       CA         0
                text139                           1B820    1B820       40         0
                text138                           1C0EA    1C0EA       1A         0
                text137                           1BB82    1BB82       32         0
                text136                           1C31E    1C31E        C         0
                text135                           1C0D0    1C0D0       1A         0
                text134                           1B716    1B716       44         0
                text133                           18A9A    18A9A      276         0
                text132                           1C37C    1C37C        6         0
                text131                           1C368    1C368        8         0
                text130                           1C2DC    1C2DC        E         0
                text129                           1C398    1C398        4         0
                text128                           1C376    1C376        6         0
                text127                           1C3B6    1C3B6        2         0
                text126                           1C0B6    1C0B6       1A         0
                text125                           1BD9E    1BD9E       28         0
                text124                           1BFD2    1BFD2       20         0
                text123                           1C2CE    1C2CE        E         0
                text122                           1C394    1C394        4         0
                text121                           1C3B4    1C3B4        2         0
                text120                           1BFB2    1BFB2       20         0
                text119                           1BAE8    1BAE8       34         0
                text117                           1B26A    1B26A       52         0
                text116                           1C340    1C340        A         0
                text115                           1A5B8    1A5B8       A2         0
                text114                           1B44E    1B44E       50         0
                text113                           1B604    1B604       46         0
                text112                           1B3FE    1B3FE       50         0
                text111                           16550    16550      354         0
                text110                           1943E    1943E      144         0
                text109                           17DE4    17DE4      29C         0
                text108                           18F48    18F48      22C         0
                text107                           18D10    18D10      238         0
                text106                           1A466    1A466       AE         0
                text105                           1A22C    1A22C       C4         0
                text104                           1B8DC    1B8DC       3E         0
                text103                           1AF22    1AF22       66         0
                text102                           1A830    1A830       98         0
                text101                           1B1BE    1B1BE       58         0
                text100                           1B6D2    1B6D2       44         0
                text99                            1BC74    1BC74       2E         0
                text98                            19806    19806      122         0
                text97                            18080    18080      28A         0
                text96                            1BC44    1BC44       30         0
                text95                            1AB82    1AB82       84         0
                text94                            1BD76    1BD76       28         0
                text93                            1A8C8    1A8C8       90         0
                text92                            1C09C    1C09C       1A         0
                text91                            1B75A    1B75A       42         0
                text90                            1BF92    1BF92       20         0
                text89                            19E04    19E04       F0         0
                text88                            1B992    1B992       3C         0
                text87                            1BE16    1BE16       26         0
                text86                            192EE    192EE      150         0
                text85                            1B108    1B108       5C         0
                text84                            19174    19174      17A         0
                text83                            1BC14    1BC14       30         0
                text82                            1A9E6    1A9E6       8C         0
                text81                            19EF4    19EF4       D2         0
                text80                            1BBE4    1BBE4       30         0
                text79                            16F4A    16F4A      30E         0
                text78                            1B52E    1B52E       48         0
                text77                            1A2F0    1A2F0       BC         0
                text76                            1ADEE    1ADEE       68         0
                text75                            19B26    19B26       F6         0
                text74                            19928    19928      100         0
                text73                            1B216    1B216       54         0
                text72                            1B68E    1B68E       44         0
                text71                            17874    17874      2C2         0
                text70                            1BEF0    1BEF0       22         0
                text69                            1B64A    1B64A       44         0
                text68                            1C174    1C174       14         0
                text67                            1AAFC    1AAFC       86         0
                text66                            1AD0C    1AD0C       72         0
                text65                            155D8    155D8      434         0
                text64                            10000    10000     1724         0
                text63                            1B4E6    1B4E6       48         0
                text62                            1B49E    1B49E       48         0
                text61                            12E3C    12E3C     107A         0
                text60                            1C2C0    1C2C0        E         0
                text59                            1AFEE    1AFEE       60         0
                text58                            1BECE    1BECE       22         0
                text57                            1C2B2    1C2B2        E         0
                text56                            1C2A4    1C2A4        E         0
                text55                            1AEBC    1AEBC       66         0
                text54                            1C296    1C296        E         0
                text53                            1C288    1C288        E         0
                text52                            1BA46    1BA46       38         0
                text51                            1C312    1C312        C         0
                text50                            1BA7E    1BA7E       36         0
                text49                            1BF72    1BF72       20         0
                text48                            1C104    1C104       18         0
                text47                            1C27A    1C27A        E         0
                text46                            1C26C    1C26C        E         0
                text45                            1A65A    1A65A       A0         0
                text44                            1C02C    1C02C       1C         0
                text43                            1C25E    1C25E        E         0
                text42                            1BCD0    1BCD0       2A         0
                text41                            1C250    1C250        E         0
                text40                            1B3AE    1B3AE       50         0
                text39                            1C242    1C242        E         0
                text38                            1BB50    1BB50       32         0
                text37                            1C234    1C234        E         0
                text36                            1B35E    1B35E       50         0
                text35                            1B956    1B956       3C         0
                text34                            1B89E    1B89E       3E         0
                text33                            1BF52    1BF52       20         0
                text32                            1C226    1C226        E         0
                text31                            1C390    1C390        4         0
                text30                            1BF32    1BF32       20         0
                text29                            1C218    1C218        E         0
                text28                            1C38C    1C38C        4         0
                text27                            1C388    1C388        4         0
                text26                            1BF12    1BF12       20         0
                text25                            1C336    1C336        A         0
                text24                            1B164    1B164       5A         0
                text23                            1B91A    1B91A       3C         0
                text22                            1C208    1C208       10         0
                text21                            1C1F8    1C1F8       10         0
                text20                            1B860    1B860       3E         0
                text19                            1C11C    1C11C       16         0
                text18                            1BD4E    1BD4E       28         0
                text17                            1C370    1C370        6         0
                text16                            1B5BE    1B5BE       46         0
                text15                            1C1E8    1C1E8       10         0
                text14                            1C010    1C010       1C         0
                text13                            1C306    1C306        C         0
                text12                            1BBB4    1BBB4       30         0
                text11                            1A798    1A798       98         0
                text10                            1B0AC    1B0AC       5C         0
                text9                             1B04E    1B04E       5E         0
                text8                             15E24    15E24      3A6         0
                text7                             1BAB4    1BAB4       34         0
                text6                             1B30E    1B30E       50         0
                text5                             1AE56    1AE56       66         0
                text4                             161CA    161CA      386         0
                text3                             1C1D8    1C1D8       10         0
                text2                             13EB6    13EB6      DAE         0
                text1                             19C1C    19C1C       F4         0
                text0                             1881C    1881C      27E         0
                cinit                             1A958    1A958       8E         0
                idataBANK3                        1BE62    1BE62       24         0
                idataBANK2                        1C3C7    1C3C7        1         0
                idataBANK0                        1C3C6    1C3C6        1         0

        CLASS   CONST          

        CLASS   SMALLCONST     

        CLASS   MEDIUMCONST    
                mediumconst                        E03E     E03E     1FC2         0

        CLASS   COMRAM         
                temp                                 5E       5E        1         1
                cstackCOMRAM                          1        1       5D         1

        CLASS   ABS1           

        CLASS   BIGRAM         

        CLASS   RAM            

        CLASS   BANK0          
                cstackBANK0                          60       60       59         1
                dataBANK0                            FD       FD        1         1
                bssBANK0                             B9       B9       43         1
                bitbssBANK0                         7E0       FC        1         1

        CLASS   BANK1          
                cstackBANK1                         100      100       61         1
                bssBANK1                            161      161       5D         1

        CLASS   BANK2          
                cstackBANK2                         200      200       AE         1
                dataBANK2                           2FF      2FF        1         1
                bssBANK2                            2AE      2AE       50         1
                nvBANK2                             2FE      2FE        1         1

        CLASS   BANK3          
                cstackBANK3                         3DD      3DD       23         1
                dataBANK3                           3B9      3B9       24         1
                bssBANK3                            300      300       B9         1

        CLASS   BANK4          
                cstackBANK4                         4C0      4C0       1A         1
                bssBANK4                            400      400       C0         1

        CLASS   BANK5          

        CLASS   BANK6          

        CLASS   BANK7          

        CLASS   BANK8          

        CLASS   BANK9          

        CLASS   BANK10         

        CLASS   BANK11         

        CLASS   BANK12         

        CLASS   BANK13         

        CLASS   BANK14         

        CLASS   SFR            

        CLASS   FARRAM         

        CLASS   CONFIG         
                config                           300000   300000        C         0

        CLASS   IDLOC          
                idloc                            200000   200000       10         0

        CLASS   EEDATA         



SEGMENTS        Name                           Load    Length   Top    Selector   Space  Class

                reset_vec                      000000  000004  000004         0       0  CODE    
                cstackCOMRAM                   000001  00005E  00005F         1       1  COMRAM  
                intcode                        000008  000006  00000E         4       0  CODE    
                intcodelo                      000018  0000AE  0000C6         C       0  CODE    
                cstackBANK0                    000060  00009E  0000FE        60       1  BANK0   
                cstackBANK1                    000100  0000BE  0001BE       100       1  BANK1   
                cstackBANK2                    000200  000100  000300       200       1  BANK2   
                bssBANK3                       000300  000100  000400       300       1  BANK3   
                bssBANK4                       000400  0000DA  0004DA       400       1  BANK4   
                mediumconst                    00E03E  001FC2  010000      701F       0  MEDIUMCO
                text64                         010000  00C3C8  01C3C8      8000       0  CODE    
                idloc                          200000  000010  200010    200000       0  IDLOC   
                config                         300000  00000C  30000C    300000       0  CONFIG  


UNUSED ADDRESS RANGES

        Name                Unused          Largest block    Delta
        BANK0            0000FE-0000FF                2
        BANK1            0001BE-0001FF               42
        BANK10           000A00-000AFF              100
        BANK11           000B00-000BFF              100
        BANK12           000C00-000CFF              100
        BANK13           000D00-000DFF              100
        BANK14           000E00-000E87               88
        BANK4            0004DA-0004FF               26
        BANK5            000500-0005FF              100
        BANK6            000600-0006FF              100
        BANK7            000700-0007FF              100
        BANK8            000800-0008FF              100
        BANK9            000900-0009FF              100
        BIGRAM           00005F-00005F                1
                         0000FE-0000FF                2
                         0001BE-0001FF               42
                         0004DA-000E87              9AE
        CODE             000004-000007                4
                         00000E-000017                A
                         0000C6-00E03D             DF78
                         01C3C8-01FFFF             3C38
        COMRAM           00005F-00005F                1
        CONST            000004-000007                4
                         00000E-000017                A
                         0000C6-00E03D             DF78
                         01C3C8-01FFFF             3C38
        EEDATA           310000-3103FF              400
        MEDIUMCONST      000F00-00E03D             D13E
                         01C3C8-01FFFF             3C38
        RAM              0000FE-0000FF                2
                         0001BE-0001FF               42
                         0004DA-000E87              100
        SFR              000E8D-000FFF               73
        SMALLCONST       000F00-00E03D              100
                         01C3C8-01FFFF              100
        STACK            0004DA-000E87              9AE

                                  Symbol Table

?_ADCC_GetConversionResult                     cstackCOMRAM 000001
?_ADCC_GetFilterValue                          cstackCOMRAM 000001
?_FLASH_ReadWord                               cstackBANK2  000204
?___awdiv                                      cstackBANK2  000206
?___awmod                                      cstackBANK2  000200
?___fladd                                      cstackBANK2  000234
?___fldiv                                      cstackBANK2  000200
?___flmul                                      cstackBANK2  00020E
?___flneg                                      cstackBANK2  000200
?___flsub                                      cstackBANK2  000244
?___fltol                                      cstackBANK2  000230
?___lldiv                                      cstackBANK2  000200
?___llmod                                      cstackBANK2  00020D
?___lwdiv                                      cstackBANK2  000205
?___lwmod                                      cstackBANK2  000200
?___wmul                                       cstackBANK2  000200
?___xxtofl                                     cstackBANK2  000200
?__div_to_l_                                   cstackBANK2  000200
?__doprnt                                      cstackBANK2  00024C
?__tdiv_to_l_                                  cstackBANK2  000200
?_fabs                                         cstackCOMRAM 000005
?_fround                                       cstackBANK2  000227
?_getCauseOfResetString                        cstackBANK2  000200
?_getCauseOfResetStringSmall                   cstackBANK2  000200
?_getDeviceID                                  cstackBANK2  00020B
?_getDeviceIDString                            cstackBANK2  00020D
?_getNXQChargeStateString                      cstackBANK2  000200
?_getNXQChargeStateStringCaps                  cstackBANK2  000200
?_getStringSecondsAsTime                       cstackBANK2  000297
?_getUserID                                    cstackBANK2  00020B
?_printf                                       cstackBANK2  00029F
?_scale                                        cstackBANK2  000227
?_sprintf                                      cstackBANK2  000284
?_strcmp                                       cstackBANK2  000200
?_strlen                                       cstackBANK2  000200
?i1___fladd                                    cstackBANK1  00010E
?i1___fldiv                                    cstackBANK1  00011E
?i1___flmul                                    cstackBANK1  000137
?i1___xxtofl                                   cstackBANK1  000100
?i2___awdiv                                    cstackCOMRAM 000007
?i2___awmod                                    cstackCOMRAM 000001
?i2___fladd                                    cstackCOMRAM 000052
?i2___fldiv                                    cstackCOMRAM 000013
?i2___flmul                                    cstackCOMRAM 00002C
?i2___flneg                                    cstackCOMRAM 000001
?i2___flsub                                    cstackBANK0  000064
?i2___fltol                                    cstackCOMRAM 00004E
?i2___lldiv                                    cstackCOMRAM 000001
?i2___llmod                                    cstackCOMRAM 00000E
?i2___lwdiv                                    cstackCOMRAM 000006
?i2___lwmod                                    cstackCOMRAM 000001
?i2___wmul                                     cstackCOMRAM 000001
?i2___xxtofl                                   cstackCOMRAM 000005
?i2__div_to_l_                                 cstackCOMRAM 000001
?i2__doprnt                                    cstackBANK0  00006C
?i2__tdiv_to_l_                                cstackCOMRAM 000001
?i2_fround                                     cstackCOMRAM 000045
?i2_printf                                     cstackBANK0  0000A4
?i2_scale                                      cstackCOMRAM 000045
ADCC_SetADTIInterruptHandler@InterruptHandler  cstackBANK2  000200
ADCC_StartConversion@channel                   cstackBANK1  000100
ADC_PostProcessingHandler@current_adc_channel  cstackBANK0  000078
ADC_PostProcessingHandler@i                    cstackBANK0  000079
ADC_PostProcessingHandler@i_3361               cstackBANK0  00007A
CCP2_CallBack@capturedValue                    cstackBANK1  000154
CCP2_CaptureISR@module                         cstackBANK1  000156
EUSART2_Read@readValue                         cstackBANK2  000200
EUSART2_SetRxInterruptHandler@interruptHandler cstackBANK2  000200
EUSART2_SetTxInterruptHandler@interruptHandler cstackBANK2  000200
EUSART2_Write@txData                           cstackBANK2  000200
FLASH_ReadByte@flashAddr                       cstackBANK2  000200
FLASH_ReadWord@flashAddr                       cstackBANK2  000204
I2C2_ISR@i2c_10bit_address_restart             bssBANK0     0000D9
I2C2_ISR@i2c_address                           bssBANK0     0000FA
I2C2_ISR@i2c_bytes_left                        bssBANK0     0000DA
I2C2_ISR@pi2c_buf_ptr                          bssBANK0     0000D1
I2C2_MasterRead@address                        cstackBANK2  00020C
I2C2_MasterRead@length                         cstackBANK2  00020B
I2C2_MasterRead@pdata                          cstackBANK2  000209
I2C2_MasterRead@pflag                          cstackBANK2  00020E
I2C2_MasterRead@trBlock                        bssBANK1     0001AE
I2C2_MasterReadTRBBuild@address                cstackBANK2  000205
I2C2_MasterReadTRBBuild@length                 cstackBANK2  000204
I2C2_MasterReadTRBBuild@pdata                  cstackBANK2  000202
I2C2_MasterReadTRBBuild@ptrb                   cstackBANK2  000200
I2C2_MasterTRBInsert@count                     cstackBANK2  000205
I2C2_MasterTRBInsert@pflag                     cstackBANK2  000202
I2C2_MasterTRBInsert@ptrb_list                 cstackBANK2  000200
I2C2_MasterWrite@address                       cstackBANK2  00020C
I2C2_MasterWrite@length                        cstackBANK2  00020B
I2C2_MasterWrite@pdata                         cstackBANK2  000209
I2C2_MasterWrite@pflag                         cstackBANK2  00020E
I2C2_MasterWrite@trBlock                       bssBANK1     0001B3
I2C2_MasterWriteTRBBuild@address               cstackBANK2  000205
I2C2_MasterWriteTRBBuild@length                cstackBANK2  000204
I2C2_MasterWriteTRBBuild@pdata                 cstackBANK2  000202
I2C2_MasterWriteTRBBuild@ptrb                  cstackBANK2  000200
I2C2_Stop@completion_code                      cstackBANK1  000102
INT1_SetInterruptHandler@InterruptHandler      cstackBANK2  000200
INT2_SetInterruptHandler@InterruptHandler      cstackBANK2  000200
IOCBF2_SetInterruptHandler@InterruptHandler    cstackBANK2  000200
IOCBF3_SetInterruptHandler@InterruptHandler    cstackBANK2  000200
LM73Convert@Ambient_Conv                       cstackBANK2  00022E
LM73Convert@POS5_Conv                          cstackBANK2  00022C
LM73Convert@QI_Conv                            cstackBANK2  00022A
LM73TempSensorInitialize@output_data_array     cstackBANK2  000210
OLED_Clear@col                                 cstackBANK2  000223
OLED_Clear@row                                 cstackBANK2  000221
OLED_Command@data_array                        cstackBANK2  000212
OLED_Command@temp                              cstackBANK2  000210
OLED_PutChar@ch                                cstackBANK2  000220
OLED_PutChar@data_array                        cstackBANK2  000214
OLED_PutChar@input_base                        cstackBANK2  00021D
OLED_UpdateFromRAMBuffer@char_index            cstackBANK2  000223
OLED_UpdateFromRAMBuffer@char_index_4057       cstackBANK2  000224
OLED_UpdateFromRAMBuffer@char_index_4058       cstackBANK2  000225
OLED_UpdateFromRAMBuffer@char_index_4059       cstackBANK2  000226
OLED_WriteString@s                             cstackBANK2  000221
OLED_YX@Column                                 cstackBANK2  000214
OLED_YX@Row                                    cstackBANK2  000218
OLED_updateHandler@dev_id_str                  cstackBANK3  0003DD
OLED_updateHandler@rev_id_str                  cstackBANK3  0003EE
TMR0_SetInterruptHandler@InterruptHandler      cstackBANK2  000200
TMR1_SetInterruptHandler@InterruptHandler      cstackBANK2  000200
TMR1_WriteTimer@timerVal                       cstackBANK2  000200
TMR2_SetInterruptHandler@InterruptHandler      cstackBANK2  000200
TMR3_SetInterruptHandler@InterruptHandler      cstackBANK2  000200
TMR3_WriteTimer@timerVal                       cstackBANK2  000200
TMR5_WriteTimer@timerVal                       cstackBANK2  000200
_ADACCH                                        (abs)        000F71
_ADACCL                                        (abs)        000F70
_ADACQ                                         (abs)        000F5C
_ADACT                                         (abs)        000F56
_ADCAP                                         (abs)        000F5D
_ADCC_ADTI_InterruptHandler                    bssBANK1     00017A
_ADCC_ClearAccumulator                         text132      01C37C
_ADCC_DefaultInterruptHandler                  text194      01C3C4
_ADCC_DischargeSampleCapacitor                 text131      01C368
_ADCC_GetConversionResult                      text210      01C1C4
_ADCC_GetCurrentCountofConversions             text209      01C3B0
_ADCC_GetFilterValue                           text208      01C1B0
_ADCC_HasAccumulatorOverflowed                 text207      01C32A
_ADCC_Initialize                               text59       01AFEE
_ADCC_SetADTIInterruptHandler                  text60       01C2C0
_ADCC_StartConversion                          text130      01C2DC
_ADCC_StopConversion                           text206      01C3AC
_ADCC_ThresholdISR                             text193      01BDEE
_ADCLK                                         (abs)        000F57
_ADCNT                                         (abs)        000F67
_ADCON0                                        (abs)        000F60
_ADCON0bits                                    (abs)        000F60
_ADCON1                                        (abs)        000F59
_ADCON1bits                                    (abs)        000F59
_ADCON2                                        (abs)        000F5A
_ADCON2bits                                    (abs)        000F5A
_ADCON3                                        (abs)        000F5B
_ADCON3bits                                    (abs)        000F5B
_ADC_PostProcessingHandler                     text195      014C64
_ADC_PostProcessingHandler$6318                cstackBANK0  00007B
_ADC_PostProcessingHandler$6319                cstackBANK0  00007F
_ADC_PostProcessingHandler$6320                cstackBANK0  00006C
_ADC_PostProcessingHandler$6321                cstackBANK0  000070
_ADC_PostProcessingHandler$6322                cstackBANK0  000074
_ADC_acquisitionTimerHandler                   text126      01C0B6
_ADERRH                                        (abs)        000F6F
_ADERRL                                        (abs)        000F6E
_ADFLTRH                                       (abs)        000F73
_ADFLTRL                                       (abs)        000F72
_ADLTHH                                        (abs)        000F6B
_ADLTHL                                        (abs)        000F6A
_ADPCH                                         (abs)        000F5F
_ADPRE                                         (abs)        000F5E
_ADPREVH                                       (abs)        000F62
_ADPREVL                                       (abs)        000F61
_ADREF                                         (abs)        000F58
_ADRESH                                        (abs)        000F64
_ADRESL                                        (abs)        000F63
_ADRPT                                         (abs)        000F66
_ADSTAT                                        (abs)        000F65
_ADSTATbits                                    (abs)        000F65
_ADSTPTH                                       (abs)        000F69
_ADSTPTL                                       (abs)        000F68
_ADUTHH                                        (abs)        000F6D
_ADUTHL                                        (abs)        000F6C
_ANSELA                                        (abs)        000F11
_ANSELB                                        (abs)        000F19
_ANSELC                                        (abs)        000F21
_BAUD2CON                                      (abs)        000E9F
_CCP2CAP                                       (abs)        000FA9
_CCP2CON                                       (abs)        000FA8
_CCP2CONbits                                   (abs)        000FA8
_CCP2PPS                                       (abs)        000EB0
_CCP2_CallBack                                 text139      01B820
_CCP2_CaptureISR                               text138      01C0EA
_CCP2_Initialize                               text58       01BECE
_CCPR2H                                        (abs)        000FA7
_CCPR2L                                        (abs)        000FA6
_CCPTMRSbits                                   (abs)        000FAE
_EUSART2_Initialize                            text55       01AEBC
_EUSART2_Read                                  text20       01B860
_EUSART2_Receive_ISR                           text174      01A514
_EUSART2_RxDefaultInterruptHandler             bssBANK1     000183
_EUSART2_SetRxInterruptHandler                 text57       01C2B2
_EUSART2_SetTxInterruptHandler                 text56       01C2A4
_EUSART2_Transmit_ISR                          text137      01BB82
_EUSART2_TxDefaultInterruptHandler             bssBANK1     000186
_EUSART2_Write                                 text69       01B64A
_EXT_INT_Initialize                            text52       01BA46
_FLASH_ReadByte                                text92       01C09C
_FLASH_ReadWord                                text91       01B75A
_FVRCON                                        (abs)        000F31
_FVRCONbits                                    (abs)        000F31
_FVR_Initialize                                text51       01C312
_I2C2_BusCollisionISR                          text136      01C31E
_I2C2_FunctionComplete                         text135      01C0D0
_I2C2_ISR                                      text133      018A9A
_I2C2_Initialize                               text50       01BA7E
_I2C2_MasterRead                               text114      01B44E
_I2C2_MasterReadTRBBuild                       text117      01B26A
_I2C2_MasterTRBInsert                          text115      01A5B8
_I2C2_MasterWrite                              text112      01B3FE
_I2C2_MasterWriteTRBBuild                      text113      01B604
_I2C2_Stop                                     text134      01B716
_I2C2_WaitForLastPacketToComplete              text116      01C340
_I2C_STATUS                                    bssBANK1     0001BD
_INT1PPS                                       (abs)        000EA2
_INT1_CallBack                                 text171      01BEAA
_INT1_DefaultInterruptHandler                  text172      01C3C2
_INT1_ISR                                      text170      01C354
_INT1_InterruptHandler                         bssBANK1     00018C
_INT1_SetInterruptHandler                      text54       01C296
_INT2PPS                                       (abs)        000EA3
_INT2_CallBack                                 text167      01BE86
_INT2_DefaultInterruptHandler                  text168      01C3C0
_INT2_ISR                                      text166      01C34A
_INT2_InterruptHandler                         bssBANK1     000189
_INT2_SetInterruptHandler                      text53       01C288
_INTCONbits                                    (abs)        000FF2
_INTERRUPT_Initialize                          text49       01BF72
_INTERRUPT_InterruptManagerHigh                intcode      000008
_INTERRUPT_InterruptManagerLow                 intcodelo    000018
_IOCBF2_DefaultInterruptHandler                text160      01C3BE
_IOCBF2_ISR                                    text159      01BD24
_IOCBF2_InterruptHandler                       bssBANK1     000180
_IOCBF2_SetInterruptHandler                    text47       01C27A
_IOCBF3_DefaultInterruptHandler                text155      01C3BC
_IOCBF3_ISR                                    text154      01BCFA
_IOCBF3_InterruptHandler                       bssBANK1     00017D
_IOCBF3_SetInterruptHandler                    text46       01C26C
_IOCBFbits                                     (abs)        000F12
_IOCBNbits                                     (abs)        000F13
_IOCBPbits                                     (abs)        000F14
_IPR0bits                                      (abs)        000EBA
_IPR1bits                                      (abs)        000EBB
_IPR3bits                                      (abs)        000EBD
_IPR4bits                                      (abs)        000EBE
_IPR6bits                                      (abs)        000EC0
_LATA                                          (abs)        000F83
_LATB                                          (abs)        000F84
_LATBbits                                      (abs)        000F84
_LATC                                          (abs)        000F85
_LATCbits                                      (abs)        000F85
_LM73AcquisitionHandler                        text108      018F48
_LM73Convert                                   text109      017DE4
_LM73TempSensorInitialize                      text107      018D10
_LM73_start_flag                               bssBANK2     0002B8
_LM73_temp_results                             bssBANK1     00019C
_NVMADRH                                       (abs)        000F7F
_NVMADRL                                       (abs)        000F7E
_NVMCON1bits                                   (abs)        000F81
_NVMCON2                                       (abs)        000F82
_NVMDAT                                        (abs)        000F80
_ODCONA                                        (abs)        000F0F
_ODCONB                                        (abs)        000F17
_ODCONC                                        (abs)        000F1F
_OLED_Clear                                    text104      01B8DC
_OLED_Command                                  text103      01AF22
_OLED_Frame                                    bssBANK2     0002B7
_OLED_Init                                     text102      01A830
_OLED_PutChar                                  text105      01A22C
_OLED_RAM_Buffer                               bssBANK2     0002BA
_OLED_UpdateFromRAMBuffer                      text98       019806
_OLED_WriteString                              text101      01B1BE
_OLED_YX                                       text100      01B6D2
_OLED_updateHandler                            text61       012E3C
_OLED_update_flag                              bssBANK2     0002B6
_OLED_update_time                              dataBANK2    0002FF
_OSCCON1                                       (abs)        000ED8
_OSCCON3                                       (abs)        000EDA
_OSCEN                                         (abs)        000EDC
_OSCFRQ                                        (abs)        000EDE
_OSCILLATOR_Initialize                         text48       01C104
_OSCTUNE                                       (abs)        000EDD
_OledFont                                      mediumconst  00E0C7
_PCON0bits                                     (abs)        000FD7
_PIE0bits                                      (abs)        000EC2
_PIE1bits                                      (abs)        000EC3
_PIE3bits                                      (abs)        000EC5
_PIE4bits                                      (abs)        000EC6
_PIE6bits                                      (abs)        000EC8
_PIN_MANAGER_IOC                               text153      01C188
_PIN_MANAGER_Initialize                        text45       01A65A
_PIR0bits                                      (abs)        000ECA
_PIR1bits                                      (abs)        000ECB
_PIR3bits                                      (abs)        000ECD
_PIR4bits                                      (abs)        000ECE
_PIR6bits                                      (abs)        000ED0
_PIR7bits                                      (abs)        000ED1
_PMD0                                          (abs)        000EE1
_PMD1                                          (abs)        000EE2
_PMD2                                          (abs)        000EE3
_PMD3                                          (abs)        000EE4
_PMD4                                          (abs)        000EE5
_PMD5                                          (abs)        000EE6
_PMD_Initialize                                text44       01C02C
_PORTBbits                                     (abs)        000F8E
_PR2                                           (abs)        000FBC
_QIChargeIOCHandler                            text156      01C048
_QIErrorTimerHandler                           text147      01C132
_QIIdleChargedTimerHandler                     text120      01BFB2
_QIIdleIOCHandler                              text161      01C19C
_QI_charge_time                                bssBANK2     0002B2
_QI_current_edge                               bssBANK1     000196
_RB4PPS                                        (abs)        000EF3
_RB5PPS                                        (abs)        000EF4
_RC2REG                                        (abs)        000E99
_RC2STA                                        (abs)        000E9D
_RC2STAbits                                    (abs)        000E9D
_RC4PPS                                        (abs)        000EFB
_RX2PPS                                        (abs)        000E8D
_SLRCONA                                       (abs)        000F0E
_SLRCONB                                       (abs)        000F16
_SLRCONC                                       (abs)        000F1E
_SP2BRGH                                       (abs)        000E9C
_SP2BRGL                                       (abs)        000E9B
_SSP2ADD                                       (abs)        000E93
_SSP2BUF                                       (abs)        000E92
_SSP2CLKPPS                                    (abs)        000E8F
_SSP2CON1                                      (abs)        000E96
_SSP2CON1bits                                  (abs)        000E96
_SSP2CON2bits                                  (abs)        000E97
_SSP2CON3                                      (abs)        000E98
_SSP2DATPPS                                    (abs)        000E90
_SSP2STAT                                      (abs)        000E95
_SYSTEM_Initialize                             text34       01B89E
_T0CON0                                        (abs)        000FD5
_T0CON0bits                                    (abs)        000FD5
_T0CON1                                        (abs)        000FD6
_T1CLK                                         (abs)        000FD2
_T1CON                                         (abs)        000FCF
_T1CONbits                                     (abs)        000FCF
_T1GATE                                        (abs)        000FD1
_T1GCON                                        (abs)        000FD0
_T1GCONbits                                    (abs)        000FD0
_T2CLKCON                                      (abs)        000FBF
_T2CON                                         (abs)        000FBD
_T2CONbits                                     (abs)        000FBD
_T2HLT                                         (abs)        000FBE
_T2HLTbits                                     (abs)        000FBE
_T2PR                                          (abs)        000FBC
_T2RST                                         (abs)        000FC0
_T2RSTbits                                     (abs)        000FC0
_T2TMR                                         (abs)        000FBB
_T3CLK                                         (abs)        000FCC
_T3CON                                         (abs)        000FC9
_T3CONbits                                     (abs)        000FC9
_T3GATE                                        (abs)        000FCB
_T3GCON                                        (abs)        000FCA
_T3GCONbits                                    (abs)        000FCA
_T5CLK                                         (abs)        000FC6
_T5CON                                         (abs)        000FC3
_T5CONbits                                     (abs)        000FC3
_T5GATE                                        (abs)        000FC5
_T5GCON                                        (abs)        000FC4
_T5GCONbits                                    (abs)        000FC4
_TABLAT                                        (abs)        000FF5
_TBLPTRH                                       (abs)        000FF7
_TBLPTRL                                       (abs)        000FF6
_TBLPTRU                                       (abs)        000FF8
_TMR0H                                         (abs)        000FD4
_TMR0L                                         (abs)        000FD3
_TMR0_DefaultInterruptHandler                  text151      01C3BA
_TMR0_ISR                                      text150      01BDC6
_TMR0_Initialize                               text42       01BCD0
_TMR0_InterruptHandler                         bssBANK1     000177
_TMR0_SetInterruptHandler                      text43       01C25E
_TMR1H                                         (abs)        000FCE
_TMR1L                                         (abs)        000FCD
_TMR1_DefaultInterruptHandler                  text148      01C3B8
_TMR1_ISR                                      text146      01BB1C
_TMR1_Initialize                               text40       01B3AE
_TMR1_InterruptHandler                         bssBANK1     00016E
_TMR1_Reload                                   text32       01C226
_TMR1_SetInterruptHandler                      text41       01C250
_TMR1_StartTimer                               text165      01C3A4
_TMR1_StopTimer                                text31       01C390
_TMR1_WriteTimer                               text33       01BF52
_TMR2                                          (abs)        000FBB
_TMR2_DefaultInterruptHandler                  text127      01C3B6
_TMR2_ISR                                      text125      01BD9E
_TMR2_Initialize                               text38       01BB50
_TMR2_InterruptHandler                         bssBANK1     000174
_TMR2_SetInterruptHandler                      text39       01C242
_TMR2_Start                                    text205      01C3A8
_TMR2_StartTimer                               text204      01C382
_TMR2_Stop                                     text129      01C398
_TMR2_StopTimer                                text128      01C376
_TMR3H                                         (abs)        000FC8
_TMR3L                                         (abs)        000FC7
_TMR3_DefaultInterruptHandler                  text121      01C3B4
_TMR3_ISR                                      text119      01BAE8
_TMR3_Initialize                               text36       01B35E
_TMR3_InterruptHandler                         bssBANK1     000171
_TMR3_Reload                                   text29       01C218
_TMR3_SetInterruptHandler                      text37       01C234
_TMR3_StartTimer                               text164      01C3A0
_TMR3_StopTimer                                text28       01C38C
_TMR3_WriteTimer                               text30       01BF32
_TMR5H                                         (abs)        000FC2
_TMR5L                                         (abs)        000FC1
_TMR5_Initialize                               text35       01B956
_TMR5_StopTimer                                text27       01C388
_TMR5_WriteTimer                               text26       01BF12
_TRISA                                         (abs)        000F88
_TRISB                                         (abs)        000F89
_TRISC                                         (abs)        000F8A
_TX2REG                                        (abs)        000E9A
_TX2STA                                        (abs)        000E9E
_TX2STAbits                                    (abs)        000E9E
_WPUA                                          (abs)        000F10
_WPUB                                          (abs)        000F18
_WPUC                                          (abs)        000F20
_WPUE                                          (abs)        000F2D
__CFG_BOREN$SBORDIS                            (abs)        000000
__CFG_BORV$VBOR_2P45                           (abs)        000000
__CFG_CLKOUTEN$OFF                             (abs)        000000
__CFG_CP$OFF                                   (abs)        000000
__CFG_CPD$OFF                                  (abs)        000000
__CFG_CSWEN$ON                                 (abs)        000000
__CFG_DEBUG$OFF                                (abs)        000000
__CFG_EBTR0$OFF                                (abs)        000000
__CFG_EBTR1$OFF                                (abs)        000000
__CFG_EBTR2$OFF                                (abs)        000000
__CFG_EBTR3$OFF                                (abs)        000000
__CFG_EBTR4$OFF                                (abs)        000000
__CFG_EBTR5$OFF                                (abs)        000000
__CFG_EBTR6$OFF                                (abs)        000000
__CFG_EBTR7$OFF                                (abs)        000000
__CFG_EBTRB$OFF                                (abs)        000000
__CFG_FCMEN$ON                                 (abs)        000000
__CFG_FEXTOSC$OFF                              (abs)        000000
__CFG_IDLOC0$                                  (abs)        00000D
__CFG_IDLOC1$                                  (abs)        00000E
__CFG_IDLOC2$                                  (abs)        00000A
__CFG_IDLOC3$                                  (abs)        00000D
__CFG_IDLOC4$                                  (abs)        00000B
__CFG_IDLOC5$                                  (abs)        00000E
__CFG_IDLOC6$                                  (abs)        00000E
__CFG_IDLOC7$                                  (abs)        00000F
__CFG_LPBOREN$OFF                              (abs)        000000
__CFG_LVP$OFF                                  (abs)        000000
__CFG_MCLRE$EXTMCLR                            (abs)        000000
__CFG_PPS1WAY$ON                               (abs)        000000
__CFG_PWRTE$ON                                 (abs)        000000
__CFG_RSTOSC$HFINTOSC_64MHZ                    (abs)        000000
__CFG_SCANE$ON                                 (abs)        000000
__CFG_STVREN$ON                                (abs)        000000
__CFG_WDTCCS$LFINTOSC                          (abs)        000000
__CFG_WDTCPS$WDTCPS_11                         (abs)        000000
__CFG_WDTCWS$WDTCWS_7                          (abs)        000000
__CFG_WDTE$NSLEEP                              (abs)        000000
__CFG_WRT0$OFF                                 (abs)        000000
__CFG_WRT1$OFF                                 (abs)        000000
__CFG_WRT2$OFF                                 (abs)        000000
[...]
      Totals:         0       0       0       0       0       0       0       0       0       0       0       0       0       0       0       0
Total ram usage:        0 bytes
 Hardware stack levels used:    1
 This function calls:
		Nothing
 This function is called by:
		_ADC_PostProcessingHandler
 This function uses a non-reentrant model


 *************** function _ADCC_GetConversionResult *****************
 Defined at:
		line 130 in file "mcc_generated_files/adcc.c"
 Parameters:    Size  Location     Type
		None
 Auto vars:     Size  Location     Type
		None
 Return value:  Size  Location     Type
                  2    0[COMRAM] unsigned int 
 Registers used:
		wreg, status,2, status,0
 Tracked objects:
		On entry : 
		On exit  : 
		Unchanged: 
 Data sizes:     COMRAM   BANK0   BANK1   BANK2   BANK3   BANK4   BANK5   BANK6   BANK7   BANK8   BANK9  BANK10  BANK11  BANK12  BANK13  BANK14
      Params:         2       0       0       0       0       0       0       0       0       0       0       0       0       0       0       0
      Locals:         0       0       0       0       0       0       0       0       0       0       0       0       0       0       0       0
      Temps:          2       0       0       0       0       0       0       0       0       0       0       0       0       0       0       0
      Totals:         4       0       0       0       0       0       0       0       0       0       0       0       0       0       0       0
Total ram usage:        4 bytes
 Hardware stack levels used:    1
 This function calls:
		Nothing
 This function is called by:
		_ADC_PostProcessingHandler
 This function uses a non-reentrant model



MODULE INFORMATION

Module		Function		Class		Link	Load	Size
C:\Program Files (x86)\Microchip\xc8\v2.05\pic\sources\c90\common\isdigit.c
		_isdigit       		CODE           	1BEF0	0000	35

C:\Program Files (x86)\Microchip\xc8\v2.05\pic\sources\c90\common\isdigit.c estimated size: 35

C:\Program Files (x86)\Microchip\xc8\v2.05\pic\sources\c90\common\doprnt.c
		_scale         		CODE           	155D8	0000	1077
		_fround        		CODE           	17874	0000	707
		__doprnt       		CODE           	10000	0000	5925

C:\Program Files (x86)\Microchip\xc8\v2.05\pic\sources\c90\common\doprnt.c estimated size: 7709

C:\Program Files (x86)\Microchip\xc8\v2.05\pic\sources\c90\common\sprcadd.c
		___flsub       		CODE           	1B52E	0000	73
		___fladd       		CODE           	16F4A	0000	783

C:\Program Files (x86)\Microchip\xc8\v2.05\pic\sources\c90\common\sprcadd.c estimated size: 856

C:\Program Files (x86)\Microchip\xc8\v2.05\pic\sources\c90\common\llmod.c
		___llmod       		CODE           	1ADEE	0000	105

C:\Program Files (x86)\Microchip\xc8\v2.05\pic\sources\c90\common\llmod.c estimated size: 105

NXQ_charge_state.c
		_QIIdleChargedTimerHandler		CODE           	1BFB2	0000	33
		_getNXQChargeStateString		CODE           	1B0AC	0000	93
		_QIChargeIOCHandler		CODE           	1C048	0000	29
		_getNXQChargeStateStringCaps		CODE           	1B108	0000	93
		_QIErrorTimerHandler		CODE           	1C132	0000	23
		_QIIdleIOCHandler		CODE           	1C19C	0000	21

NXQ_charge_state.c estimated size: 292

mcc_generated_files/eusart2.c
		_putch         		CODE           	1C174	0000	21
		_EUSART2_Read  		CODE           	1B860	0000	63
		_EUSART2_Write 		CODE           	1B64A	0000	69
		_EUSART2_Receive_ISR		CODE           	1A514	0000	165
		_EUSART2_Transmit_ISR		CODE           	1BB82	0000	51
		_EUSART2_SetRxInterruptHandler		CODE           	1C2B2	0000	15
		_EUSART2_SetTxInterruptHandler		CODE           	1C2A4	0000	15
		_EUSART2_Initialize		CODE           	1AEBC	0000	103

mcc_generated_files/eusart2.c estimated size: 502

mcc_generated_files/fvr.c
		_FVR_Initialize		CODE           	1C312	0000	13

mcc_generated_files/fvr.c estimated size: 13

error_handling.c
		_updateErrorLEDs		CODE           	1B5BE	0000	71
		_getADCError   		CODE           	1C11C	0000	23
		_clearADCErrors		CODE           	1C1E8	0000	17
		_clearUARTErrors		CODE           	1C306	0000	13
		_clearI2CErrors		CODE           	1C010	0000	29
		_getI2CError   		CODE           	1BD4E	0000	41
		_getUARTError  		CODE           	1C370	0000	7

error_handling.c estimated size: 201

mcc_generated_files/tmr2.c
		_TMR2_ISR      		CODE           	1BD9E	0000	41
		_TMR2_Initialize		CODE           	1BB50	0000	51
		_TMR2_Stop     		CODE           	1C398	0000	5
		_TMR2_Start    		CODE           	1C3A8	0000	5
		_TMR2_SetInterruptHandler		CODE           	1C242	0000	15
		_TMR2_StopTimer		CODE           	1C376	0000	7
		_TMR2_DefaultInterruptHandler		CODE           	1C3B6	0000	3
		_TMR2_StartTimer		CODE           	1C382	0000	7

mcc_generated_files/tmr2.c estimated size: 134

mcc_generated_files/interrupt_manager.c
		_INTERRUPT_Initialize		CODE           	1BF72	0000	33
		_INTERRUPT_InterruptManagerLow		CODE           	0018	0000	171
		_INTERRUPT_InterruptManagerHigh		CODE           	0008	0000	211

mcc_generated_files/interrupt_manager.c estimated size: 415

C:\Program Files (x86)\Microchip\xc8\v2.05\pic\sources\c90\common\sprintf.c
		_sprintf       		CODE           	1B4E6	0000	73

C:\Program Files (x86)\Microchip\xc8\v2.05\pic\sources\c90\common\sprintf.c estimated size: 73

heartbeat_timer.c
		_getStringSecondsAsTime		CODE           	15E24	0000	935
		_getYearsFromOnTime		CODE           	1BC14	0000	49
		_getHoursFromOnTime		CODE           	19E04	0000	241
		_heartbeatTimerHandler		CODE           	1A6FA	0000	159
		_getDaysFromOnTime		CODE           	1A8C8	0000	145
		_getSecondsFromOnTime		CODE           	19174	0000	379
		_getMinutesFromOnTime		CODE           	192EE	0000	337

heartbeat_timer.c estimated size: 2245

C:\Program Files (x86)\Microchip\xc8\v2.05\pic\sources\c90\common\awmod.c
		___awmod       		CODE           	1AD0C	0000	115

C:\Program Files (x86)\Microchip\xc8\v2.05\pic\sources\c90\common\awmod.c estimated size: 115

terminal_control.c
		_terminalTextAttributesReset		CODE           	1C1D8	0000	17
		_terminalClearScreen		CODE           	1C208	0000	17
		_terminalTextAttributes		CODE           	161CA	0000	903
		_terminalSetCursorHome		CODE           	1C1F8	0000	17

terminal_control.c estimated size: 954

adc_postprocessing.c
		_ADC_acquisitionTimerHandler		CODE           	1C0B6	0000	27
		_ADC_PostProcessingHandler		CODE           	14C64	0000	2421

adc_postprocessing.c estimated size: 2448

mcc_generated_files/tmr0.c
		_TMR0_SetInterruptHandler		CODE           	1C25E	0000	15
		_TMR0_DefaultInterruptHandler		CODE           	1C3BA	0000	3
		_TMR0_ISR      		CODE           	1BDC6	0000	41
		_TMR0_Initialize		CODE           	1BCD0	0000	43

mcc_generated_files/tmr0.c estimated size: 102

C:\Program Files (x86)\Microchip\xc8\v2.05\pic\sources\c90\common\ftdivl.c
		__tdiv_to_l_   		CODE           	19928	0000	257

C:\Program Files (x86)\Microchip\xc8\v2.05\pic\sources\c90\common\ftdivl.c estimated size: 257

mcc_generated_files/pin_manager.c
		_IOCBF3_DefaultInterruptHandler		CODE           	1C3BC	0000	3
		_PIN_MANAGER_Initialize		CODE           	1A65A	0000	161
		_IOCBF3_ISR    		CODE           	1BCFA	0000	43
		_IOCBF2_SetInterruptHandler		CODE           	1C27A	0000	15
		_IOCBF3_SetInterruptHandler		CODE           	1C26C	0000	15
		_IOCBF2_DefaultInterruptHandler		CODE           	1C3BE	0000	3
		_PIN_MANAGER_IOC		CODE           	1C188	0000	21
		_IOCBF2_ISR    		CODE           	1BD24	0000	43

mcc_generated_files/pin_manager.c estimated size: 304

C:\Program Files (x86)\Microchip\xc8\v2.05\pic\sources\c90\common\lwdiv.c
		___lwdiv       		CODE           	1B216	0000	85

C:\Program Files (x86)\Microchip\xc8\v2.05\pic\sources\c90\common\lwdiv.c estimated size: 85

C:\Program Files (x86)\Microchip\xc8\v2.05\pic\sources\c90\common\fltol.c
		___fltol       		CODE           	1A2F0	0000	189

C:\Program Files (x86)\Microchip\xc8\v2.05\pic\sources\c90\common\fltol.c estimated size: 189

cap_touch_int.c
		_leftCapTouchHandler		CODE           	1C15E	0000	23
		_rightCapTouchHandler		CODE           	1C148	0000	23

cap_touch_int.c estimated size: 46

C:\Program Files (x86)\Microchip\xc8\v2.05\pic\sources\c90\common\Umul16.c
		___wmul        		CODE           	1BD76	0000	41

C:\Program Files (x86)\Microchip\xc8\v2.05\pic\sources\c90\common\Umul16.c estimated size: 41

device_IDs.c
		_getDeviceID   		CODE           	1BF92	0000	33
		_getUserID     		CODE           	1BAB4	0000	53
		_getMinorRevisionID		CODE           	1BE16	0000	39
		_getDeviceIDString		CODE           	1A798	0000	153
		_getMajorRevisionID		CODE           	1B992	0000	61

device_IDs.c estimated size: 339

C:\Program Files (x86)\Microchip\xc8\v2.05\pic\sources\c90\common\fldivl.c
		__div_to_l_    		CODE           	19B26	0000	247

C:\Program Files (x86)\Microchip\xc8\v2.05\pic\sources\c90\common\fldivl.c estimated size: 247

C:\Program Files (x86)\Microchip\xc8\v2.05\pic\sources\c90\common\flge.c
		___flge        		CODE           	19EF4	0000	211

C:\Program Files (x86)\Microchip\xc8\v2.05\pic\sources\c90\common\flge.c estimated size: 211

mcc_generated_files/ccp2.c
		_CCP2_CallBack 		CODE           	1B820	0000	65
		_CCP2_CaptureISR		CODE           	1C0EA	0000	27
		_CCP2_Initialize		CODE           	1BECE	0000	35

mcc_generated_files/ccp2.c estimated size: 127

C:\Program Files (x86)\Microchip\xc8\v2.05\pic\sources\c90\common\printf.c
		_printf        		CODE           	1B91A	0000	61

C:\Program Files (x86)\Microchip\xc8\v2.05\pic\sources\c90\common\printf.c estimated size: 61

mcc_generated_files/ext_int.c
		_INT1_SetInterruptHandler		CODE           	1C296	0000	15
		_EXT_INT_Initialize		CODE           	1BA46	0000	57
		_INT2_SetInterruptHandler		CODE           	1C288	0000	15
		_INT1_DefaultInterruptHandler		CODE           	1C3C2	0000	3
		_INT1_CallBack 		CODE           	1BEAA	0000	37
		_INT2_DefaultInterruptHandler		CODE           	1C3C0	0000	3
		_INT2_CallBack 		CODE           	1BE86	0000	37
		_INT1_ISR      		CODE           	1C354	0000	11
		_INT2_ISR      		CODE           	1C34A	0000	11

mcc_generated_files/ext_int.c estimated size: 189

C:\Program Files (x86)\Microchip\xc8\v2.05\pic\sources\c90\common\awdiv.c
		___awdiv       		CODE           	1AAFC	0000	135

C:\Program Files (x86)\Microchip\xc8\v2.05\pic\sources\c90\common\awdiv.c estimated size: 135

LM73_I2C.c
		_LM73TempSensorInitialize		CODE           	18D10	0000	569
		_LM73Convert   		CODE           	17DE4	0000	669
		_LM73AcquisitionHandler		CODE           	18F48	0000	557

LM73_I2C.c estimated size: 1795

freq_meas.c
		_freqMeasStartCaptures		CODE           	1C336	0000	11
		_freqMeasConvert		CODE           	1A162	0000	203

freq_meas.c estimated size: 214

mcc_generated_files/tmr5.c
		_TMR5_Initialize		CODE           	1B956	0000	61
		_TMR5_StopTimer		CODE           	1C388	0000	5
		_TMR5_WriteTimer		CODE           	1BF12	0000	33

mcc_generated_files/tmr5.c estimated size: 99

shared
		i2_printf      		CODE           	1B9CE	0000	61
		i1_TMR3_Reload 		CODE           	1C2CE	0000	15
		i2_TMR3_Reload 		CODE           	1C2F8	0000	15
		_OledFont      		MEDIUMCONST    	E0C7	0000	769
		i1_TMR3_StopTimer		CODE           	1C394	0000	5
		i2_putch       		CODE           	1C35E	0000	11
		i2___fleq      		CODE           	1AA72	0000	139
		__powers_      		MEDIUMCONST    	E03F	0000	53
		i1_TMR3_WriteTimer		CODE           	1BFD2	0000	33
		_dpowers       		MEDIUMCONST    	E3C7	0000	41
		i2_TMR3_WriteTimer		CODE           	1C080	0000	29
		i2___lwdiv     		CODE           	1B2BC	0000	83
		i2_isdigit     		CODE           	1BFF2	0000	31
		i2___flneg     		CODE           	1BCA2	0000	47
		i2___awdiv     		CODE           	1AC06	0000	133
		i1___fladd     		CODE           	17258	0000	783
		i2_TMR1_Reload 		CODE           	1C2EA	0000	15
		i2___fladd     		CODE           	17566	0000	783
		i2__tdiv_to_l_ 		CODE           	19A28	0000	255
		i2___wmul      		CODE           	1BE3C	0000	39
		i2_TMR1_StopTimer		CODE           	1C39C	0000	5
		i2__doprnt     		CODE           	11724	0000	5913
		i1___fldiv     		CODE           	1830A	0000	651
		i2___fldiv     		CODE           	18594	0000	649
		i2__div_to_l_  		CODE           	19D10	0000	245
		__npowers_     		MEDIUMCONST    	E073	0000	53
		i2___lwmod     		CODE           	1B7DE	0000	67
		i2___fltol     		CODE           	1A3AC	0000	187
		i2_scale       		CODE           	15A0C	0000	1049
		i2___lldiv     		CODE           	1AC8A	0000	131
		__initialization		CODE           	1A958	0000	133
		i2___flge      		CODE           	19FC6	0000	209
		i2___awmod     		CODE           	1AD7E	0000	113
		i2_TMR1_WriteTimer		CODE           	1C064	0000	29
		i2_EUSART2_Write		CODE           	1B79C	0000	67
		i1___flmul     		CODE           	168A4	0000	853
		i2___flmul     		CODE           	16BF8	0000	851
		_hexpowers     		MEDIUMCONST    	E0A7	0000	33
		i2___llmod     		CODE           	1AF88	0000	103
		i1___xxtofl    		CODE           	19582	0000	325
		i2___xxtofl    		CODE           	196C6	0000	321
		i2___flsub     		CODE           	1B576	0000	73
		_temp_adc_offset		MEDIUMCONST    	0000	0000	0
		i2_fround      		CODE           	17B36	0000	687

shared estimated size: 16087

C:\Program Files (x86)\Microchip\xc8\v2.05\pic\sources\c90\common\sprcmul.c
		___flmul       		CODE           	16550	0000	853

C:\Program Files (x86)\Microchip\xc8\v2.05\pic\sources\c90\common\sprcmul.c estimated size: 853

C:\Program Files (x86)\Microchip\xc8\v2.05\pic\sources\c90\common\strncpy.c
		_strncpy       		CODE           	1AE56	0000	103

C:\Program Files (x86)\Microchip\xc8\v2.05\pic\sources\c90\common\strncpy.c estimated size: 103

mcc_generated_files/mcc.c
		_PMD_Initialize		CODE           	1C02C	0000	29
		_OSCILLATOR_Initialize		CODE           	1C104	0000	25
		_SYSTEM_Initialize		CODE           	1B89E	0000	63

mcc_generated_files/mcc.c estimated size: 117

ring_buffer_interface.c
		_terminal_ringBufferPull		CODE           	19C1C	0000	245

ring_buffer_interface.c estimated size: 245

mcc_generated_files/tmr3.c
		_TMR3_ISR      		CODE           	1BAE8	0000	53
		_TMR3_Initialize		CODE           	1B35E	0000	81
		_TMR3_SetInterruptHandler		CODE           	1C234	0000	15
		_TMR3_StopTimer		CODE           	1C38C	0000	5
		_TMR3_Reload   		CODE           	1C218	0000	15
		_TMR3_DefaultInterruptHandler		CODE           	1C3B4	0000	3
		_TMR3_WriteTimer		CODE           	1BF32	0000	33
		_TMR3_StartTimer		CODE           	1C3A0	0000	5

mcc_generated_files/tmr3.c estimated size: 210

C:\Program Files (x86)\Microchip\xc8\v2.05\pic\sources\c90\common\sprcdiv.c
		___fldiv       		CODE           	18080	0000	651

C:\Program Files (x86)\Microchip\xc8\v2.05\pic\sources\c90\common\sprcdiv.c estimated size: 651

C:\Program Files (x86)\Microchip\xc8\v2.05\pic\sources\c90\common\strcat.c
		_strcat        		CODE           	1B04E	0000	95

C:\Program Files (x86)\Microchip\xc8\v2.05\pic\sources\c90\common\strcat.c estimated size: 95

C:\Program Files (x86)\Microchip\xc8\v2.05\pic\sources\c90\common\flneg.c
		___flneg       		CODE           	1BBE4	0000	49

C:\Program Files (x86)\Microchip\xc8\v2.05\pic\sources\c90\common\flneg.c estimated size: 49

C:\Program Files (x86)\Microchip\xc8\v2.05\pic\sources\c90\common\fabs.c
		_fabs          		CODE           	1BA0A	0000	61

C:\Program Files (x86)\Microchip\xc8\v2.05\pic\sources\c90\common\fabs.c estimated size: 61

cause_of_reset.c
		_getCauseOfResetStringSmall		CODE           	1BC44	0000	49
		_getCauseOfResetString		CODE           	1BBB4	0000	49
		_getCauseOfReset		CODE           	1B164	0000	91

cause_of_reset.c estimated size: 189

mcc_generated_files/tmr1.c
		_TMR1_Initialize		CODE           	1B3AE	0000	81
		_TMR1_SetInterruptHandler		CODE           	1C250	0000	15
		_TMR1_StopTimer		CODE           	1C390	0000	5
		_TMR1_Reload   		CODE           	1C226	0000	15
		_TMR1_DefaultInterruptHandler		CODE           	1C3B8	0000	3
		_TMR1_WriteTimer		CODE           	1BF52	0000	33
		_TMR1_StartTimer		CODE           	1C3A4	0000	5
		_TMR1_ISR      		CODE           	1BB1C	0000	53

mcc_generated_files/tmr1.c estimated size: 210

C:\Program Files (x86)\Microchip\xc8\v2.05\pic\sources\c90\common\memmove.c
		_memmove       		CODE           	1A466	0000	175

C:\Program Files (x86)\Microchip\xc8\v2.05\pic\sources\c90\common\memmove.c estimated size: 175

mcc_generated_files/i2c2.c
		_I2C2_BusCollisionISR		CODE           	1C31E	0000	13
		_I2C2_MasterRead		CODE           	1B44E	0000	81
		_I2C2_FunctionComplete		CODE           	1C0D0	0000	27
		_I2C2_MasterWriteTRBBuild		CODE           	1B604	0000	71
		_I2C2_ISR      		CODE           	18A9A	0000	631
		_I2C2_MasterWrite		CODE           	1B3FE	0000	81
		_I2C2_Initialize		CODE           	1BA7E	0000	55
		_I2C2_Stop     		CODE           	1B716	0000	69
		_I2C2_MasterReadTRBBuild		CODE           	1B26A	0000	83
		_I2C2_WaitForLastPacketToComplete		CODE           	1C340	0000	11
		_I2C2_MasterTRBInsert		CODE           	1A5B8	0000	163

mcc_generated_files/i2c2.c estimated size: 1285

C:\Program Files (x86)\Microchip\xc8\v2.05\pic\sources\c90\common\xxtofl.c
		___xxtofl      		CODE           	1943E	0000	325

C:\Program Files (x86)\Microchip\xc8\v2.05\pic\sources\c90\common\xxtofl.c estimated size: 325

oled.c
		_OLED_Clear    		CODE           	1B8DC	0000	63
		_OLED_Command  		CODE           	1AF22	0000	103
		_OLED_WriteString		CODE           	1B1BE	0000	89
		_OLED_UpdateFromRAMBuffer		CODE           	19806	0000	291
		_OLED_Init     		CODE           	1A830	0000	153
		_OLED_updateHandler		CODE           	12E3C	0000	4219
		_OLED_PutChar  		CODE           	1A22C	0000	197
		_OLED_YX       		CODE           	1B6D2	0000	69

oled.c estimated size: 5184

mcc_generated_files/memory.c
		_FLASH_ReadWord		CODE           	1B75A	0000	67
		_FLASH_ReadByte		CODE           	1C09C	0000	27

mcc_generated_files/memory.c estimated size: 94

ring_buffer_LUT.c
		_ringBufferLUT 		CODE           	13EB6	0000	3503

ring_buffer_LUT.c estimated size: 3503

C:\Program Files (x86)\Microchip\xc8\v2.05\pic\sources\c90\common\strlen.c
		_strlen        		CODE           	1BC74	0000	47

C:\Program Files (x86)\Microchip\xc8\v2.05\pic\sources\c90\common\strlen.c estimated size: 47

mcc_generated_files/adcc.c
		_ADCC_StopConversion		CODE           	1C3AC	0000	5
		_ADCC_DefaultInterruptHandler		CODE           	1C3C4	0000	3
		_ADCC_ClearAccumulator		CODE           	1C37C	0000	7
		_ADCC_GetFilterValue		CODE           	1C1B0	0000	21
		_ADCC_GetCurrentCountofConversions		CODE           	1C3B0	0000	5
		_ADCC_SetADTIInterruptHandler		CODE           	1C2C0	0000	15
		_ADCC_GetConversionResult		CODE           	1C1C4	0000	21
		_ADCC_ThresholdISR		CODE           	1BDEE	0000	41
		_ADCC_StartConversion		CODE           	1C2DC	0000	15
		_ADCC_Initialize		CODE           	1AFEE	0000	97
		_ADCC_HasAccumulatorOverflowed		CODE           	1C32A	0000	13
		_ADCC_DischargeSampleCapacitor		CODE           	1C368	0000	9

mcc_generated_files/adcc.c estimated size: 252

C:\Program Files (x86)\Microchip\xc8\v2.05\pic\sources\c90\common\strcmp.c
		_strcmp        		CODE           	1B30E	0000	81

C:\Program Files (x86)\Microchip\xc8\v2.05\pic\sources\c90\common\strcmp.c estimated size: 81

C:\Program Files (x86)\Microchip\xc8\v2.05\pic\sources\c90\common\strcpy.c
		_strcpy        		CODE           	1B49E	0000	73

C:\Program Files (x86)\Microchip\xc8\v2.05\pic\sources\c90\common\strcpy.c estimated size: 73

C:\Program Files (x86)\Microchip\xc8\v2.05\pic\sources\c90\common\__lldiv.c
		___lldiv       		CODE           	1AB82	0000	133

C:\Program Files (x86)\Microchip\xc8\v2.05\pic\sources\c90\common\__lldiv.c estimated size: 133

main.c
		_main          		CODE           	1881C	0000	639

main.c estimated size: 639

C:\Program Files (x86)\Microchip\xc8\v2.05\pic\sources\c90\common\fleq.c
		___fleq        		CODE           	1A9E6	0000	141

C:\Program Files (x86)\Microchip\xc8\v2.05\pic\sources\c90\common\fleq.c estimated size: 141

C:\Program Files (x86)\Microchip\xc8\v2.05\pic\sources\c90\common\lwmod.c
		___lwmod       		CODE           	1B68E	0000	69

C:\Program Files (x86)\Microchip\xc8\v2.05\pic\sources\c90\common\lwmod.c estimated size: 69

