Microchip MPLAB XC8 Compiler V2.05 ()

Linker command line:

-W-3 --edf=C:\Program Files (x86)\Microchip\xc8\v2.05\pic\dat\en_msgs.txt \
  -cs -h+dist/default/production\QI_Monitor.X.production.sym \
  --cmf=dist/default/production\QI_Monitor.X.production.cmf -z -Q18F27K40 \
  -oC:\Users\DREWMA~1\AppData\Local\Temp\s76s.2 --defsym=__MPLAB_BUILD=1 \
  -Mdist/default/production/QI_Monitor.X.production.map -E1 -ver=XC8 \
  --acfsm=1493 -ASTACK=0934h-0E87h -pstack=STACK -ACODE=00h-01FFFFh \
  -ACONST=00h-01FFFFh -ASMALLCONST=0F00h-0FFFhx497 \
  -AMEDIUMCONST=0F00h-0FFFFh,010F00h-01FFFFh -ACOMRAM=01h-05Fh \
  -AABS1=00h-0E87h -ABIGRAM=01h-0E87h \
  -ARAM=060h-0FFh,0100h-01FFhx13,0E00h-0E87h -ABANK0=060h-0FFh \
  -ABANK1=0100h-01FFh -ABANK2=0200h-02FFh -ABANK3=0300h-03FFh \
  -ABANK4=0400h-04FFh -ABANK5=0500h-05FFh -ABANK6=0600h-06FFh \
  -ABANK7=0700h-07FFh -ABANK8=0800h-08FFh -ABANK9=0900h-09FFh \
  -ABANK10=0A00h-0AFFh -ABANK11=0B00h-0BFFh -ABANK12=0C00h-0CFFh \
  -ABANK13=0D00h-0DFFh -ABANK14=0E00h-0E87h \
  -ASFR=0E8Dh-0EFFh,0F00h-0F5Fh,0F60h-0FFFh \
  -preset_vec=00h,intcode=08h,intcodelo=018h,powerup,init -pramtop=0F00h \
  -psmallconst=SMALLCONST -pmediumconst=MEDIUMCONST -pconst=CONST \
  -AFARRAM=00h-00h -ACONFIG=0300000h-030000Bh -pconfig=CONFIG \
  -AIDLOC=0200000h-020000Fh -pidloc=IDLOC -AEEDATA=0310000h-03103FFh \
  -peeprom_data=EEDATA \
  -prdata=COMRAM,nvrram=COMRAM,nvbit=COMRAM,rbss=COMRAM,rbit=COMRAM \
  -pfarbss=FARRAM,fardata=FARRAM,nvFARRAM=FARRAM \
  -pintsave_regs=BIGRAM,bigbss=BIGRAM,bigdata=BIGRAM -pbss=RAM \
  -pidata=CODE,irdata=CODE,ibigdata=CODE,ifardata=CODE -prparam=COMRAM \
  C:\Users\DREWMA~1\AppData\Local\Temp\s76s.o \
  dist/default/production\QI_Monitor.X.production.o 

Object code version is 3.11

Machine type is 18F27K40

Call graph: (short form)




                Name                               Link     Load   Length Selector   Space Scale
C:\Users\DREWMA~1\AppData\Local\Temp\s76s.o
                init                                 A2       A2        4        C       0
                reset_vec                             0        0        4        0       0
                idloc                            200000   200000       10   200000       0
                config                           300000   300000        C   300000       0
dist/default/production\QI_Monitor.X.production.o
                intcodelo                            18       18       8A        C       0
                intcode                               8        8        6        4       0
                temp                                 5F       5F        1        1       1
                mediumconst                        D79A     D79A     2866     6BCD       0
                text225                           1EA18    1EA18       14     F35F       0
                text224                           1EC04    1EC04        4     F35F       0
                text223                           1EA04    1EA04       14     F35F       0
                text222                           1EB7E    1EB7E        C     F35F       0
                text221                           1EC00    1EC00        4     F35F       0
                text220                           1EBFC    1EBFC        4     F35F       0
                text219                           1EBD6    1EBD6        6     F35F       0
                text218                           1E4AE    1E4AE       2E     8000       0
                text217                           1E248    1E248       3C     8000       0
                text216                           1A7CC    1A7CC      288     8000       0
                text215                           1C8F6    1C8F6       D0     8000       0
                text214                           18226    18226      352     8000       0
                text213                           191B0    191B0      30E     8000       0
                text212                           1DD76    1DD76       48     8000       0
                text211                           1BE3C    1BE3C      140     8000       0
                text210                           1426E    1426E      974     8000       0
                text209                           1EC18    1EC18        2     F35F       0
                text208                           1E624    1E624       28     8000       0
                text207                           1D178    1D178       8A     8000       0
                text206                           1CB46    1CB46       BA     8000       0
                text205                           1D390    1D390       82     8000       0
                text204                           1D69A    1D69A       66     8000       0
                text203                           1E672    1E672       26     8000       0
                text202                           1C486    1C486       F4     8000       0
                text201                           1C19E    1C19E       FE     8000       0
                text200                           1DA20    1DA20       52     8000       0
                text199                           1DFA0    1DFA0       42     8000       0
                text198                           19D64    19D64      2AE     8000       0
                text197                           1E82A    1E82A       1E     F35F       0
                text196                           1D97A    1D97A       54     8000       0
                text195                           1EBB2    1EBB2        A     F35F       0
                text194                           1D30C    1D30C       84     8000       0
                text193                           1D4F6    1D4F6       70     8000       0
                text192                           16C46    16C46      418     8000       0
                text191                           11724    11724     1718     8000       0
                text190                           1E20C    1E20C       3C     8000       0
                text189                           1CCAE    1CCAE       A4     8000       0
                text188                           1DE90    1DE90       46     8000       0
                text187                           1E9B2    1E9B2       16     F35F       0
                text186                           1EC16    1EC16        2     F35F       0
                text185                           1E6E2    1E6E2       24     F35F       0
                text184                           1EBA8    1EBA8        A     F35F       0
                text183                           1E99C    1E99C       16     F35F       0
                text182                           1EC14    1EC14        2     F35F       0
                text181                           1E6BE    1E6BE       24     F35F       0
                text180                           1EB9E    1EB9E        A     F35F       0
                text179                           1EBF8    1EBF8        4     F35F       0
                text178                           1EBF4    1EBF4        4     F35F       0
                text177                           1E8D4    1E8D4       1C     F35F       0
                text176                           1EB4C    1EB4C        E     F35F       0
                text175                           1E9F0    1E9F0       14     F35F       0
                text174                           1EC12    1EC12        2     F35F       0
                text173                           1E55A    1E55A       2A     8000       0
                text172                           1E8B8    1E8B8       1C     F35F       0
                text171                           1EB3E    1EB3E        E     F35F       0
                text170                           1E89C    1E89C       1C     F35F       0
                text169                           1EC10    1EC10        2     F35F       0
                text168                           1E530    1E530       2A     8000       0
                text167                           1E9DC    1E9DC       14     F35F       0
                text166                           1B758    1B758      192     8000       0
                text165                           1EC0E    1EC0E        2     F35F       0
                text164                           1E5FC    1E5FC       28     8000       0
                text163                           1EBF0    1EBF0        4     F35F       0
                text162                           1EC0C    1EC0C        2     F35F       0
                text161                           1E986    1E986       16     F35F       0
                text160                           1E35A    1E35A       34     8000       0
                intcode_body                      1C66A    1C66A       E8     8000       0
                text158                           18EA2    18EA2      30E     8000       0
                text157                           1A542    1A542      28A     8000       0
                text156                           17ED2    17ED2      354     8000       0
                text155                           1BCF8    1BCF8      144     8000       0
                text154                           1C824    1C824       D2     8000       0
                text153                           1DFE2    1DFE2       40     8000       0
                text152                           1E93E    1E93E       1A     F35F       0
                text151                           1EB72    1EB72        C     F35F       0
                text150                           1E880    1E880       1C     F35F       0
                text149                           1DE4A    1DE4A       46     8000       0
                text148                           1ACD8    1ACD8      284     8000       0
                text147                           1EBD0    1EBD0        6     F35F       0
                text146                           1EBBC    1EBBC        8     F35F       0
                text145                           1EB30    1EB30        E     F35F       0
                text144                           1EBEC    1EBEC        4     F35F       0
                text143                           1EBCA    1EBCA        6     F35F       0
                text142                           1EC0A    1EC0A        2     F35F       0
                text141                           1E924    1E924       1A     F35F       0
                text140                           1E5D4    1E5D4       28     8000       0
                text139                           1E80A    1E80A       20     F35F       0
                text138                           1EB22    1EB22        E     F35F       0
                text137                           1EBE8    1EBE8        4     F35F       0
                text136                           1EC08    1EC08        2     F35F       0
                text135                           1E7EA    1E7EA       20     F35F       0
                text134                           1E326    1E326       34     8000       0
                text132                           1D9CE    1D9CE       52     8000       0
                text131                           1EB94    1EB94        A     F35F       0
                text130                           1CD52    1CD52       A2     8000       0
                text129                           1DC02    1DC02       50     8000       0
                text128                           1DE04    1DE04       46     8000       0
                text127                           1DBB2    1DBB2       50     8000       0
                text126                           17B7E    17B7E      354     8000       0
                text125                           1BBB4    1BBB4      144     8000       0
                text124                           1AA54    1AA54      284     8000       0
                text123                           1B194    1B194      22C     8000       0
                text122                           1AF5C    1AF5C      238     8000       0
                text121                           1CC00    1CC00       AE     8000       0
                text120                           1C9C6    1C9C6       C4     8000       0
                text119                           1E11A    1E11A       3E     8000       0
                text118                           1D634    1D634       66     8000       0
                text117                           1CFC4    1CFC4       98     8000       0
                text116                           1E0DC    1E0DC       3E     8000       0
                text115                           1DF1A    1DF1A       44     8000       0
                text114                           1E480    1E480       2E     8000       0
                text113                           1BF7C    1BF7C      122     8000       0
                text112                           1E506    1E506       2A     8000       0
                text111                           1D0EC    1D0EC       8C     8000       0
                text110                           1C752    1C752       D2     8000       0
                text109                           1E450    1E450       30     8000       0
                text108                           18B94    18B94      30E     8000       0
                text107                           1DD2E    1DD2E       48     8000       0
                text106                           1CA8A    1CA8A       BC     8000       0
                text105                           1D288    1D288       84     8000       0
                text104                           1D566    1D566       68     8000       0
                text103                           1E5AC    1E5AC       28     8000       0
                text102                           1C29C    1C29C       F6     8000       0
                text101                           1C09E    1C09E      100     8000       0
                text100                           1D926    1D926       54     8000       0
                text99                            1DED6    1DED6       44     8000       0
                text98                            19AA2    19AA2      2C2     8000       0
                text97                            1E728    1E728       22     F35F       0
                text96                            1D8D0    1D8D0       56     8000       0
                text95                            1E9C8    1E9C8       14     F35F       0
                text94                            1D202    1D202       86     8000       0
                text93                            1D484    1D484       72     8000       0
                text92                            16812    16812      434     8000       0
                text91                            10000    10000     1724     8000       0
                text90                            1DCE6    1DCE6       48     8000       0
                text89                            1705E    1705E      414     8000       0
                text88                            1E420    1E420       30     8000       0
                text87                            1D05C    1D05C       90     8000       0
                text86                            1E90A    1E90A       1A     F35F       0
                text85                            1DF5E    1DF5E       42     8000       0
                text84                            1E7CA    1E7CA       20     F35F       0
                text83                            1C57A    1C57A       F0     8000       0
                text82                            1E1D0    1E1D0       3C     8000       0
                text81                            1E64C    1E64C       26     8000       0
                text80                            1BA64    1BA64      150     8000       0
                text79                            1D81A    1D81A       5C     8000       0
                text78                            1B8EA    1B8EA      17A     8000       0
                text77                            1E3F0    1E3F0       30     8000       0
                text76                            1DC9E    1DC9E       48     8000       0
                text75                            12E3C    12E3C     1432     8000       0
                text74                            1EB14    1EB14        E     F35F       0
                text73                            1D700    1D700       60     8000       0
                text72                            1E706    1E706       22     F35F       0
                text71                            1EB06    1EB06        E     F35F       0
                text70                            1EAF8    1EAF8        E     F35F       0
                text69                            1D412    1D412       72     8000       0
                text68                            1EAEA    1EAEA        E     F35F       0
                text67                            1EADC    1EADC        E     F35F       0
                text66                            1E284    1E284       38     8000       0
                text65                            1EB66    1EB66        C     F35F       0
                text64                            1E2BC    1E2BC       36     8000       0
                text63                            1E7AA    1E7AA       20     F35F       0
                text62                            1E958    1E958       18     F35F       0
                text61                            1EACE    1EACE        E     F35F       0
                text60                            1EAC0    1EAC0        E     F35F       0
                text59                            1CDF4    1CDF4       A0     8000       0
                text58                            1E864    1E864       1C     F35F       0
                text57                            1EAB2    1EAB2        E     F35F       0
                text56                            1E4DC    1E4DC       2A     8000       0
                text55                            1EAA4    1EAA4        E     F35F       0
                text54                            1DB62    1DB62       50     8000       0
                text53                            1EA96    1EA96        E     F35F       0
                text52                            1E38E    1E38E       32     8000       0
                text51                            1EA88    1EA88        E     F35F       0
                text50                            1DB12    1DB12       50     8000       0
                text49                            1E194    1E194       3C     8000       0
                text48                            1E09E    1E09E       3E     8000       0
                text47                            1E78A    1E78A       20     F35F       0
                text46                            1EA7A    1EA7A        E     F35F       0
                text45                            1EBE4    1EBE4        4     F35F       0
                text44                            1E76A    1E76A       20     F35F       0
                text43                            1EA6C    1EA6C        E     F35F       0
                text42                            1EBE0    1EBE0        4     F35F       0
                text41                            1EBDC    1EBDC        4     F35F       0
                text40                            1E74A    1E74A       20     F35F       0
                text39                            1EB8A    1EB8A        A     F35F       0
                text38                            1D876    1D876       5A     8000       0
                text37                            1E8F0    1E8F0       1A     F35F       0
                text36                            1DC52    1DC52       4C     8000       0
                text35                            18886    18886      30E     8000       0
                text34                            1E060    1E060       3E     8000       0
                text33                            1E970    1E970       16     F35F       0
                text32                            1E584    1E584       28     8000       0
                text31                            1EBC4    1EBC4        6     F35F       0
                text30                            1DDBE    1DDBE       46     8000       0
                text29                            1EA5C    1EA5C       10     F35F       0
                text28                            1E848    1E848       1C     F35F       0
                text27                            1EB5A    1EB5A        C     F35F       0
                text26                            1E022    1E022       3E     8000       0
                text25                            1DAC2    1DAC2       50     8000       0
                text24                            18578    18578      30E     8000       0
                text23                            1E3C0    1E3C0       30     8000       0
                text22                            1CF2C    1CF2C       98     8000       0
                text21                            1E2F2    1E2F2       34     8000       0
                text20                            1B5B4    1B5B4      1A4     8000       0
                text19                            1A2B8    1A2B8      28A     8000       0
                text18                            1D7BE    1D7BE       5C     8000       0
                text17                            1D760    1D760       5E     8000       0
                text16                            17472    17472      3A6     8000       0
                text15                            1E158    1E158       3C     8000       0
                text14                            1D5CE    1D5CE       66     8000       0
                text13                            17818    17818      366     8000       0
                text12                            1EA4C    1EA4C       10     F35F       0
                text11                            1631A    1631A      4F8     8000       0
                text10                            1B3C0    1B3C0      1F4     8000       0
                text9                             194BE    194BE      2FA     8000       0
                text8                             1A012    1A012      2A6     8000       0
                text7                             1DA72    1DA72       50     8000       0
                text6                             1EA3C    1EA3C       10     F35F       0
                text5                             1EA2C    1EA2C       10     F35F       0
                text4                             15C66    15C66      6B4     8000       0
                text3                             1C392    1C392       F4     8000       0
                text2                             15470    15470      7F6     8000       0
                text1                             14BE2    14BE2      88E     8000       0
                text0                             197B8    197B8      2EA     8000       0
                cstackCOMRAM                          1        1       5E        1       1
                cstackBANK0                          60       60       59       60       1
                cstackBANK1                         100      100       61      100       1
                cstackBANK2                         200      200       BE      200       1
                cstackBANK3                         3F9      3F9        7      300       1
                cstackBANK5                         500      500       34      500       1
                bssBIGRAM                           534      534      400      534       1
                bssBANK4                            400      400      100      400       1
                bssBANK3                            300      300       F9      300       1
                dataBANK2                           2BE      2BE       25      200       1
                bssBANK2                            2E3      2E3       1C      200       1
                dataBANK1                           1B9      1B9        1      100       1
                bssBANK1                            161      161       58      100       1
                bssBANK0                             B9       B9       46       60       1
                bitbssBANK0                         7F8       FF        1       60       1     8
                cinit                             1CE94    1CE94       98     8000       0
                nvBANK2                             2FF      2FF        1      200       1
                idataBANK2                        1E698    1E698       25     8000       0
                idataBANK1                        1EC1A    1EC1A        1     F35F       0

TOTAL           Name                               Link     Load   Length     Space
        CLASS   STACK          

        CLASS   CODE           
                intcodelo                            18       18       8A         0
                intcode                               8        8        6         0
                init                                 A2       A2        4         0
                reset_vec                             0        0        4         0
                text225                           1EA18    1EA18       14         0
                text224                           1EC04    1EC04        4         0
                text223                           1EA04    1EA04       14         0
                text222                           1EB7E    1EB7E        C         0
                text221                           1EC00    1EC00        4         0
                text220                           1EBFC    1EBFC        4         0
                text219                           1EBD6    1EBD6        6         0
                text218                           1E4AE    1E4AE       2E         0
                text217                           1E248    1E248       3C         0
                text216                           1A7CC    1A7CC      288         0
                text215                           1C8F6    1C8F6       D0         0
                text214                           18226    18226      352         0
                text213                           191B0    191B0      30E         0
                text212                           1DD76    1DD76       48         0
                text211                           1BE3C    1BE3C      140         0
                text210                           1426E    1426E      974         0
                text209                           1EC18    1EC18        2         0
                text208                           1E624    1E624       28         0
                text207                           1D178    1D178       8A         0
                text206                           1CB46    1CB46       BA         0
                text205                           1D390    1D390       82         0
                text204                           1D69A    1D69A       66         0
                text203                           1E672    1E672       26         0
                text202                           1C486    1C486       F4         0
                text201                           1C19E    1C19E       FE         0
                text200                           1DA20    1DA20       52         0
                text199                           1DFA0    1DFA0       42         0
                text198                           19D64    19D64      2AE         0
                text197                           1E82A    1E82A       1E         0
                text196                           1D97A    1D97A       54         0
                text195                           1EBB2    1EBB2        A         0
                text194                           1D30C    1D30C       84         0
                text193                           1D4F6    1D4F6       70         0
                text192                           16C46    16C46      418         0
                text191                           11724    11724     1718         0
                text190                           1E20C    1E20C       3C         0
                text189                           1CCAE    1CCAE       A4         0
                text188                           1DE90    1DE90       46         0
                text187                           1E9B2    1E9B2       16         0
                text186                           1EC16    1EC16        2         0
                text185                           1E6E2    1E6E2       24         0
                text184                           1EBA8    1EBA8        A         0
                text183                           1E99C    1E99C       16         0
                text182                           1EC14    1EC14        2         0
                text181                           1E6BE    1E6BE       24         0
                text180                           1EB9E    1EB9E        A         0
                text179                           1EBF8    1EBF8        4         0
                text178                           1EBF4    1EBF4        4         0
                text177                           1E8D4    1E8D4       1C         0
                text176                           1EB4C    1EB4C        E         0
                text175                           1E9F0    1E9F0       14         0
                text174                           1EC12    1EC12        2         0
                text173                           1E55A    1E55A       2A         0
                text172                           1E8B8    1E8B8       1C         0
                text171                           1EB3E    1EB3E        E         0
                text170                           1E89C    1E89C       1C         0
                text169                           1EC10    1EC10        2         0
                text168                           1E530    1E530       2A         0
                text167                           1E9DC    1E9DC       14         0
                text166                           1B758    1B758      192         0
                text165                           1EC0E    1EC0E        2         0
                text164                           1E5FC    1E5FC       28         0
                text163                           1EBF0    1EBF0        4         0
                text162                           1EC0C    1EC0C        2         0
                text161                           1E986    1E986       16         0
                text160                           1E35A    1E35A       34         0
                intcode_body                      1C66A    1C66A       E8         0
                text158                           18EA2    18EA2      30E         0
                text157                           1A542    1A542      28A         0
                text156                           17ED2    17ED2      354         0
                text155                           1BCF8    1BCF8      144         0
                text154                           1C824    1C824       D2         0
                text153                           1DFE2    1DFE2       40         0
                text152                           1E93E    1E93E       1A         0
                text151                           1EB72    1EB72        C         0
                text150                           1E880    1E880       1C         0
                text149                           1DE4A    1DE4A       46         0
                text148                           1ACD8    1ACD8      284         0
                text147                           1EBD0    1EBD0        6         0
                text146                           1EBBC    1EBBC        8         0
                text145                           1EB30    1EB30        E         0
                text144                           1EBEC    1EBEC        4         0
                text143                           1EBCA    1EBCA        6         0
                text142                           1EC0A    1EC0A        2         0
                text141                           1E924    1E924       1A         0
                text140                           1E5D4    1E5D4       28         0
                text139                           1E80A    1E80A       20         0
                text138                           1EB22    1EB22        E         0
                text137                           1EBE8    1EBE8        4         0
                text136                           1EC08    1EC08        2         0
                text135                           1E7EA    1E7EA       20         0
                text134                           1E326    1E326       34         0
                text132                           1D9CE    1D9CE       52         0
                text131                           1EB94    1EB94        A         0
                text130                           1CD52    1CD52       A2         0
                text129                           1DC02    1DC02       50         0
                text128                           1DE04    1DE04       46         0
                text127                           1DBB2    1DBB2       50         0
                text126                           17B7E    17B7E      354         0
                text125                           1BBB4    1BBB4      144         0
                text124                           1AA54    1AA54      284         0
                text123                           1B194    1B194      22C         0
                text122                           1AF5C    1AF5C      238         0
                text121                           1CC00    1CC00       AE         0
                text120                           1C9C6    1C9C6       C4         0
                text119                           1E11A    1E11A       3E         0
                text118                           1D634    1D634       66         0
                text117                           1CFC4    1CFC4       98         0
                text116                           1E0DC    1E0DC       3E         0
                text115                           1DF1A    1DF1A       44         0
                text114                           1E480    1E480       2E         0
                text113                           1BF7C    1BF7C      122         0
                text112                           1E506    1E506       2A         0
                text111                           1D0EC    1D0EC       8C         0
                text110                           1C752    1C752       D2         0
                text109                           1E450    1E450       30         0
                text108                           18B94    18B94      30E         0
                text107                           1DD2E    1DD2E       48         0
                text106                           1CA8A    1CA8A       BC         0
                text105                           1D288    1D288       84         0
                text104                           1D566    1D566       68         0
                text103                           1E5AC    1E5AC       28         0
                text102                           1C29C    1C29C       F6         0
                text101                           1C09E    1C09E      100         0
                text100                           1D926    1D926       54         0
                text99                            1DED6    1DED6       44         0
                text98                            19AA2    19AA2      2C2         0
                text97                            1E728    1E728       22         0
                text96                            1D8D0    1D8D0       56         0
                text95                            1E9C8    1E9C8       14         0
                text94                            1D202    1D202       86         0
                text93                            1D484    1D484       72         0
                text92                            16812    16812      434         0
                text91                            10000    10000     1724         0
                text90                            1DCE6    1DCE6       48         0
                text89                            1705E    1705E      414         0
                text88                            1E420    1E420       30         0
                text87                            1D05C    1D05C       90         0
                text86                            1E90A    1E90A       1A         0
                text85                            1DF5E    1DF5E       42         0
                text84                            1E7CA    1E7CA       20         0
                text83                            1C57A    1C57A       F0         0
                text82                            1E1D0    1E1D0       3C         0
                text81                            1E64C    1E64C       26         0
                text80                            1BA64    1BA64      150         0
                text79                            1D81A    1D81A       5C         0
                text78                            1B8EA    1B8EA      17A         0
                text77                            1E3F0    1E3F0       30         0
                text76                            1DC9E    1DC9E       48         0
                text75                            12E3C    12E3C     1432         0
                text74                            1EB14    1EB14        E         0
                text73                            1D700    1D700       60         0
                text72                            1E706    1E706       22         0
                text71                            1EB06    1EB06        E         0
                text70                            1EAF8    1EAF8        E         0
                text69                            1D412    1D412       72         0
                text68                            1EAEA    1EAEA        E         0
                text67                            1EADC    1EADC        E         0
                text66                            1E284    1E284       38         0
                text65                            1EB66    1EB66        C         0
                text64                            1E2BC    1E2BC       36         0
                text63                            1E7AA    1E7AA       20         0
                text62                            1E958    1E958       18         0
                text61                            1EACE    1EACE        E         0
                text60                            1EAC0    1EAC0        E         0
                text59                            1CDF4    1CDF4       A0         0
                text58                            1E864    1E864       1C         0
                text57                            1EAB2    1EAB2        E         0
                text56                            1E4DC    1E4DC       2A         0
                text55                            1EAA4    1EAA4        E         0
                text54                            1DB62    1DB62       50         0
                text53                            1EA96    1EA96        E         0
                text52                            1E38E    1E38E       32         0
                text51                            1EA88    1EA88        E         0
                text50                            1DB12    1DB12       50         0
                text49                            1E194    1E194       3C         0
                text48                            1E09E    1E09E       3E         0
                text47                            1E78A    1E78A       20         0
                text46                            1EA7A    1EA7A        E         0
                text45                            1EBE4    1EBE4        4         0
                text44                            1E76A    1E76A       20         0
                text43                            1EA6C    1EA6C        E         0
                text42                            1EBE0    1EBE0        4         0
                text41                            1EBDC    1EBDC        4         0
                text40                            1E74A    1E74A       20         0
                text39                            1EB8A    1EB8A        A         0
                text38                            1D876    1D876       5A         0
                text37                            1E8F0    1E8F0       1A         0
                text36                            1DC52    1DC52       4C         0
                text35                            18886    18886      30E         0
                text34                            1E060    1E060       3E         0
                text33                            1E970    1E970       16         0
                text32                            1E584    1E584       28         0
                text31                            1EBC4    1EBC4        6         0
                text30                            1DDBE    1DDBE       46         0
                text29                            1EA5C    1EA5C       10         0
                text28                            1E848    1E848       1C         0
                text27                            1EB5A    1EB5A        C         0
                text26                            1E022    1E022       3E         0
                text25                            1DAC2    1DAC2       50         0
                text24                            18578    18578      30E         0
                text23                            1E3C0    1E3C0       30         0
                text22                            1CF2C    1CF2C       98         0
                text21                            1E2F2    1E2F2       34         0
                text20                            1B5B4    1B5B4      1A4         0
                text19                            1A2B8    1A2B8      28A         0
                text18                            1D7BE    1D7BE       5C         0
                text17                            1D760    1D760       5E         0
                text16                            17472    17472      3A6         0
                text15                            1E158    1E158       3C         0
                text14                            1D5CE    1D5CE       66         0
                text13                            17818    17818      366         0
                text12                            1EA4C    1EA4C       10         0
                text11                            1631A    1631A      4F8         0
                text10                            1B3C0    1B3C0      1F4         0
                text9                             194BE    194BE      2FA         0
                text8                             1A012    1A012      2A6         0
                text7                             1DA72    1DA72       50         0
                text6                             1EA3C    1EA3C       10         0
                text5                             1EA2C    1EA2C       10         0
                text4                             15C66    15C66      6B4         0
                text3                             1C392    1C392       F4         0
                text2                             15470    15470      7F6         0
                text1                             14BE2    14BE2      88E         0
                text0                             197B8    197B8      2EA         0
                cinit                             1CE94    1CE94       98         0
                idataBANK2                        1E698    1E698       25         0
                idataBANK1                        1EC1A    1EC1A        1         0

        CLASS   CONST          

        CLASS   SMALLCONST     

        CLASS   MEDIUMCONST    
                mediumconst                        D79A     D79A     2866         0

        CLASS   COMRAM         
                temp                                 5F       5F        1         1
                cstackCOMRAM                          1        1       5E         1

        CLASS   ABS1           

        CLASS   BIGRAM         
                bssBIGRAM                           534      534      400         1

        CLASS   RAM            

        CLASS   BANK0          
                cstackBANK0                          60       60       59         1
                bssBANK0                             B9       B9       46         1
                bitbssBANK0                         7F8       FF        1         1

        CLASS   BANK1          
                cstackBANK1                         100      100       61         1
                dataBANK1                           1B9      1B9        1         1
                bssBANK1                            161      161       58         1

        CLASS   BANK2          
                cstackBANK2                         200      200       BE         1
                dataBANK2                           2BE      2BE       25         1
                bssBANK2                            2E3      2E3       1C         1
                nvBANK2                             2FF      2FF        1         1

        CLASS   BANK3          
                cstackBANK3                         3F9      3F9        7         1
                bssBANK3                            300      300       F9         1

        CLASS   BANK4          
                bssBANK4                            400      400      100         1

        CLASS   BANK5          
                cstackBANK5                         500      500       34         1

        CLASS   BANK6          

        CLASS   BANK7          

        CLASS   BANK8          

        CLASS   BANK9          

        CLASS   BANK10         

        CLASS   BANK11         

        CLASS   BANK12         

        CLASS   BANK13         

        CLASS   BANK14         

        CLASS   SFR            

        CLASS   FARRAM         

        CLASS   CONFIG         
                config                           300000   300000        C         0

        CLASS   IDLOC          
                idloc                            200000   200000       10         0

        CLASS   EEDATA         



SEGMENTS        Name                           Load    Length   Top    Selector   Space  Class

                reset_vec                      000000  000004  000004         0       0  CODE    
                cstackCOMRAM                   000001  00005F  000060         1       1  COMRAM  
                intcode                        000008  000006  00000E         4       0  CODE    
                intcodelo                      000018  00008E  0000A6         C       0  CODE    
                cstackBANK0                    000060  0000A0  000100        60       1  BANK0   
                cstackBANK1                    000100  0000BA  0001BA       100       1  BANK1   
                cstackBANK2                    000200  000100  000300       200       1  BANK2   
                bssBANK3                       000300  000100  000400       300       1  BANK3   
                bssBANK4                       000400  000100  000500       400       1  BANK4   
                cstackBANK5                    000500  000034  000534       500       1  BANK5   
                bssBIGRAM                      000534  000400  000934       534       1  BIGRAM  
                mediumconst                    00D79A  002866  010000      6BCD       0  MEDIUMCO
                text91                         010000  00E6BD  01E6BD      8000       0  CODE    
                text181                        01E6BE  00055D  01EC1B      F35F       0  CODE    
                idloc                          200000  000010  200010    200000       0  IDLOC   
                config                         300000  00000C  30000C    300000       0  CONFIG  


UNUSED ADDRESS RANGES

        Name                Unused          Largest block    Delta
        BANK1            0001BA-0001FF               46
        BANK10           000A00-000AFF              100
        BANK11           000B00-000BFF              100
        BANK12           000C00-000CFF              100
        BANK13           000D00-000DFF              100
        BANK14           000E00-000E87               88
        BANK9            000934-0009FF               CC
        BIGRAM           0001BA-0001FF               46
                         000934-000E87              554
        CODE             000004-000007                4
                         00000E-000017                A
                         0000A6-00D799             D6F4
                         01E6BD-01E6BD                1
                         01EC1B-01FFFF             13E5
        CONST            000004-000007                4
                         00000E-000017                A
                         0000A6-00D799             D6F4
                         01E6BD-01E6BD                1
                         01EC1B-01FFFF             13E5
        EEDATA           310000-3103FF              400
        MEDIUMCONST      000F00-00D799             C89A
                         01E6BD-01E6BD                1
                         01EC1B-01FFFF             13E5
        RAM              0001BA-0001FF               46
                         000934-000E87              100
        SFR              000E8D-000FFF               73
        SMALLCONST       000F00-00D799              100
                         01E6BD-01E6BD                1
                         01EC1B-01FFFF              100
        STACK            000934-000E87              554

                                  Symbol Table

?_ADCC_GetConversionResult                     cstackCOMRAM 000001
?_ADCC_GetFilterValue                          cstackCOMRAM 000001
?_FLASH_ReadWord                               cstackBANK2  000204
?___awdiv                                      cstackBANK2  000206
?___awmod                                      cstackBANK2  000200
?___fladd                                      cstackBANK2  000234
?___fldiv                                      cstackBANK2  000200
?___flmul                                      cstackBANK2  00020E
?___flneg                                      cstackBANK2  000200
?___flsub                                      cstackBANK2  00024C
?___fltol                                      cstackBANK2  000230
?___lldiv                                      cstackBANK2  000200
?___llmod                                      cstackBANK2  00020D
?___lwdiv                                      cstackBANK2  000205
?___lwmod                                      cstackBANK2  000200
?___wmul                                       cstackBANK2  000200
?___xxtofl                                     cstackBANK2  00023E
?__div_to_l_                                   cstackBANK2  000200
?__doprnt                                      cstackBANK2  000254
?__tdiv_to_l_                                  cstackBANK2  000200
?_abs                                          cstackBANK2  00023A
?_fabs                                         cstackCOMRAM 000005
?_floatToEngineeringFormat                     cstackBANK2  00029F
?_fround                                       cstackBANK2  000227
?_getCauseOfResetString                        cstackBANK2  000200
?_getCauseOfResetStringSmall                   cstackBANK2  000200
?_getDeviceID                                  cstackBANK2  00020B
?_getDeviceIDString                            cstackBANK2  00020D
?_getNXQChargeStateString                      cstackBANK2  000200
?_getNXQChargeStateStringCaps                  cstackBANK2  000200
?_getStringSecondsAsTime                       cstackBANK2  00029F
?_getUserID                                    cstackBANK2  00020B
?_printf                                       cstackBANK2  0002AD
?_readFloatFromEEPROM                          cstackBANK2  000202
?_scale                                        cstackBANK2  000227
?_sprintf                                      cstackBANK2  00028C
?_strcmp                                       cstackBANK2  000200
?_strlen                                       cstackBANK2  000200
?i1___fladd                                    cstackBANK1  00010E
?i1___fldiv                                    cstackBANK1  00011E
?i1___flmul                                    cstackBANK1  000137
?i1___xxtofl                                   cstackBANK1  000100
?i2___awdiv                                    cstackCOMRAM 000007
?i2___awmod                                    cstackCOMRAM 000001
?i2___fladd                                    cstackCOMRAM 000052
?i2___fldiv                                    cstackCOMRAM 000013
?i2___flmul                                    cstackCOMRAM 00002C
?i2___flneg                                    cstackCOMRAM 000001
?i2___flsub                                    cstackBANK0  000064
?i2___fltol                                    cstackCOMRAM 00004E
?i2___lldiv                                    cstackCOMRAM 000001
?i2___llmod                                    cstackCOMRAM 00000E
?i2___lwdiv                                    cstackCOMRAM 000006
?i2___lwmod                                    cstackCOMRAM 000001
?i2___wmul                                     cstackCOMRAM 000001
?i2___xxtofl                                   cstackCOMRAM 000005
?i2__div_to_l_                                 cstackCOMRAM 000001
?i2__doprnt                                    cstackBANK0  00006C
?i2__tdiv_to_l_                                cstackCOMRAM 000001
?i2_fround                                     cstackCOMRAM 000045
?i2_printf                                     cstackBANK0  0000A4
?i2_scale                                      cstackCOMRAM 000045
ADCC_SetADTIInterruptHandler@InterruptHandler  cstackBANK2  000200
ADCC_StartConversion@channel                   cstackBANK1  000100
ADC_PostProcessingHandler@current_adc_channel  cstackBANK0  000078
ADC_PostProcessingHandler@i                    cstackBANK0  000079
ADC_PostProcessingHandler@i_3624               cstackBANK0  00007A
CCP2_CallBack@capturedValue                    cstackBANK1  000154
CCP2_CaptureISR@module                         cstackBANK1  000156
DATAEE_ReadByte@bAdd                           cstackBANK2  000200
DATAEE_WriteByte@GIEBitValue                   cstackBANK2  000203
DATAEE_WriteByte@bAdd                          cstackBANK2  000200
DATAEE_WriteByte@bData                         cstackBANK2  000202
EUSART2_Read@readValue                         cstackBANK2  000200
EUSART2_SetRxInterruptHandler@interruptHandler cstackBANK2  000200
EUSART2_SetTxInterruptHandler@interruptHandler cstackBANK2  000200
EUSART2_Write@txData                           cstackBANK2  000200
FLASH_ReadByte@flashAddr                       cstackBANK2  000200
FLASH_ReadWord@flashAddr                       cstackBANK2  000204
I2C2_ISR@i2c_10bit_address_restart             bssBANK0     0000DC
I2C2_ISR@i2c_address                           bssBANK0     0000FD
I2C2_ISR@i2c_bytes_left                        bssBANK0     0000DD
I2C2_ISR@pi2c_buf_ptr                          bssBANK1     000197
I2C2_MasterRead@address                        cstackBANK2  00020C
I2C2_MasterRead@length                         cstackBANK2  00020B
I2C2_MasterRead@pdata                          cstackBANK2  000209
I2C2_MasterRead@pflag                          cstackBANK2  00020E
I2C2_MasterRead@trBlock                        bssBANK1     0001A9
I2C2_MasterReadTRBBuild@address                cstackBANK2  000205
I2C2_MasterReadTRBBuild@length                 cstackBANK2  000204
I2C2_MasterReadTRBBuild@pdata                  cstackBANK2  000202
I2C2_MasterReadTRBBuild@ptrb                   cstackBANK2  000200
I2C2_MasterTRBInsert@count                     cstackBANK2  000205
I2C2_MasterTRBInsert@pflag                     cstackBANK2  000202
I2C2_MasterTRBInsert@ptrb_list                 cstackBANK2  000200
I2C2_MasterWrite@address                       cstackBANK2  00020C
I2C2_MasterWrite@length                        cstackBANK2  00020B
I2C2_MasterWrite@pdata                         cstackBANK2  000209
I2C2_MasterWrite@pflag                         cstackBANK2  00020E
I2C2_MasterWrite@trBlock                       bssBANK1     0001AE
I2C2_MasterWriteTRBBuild@address               cstackBANK2  000205
I2C2_MasterWriteTRBBuild@length                cstackBANK2  000204
I2C2_MasterWriteTRBBuild@pdata                 cstackBANK2  000202
I2C2_MasterWriteTRBBuild@ptrb                  cstackBANK2  000200
I2C2_Stop@completion_code                      cstackBANK1  000102
INT1_SetInterruptHandler@InterruptHandler      cstackBANK2  000200
INT2_SetInterruptHandler@InterruptHandler      cstackBANK2  000200
IOCBF2_SetInterruptHandler@InterruptHandler    cstackBANK2  000200
IOCBF3_SetInterruptHandler@InterruptHandler    cstackBANK2  000200
LM73Convert@Ambient_Conv                       cstackBANK2  000253
LM73Convert@POS5_Conv                          cstackBANK2  000251
LM73Convert@QI_Conv                            cstackBANK2  00024F
LM73TempSensorInitialize@output_data_array     cstackBANK2  000210
OLED_Clear@col                                 cstackBANK2  000223
OLED_Clear@row                                 cstackBANK2  000221
OLED_Command@data_array                        cstackBANK2  000212
OLED_Command@temp                              cstackBANK2  000210
OLED_PutChar@ch                                cstackBANK2  000220
OLED_PutChar@data_array                        cstackBANK2  000214
OLED_PutChar@input_base                        cstackBANK2  00021D
OLED_UpdateFromRAMBuffer@char_index            cstackBANK2  000224
OLED_UpdateFromRAMBuffer@char_index_4430       cstackBANK2  000225
OLED_UpdateFromRAMBuffer@char_index_4431       cstackBANK2  000226
OLED_UpdateFromRAMBuffer@char_index_4432       cstackBANK2  000227
OLED_WriteString@s                             cstackBANK2  000221
OLED_WriteString@str_len                       cstackBANK2  000223
OLED_YX@Column                                 cstackBANK2  000214
OLED_YX@Row                                    cstackBANK2  000218
OLED_updateHandler@dev_id_str                  cstackBANK5  000500
OLED_updateHandler@rev_id_str                  cstackBANK5  000511
TMR0_SetInterruptHandler@InterruptHandler      cstackBANK2  000200
TMR1_SetInterruptHandler@InterruptHandler      cstackBANK2  000200
TMR1_WriteTimer@timerVal                       cstackBANK2  000200
TMR2_SetInterruptHandler@InterruptHandler      cstackBANK2  000200
TMR3_SetInterruptHandler@InterruptHandler      cstackBANK2  000200
TMR3_WriteTimer@timerVal                       cstackBANK2  000200
TMR5_WriteTimer@timerVal                       cstackBANK2  000200
_ADACCH                                        (abs)        000F71
_ADACCL                                        (abs)        000F70
_ADACQ                                         (abs)        000F5C
_ADACT                                         (abs)        000F56
_ADCAP                                         (abs)        000F5D
_ADCC_ADTI_InterruptHandler                    bssBANK1     00017E
_ADCC_ClearAccumulator                         text147      01EBD0
_ADCC_DefaultInterruptHandler                  text209      01EC18
_ADCC_DischargeSampleCapacitor                 text146      01EBBC
_ADCC_GetConversionResult                      text225      01EA18
_ADCC_GetCurrentCountofConversions             text224      01EC04
_ADCC_GetFilterValue                           text223      01EA04
_ADCC_HasAccumulatorOverflowed                 text222      01EB7E
_ADCC_Initialize                               text73       01D700
_ADCC_SetADTIInterruptHandler                  text74       01EB14
_ADCC_StartConversion                          text145      01EB30
_ADCC_StopConversion                           text221      01EC00
_ADCC_ThresholdISR                             text208      01E624
_ADCLK                                         (abs)        000F57
_ADCNT                                         (abs)        000F67
_ADCON0                                        (abs)        000F60
_ADCON0bits                                    (abs)        000F60
_ADCON1                                        (abs)        000F59
_ADCON1bits                                    (abs)        000F59
_ADCON2                                        (abs)        000F5A
_ADCON2bits                                    (abs)        000F5A
_ADCON3                                        (abs)        000F5B
_ADCON3bits                                    (abs)        000F5B
_ADC_PostProcessingHandler                     text210      01426E
_ADC_PostProcessingHandler$6780                cstackBANK0  00007B
_ADC_PostProcessingHandler$6781                cstackBANK0  00007F
_ADC_PostProcessingHandler$6782                cstackBANK0  00006C
_ADC_PostProcessingHandler$6783                cstackBANK0  000070
_ADC_PostProcessingHandler$6784                cstackBANK0  000074
_ADC_acquisitionTimerHandler                   text141      01E924
_ADERRH                                        (abs)        000F6F
_ADERRL                                        (abs)        000F6E
_ADFLTRH                                       (abs)        000F73
_ADFLTRL                                       (abs)        000F72
_ADLTHH                                        (abs)        000F6B
_ADLTHL                                        (abs)        000F6A
_ADPCH                                         (abs)        000F5F
_ADPRE                                         (abs)        000F5E
_ADPREVH                                       (abs)        000F62
_ADPREVL                                       (abs)        000F61
_ADREF                                         (abs)        000F58
_ADRESH                                        (abs)        000F64
_ADRESL                                        (abs)        000F63
_ADRPT                                         (abs)        000F66
_ADSTAT                                        (abs)        000F65
_ADSTATbits                                    (abs)        000F65
_ADSTPTH                                       (abs)        000F69
_ADSTPTL                                       (abs)        000F68
_ADUTHH                                        (abs)        000F6D
_ADUTHL                                        (abs)        000F6C
_ANSELA                                        (abs)        000F11
_ANSELB                                        (abs)        000F19
_ANSELC                                        (abs)        000F21
_BAUD2CON                                      (abs)        000E9F
_CCP2CAP                                       (abs)        000FA9
_CCP2CON                                       (abs)        000FA8
_CCP2CONbits                                   (abs)        000FA8
_CCP2PPS                                       (abs)        000EB0
_CCP2_CallBack                                 text153      01DFE2
_CCP2_CaptureISR                               text152      01E93E
_CCP2_Initialize                               text72       01E706
_CCPR2H                                        (abs)        000FA7
_CCPR2L                                        (abs)        000FA6
_CCPTMRSbits                                   (abs)        000FAE
_DATAEE_ReadByte                               text37       01E8F0
_DATAEE_WriteByte                              text26       01E022
_EUSART2_Initialize                            text69       01D412
_EUSART2_Read                                  text34       01E060
_EUSART2_Receive_ISR                           text189      01CCAE
_EUSART2_RxDefaultInterruptHandler             bssBANK1     000187
_EUSART2_SetRxInterruptHandler                 text71       01EB06
_EUSART2_SetTxInterruptHandler                 text70       01EAF8
_EUSART2_Transmit_ISR                          text188      01DE90
_EUSART2_TxDefaultInterruptHandler             bssBANK1     00018A
_EUSART2_Write                                 text96       01D8D0
_EXT_INT_Initialize                            text66       01E284
_FLASH_ReadByte                                text86       01E90A
_FLASH_ReadWord                                text85       01DF5E
_FVRCON                                        (abs)        000F31
_FVRCONbits                                    (abs)        000F31
_FVR_Initialize                                text65       01EB66
_I2C2_BusCollisionISR                          text151      01EB72
_I2C2_FunctionComplete                         text150      01E880
_I2C2_ISR                                      text148      01ACD8
_I2C2_Initialize                               text64       01E2BC
_I2C2_MasterRead                               text129      01DC02
_I2C2_MasterReadTRBBuild                       text132      01D9CE
_I2C2_MasterTRBInsert                          text130      01CD52
_I2C2_MasterWrite                              text127      01DBB2
_I2C2_MasterWriteTRBBuild                      text128      01DE04
_I2C2_Stop                                     text149      01DE4A
_I2C2_WaitForLastPacketToComplete              text131      01EB94
_I2C_STATUS                                    bssBANK1     0001B8
_INT1PPS                                       (abs)        000EA2
_INT1_CallBack                                 text185      01E6E2
_INT1_DefaultInterruptHandler                  text186      01EC16
_INT1_ISR                                      text184      01EBA8
_INT1_InterruptHandler                         bssBANK1     000190
_INT1_SetInterruptHandler                      text68       01EAEA
_INT2PPS                                       (abs)        000EA3
_INT2_CallBack                                 text181      01E6BE
_INT2_DefaultInterruptHandler                  text182      01EC14
_INT2_ISR                                      text180      01EB9E
_INT2_InterruptHandler                         bssBANK1     00018D
_INT2_SetInterruptHandler                      text67       01EADC
_INTCONbits                                    (abs)        000FF2
_INTERRUPT_Initialize                          text63       01E7AA
_INTERRUPT_InterruptManagerHigh                intcode      000008
_INTERRUPT_InterruptManagerLow                 intcodelo    000018
_IOCBF2_DefaultInterruptHandler                text174      01EC12
_IOCBF2_ISR                                    text173      01E55A
_IOCBF2_InterruptHandler                       bssBANK1     000184
_IOCBF2_SetInterruptHandler                    text61       01EACE
_IOCBF3_DefaultInterruptHandler                text169      01EC10
_IOCBF3_ISR                                    text168      01E530
_IOCBF3_InterruptHandler                       bssBANK1     000181
_IOCBF3_SetInterruptHandler                    text60       01EAC0
_IOCBFbits                                     (abs)        000F12
_IOCBNbits                                     (abs)        000F13
_IOCBPbits                                     (abs)        000F14
_IPR0bits                                      (abs)        000EBA
_IPR1bits                                      (abs)        000EBB
_IPR3bits                                      (abs)        000EBD
_IPR4bits                                      (abs)        000EBE
_IPR6bits                                      (abs)        000EC0
_LATA                                          (abs)        000F83
_LATB                                          (abs)        000F84
_LATBbits                                      (abs)        000F84
_LATC                                          (abs)        000F85
_LATCbits                                      (abs)        000F85
_LM73AcquisitionHandler                        text123      01B194
_LM73Convert                                   text124      01AA54
_LM73TempSensorInitialize                      text122      01AF5C
_LM73_start_flag                               bssBANK2     0002EA
_LM73_temp_results                             bssBANK2     0002ED
_NVMADRH                                       (abs)        000F7F
_NVMADRL                                       (abs)        000F7E
_NVMCON1bits                                   (abs)        000F81
_NVMCON2                                       (abs)        000F82
_NVMDAT                                        (abs)        000F80
_ODCONA                                        (abs)        000F0F
_ODCONB                                        (abs)        000F17
_ODCONC                                        (abs)        000F1F
_OLED_Clear                                    text119      01E11A
_OLED_Command                                  text118      01D634
_OLED_Frame                                    bssBANK2     0002E9
_OLED_Init                                     text117      01CFC4
_OLED_PutChar                                  text120      01C9C6
_OLED_RAM_Buffer                               bssBANK3     000368
_OLED_UpdateFromRAMBuffer                      text113      01BF7C
_OLED_WriteString                              text116      01E0DC
_OLED_YX                                       text115      01DF1A
_OLED_updateHandler                            text75       012E3C
_OLED_updateHandler$6397                       cstackBANK5  000522
_OLED_update_flag                              bssBANK2     0002E8
_OLED_update_time                              dataBANK2    0002E2
_OSCCON1                                       (abs)        000ED8
_OSCCON3                                       (abs)        000EDA
_OSCEN                                         (abs)        000EDC
_OSCFRQ                                        (abs)        000EDE
_OSCILLATOR_Initialize                         text62       01E958
_OSCTUNE                                       (abs)        000EDD
_OledFont                                      mediumconst  00D823
_PCON0bits                                     (abs)        000FD7
_PIE0bits                                      (abs)        000EC2
_PIE1bits                                      (abs)        000EC3
_PIE3bits                                      (abs)        000EC5
_PIE4bits                                      (abs)        000EC6
_PIE6bits                                      (abs)        000EC8
_PIN_MANAGER_IOC                               text167      01E9DC
_PIN_MANAGER_Initialize                        text59       01CDF4
_PIR0bits                                      (abs)        000ECA
_PIR1bits                                      (abs)        000ECB
_PIR3bits                                      (abs)        000ECD
_PIR4bits                                      (abs)        000ECE
_PIR6bits                                      (abs)        000ED0
_PIR7bits                                      (abs)        000ED1
_PMD0                                          (abs)        000EE1
_PMD1                                          (abs)        000EE2
_PMD2                                          (abs)        000EE3
_PMD3                                          (abs)        000EE4
_PMD4                                          (abs)        000EE5
_PMD5                                          (abs)        000EE6
_PMD_Initialize                                text58       01E864
_PORTBbits                                     (abs)        000F8E
_PR2                                           (abs)        000FBC
_QIChargeIOCHandler                            text170      01E89C
_QIErrorTimerHandler                           text161      01E986
_QIIdleChargedTimerHandler                     text135      01E7EA
_QIIdleIOCHandler                              text175      01E9F0
_QI_charge_time                                bssBANK2     0002E3
_QI_current_edge                               bssBANK1     0001A6
_RB4PPS                                        (abs)        000EF3
_RB5PPS                                        (abs)        000EF4
_RC2REG                                        (abs)        000E99
_RC2STA                                        (abs)        000E9D
_RC2STAbits                                    (abs)        000E9D
_RC4PPS                                        (abs)        000EFB
_RX2PPS                                        (abs)        000E8D
_SLRCONA                                       (abs)        000F0E
_SLRCONB                                       (abs)        000F16
_SLRCONC                                       (abs)        000F1E
_SP2BRGH                                       (abs)        000E9C
_SP2BRGL                                       (abs)        000E9B
_SSP2ADD                                       (abs)        000E93
_SSP2BUF                                       (abs)        000E92
_SSP2CLKPPS                                    (abs)        000E8F
_SSP2CON1                                      (abs)        000E96
_SSP2CON1bits                                  (abs)        000E96
_SSP2CON2bits                                  (abs)        000E97
_SSP2CON3                                      (abs)        000E98
_SSP2DATPPS                                    (abs)        000E90
_SSP2STAT                                      (abs)        000E95
_SYSTEM_Initialize                             text48       01E09E
_T0CON0                                        (abs)        000FD5
_T0CON0bits                                    (abs)        000FD5
_T0CON1                                        (abs)        000FD6
_T1CLK                                         (abs)        000FD2
_T1CON                                         (abs)        000FCF
_T1CONbits                                     (abs)        000FCF
_T1GATE                                        (abs)        000FD1
_T1GCON                                        (abs)        000FD0
_T1GCONbits                                    (abs)        000FD0
_T2CLKCON                                      (abs)        000FBF
_T2CON                                         (abs)        000FBD
_T2CONbits                                     (abs)        000FBD
_T2HLT                                         (abs)        000FBE
_T2HLTbits                                     (abs)        000FBE
_T2PR                                          (abs)        000FBC
_T2RST                                         (abs)        000FC0
_T2RSTbits                                     (abs)        000FC0
_T2TMR                                         (abs)        000FBB
_T3CLK                                         (abs)        000FCC
_T3CON                                         (abs)        000FC9
_T3CONbits                                     (abs)        000FC9
_T3GATE                                        (abs)        000FCB
_T3GCON                                        (abs)        000FCA
_T3GCONbits                                    (abs)        000FCA
_T5CLK                                         (abs)        000FC6
_T5CON                                         (abs)        000FC3
_T5CONbits                                     (abs)        000FC3
_T5GATE                                        (abs)        000FC5
_T5GCON                                        (abs)        000FC4
_T5GCONbits                                    (abs)        000FC4
_TABLAT                                        (abs)        000FF5
_TBLPTRH                                       (abs)        000FF7
_TBLPTRL                                       (abs)        000FF6
_TBLPTRU                                       (abs)        000FF8
_TMR0H                                         (abs)        000FD4
_TMR0L                                         (abs)        000FD3
_TMR0_DefaultInterruptHandler                  text165      01EC0E
_TMR0_ISR                                      text164      01E5FC
_TMR0_Initialize                               text56       01E4DC
_TMR0_InterruptHandler                         bssBANK1     00017B
_TMR0_SetInterruptHandler                      text57       01EAB2
_TMR1H                                         (abs)        000FCE
_TMR1L                                         (abs)        000FCD
_TMR1_DefaultInterruptHandler                  text162      01EC0C
_TMR1_ISR                                      text160      01E35A
_TMR1_Initialize                               text54       01DB62
_TMR1_InterruptHandler                         bssBANK1     000172
_TMR1_Reload                                   text46       01EA7A
_TMR1_SetInterruptHandler                      text55       01EAA4
_TMR1_StartTimer                               text179      01EBF8
_TMR1_StopTimer                                text45       01EBE4
_TMR1_WriteTimer                               text47       01E78A
_TMR2                                          (abs)        000FBB
_TMR2_DefaultInterruptHandler                  text142      01EC0A
_TMR2_ISR                                      text140      01E5D4
_TMR2_Initialize                               text52       01E38E
_TMR2_InterruptHandler                         bssBANK1     000178
_TMR2_SetInterruptHandler                      text53       01EA96
_TMR2_Start                                    text220      01EBFC
_TMR2_StartTimer                               text219      01EBD6
_TMR2_Stop                                     text144      01EBEC
_TMR2_StopTimer                                text143      01EBCA
_TMR3H                                         (abs)        000FC8
_TMR3L                                         (abs)        000FC7
_TMR3_DefaultInterruptHandler                  text136      01EC08
_TMR3_ISR                                      text134      01E326
_TMR3_Initialize                               text50       01DB12
_TMR3_InterruptHandler                         bssBANK1     000175
_TMR3_Reload                                   text43       01EA6C
_TMR3_SetInterruptHandler                      text51       01EA88
_TMR3_StartTimer                               text178      01EBF4
_TMR3_StopTimer                                text42       01EBE0
_TMR3_WriteTimer                               text44       01E76A
_TMR5H                                         (abs)        000FC2
_TMR5L                                         (abs)        000FC1
_TMR5_Initialize                               text49       01E194
_TMR5_StopTimer                                text41       01EBDC
_TMR5_WriteTimer                               text40       01E74A
_TRISA                                         (abs)        000F88
_TRISB                                         (abs)        000F89
_TRISC                                         (abs)        000F8A
_TX2REG                                        (abs)        000E9A
[...]
      Locals:         0       0       0       0       0       0       0       0       0       0       0       0       0       0       0       0
      Temps:          2       0       0       0       0       0       0       0       0       0       0       0       0       0       0       0
      Totals:         4       0       0       0       0       0       0       0       0       0       0       0       0       0       0       0
Total ram usage:        4 bytes
 Hardware stack levels used:    1
 This function calls:
		Nothing
 This function is called by:
		_ADC_PostProcessingHandler
 This function uses a non-reentrant model



MODULE INFORMATION

Module		Function		Class		Link	Load	Size
C:\Program Files (x86)\Microchip\xc8\v2.05\pic\sources\c90\common\isdigit.c
		_isdigit       		CODE           	1E728	0000	35

C:\Program Files (x86)\Microchip\xc8\v2.05\pic\sources\c90\common\isdigit.c estimated size: 35

C:\Program Files (x86)\Microchip\xc8\v2.05\pic\sources\c90\common\doprnt.c
		_scale         		CODE           	16812	0000	1077
		_fround        		CODE           	19AA2	0000	707
		__doprnt       		CODE           	10000	0000	5925

C:\Program Files (x86)\Microchip\xc8\v2.05\pic\sources\c90\common\doprnt.c estimated size: 7709

C:\Program Files (x86)\Microchip\xc8\v2.05\pic\sources\c90\common\sprcadd.c
		___flsub       		CODE           	1DD2E	0000	73
		___fladd       		CODE           	18B94	0000	783

C:\Program Files (x86)\Microchip\xc8\v2.05\pic\sources\c90\common\sprcadd.c estimated size: 856

C:\Program Files (x86)\Microchip\xc8\v2.05\pic\sources\c90\common\llmod.c
		___llmod       		CODE           	1D566	0000	105

C:\Program Files (x86)\Microchip\xc8\v2.05\pic\sources\c90\common\llmod.c estimated size: 105

NXQ_charge_state.c
		_QIIdleChargedTimerHandler		CODE           	1E7EA	0000	33
		_getNXQChargeStateString		CODE           	1D7BE	0000	93
		_QIChargeIOCHandler		CODE           	1E89C	0000	29
		_getNXQChargeStateStringCaps		CODE           	1D81A	0000	93
		_QIErrorTimerHandler		CODE           	1E986	0000	23
		_QIIdleIOCHandler		CODE           	1E9F0	0000	21

NXQ_charge_state.c estimated size: 292

mcc_generated_files/eusart2.c
		_putch         		CODE           	1E9C8	0000	21
		_EUSART2_Read  		CODE           	1E060	0000	63
		_EUSART2_Write 		CODE           	1D8D0	0000	87
		_EUSART2_Receive_ISR		CODE           	1CCAE	0000	165
		_EUSART2_Transmit_ISR		CODE           	1DE90	0000	71
		_EUSART2_SetRxInterruptHandler		CODE           	1EB06	0000	15
		_EUSART2_SetTxInterruptHandler		CODE           	1EAF8	0000	15
		_EUSART2_Initialize		CODE           	1D412	0000	115

mcc_generated_files/eusart2.c estimated size: 552

mcc_generated_files/fvr.c
		_FVR_Initialize		CODE           	1EB66	0000	13

mcc_generated_files/fvr.c estimated size: 13

error_handling.c
		_updateErrorLEDs		CODE           	1DDBE	0000	71
		_getADCError   		CODE           	1E970	0000	23
		_clearADCErrors		CODE           	1EA5C	0000	17
		_clearUARTErrors		CODE           	1EB5A	0000	13
		_clearI2CErrors		CODE           	1E848	0000	29
		_getI2CError   		CODE           	1E584	0000	41
		_getUARTError  		CODE           	1EBC4	0000	7

error_handling.c estimated size: 201

mcc_generated_files/tmr2.c
		_TMR2_ISR      		CODE           	1E5D4	0000	41
		_TMR2_Initialize		CODE           	1E38E	0000	51
		_TMR2_Stop     		CODE           	1EBEC	0000	5
		_TMR2_Start    		CODE           	1EBFC	0000	5
		_TMR2_SetInterruptHandler		CODE           	1EA96	0000	15
		_TMR2_StopTimer		CODE           	1EBCA	0000	7
		_TMR2_DefaultInterruptHandler		CODE           	1EC0A	0000	3
		_TMR2_StartTimer		CODE           	1EBD6	0000	7

mcc_generated_files/tmr2.c estimated size: 134

mcc_generated_files/interrupt_manager.c
		_INTERRUPT_Initialize		CODE           	1E7AA	0000	33
		_INTERRUPT_InterruptManagerLow		CODE           	0018	0000	139
		_INTERRUPT_InterruptManagerHigh		CODE           	0008	0000	239

mcc_generated_files/interrupt_manager.c estimated size: 411

C:\Program Files (x86)\Microchip\xc8\v2.05\pic\sources\c90\common\sprintf.c
		_sprintf       		CODE           	1DCE6	0000	73

C:\Program Files (x86)\Microchip\xc8\v2.05\pic\sources\c90\common\sprintf.c estimated size: 73

heartbeat_timer.c
		_getStringSecondsAsTime		CODE           	17472	0000	935
		_getYearsFromOnTime		CODE           	1E3F0	0000	49
		_getHoursFromOnTime		CODE           	1C57A	0000	241
		_heartbeatTimerHandler		CODE           	1B758	0000	403
		_getDaysFromOnTime		CODE           	1D05C	0000	145
		_getSecondsFromOnTime		CODE           	1B8EA	0000	379
		_getMinutesFromOnTime		CODE           	1BA64	0000	337

heartbeat_timer.c estimated size: 2489

C:\Program Files (x86)\Microchip\xc8\v2.05\pic\sources\c90\common\awmod.c
		___awmod       		CODE           	1D484	0000	115

C:\Program Files (x86)\Microchip\xc8\v2.05\pic\sources\c90\common\awmod.c estimated size: 115

terminal_control.c
		_terminalTextAttributesReset		CODE           	1EA4C	0000	17
		_terminalClearScreen		CODE           	1EA3C	0000	17
		_terminalTextAttributes		CODE           	17818	0000	871
		_terminalSetCursorHome		CODE           	1EA2C	0000	17

terminal_control.c estimated size: 922

adc_postprocessing.c
		_ADC_acquisitionTimerHandler		CODE           	1E924	0000	27
		_ADC_PostProcessingHandler		CODE           	1426E	0000	2421

adc_postprocessing.c estimated size: 2448

mcc_generated_files/tmr0.c
		_TMR0_SetInterruptHandler		CODE           	1EAB2	0000	15
		_TMR0_DefaultInterruptHandler		CODE           	1EC0E	0000	3
		_TMR0_ISR      		CODE           	1E5FC	0000	41
		_TMR0_Initialize		CODE           	1E4DC	0000	43

mcc_generated_files/tmr0.c estimated size: 102

double_to_EEPROM.c
		_recoverEEPROMToRAM		CODE           	18886	0000	783
		_forceEEPROMSave		CODE           	18578	0000	783
		_minMaxInitialize		CODE           	1B5B4	0000	421
		_writeEEPROMFromRAM		CODE           	14BE2	0000	2191
		_writeFloatToEEPROM		CODE           	1DAC2	0000	81
		_readFloatFromEEPROM		CODE           	1DC52	0000	77
		_updataMinMaxRAMAliases		CODE           	15470	0000	2039

double_to_EEPROM.c estimated size: 6375

C:\Program Files (x86)\Microchip\xc8\v2.05\pic\sources\c90\common\ftdivl.c
		__tdiv_to_l_   		CODE           	1C09E	0000	257

C:\Program Files (x86)\Microchip\xc8\v2.05\pic\sources\c90\common\ftdivl.c estimated size: 257

mcc_generated_files/pin_manager.c
		_IOCBF3_DefaultInterruptHandler		CODE           	1EC10	0000	3
		_PIN_MANAGER_Initialize		CODE           	1CDF4	0000	161
		_IOCBF3_ISR    		CODE           	1E530	0000	43
		_IOCBF2_SetInterruptHandler		CODE           	1EACE	0000	15
		_IOCBF3_SetInterruptHandler		CODE           	1EAC0	0000	15
		_IOCBF2_DefaultInterruptHandler		CODE           	1EC12	0000	3
		_PIN_MANAGER_IOC		CODE           	1E9DC	0000	21
		_IOCBF2_ISR    		CODE           	1E55A	0000	43

mcc_generated_files/pin_manager.c estimated size: 304

C:\Program Files (x86)\Microchip\xc8\v2.05\pic\sources\c90\common\lwdiv.c
		___lwdiv       		CODE           	1D926	0000	85

C:\Program Files (x86)\Microchip\xc8\v2.05\pic\sources\c90\common\lwdiv.c estimated size: 85

C:\Program Files (x86)\Microchip\xc8\v2.05\pic\sources\c90\common\fltol.c
		___fltol       		CODE           	1CA8A	0000	189

C:\Program Files (x86)\Microchip\xc8\v2.05\pic\sources\c90\common\fltol.c estimated size: 189

cap_touch_int.c
		_leftCapTouchHandler		CODE           	1E9B2	0000	23
		_rightCapTouchHandler		CODE           	1E99C	0000	23

cap_touch_int.c estimated size: 46

C:\Program Files (x86)\Microchip\xc8\v2.05\pic\sources\c90\common\Umul16.c
		___wmul        		CODE           	1E5AC	0000	41

C:\Program Files (x86)\Microchip\xc8\v2.05\pic\sources\c90\common\Umul16.c estimated size: 41

device_IDs.c
		_getDeviceID   		CODE           	1E7CA	0000	33
		_getUserID     		CODE           	1E2F2	0000	53
		_getMinorRevisionID		CODE           	1E64C	0000	39
		_getDeviceIDString		CODE           	1CF2C	0000	153
		_getMajorRevisionID		CODE           	1E1D0	0000	61

device_IDs.c estimated size: 339

C:\Program Files (x86)\Microchip\xc8\v2.05\pic\sources\c90\common\fldivl.c
		__div_to_l_    		CODE           	1C29C	0000	247

C:\Program Files (x86)\Microchip\xc8\v2.05\pic\sources\c90\common\fldivl.c estimated size: 247

C:\Program Files (x86)\Microchip\xc8\v2.05\pic\sources\c90\common\flge.c
		___flge        		CODE           	1C752	0000	211

C:\Program Files (x86)\Microchip\xc8\v2.05\pic\sources\c90\common\flge.c estimated size: 211

mcc_generated_files/ccp2.c
		_CCP2_CallBack 		CODE           	1DFE2	0000	65
		_CCP2_CaptureISR		CODE           	1E93E	0000	27
		_CCP2_Initialize		CODE           	1E706	0000	35

mcc_generated_files/ccp2.c estimated size: 127

C:\Program Files (x86)\Microchip\xc8\v2.05\pic\sources\c90\common\printf.c
		_printf        		CODE           	1E158	0000	61

C:\Program Files (x86)\Microchip\xc8\v2.05\pic\sources\c90\common\printf.c estimated size: 61

mcc_generated_files/ext_int.c
		_INT1_SetInterruptHandler		CODE           	1EAEA	0000	15
		_EXT_INT_Initialize		CODE           	1E284	0000	57
		_INT2_SetInterruptHandler		CODE           	1EADC	0000	15
		_INT1_DefaultInterruptHandler		CODE           	1EC16	0000	3
		_INT1_CallBack 		CODE           	1E6E2	0000	37
		_INT2_DefaultInterruptHandler		CODE           	1EC14	0000	3
		_INT2_CallBack 		CODE           	1E6BE	0000	37
		_INT1_ISR      		CODE           	1EBA8	0000	11
		_INT2_ISR      		CODE           	1EB9E	0000	11

mcc_generated_files/ext_int.c estimated size: 189

C:\Program Files (x86)\Microchip\xc8\v2.05\pic\sources\c90\common\awdiv.c
		___awdiv       		CODE           	1D202	0000	135

C:\Program Files (x86)\Microchip\xc8\v2.05\pic\sources\c90\common\awdiv.c estimated size: 135

LM73_I2C.c
		_LM73TempSensorInitialize		CODE           	1AF5C	0000	569
		_LM73Convert   		CODE           	1AA54	0000	645
		_LM73AcquisitionHandler		CODE           	1B194	0000	557

LM73_I2C.c estimated size: 1771

freq_meas.c
		_freqMeasStartCaptures		CODE           	1EB8A	0000	11
		_freqMeasConvert		CODE           	1C824	0000	211

freq_meas.c estimated size: 222

mcc_generated_files/tmr5.c
		_TMR5_Initialize		CODE           	1E194	0000	61
		_TMR5_StopTimer		CODE           	1EBDC	0000	5
		_TMR5_WriteTimer		CODE           	1E74A	0000	33

mcc_generated_files/tmr5.c estimated size: 99

shared
		i2_printf      		CODE           	1E20C	0000	61
		i1_TMR3_Reload 		CODE           	1EB22	0000	15
		i2_TMR3_Reload 		CODE           	1EB4C	0000	15
		_OledFont      		MEDIUMCONST    	D823	0000	769
		i1_TMR3_StopTimer		CODE           	1EBE8	0000	5
		i2_putch       		CODE           	1EBB2	0000	11
		i2___fleq      		CODE           	1D178	0000	139
		__powers_      		MEDIUMCONST    	D79B	0000	53
		i1_TMR3_WriteTimer		CODE           	1E80A	0000	33
		_dpowers       		MEDIUMCONST    	DB23	0000	41
		i2_TMR3_WriteTimer		CODE           	1E8D4	0000	29
		i2___lwdiv     		CODE           	1DA20	0000	83
		i2_isdigit     		CODE           	1E82A	0000	31
		i2___flneg     		CODE           	1E4AE	0000	47
		i2___awdiv     		CODE           	1D30C	0000	133
		i1___fladd     		CODE           	18EA2	0000	783
		i2_TMR1_Reload 		CODE           	1EB3E	0000	15
		i2___fladd     		CODE           	191B0	0000	783
		i2__tdiv_to_l_ 		CODE           	1C19E	0000	255
		i2___wmul      		CODE           	1E672	0000	39
		i2_TMR1_StopTimer		CODE           	1EBF0	0000	5
		i2__doprnt     		CODE           	11724	0000	5913
		i1___fldiv     		CODE           	1A542	0000	651
		i2___fldiv     		CODE           	1A7CC	0000	649
		i2__div_to_l_  		CODE           	1C486	0000	245
		__npowers_     		MEDIUMCONST    	D7CF	0000	53
		i2___lwmod     		CODE           	1DFA0	0000	67
		i2___fltol     		CODE           	1CB46	0000	187
		i2_scale       		CODE           	16C46	0000	1049
		i2___lldiv     		CODE           	1D390	0000	131
		__initialization		CODE           	1CE94	0000	143
		i2___flge      		CODE           	1C8F6	0000	209
		i2___awmod     		CODE           	1D4F6	0000	113
		i2_TMR1_WriteTimer		CODE           	1E8B8	0000	29
		i2_EUSART2_Write		CODE           	1D97A	0000	85
		i1___flmul     		CODE           	17ED2	0000	853
		i2___flmul     		CODE           	18226	0000	851
		_hexpowers     		MEDIUMCONST    	D803	0000	33
		i2___llmod     		CODE           	1D69A	0000	103
		i1___xxtofl    		CODE           	1BCF8	0000	325
		i2___xxtofl    		CODE           	1BE3C	0000	321
		i2___flsub     		CODE           	1DD76	0000	73
		_temp_adc_offset		MEDIUMCONST    	0000	0000	0
		i2_fround      		CODE           	19D64	0000	687

shared estimated size: 16115

C:\Program Files (x86)\Microchip\xc8\v2.05\pic\sources\c90\common\sprcmul.c
		___flmul       		CODE           	17B7E	0000	853

C:\Program Files (x86)\Microchip\xc8\v2.05\pic\sources\c90\common\sprcmul.c estimated size: 853

C:\Program Files (x86)\Microchip\xc8\v2.05\pic\sources\c90\common\strncpy.c
		_strncpy       		CODE           	1D5CE	0000	103

C:\Program Files (x86)\Microchip\xc8\v2.05\pic\sources\c90\common\strncpy.c estimated size: 103

mcc_generated_files/mcc.c
		_PMD_Initialize		CODE           	1E864	0000	29
		_OSCILLATOR_Initialize		CODE           	1E958	0000	25
		_SYSTEM_Initialize		CODE           	1E09E	0000	63

mcc_generated_files/mcc.c estimated size: 117

ring_buffer_interface.c
		_terminal_ringBufferPull		CODE           	1C392	0000	245

ring_buffer_interface.c estimated size: 245

mcc_generated_files/tmr3.c
		_TMR3_ISR      		CODE           	1E326	0000	53
		_TMR3_Initialize		CODE           	1DB12	0000	81
		_TMR3_SetInterruptHandler		CODE           	1EA88	0000	15
		_TMR3_StopTimer		CODE           	1EBE0	0000	5
		_TMR3_Reload   		CODE           	1EA6C	0000	15
		_TMR3_DefaultInterruptHandler		CODE           	1EC08	0000	3
		_TMR3_WriteTimer		CODE           	1E76A	0000	33
		_TMR3_StartTimer		CODE           	1EBF4	0000	5

mcc_generated_files/tmr3.c estimated size: 210

C:\Program Files (x86)\Microchip\xc8\v2.05\pic\sources\c90\common\abs.c
		_abs           		CODE           	1E506	0000	43

C:\Program Files (x86)\Microchip\xc8\v2.05\pic\sources\c90\common\abs.c estimated size: 43

C:\Program Files (x86)\Microchip\xc8\v2.05\pic\sources\c90\common\sprcdiv.c
		___fldiv       		CODE           	1A2B8	0000	651

C:\Program Files (x86)\Microchip\xc8\v2.05\pic\sources\c90\common\sprcdiv.c estimated size: 651

C:\Program Files (x86)\Microchip\xc8\v2.05\pic\sources\c90\common\strcat.c
		_strcat        		CODE           	1D760	0000	95

C:\Program Files (x86)\Microchip\xc8\v2.05\pic\sources\c90\common\strcat.c estimated size: 95

C:\Program Files (x86)\Microchip\xc8\v2.05\pic\sources\c90\common\flneg.c
		___flneg       		CODE           	1E450	0000	49

C:\Program Files (x86)\Microchip\xc8\v2.05\pic\sources\c90\common\flneg.c estimated size: 49

C:\Program Files (x86)\Microchip\xc8\v2.05\pic\sources\c90\common\fabs.c
		_fabs          		CODE           	1E248	0000	61

C:\Program Files (x86)\Microchip\xc8\v2.05\pic\sources\c90\common\fabs.c estimated size: 61

cause_of_reset.c
		_getCauseOfResetStringSmall		CODE           	1E420	0000	49
		_getCauseOfResetString		CODE           	1E3C0	0000	49
		_getCauseOfReset		CODE           	1D876	0000	91

cause_of_reset.c estimated size: 189

mcc_generated_files/tmr1.c
		_TMR1_Initialize		CODE           	1DB62	0000	81
		_TMR1_SetInterruptHandler		CODE           	1EAA4	0000	15
		_TMR1_StopTimer		CODE           	1EBE4	0000	5
		_TMR1_Reload   		CODE           	1EA7A	0000	15
		_TMR1_DefaultInterruptHandler		CODE           	1EC0C	0000	3
		_TMR1_WriteTimer		CODE           	1E78A	0000	33
		_TMR1_StartTimer		CODE           	1EBF8	0000	5
		_TMR1_ISR      		CODE           	1E35A	0000	53

mcc_generated_files/tmr1.c estimated size: 210

C:\Program Files (x86)\Microchip\xc8\v2.05\pic\sources\c90\common\memmove.c
		_memmove       		CODE           	1CC00	0000	175

C:\Program Files (x86)\Microchip\xc8\v2.05\pic\sources\c90\common\memmove.c estimated size: 175

mcc_generated_files/i2c2.c
		_I2C2_BusCollisionISR		CODE           	1EB72	0000	13
		_I2C2_MasterRead		CODE           	1DC02	0000	81
		_I2C2_FunctionComplete		CODE           	1E880	0000	29
		_I2C2_MasterWriteTRBBuild		CODE           	1DE04	0000	71
		_I2C2_ISR      		CODE           	1ACD8	0000	645
		_I2C2_MasterWrite		CODE           	1DBB2	0000	81
		_I2C2_Initialize		CODE           	1E2BC	0000	55
		_I2C2_Stop     		CODE           	1DE4A	0000	71
		_I2C2_MasterReadTRBBuild		CODE           	1D9CE	0000	83
		_I2C2_WaitForLastPacketToComplete		CODE           	1EB94	0000	11
		_I2C2_MasterTRBInsert		CODE           	1CD52	0000	163

mcc_generated_files/i2c2.c estimated size: 1303

C:\Program Files (x86)\Microchip\xc8\v2.05\pic\sources\c90\common\xxtofl.c
		___xxtofl      		CODE           	1BBB4	0000	325

C:\Program Files (x86)\Microchip\xc8\v2.05\pic\sources\c90\common\xxtofl.c estimated size: 325

oled.c
		_OLED_Clear    		CODE           	1E11A	0000	63
		_OLED_Command  		CODE           	1D634	0000	103
		_OLED_WriteString		CODE           	1E0DC	0000	63
		_OLED_UpdateFromRAMBuffer		CODE           	1BF7C	0000	291
		_OLED_Init     		CODE           	1CFC4	0000	153
		_OLED_updateHandler		CODE           	12E3C	0000	5171
		_OLED_PutChar  		CODE           	1C9C6	0000	197
		_OLED_YX       		CODE           	1DF1A	0000	69

oled.c estimated size: 6110

mcc_generated_files/memory.c
		_FLASH_ReadWord		CODE           	1DF5E	0000	67
		_FLASH_ReadByte		CODE           	1E90A	0000	27
		_DATAEE_WriteByte		CODE           	1E022	0000	63
		_DATAEE_ReadByte		CODE           	1E8F0	0000	27

mcc_generated_files/memory.c estimated size: 184

ring_buffer_LUT.c
		_ringBufferLUT 		CODE           	15C66	0000	1717
		_printMaximumMeasurements		CODE           	194BE	0000	763
		_printErrorHandlerStatus		CODE           	1B3C0	0000	501
		_floatToEngineeringFormat		CODE           	1705E	0000	1045
		_printCurrentMeasurements		CODE           	1631A	0000	1273
		_printMinimumMeasurements		CODE           	1A012	0000	679

ring_buffer_LUT.c estimated size: 5978

C:\Program Files (x86)\Microchip\xc8\v2.05\pic\sources\c90\common\strlen.c
		_strlen        		CODE           	1E480	0000	47

C:\Program Files (x86)\Microchip\xc8\v2.05\pic\sources\c90\common\strlen.c estimated size: 47

mcc_generated_files/adcc.c
		_ADCC_StopConversion		CODE           	1EC00	0000	5
		_ADCC_DefaultInterruptHandler		CODE           	1EC18	0000	3
		_ADCC_ClearAccumulator		CODE           	1EBD0	0000	7
		_ADCC_GetFilterValue		CODE           	1EA04	0000	21
		_ADCC_GetCurrentCountofConversions		CODE           	1EC04	0000	5
		_ADCC_SetADTIInterruptHandler		CODE           	1EB14	0000	15
		_ADCC_GetConversionResult		CODE           	1EA18	0000	21
		_ADCC_ThresholdISR		CODE           	1E624	0000	41
		_ADCC_StartConversion		CODE           	1EB30	0000	15
		_ADCC_Initialize		CODE           	1D700	0000	97
		_ADCC_HasAccumulatorOverflowed		CODE           	1EB7E	0000	13
		_ADCC_DischargeSampleCapacitor		CODE           	1EBBC	0000	9

mcc_generated_files/adcc.c estimated size: 252

C:\Program Files (x86)\Microchip\xc8\v2.05\pic\sources\c90\common\strcmp.c
		_strcmp        		CODE           	1DA72	0000	81

C:\Program Files (x86)\Microchip\xc8\v2.05\pic\sources\c90\common\strcmp.c estimated size: 81

C:\Program Files (x86)\Microchip\xc8\v2.05\pic\sources\c90\common\strcpy.c
		_strcpy        		CODE           	1DC9E	0000	73

C:\Program Files (x86)\Microchip\xc8\v2.05\pic\sources\c90\common\strcpy.c estimated size: 73

C:\Program Files (x86)\Microchip\xc8\v2.05\pic\sources\c90\common\__lldiv.c
		___lldiv       		CODE           	1D288	0000	133

C:\Program Files (x86)\Microchip\xc8\v2.05\pic\sources\c90\common\__lldiv.c estimated size: 133

main.c
		_main          		CODE           	197B8	0000	747

main.c estimated size: 747

C:\Program Files (x86)\Microchip\xc8\v2.05\pic\sources\c90\common\fleq.c
		___fleq        		CODE           	1D0EC	0000	141

C:\Program Files (x86)\Microchip\xc8\v2.05\pic\sources\c90\common\fleq.c estimated size: 141

C:\Program Files (x86)\Microchip\xc8\v2.05\pic\sources\c90\common\lwmod.c
		___lwmod       		CODE           	1DED6	0000	69

C:\Program Files (x86)\Microchip\xc8\v2.05\pic\sources\c90\common\lwmod.c estimated size: 69

