Microchip MPLAB XC8 Compiler V2.05 ()

Linker command line:

-W-3 --edf=C:\Program Files (x86)\Microchip\xc8\v2.05\pic\dat\en_msgs.txt \
  -cs -h+dist/default/production\QI_Monitor.X.production.sym \
  --cmf=dist/default/production\QI_Monitor.X.production.cmf -z -Q18F27K40 \
  -oC:\Users\DREWMA~1\AppData\Local\Temp\sbr8.2 --defsym=__MPLAB_BUILD=1 \
  -Mdist/default/production/QI_Monitor.X.production.map -E1 -ver=XC8 \
  --acfsm=1493 -ASTACK=0440h-0E87h -pstack=STACK -ACODE=00h-01FFFFh \
  -ACONST=00h-01FFFFh -ASMALLCONST=0F00h-0FFFhx497 \
  -AMEDIUMCONST=0F00h-0FFFFh,010F00h-01FFFFh -ACOMRAM=01h-05Fh \
  -AABS1=00h-0E87h -ABIGRAM=01h-0E87h \
  -ARAM=060h-0FFh,0100h-01FFhx13,0E00h-0E87h -ABANK0=060h-0FFh \
  -ABANK1=0100h-01FFh -ABANK2=0200h-02FFh -ABANK3=0300h-03FFh \
  -ABANK4=0400h-04FFh -ABANK5=0500h-05FFh -ABANK6=0600h-06FFh \
  -ABANK7=0700h-07FFh -ABANK8=0800h-08FFh -ABANK9=0900h-09FFh \
  -ABANK10=0A00h-0AFFh -ABANK11=0B00h-0BFFh -ABANK12=0C00h-0CFFh \
  -ABANK13=0D00h-0DFFh -ABANK14=0E00h-0E87h \
  -ASFR=0E8Dh-0EFFh,0F00h-0F5Fh,0F60h-0FFFh \
  -preset_vec=00h,intcode=08h,intcodelo=018h,powerup,init -pramtop=0F00h \
  -psmallconst=SMALLCONST -pmediumconst=MEDIUMCONST -pconst=CONST \
  -AFARRAM=00h-00h -ACONFIG=0300000h-030000Bh -pconfig=CONFIG \
  -AIDLOC=0200000h-020000Fh -pidloc=IDLOC -AEEDATA=0310000h-03103FFh \
  -peeprom_data=EEDATA \
  -prdata=COMRAM,nvrram=COMRAM,nvbit=COMRAM,rbss=COMRAM,rbit=COMRAM \
  -pfarbss=FARRAM,fardata=FARRAM,nvFARRAM=FARRAM \
  -pintsave_regs=BIGRAM,bigbss=BIGRAM,bigdata=BIGRAM -pbss=RAM \
  -pidata=CODE,irdata=CODE,ibigdata=CODE,ifardata=CODE -prparam=COMRAM \
  C:\Users\DREWMA~1\AppData\Local\Temp\sbr8.o \
  dist/default/production\QI_Monitor.X.production.o 

Object code version is 3.11

Machine type is 18F27K40

Call graph: (short form)




                Name                               Link     Load   Length Selector   Space Scale
C:\Users\DREWMA~1\AppData\Local\Temp\sbr8.o
                init                                 C0       C0        4        C       0
                reset_vec                             0        0        4        0       0
                idloc                            200000   200000       10   200000       0
                config                           300000   300000        C   300000       0
dist/default/production\QI_Monitor.X.production.o
                intcodelo                            18       18       A8        C       0
                intcode                               8        8        6        4       0
                temp                                 5E       5E        1        1       1
                mediumconst                        E320     E320     1CE0     7190       0
                text180                           1A2EE    1A2EE       14     8000       0
                text179                           1A4A6    1A4A6        4     8000       0
                text178                           1A2DA    1A2DA       14     8000       0
                text177                           1A43A    1A43A        C     8000       0
                text176                           1A4A2    1A4A2        4     8000       0
                text175                           1A49E    1A49E        4     8000       0
                text174                           1A488    1A488        6     8000       0
                text173                           17078    17078      288     8000       0
                text172                           19E8C    19E8C       2E     8000       0
                text171                           19BEC    19BEC       3C     8000       0
                text170                           18440    18440       D0     8000       0
                text169                           15EFE    15EFE      352     8000       0
                text168                           1655E    1655E      30E     8000       0
                text167                           19850    19850       48     8000       0
                text166                           17D5C    17D5C      140     8000       0
                text165                           13A26    13A26      93A     8000       0
                text164                           1A4B8    1A4B8        2     8000       0
                text163                           1A002    1A002       28     8000       0
                text162                           18CD6    18CD6       8A     8000       0
                text161                           18690    18690       BA     8000       0
                text160                           18EEE    18EEE       82     8000       0
                text159                           192CC    192CC       66     8000       0
                text158                           1A050    1A050       26     8000       0
                text157                           18190    18190       F4     8000       0
                text156                           17F9C    17F9C       FE     8000       0
                text155                           195EC    195EC       52     8000       0
                text154                           19AB8    19AB8       42     8000       0
                text153                           16B2E    16B2E      2AE     8000       0
                text152                           1A164    1A164       1E     8000       0
                text151                           19A76    19A76       42     8000       0
                text150                           1A464    1A464        A     8000       0
                text149                           18E6A    18E6A       84     8000       0
                text148                           1905C    1905C       70     8000       0
                text147                           150B2    150B2      418     8000       0
                text146                           11724    11724     1718     8000       0
                text145                           19BB0    19BB0       3C     8000       0
                text144                           188A0    188A0       A4     8000       0
                text143                           1A49A    1A49A        4     8000       0
                text142                           1A1D6    1A1D6       1C     8000       0
                text141                           1A408    1A408        E     8000       0
                text140                           1A342    1A342       10     8000       0
                text139                           1A4B6    1A4B6        2     8000       0
                text138                           19F38    19F38       2A     8000       0
                text137                           1A258    1A258       18     8000       0
                text136                           1A4B4    1A4B4        2     8000       0
                text135                           19F0E    19F0E       2A     8000       0
                text134                           1A2C6    1A2C6       14     8000       0
                text133                           19266    19266       66     8000       0
                text132                           1A4B2    1A4B2        2     8000       0
                text131                           19FDA    19FDA       28     8000       0
                intcode_body                      187F8    187F8       A8     8000       0
                text129                           19D9C    19D9C       32     8000       0
                text128                           1A42E    1A42E        C     8000       0
                text127                           1A226    1A226       1A     8000       0
                text126                           199F0    199F0       44     8000       0
                text125                           17300    17300      26E     8000       0
                text124                           1A29C    1A29C       16     8000       0
                text123                           1A4B0    1A4B0        2     8000       0
                text122                           1A0BE    1A0BE       24     8000       0
                text121                           1A45A    1A45A        A     8000       0
                text120                           1A286    1A286       16     8000       0
                text119                           1A4AE    1A4AE        2     8000       0
                text118                           1A09A    1A09A       24     8000       0
                text117                           1A450    1A450        A     8000       0
                text116                           1A482    1A482        6     8000       0
                text115                           1A46E    1A46E        8     8000       0
                text114                           1A3FA    1A3FA        E     8000       0
                text113                           1A496    1A496        4     8000       0
                text112                           1A47C    1A47C        6     8000       0
                text111                           1A4AC    1A4AC        2     8000       0
                text110                           1A20C    1A20C       1A     8000       0
                text109                           19FB2    19FB2       28     8000       0
                text108                           1A144    1A144       20     8000       0
                text107                           1A3EC    1A3EC        E     8000       0
                text106                           1A492    1A492        4     8000       0
                text105                           1A4AA    1A4AA        2     8000       0
                text104                           19EE4    19EE4       2A     8000       0
                text103                           19D04    19D04       34     8000       0
                text101                           1959A    1959A       52     8000       0
                text100                           1A446    1A446        A     8000       0
                text99                            18944    18944       A2     8000       0
                text98                            196DE    196DE       50     8000       0
                text97                            198DE    198DE       46     8000       0
                text96                            1968E    1968E       50     8000       0
                text95                            15BAA    15BAA      354     8000       0
                text94                            17C18    17C18      144     8000       0
                text93                            16DDC    16DDC      29C     8000       0
                text92                            179EE    179EE      22A     8000       0
                text91                            177B8    177B8      236     8000       0
                text90                            19200    19200       66     8000       0
                text89                            18A82    18A82       9A     8000       0
                text88                            1874A    1874A       AE     8000       0
                text87                            18510    18510       C4     8000       0
                text86                            19AFA    19AFA       3E     8000       0
                text85                            1944A    1944A       58     8000       0
                text84                            199AC    199AC       44     8000       0
                text83                            18F70    18F70       7A     8000       0
                text82                            19E2E    19E2E       30     8000       0
                text81                            1A1F2    1A1F2       1A     8000       0
                text80                            19A34    19A34       42     8000       0
                text79                            1A124    1A124       20     8000       0
                text78                            19B74    19B74       3C     8000       0
                text77                            1A02A    1A02A       26     8000       0
                text76                            19548    19548       52     8000       0
                text75                            18C4A    18C4A       8C     8000       0
                text74                            1836E    1836E       D2     8000       0
                text73                            19DFE    19DFE       30     8000       0
                text72                            16250    16250      30E     8000       0
                text71                            19808    19808       48     8000       0
                text70                            185D4    185D4       BC     8000       0
                text69                            18DE6    18DE6       84     8000       0
                text68                            190CC    190CC       68     8000       0
                text67                            19F8A    19F8A       28     8000       0
                text66                            1809A    1809A       F6     8000       0
                text65                            17E9C    17E9C      100     8000       0
                text64                            194A2    194A2       54     8000       0
                text63                            19968    19968       44     8000       0
                text62                            1686C    1686C      2C2     8000       0
                text61                            1A0E2    1A0E2       22     8000       0
                text60                            19924    19924       44     8000       0
                text59                            1A2B2    1A2B2       14     8000       0
                text58                            18D60    18D60       86     8000       0
                text57                            18FEA    18FEA       72     8000       0
                text56                            14C7E    14C7E      434     8000       0
                text55                            10000    10000     1724     8000       0
                text54                            197C0    197C0       48     8000       0
                text53                            19778    19778       48     8000       0
                text52                            14360    14360      91E     8000       0
                text51                            1A3DE    1A3DE        E     8000       0
                text50                            19332    19332       60     8000       0
                text49                            1A3D0    1A3D0        E     8000       0
                text48                            1A3C2    1A3C2        E     8000       0
                text47                            1919A    1919A       66     8000       0
                text46                            1A3B4    1A3B4        E     8000       0
                text45                            1A3A6    1A3A6        E     8000       0
                text44                            19C62    19C62       38     8000       0
                text43                            1A422    1A422        C     8000       0
                text42                            19C9A    19C9A       36     8000       0
                text41                            1A1BA    1A1BA       1C     8000       0
                text40                            1A240    1A240       18     8000       0
                text39                            1A398    1A398        E     8000       0
                text38                            1A38A    1A38A        E     8000       0
                text37                            189E6    189E6       9C     8000       0
                text36                            1A19E    1A19E       1C     8000       0
                text35                            1A37C    1A37C        E     8000       0
                text34                            19EBA    19EBA       2A     8000       0
                text33                            1A36E    1A36E        E     8000       0
                text32                            19D6A    19D6A       32     8000       0
                text31                            1A360    1A360        E     8000       0
                text30                            1972E    1972E       4A     8000       0
                text29                            19D38    19D38       32     8000       0
                text28                            1A104    1A104       20     8000       0
                text27                            1A352    1A352        E     8000       0
                text26                            1A48E    1A48E        4     8000       0
                text25                            193F0    193F0       5A     8000       0
                text24                            19B38    19B38       3C     8000       0
                text23                            1A332    1A332       10     8000       0
                text22                            1A322    1A322       10     8000       0
                text21                            19C28    19C28       3A     8000       0
                text20                            1A270    1A270       16     8000       0
                text19                            19F62    19F62       28     8000       0
                text18                            1A476    1A476        6     8000       0
                text17                            19898    19898       46     8000       0
                text16                            1A312    1A312       10     8000       0
                text15                            1A182    1A182       1C     8000       0
                text14                            1A416    1A416        C     8000       0
                text13                            19DCE    19DCE       30     8000       0
                text12                            18B1C    18B1C       98     8000       0
                text11                            194F6    194F6       52     8000       0
                text10                            19392    19392       5E     8000       0
                text9                             19E5E    19E5E       2E     8000       0
                text8                             154CA    154CA      37A     8000       0
                text7                             19CD0    19CD0       34     8000       0
                text6                             1963E    1963E       50     8000       0
                text5                             19134    19134       66     8000       0
                text4                             15844    15844      366     8000       0
                text3                             1A302    1A302       10     8000       0
                text2                             12E3C    12E3C      BEA     8000       0
                text1                             18284    18284       EA     8000       0
                text0                             1756E    1756E      24A     8000       0
                cstackCOMRAM                          1        1       5D        1       1
                cstackBANK0                          60       60       59       60       1
                cstackBANK1                         100      100       E5      100       1
                cstackBANK2                         2EA      2EA       12      200       1
                bssBANK4                            400      400       40      400       1
                bssBANK3                            300      300      100      300       1
                dataBANK2                           2C6      2C6       24      200       1
                bssBANK2                            200      200       C6      200       1
                dataBANK1                           1F1      1F1        1      100       1
                bssBANK1                            1E5      1E5        C      100       1
                dataBANK0                            FF       FF        1       60       1
                bssBANK0                             B9       B9       44       60       1
                bitbssBANK0                         7F0       FE        1       60       1     8
                cinit                             18BB4    18BB4       96     8000       0
                nvBANK0                              FD       FD        1       60       1
                idataBANK2                        1A076    1A076       24     8000       0
                idataBANK1                        1A4BB    1A4BB        1     8000       0
                idataBANK0                        1A4BA    1A4BA        1     8000       0

TOTAL           Name                               Link     Load   Length     Space
        CLASS   STACK          

        CLASS   CODE           
                intcodelo                            18       18       A8         0
                intcode                               8        8        6         0
                init                                 C0       C0        4         0
                reset_vec                             0        0        4         0
                text180                           1A2EE    1A2EE       14         0
                text179                           1A4A6    1A4A6        4         0
                text178                           1A2DA    1A2DA       14         0
                text177                           1A43A    1A43A        C         0
                text176                           1A4A2    1A4A2        4         0
                text175                           1A49E    1A49E        4         0
                text174                           1A488    1A488        6         0
                text173                           17078    17078      288         0
                text172                           19E8C    19E8C       2E         0
                text171                           19BEC    19BEC       3C         0
                text170                           18440    18440       D0         0
                text169                           15EFE    15EFE      352         0
                text168                           1655E    1655E      30E         0
                text167                           19850    19850       48         0
                text166                           17D5C    17D5C      140         0
                text165                           13A26    13A26      93A         0
                text164                           1A4B8    1A4B8        2         0
                text163                           1A002    1A002       28         0
                text162                           18CD6    18CD6       8A         0
                text161                           18690    18690       BA         0
                text160                           18EEE    18EEE       82         0
                text159                           192CC    192CC       66         0
                text158                           1A050    1A050       26         0
                text157                           18190    18190       F4         0
                text156                           17F9C    17F9C       FE         0
                text155                           195EC    195EC       52         0
                text154                           19AB8    19AB8       42         0
                text153                           16B2E    16B2E      2AE         0
                text152                           1A164    1A164       1E         0
                text151                           19A76    19A76       42         0
                text150                           1A464    1A464        A         0
                text149                           18E6A    18E6A       84         0
                text148                           1905C    1905C       70         0
                text147                           150B2    150B2      418         0
                text146                           11724    11724     1718         0
                text145                           19BB0    19BB0       3C         0
                text144                           188A0    188A0       A4         0
                text143                           1A49A    1A49A        4         0
                text142                           1A1D6    1A1D6       1C         0
                text141                           1A408    1A408        E         0
                text140                           1A342    1A342       10         0
                text139                           1A4B6    1A4B6        2         0
                text138                           19F38    19F38       2A         0
                text137                           1A258    1A258       18         0
                text136                           1A4B4    1A4B4        2         0
                text135                           19F0E    19F0E       2A         0
                text134                           1A2C6    1A2C6       14         0
                text133                           19266    19266       66         0
                text132                           1A4B2    1A4B2        2         0
                text131                           19FDA    19FDA       28         0
                intcode_body                      187F8    187F8       A8         0
                text129                           19D9C    19D9C       32         0
                text128                           1A42E    1A42E        C         0
                text127                           1A226    1A226       1A         0
                text126                           199F0    199F0       44         0
                text125                           17300    17300      26E         0
                text124                           1A29C    1A29C       16         0
                text123                           1A4B0    1A4B0        2         0
                text122                           1A0BE    1A0BE       24         0
                text121                           1A45A    1A45A        A         0
                text120                           1A286    1A286       16         0
                text119                           1A4AE    1A4AE        2         0
                text118                           1A09A    1A09A       24         0
                text117                           1A450    1A450        A         0
                text116                           1A482    1A482        6         0
                text115                           1A46E    1A46E        8         0
                text114                           1A3FA    1A3FA        E         0
                text113                           1A496    1A496        4         0
                text112                           1A47C    1A47C        6         0
                text111                           1A4AC    1A4AC        2         0
                text110                           1A20C    1A20C       1A         0
                text109                           19FB2    19FB2       28         0
                text108                           1A144    1A144       20         0
                text107                           1A3EC    1A3EC        E         0
                text106                           1A492    1A492        4         0
                text105                           1A4AA    1A4AA        2         0
                text104                           19EE4    19EE4       2A         0
                text103                           19D04    19D04       34         0
                text101                           1959A    1959A       52         0
                text100                           1A446    1A446        A         0
                text99                            18944    18944       A2         0
                text98                            196DE    196DE       50         0
                text97                            198DE    198DE       46         0
                text96                            1968E    1968E       50         0
                text95                            15BAA    15BAA      354         0
                text94                            17C18    17C18      144         0
                text93                            16DDC    16DDC      29C         0
                text92                            179EE    179EE      22A         0
                text91                            177B8    177B8      236         0
                text90                            19200    19200       66         0
                text89                            18A82    18A82       9A         0
                text88                            1874A    1874A       AE         0
                text87                            18510    18510       C4         0
                text86                            19AFA    19AFA       3E         0
                text85                            1944A    1944A       58         0
                text84                            199AC    199AC       44         0
                text83                            18F70    18F70       7A         0
                text82                            19E2E    19E2E       30         0
                text81                            1A1F2    1A1F2       1A         0
                text80                            19A34    19A34       42         0
                text79                            1A124    1A124       20         0
                text78                            19B74    19B74       3C         0
                text77                            1A02A    1A02A       26         0
                text76                            19548    19548       52         0
                text75                            18C4A    18C4A       8C         0
                text74                            1836E    1836E       D2         0
                text73                            19DFE    19DFE       30         0
                text72                            16250    16250      30E         0
                text71                            19808    19808       48         0
                text70                            185D4    185D4       BC         0
                text69                            18DE6    18DE6       84         0
                text68                            190CC    190CC       68         0
                text67                            19F8A    19F8A       28         0
                text66                            1809A    1809A       F6         0
                text65                            17E9C    17E9C      100         0
                text64                            194A2    194A2       54         0
                text63                            19968    19968       44         0
                text62                            1686C    1686C      2C2         0
                text61                            1A0E2    1A0E2       22         0
                text60                            19924    19924       44         0
                text59                            1A2B2    1A2B2       14         0
                text58                            18D60    18D60       86         0
                text57                            18FEA    18FEA       72         0
                text56                            14C7E    14C7E      434         0
                text55                            10000    10000     1724         0
                text54                            197C0    197C0       48         0
                text53                            19778    19778       48         0
                text52                            14360    14360      91E         0
                text51                            1A3DE    1A3DE        E         0
                text50                            19332    19332       60         0
                text49                            1A3D0    1A3D0        E         0
                text48                            1A3C2    1A3C2        E         0
                text47                            1919A    1919A       66         0
                text46                            1A3B4    1A3B4        E         0
                text45                            1A3A6    1A3A6        E         0
                text44                            19C62    19C62       38         0
                text43                            1A422    1A422        C         0
                text42                            19C9A    19C9A       36         0
                text41                            1A1BA    1A1BA       1C         0
                text40                            1A240    1A240       18         0
                text39                            1A398    1A398        E         0
                text38                            1A38A    1A38A        E         0
                text37                            189E6    189E6       9C         0
                text36                            1A19E    1A19E       1C         0
                text35                            1A37C    1A37C        E         0
                text34                            19EBA    19EBA       2A         0
                text33                            1A36E    1A36E        E         0
                text32                            19D6A    19D6A       32         0
                text31                            1A360    1A360        E         0
                text30                            1972E    1972E       4A         0
                text29                            19D38    19D38       32         0
                text28                            1A104    1A104       20         0
                text27                            1A352    1A352        E         0
                text26                            1A48E    1A48E        4         0
                text25                            193F0    193F0       5A         0
                text24                            19B38    19B38       3C         0
                text23                            1A332    1A332       10         0
                text22                            1A322    1A322       10         0
                text21                            19C28    19C28       3A         0
                text20                            1A270    1A270       16         0
                text19                            19F62    19F62       28         0
                text18                            1A476    1A476        6         0
                text17                            19898    19898       46         0
                text16                            1A312    1A312       10         0
                text15                            1A182    1A182       1C         0
                text14                            1A416    1A416        C         0
                text13                            19DCE    19DCE       30         0
                text12                            18B1C    18B1C       98         0
                text11                            194F6    194F6       52         0
                text10                            19392    19392       5E         0
                text9                             19E5E    19E5E       2E         0
                text8                             154CA    154CA      37A         0
                text7                             19CD0    19CD0       34         0
                text6                             1963E    1963E       50         0
                text5                             19134    19134       66         0
                text4                             15844    15844      366         0
                text3                             1A302    1A302       10         0
                text2                             12E3C    12E3C      BEA         0
                text1                             18284    18284       EA         0
                text0                             1756E    1756E      24A         0
                cinit                             18BB4    18BB4       96         0
                idataBANK2                        1A076    1A076       24         0
                idataBANK1                        1A4BB    1A4BB        1         0
                idataBANK0                        1A4BA    1A4BA        1         0

        CLASS   CONST          

        CLASS   SMALLCONST     

        CLASS   MEDIUMCONST    
                mediumconst                        E320     E320     1CE0         0

        CLASS   COMRAM         
                temp                                 5E       5E        1         1
                cstackCOMRAM                          1        1       5D         1

        CLASS   ABS1           

        CLASS   BIGRAM         

        CLASS   RAM            

        CLASS   BANK0          
                cstackBANK0                          60       60       59         1
                dataBANK0                            FF       FF        1         1
                bssBANK0                             B9       B9       44         1
                bitbssBANK0                         7F0       FE        1         1
                nvBANK0                              FD       FD        1         1

        CLASS   BANK1          
                cstackBANK1                         100      100       E5         1
                dataBANK1                           1F1      1F1        1         1
                bssBANK1                            1E5      1E5        C         1

        CLASS   BANK2          
                cstackBANK2                         2EA      2EA       12         1
                dataBANK2                           2C6      2C6       24         1
                bssBANK2                            200      200       C6         1

        CLASS   BANK3          
                bssBANK3                            300      300      100         1

        CLASS   BANK4          
                bssBANK4                            400      400       40         1

        CLASS   BANK5          

        CLASS   BANK6          

        CLASS   BANK7          

        CLASS   BANK8          

        CLASS   BANK9          

        CLASS   BANK10         

        CLASS   BANK11         

        CLASS   BANK12         

        CLASS   BANK13         

        CLASS   BANK14         

        CLASS   SFR            

        CLASS   FARRAM         

        CLASS   CONFIG         
                config                           300000   300000        C         0

        CLASS   IDLOC          
                idloc                            200000   200000       10         0

        CLASS   EEDATA         



SEGMENTS        Name                           Load    Length   Top    Selector   Space  Class

                reset_vec                      000000  000004  000004         0       0  CODE    
                cstackCOMRAM                   000001  00005E  00005F         1       1  COMRAM  
                intcode                        000008  000006  00000E         4       0  CODE    
                intcodelo                      000018  0000AC  0000C4         C       0  CODE    
                cstackBANK0                    000060  0000A0  000100        60       1  BANK0   
                cstackBANK1                    000100  0000F2  0001F2       100       1  BANK1   
                bssBANK2                       000200  0000FC  0002FC       200       1  BANK2   
                bssBANK3                       000300  000100  000400       300       1  BANK3   
                bssBANK4                       000400  000040  000440       400       1  BANK4   
                mediumconst                    00E320  001CE0  010000      7190       0  MEDIUMCO
                text55                         010000  00A4BC  01A4BC      8000       0  CODE    
                idloc                          200000  000010  200010    200000       0  IDLOC   
                config                         300000  00000C  30000C    300000       0  CONFIG  


UNUSED ADDRESS RANGES

        Name                Unused          Largest block    Delta
        BANK1            0001F2-0001FF                E
        BANK10           000A00-000AFF              100
        BANK11           000B00-000BFF              100
        BANK12           000C00-000CFF              100
        BANK13           000D00-000DFF              100
        BANK14           000E00-000E87               88
        BANK2            0002FC-0002FF                4
        BANK4            000440-0004FF               C0
        BANK5            000500-0005FF              100
        BANK6            000600-0006FF              100
        BANK7            000700-0007FF              100
        BANK8            000800-0008FF              100
        BANK9            000900-0009FF              100
        BIGRAM           00005F-00005F                1
                         0001F2-0001FF                E
                         0002FC-0002FF                4
                         000440-000E87              A48
        CODE             000004-000007                4
                         00000E-000017                A
                         0000C4-00E31F             E25C
                         01A4BC-01FFFF             5B44
        COMRAM           00005F-00005F                1
        CONST            000004-000007                4
                         00000E-000017                A
                         0000C4-00E31F             E25C
                         01A4BC-01FFFF             5B44
        EEDATA           310000-3103FF              400
        MEDIUMCONST      000F00-00E31F             D420
                         01A4BC-01FFFF             5B44
        RAM              0001F2-0001FF                E
                         0002FC-0002FF                4
                         000440-000E87              100
        SFR              000E8D-000FFF               73
        SMALLCONST       000F00-00E31F              100
                         01A4BC-01FFFF              100
        STACK            000440-000E87              A48

                                  Symbol Table

?_ADCC_GetConversionResult                     cstackCOMRAM 000001
?_ADCC_GetFilterValue                          cstackCOMRAM 000001
?_FLASH_ReadWord                               cstackBANK1  000110
?___awdiv                                      cstackBANK1  000112
?___awmod                                      cstackBANK1  00010C
?___fladd                                      cstackBANK1  000140
?___fldiv                                      cstackCOMRAM 000013
?___flmul                                      cstackBANK1  00011A
?___flneg                                      cstackBANK1  00010C
?___flsub                                      cstackBANK1  000150
?___fltol                                      cstackBANK1  00013C
?___lldiv                                      cstackBANK1  00010C
?___llmod                                      cstackBANK1  000119
?___lwdiv                                      cstackBANK1  000111
?___lwmod                                      cstackBANK1  00010C
?___wmul                                       cstackBANK1  00010C
?___xxtofl                                     cstackBANK1  00010C
?__div_to_l_                                   cstackBANK1  00010C
?__doprnt                                      cstackBANK1  000158
?__tdiv_to_l_                                  cstackBANK1  00010C
?_fabs                                         cstackCOMRAM 000005
?_fround                                       cstackBANK1  000133
?_getCauseOfResetString                        cstackBANK1  00010C
?_getCauseOfResetStringSmall                   cstackBANK1  00010C
?_getDeviceID                                  cstackBANK1  000117
?_getDeviceIDString                            cstackBANK1  000119
?_getNXQChargeStateString                      cstackBANK1  00010C
?_getNXQChargeStateStringCaps                  cstackBANK1  00010C
?_getStringSecondsAsTime                       cstackBANK1  0001A3
?_getUserID                                    cstackBANK1  000117
?_printf                                       cstackBANK1  0001C5
?_scale                                        cstackBANK1  000133
?_sprintf                                      cstackBANK1  000190
?_strcmp                                       cstackBANK1  00010C
?_strlen                                       cstackBANK1  00010C
?i2___awdiv                                    cstackCOMRAM 000007
?i2___awmod                                    cstackCOMRAM 000001
?i2___fladd                                    cstackCOMRAM 000052
?i2___flmul                                    cstackCOMRAM 00002C
?i2___flneg                                    cstackCOMRAM 000001
?i2___flsub                                    cstackBANK0  000064
?i2___fltol                                    cstackCOMRAM 00004E
?i2___lldiv                                    cstackCOMRAM 000001
?i2___llmod                                    cstackCOMRAM 00000E
?i2___lwdiv                                    cstackCOMRAM 000006
?i2___lwmod                                    cstackCOMRAM 000001
?i2___wmul                                     cstackCOMRAM 000001
?i2___xxtofl                                   cstackCOMRAM 000005
?i2__div_to_l_                                 cstackCOMRAM 000001
?i2__doprnt                                    cstackBANK0  00006C
?i2__tdiv_to_l_                                cstackCOMRAM 000001
?i2_fround                                     cstackCOMRAM 000045
?i2_printf                                     cstackBANK0  0000A4
?i2_scale                                      cstackCOMRAM 000045
ADCC_SetADTIInterruptHandler@InterruptHandler  cstackBANK1  00010C
ADCC_StartConversion@channel                   cstackBANK1  000100
ADC_PostProcessingHandler@current_adc_channel  cstackBANK0  000078
ADC_PostProcessingHandler@i                    cstackBANK0  000079
ADC_PostProcessingHandler@i_2963               cstackBANK0  00007A
EUSART2_Read@readValue                         cstackBANK1  00010C
EUSART2_SetRxInterruptHandler@interruptHandler cstackBANK1  00010C
EUSART2_SetTxInterruptHandler@interruptHandler cstackBANK1  00010C
EUSART2_Write@txData                           cstackBANK1  00010C
FLASH_ReadByte@flashAddr                       cstackBANK1  00010C
FLASH_ReadWord@flashAddr                       cstackBANK1  000110
I2C2_ISR@i2c_10bit_address_restart             bssBANK0     0000DA
I2C2_ISR@i2c_address                           bssBANK0     0000FB
I2C2_ISR@i2c_bytes_left                        bssBANK0     0000DB
I2C2_ISR@pi2c_buf_ptr                          bssBANK0     0000D2
I2C2_MasterRead@address                        cstackBANK1  000118
I2C2_MasterRead@length                         cstackBANK1  000117
I2C2_MasterRead@pdata                          cstackBANK1  000115
I2C2_MasterRead@pflag                          cstackBANK1  00011A
I2C2_MasterRead@trBlock                        bssBANK2     0002B7
I2C2_MasterReadTRBBuild@address                cstackBANK1  000111
I2C2_MasterReadTRBBuild@length                 cstackBANK1  000110
I2C2_MasterReadTRBBuild@pdata                  cstackBANK1  00010E
I2C2_MasterReadTRBBuild@ptrb                   cstackBANK1  00010C
I2C2_MasterTRBInsert@count                     cstackBANK1  000111
I2C2_MasterTRBInsert@pflag                     cstackBANK1  00010E
I2C2_MasterTRBInsert@ptrb_list                 cstackBANK1  00010C
I2C2_MasterWrite@address                       cstackBANK1  000118
I2C2_MasterWrite@length                        cstackBANK1  000117
I2C2_MasterWrite@pdata                         cstackBANK1  000115
I2C2_MasterWrite@pflag                         cstackBANK1  00011A
I2C2_MasterWrite@trBlock                       bssBANK2     0002BC
I2C2_MasterWriteTRBBuild@address               cstackBANK1  000111
I2C2_MasterWriteTRBBuild@length                cstackBANK1  000110
I2C2_MasterWriteTRBBuild@pdata                 cstackBANK1  00010E
I2C2_MasterWriteTRBBuild@ptrb                  cstackBANK1  00010C
I2C2_Stop@completion_code                      cstackBANK1  000102
INT1_SetInterruptHandler@InterruptHandler      cstackBANK1  00010C
INT2_SetInterruptHandler@InterruptHandler      cstackBANK1  00010C
IOCBF2_SetInterruptHandler@InterruptHandler    cstackBANK1  00010C
IOCBF3_SetInterruptHandler@InterruptHandler    cstackBANK1  00010C
LM73Convert@Ambient_Conv                       cstackBANK1  00013A
LM73Convert@POS5_Conv                          cstackBANK1  000138
LM73Convert@QI_Conv                            cstackBANK1  000136
LM73TempSensorInitialize@output_data_array     cstackBANK1  00011C
OLED_Clear@col                                 cstackBANK1  00012F
OLED_Clear@row                                 cstackBANK1  00012D
OLED_Command@data_array                        cstackBANK1  00011E
OLED_Command@temp                              cstackBANK1  00011C
OLED_PutChar@ch                                cstackBANK1  00012C
OLED_PutChar@data_array                        cstackBANK1  000120
OLED_PutChar@input_base                        cstackBANK1  000129
OLED_WriteString@s                             cstackBANK1  00012D
OLED_YX@Column                                 cstackBANK1  000120
OLED_YX@Row                                    cstackBANK1  000124
OLED_updateHandler@dev_id_str                  cstackBANK1  0001A5
OLED_updateHandler@rev_id_str                  cstackBANK1  0001B6
TMR0_SetInterruptHandler@InterruptHandler      cstackBANK1  00010C
TMR2_SetInterruptHandler@InterruptHandler      cstackBANK1  00010C
TMR3_SetInterruptHandler@InterruptHandler      cstackBANK1  00010C
TMR3_WriteTimer@timerVal                       cstackBANK1  00010C
_ADACCH                                        (abs)        000F71
_ADACCL                                        (abs)        000F70
_ADACQ                                         (abs)        000F5C
_ADACT                                         (abs)        000F56
_ADCAP                                         (abs)        000F5D
_ADCC_ADTI_InterruptHandler                    bssBANK2     000219
_ADCC_ClearAccumulator                         text116      01A482
_ADCC_DefaultInterruptHandler                  text164      01A4B8
_ADCC_DischargeSampleCapacitor                 text115      01A46E
_ADCC_GetConversionResult                      text180      01A2EE
_ADCC_GetCurrentCountofConversions             text179      01A4A6
_ADCC_GetFilterValue                           text178      01A2DA
_ADCC_HasAccumulatorOverflowed                 text177      01A43A
_ADCC_Initialize                               text50       019332
_ADCC_SetADTIInterruptHandler                  text51       01A3DE
_ADCC_StartConversion                          text114      01A3FA
_ADCC_StopConversion                           text176      01A4A2
_ADCC_ThresholdISR                             text163      01A002
_ADCLK                                         (abs)        000F57
_ADCNT                                         (abs)        000F67
_ADCON0                                        (abs)        000F60
_ADCON0bits                                    (abs)        000F60
_ADCON1                                        (abs)        000F59
_ADCON1bits                                    (abs)        000F59
_ADCON2                                        (abs)        000F5A
_ADCON2bits                                    (abs)        000F5A
_ADCON3                                        (abs)        000F5B
_ADCON3bits                                    (abs)        000F5B
_ADC_PostProcessingHandler                     text165      013A26
_ADC_PostProcessingHandler$5323                cstackBANK0  00007B
_ADC_PostProcessingHandler$5324                cstackBANK0  00007F
_ADC_PostProcessingHandler$5325                cstackBANK0  00006C
_ADC_PostProcessingHandler$5326                cstackBANK0  000070
_ADC_PostProcessingHandler$5327                cstackBANK0  000074
_ADC_acquisitionTimerHandler                   text110      01A20C
_ADERRH                                        (abs)        000F6F
_ADERRL                                        (abs)        000F6E
_ADFLTRH                                       (abs)        000F73
_ADFLTRL                                       (abs)        000F72
_ADLTHH                                        (abs)        000F6B
_ADLTHL                                        (abs)        000F6A
_ADPCH                                         (abs)        000F5F
_ADPRE                                         (abs)        000F5E
_ADPREVH                                       (abs)        000F62
_ADPREVL                                       (abs)        000F61
_ADREF                                         (abs)        000F58
_ADRESH                                        (abs)        000F64
_ADRESL                                        (abs)        000F63
_ADRPT                                         (abs)        000F66
_ADSTAT                                        (abs)        000F65
_ADSTATbits                                    (abs)        000F65
_ADSTPTH                                       (abs)        000F69
_ADSTPTL                                       (abs)        000F68
_ADUTHH                                        (abs)        000F6D
_ADUTHL                                        (abs)        000F6C
_ANSELA                                        (abs)        000F11
_ANSELB                                        (abs)        000F19
_ANSELC                                        (abs)        000F21
_BAUD2CON                                      (abs)        000E9F
_EUSART2_Initialize                            text47       01919A
_EUSART2_Read                                  text21       019C28
_EUSART2_Receive_ISR                           text144      0188A0
_EUSART2_RxDefaultInterruptHandler             bssBANK2     000222
_EUSART2_SetRxInterruptHandler                 text49       01A3D0
_EUSART2_SetTxInterruptHandler                 text48       01A3C2
_EUSART2_Transmit_ISR                          text129      019D9C
_EUSART2_TxDefaultInterruptHandler             bssBANK2     000225
_EUSART2_Write                                 text60       019924
_EXT_INT_Initialize                            text44       019C62
_FLASH_ReadByte                                text81       01A1F2
_FLASH_ReadWord                                text80       019A34
_FVRCON                                        (abs)        000F31
_FVRCONbits                                    (abs)        000F31
_FVR_Initialize                                text43       01A422
_I2C2_BusCollisionISR                          text128      01A42E
_I2C2_FunctionComplete                         text127      01A226
_I2C2_ISR                                      text125      017300
_I2C2_Initialize                               text42       019C9A
_I2C2_MasterRead                               text98       0196DE
_I2C2_MasterReadTRBBuild                       text101      01959A
_I2C2_MasterTRBInsert                          text99       018944
_I2C2_MasterWrite                              text96       01968E
_I2C2_MasterWriteTRBBuild                      text97       0198DE
_I2C2_Stop                                     text126      0199F0
_I2C2_WaitForLastPacketToComplete              text100      01A446
_I2C_STATUS                                    bssBANK1     0001F0
_INT1PPS                                       (abs)        000EA2
_INT1_CallBack                                 text122      01A0BE
_INT1_DefaultInterruptHandler                  text123      01A4B0
_INT1_ISR                                      text121      01A45A
_INT1_InterruptHandler                         bssBANK0     0000CF
_INT1_SetInterruptHandler                      text46       01A3B4
_INT2PPS                                       (abs)        000EA3
_INT2_CallBack                                 text118      01A09A
_INT2_DefaultInterruptHandler                  text119      01A4AE
_INT2_ISR                                      text117      01A450
_INT2_InterruptHandler                         bssBANK0     0000CC
_INT2_SetInterruptHandler                      text45       01A3A6
_INTCONbits                                    (abs)        000FF2
_INTERRUPT_Initialize                          text41       01A1BA
_INTERRUPT_InterruptManagerHigh                intcode      000008
_INTERRUPT_InterruptManagerLow                 intcodelo    000018
_IOCBF2_DefaultInterruptHandler                text139      01A4B6
_IOCBF2_ISR                                    text138      019F38
_IOCBF2_InterruptHandler                       bssBANK2     00021F
_IOCBF2_SetInterruptHandler                    text39       01A398
_IOCBF3_DefaultInterruptHandler                text136      01A4B4
_IOCBF3_ISR                                    text135      019F0E
_IOCBF3_InterruptHandler                       bssBANK2     00021C
_IOCBF3_SetInterruptHandler                    text38       01A38A
_IOCBFbits                                     (abs)        000F12
_IOCBNbits                                     (abs)        000F13
_IOCBPbits                                     (abs)        000F14
_IPR0bits                                      (abs)        000EBA
_IPR1bits                                      (abs)        000EBB
_IPR3bits                                      (abs)        000EBD
_IPR4bits                                      (abs)        000EBE
_LATA                                          (abs)        000F83
_LATB                                          (abs)        000F84
_LATBbits                                      (abs)        000F84
_LATC                                          (abs)        000F85
_LATCbits                                      (abs)        000F85
_LM73AcquisitionHandler                        text92       0179EE
_LM73Convert                                   text93       016DDC
_LM73TempSensorInitialize                      text91       0177B8
_LM73_start_flag                               bssBANK1     0001EA
_LM73_temp_results                             bssBANK2     000294
_NVMADRH                                       (abs)        000F7F
_NVMADRL                                       (abs)        000F7E
_NVMCON1bits                                   (abs)        000F81
_NVMCON2                                       (abs)        000F82
_NVMDAT                                        (abs)        000F80
_ODCONA                                        (abs)        000F0F
_ODCONB                                        (abs)        000F17
_ODCONC                                        (abs)        000F1F
_OLED_Clear                                    text86       019AFA
_OLED_Command                                  text90       019200
_OLED_Frame                                    bssBANK1     0001E8
_OLED_Init                                     text89       018A82
_OLED_PutChar                                  text87       018510
_OLED_RAM_Buffer                               bssBANK2     000228
_OLED_UpdateFromRAMBuffer                      text83       018F70
_OLED_WriteString                              text85       01944A
_OLED_YX                                       text84       0199AC
_OLED_updateHandler                            text52       014360
_OLED_update_flag                              bssBANK1     0001E7
_OLED_update_time                              dataBANK1    0001F1
_OSCCON1                                       (abs)        000ED8
_OSCCON3                                       (abs)        000EDA
_OSCEN                                         (abs)        000EDC
_OSCFRQ                                        (abs)        000EDE
_OSCILLATOR_Initialize                         text40       01A240
_OSCTUNE                                       (abs)        000EDD
_OledFont                                      mediumconst  00E3A9
_PCON0bits                                     (abs)        000FD7
_PIE0bits                                      (abs)        000EC2
_PIE1bits                                      (abs)        000EC3
_PIE3bits                                      (abs)        000EC5
_PIE4bits                                      (abs)        000EC6
_PIN_MANAGER_IOC                               text134      01A2C6
_PIN_MANAGER_Initialize                        text37       0189E6
_PIR0bits                                      (abs)        000ECA
_PIR1bits                                      (abs)        000ECB
_PIR3bits                                      (abs)        000ECD
_PIR4bits                                      (abs)        000ECE
_PIR7bits                                      (abs)        000ED1
_PMD0                                          (abs)        000EE1
_PMD1                                          (abs)        000EE2
_PMD2                                          (abs)        000EE3
_PMD3                                          (abs)        000EE4
_PMD4                                          (abs)        000EE5
_PMD5                                          (abs)        000EE6
_PMD_Initialize                                text36       01A19E
_PORTBbits                                     (abs)        000F8E
_PR2                                           (abs)        000FBC
_QIChargeIOCHandler                            text137      01A258
_QIIdleIOCHandler                              text140      01A342
_QIIdleTimerHandler                            text104      019EE4
_RB4PPS                                        (abs)        000EF3
_RB5PPS                                        (abs)        000EF4
_RC2REG                                        (abs)        000E99
_RC2STA                                        (abs)        000E9D
_RC2STAbits                                    (abs)        000E9D
_RC4PPS                                        (abs)        000EFB
_RX2PPS                                        (abs)        000E8D
_SLRCONA                                       (abs)        000F0E
_SLRCONB                                       (abs)        000F16
_SLRCONC                                       (abs)        000F1E
_SP2BRGH                                       (abs)        000E9C
_SP2BRGL                                       (abs)        000E9B
_SSP2ADD                                       (abs)        000E93
_SSP2BUF                                       (abs)        000E92
_SSP2CLKPPS                                    (abs)        000E8F
_SSP2CON1                                      (abs)        000E96
_SSP2CON1bits                                  (abs)        000E96
_SSP2CON2bits                                  (abs)        000E97
_SSP2CON3                                      (abs)        000E98
_SSP2DATPPS                                    (abs)        000E90
_SSP2STAT                                      (abs)        000E95
_SYSTEM_Initialize                             text29       019D38
_T0CON0                                        (abs)        000FD5
_T0CON0bits                                    (abs)        000FD5
_T0CON1                                        (abs)        000FD6
_T2CLKCON                                      (abs)        000FBF
_T2CON                                         (abs)        000FBD
_T2CONbits                                     (abs)        000FBD
_T2HLT                                         (abs)        000FBE
_T2HLTbits                                     (abs)        000FBE
_T2PR                                          (abs)        000FBC
_T2RST                                         (abs)        000FC0
_T2RSTbits                                     (abs)        000FC0
_T2TMR                                         (abs)        000FBB
_T3CLK                                         (abs)        000FCC
_T3CON                                         (abs)        000FC9
_T3CONbits                                     (abs)        000FC9
_T3GATE                                        (abs)        000FCB
_T3GCON                                        (abs)        000FCA
_T3GCONbits                                    (abs)        000FCA
_TABLAT                                        (abs)        000FF5
_TBLPTRH                                       (abs)        000FF7
_TBLPTRL                                       (abs)        000FF6
_TBLPTRU                                       (abs)        000FF8
_TMR0H                                         (abs)        000FD4
_TMR0L                                         (abs)        000FD3
_TMR0_DefaultInterruptHandler                  text132      01A4B2
_TMR0_ISR                                      text131      019FDA
_TMR0_Initialize                               text34       019EBA
_TMR0_InterruptHandler                         bssBANK2     000216
_TMR0_SetInterruptHandler                      text35       01A37C
_TMR2                                          (abs)        000FBB
_TMR2_DefaultInterruptHandler                  text111      01A4AC
_TMR2_ISR                                      text109      019FB2
_TMR2_Initialize                               text32       019D6A
_TMR2_InterruptHandler                         bssBANK2     000213
_TMR2_SetInterruptHandler                      text33       01A36E
_TMR2_Start                                    text175      01A49E
_TMR2_StartTimer                               text174      01A488
_TMR2_Stop                                     text113      01A496
_TMR2_StopTimer                                text112      01A47C
_TMR3H                                         (abs)        000FC8
_TMR3L                                         (abs)        000FC7
_TMR3_DefaultInterruptHandler                  text105      01A4AA
_TMR3_ISR                                      text103      019D04
_TMR3_Initialize                               text30       01972E
_TMR3_InterruptHandler                         bssBANK2     000210
_TMR3_Reload                                   text27       01A352
_TMR3_SetInterruptHandler                      text31       01A360
_TMR3_StartTimer                               text143      01A49A
_TMR3_StopTimer                                text26       01A48E
_TMR3_WriteTimer                               text28       01A104
_TRISA                                         (abs)        000F88
_TRISB                                         (abs)        000F89
_TRISC                                         (abs)        000F8A
_TX2REG                                        (abs)        000E9A
_TX2STA                                        (abs)        000E9E
_TX2STAbits                                    (abs)        000E9E
_WPUA                                          (abs)        000F10
_WPUB                                          (abs)        000F18
_WPUC                                          (abs)        000F20
_WPUE                                          (abs)        000F2D
__CFG_BOREN$SBORDIS                            (abs)        000000
__CFG_BORV$VBOR_2P45                           (abs)        000000
__CFG_CLKOUTEN$OFF                             (abs)        000000
__CFG_CP$OFF                                   (abs)        000000
__CFG_CPD$OFF                                  (abs)        000000
__CFG_CSWEN$ON                                 (abs)        000000
__CFG_DEBUG$OFF                                (abs)        000000
__CFG_EBTR0$OFF                                (abs)        000000
__CFG_EBTR1$OFF                                (abs)        000000
__CFG_EBTR2$OFF                                (abs)        000000
__CFG_EBTR3$OFF                                (abs)        000000
__CFG_EBTR4$OFF                                (abs)        000000
__CFG_EBTR5$OFF                                (abs)        000000
__CFG_EBTR6$OFF                                (abs)        000000
__CFG_EBTR7$OFF                                (abs)        000000
__CFG_EBTRB$OFF                                (abs)        000000
__CFG_FCMEN$ON                                 (abs)        000000
__CFG_FEXTOSC$OFF                              (abs)        000000
__CFG_LPBOREN$OFF                              (abs)        000000
__CFG_LVP$OFF                                  (abs)        000000
__CFG_MCLRE$EXTMCLR                            (abs)        000000
__CFG_PPS1WAY$ON                               (abs)        000000
__CFG_PWRTE$ON                                 (abs)        000000
__CFG_RSTOSC$HFINTOSC_64MHZ                    (abs)        000000
__CFG_SCANE$ON                                 (abs)        000000
__CFG_STVREN$ON                                (abs)        000000
__CFG_WDTCCS$LFINTOSC                          (abs)        000000
__CFG_WDTCPS$WDTCPS_11                         (abs)        000000
__CFG_WDTCWS$WDTCWS_7                          (abs)        000000
__CFG_WDTE$NSLEEP                              (abs)        000000
__CFG_WRT0$OFF                                 (abs)        000000
__CFG_WRT1$OFF                                 (abs)        000000
__CFG_WRT2$OFF                                 (abs)        000000
__CFG_WRT3$OFF                                 (abs)        000000
__CFG_WRT4$OFF                                 (abs)        000000
__CFG_WRT5$OFF                                 (abs)        000000
__CFG_WRT6$OFF                                 (abs)        000000
__CFG_WRT7$OFF                                 (abs)        000000
__CFG_WRTB$OFF                                 (abs)        000000
__CFG_WRTC$OFF                                 (abs)        000000
__CFG_WRTD$OFF                                 (abs)        000000
__CFG_XINST$OFF                                (abs)        000000
__CFG_ZCD$OFF                                  (abs)        000000
__HRAM                                         (abs)        000000
__Habs1                                        abs1         000000
__Hbank0                                       bank0        000000
__Hbank1                                       bank1        000000
__Hbank10                                      bank10       000000
__Hbank11                                      bank11       000000
__Hbank12                                      bank12       000000
__Hbank13                                      bank13       000000
__Hbank14                                      bank14       000000
__Hbank2                                       bank2        000000
__Hbank3                                       bank3        000000
__Hbank4                                       bank4        000000
__Hbank5                                       bank5        000000
__Hbank6                                       bank6        000000
__Hbank7                                       bank7        000000
__Hbank8                                       bank8        000000
__Hbank9                                       bank9        000000
__Hbigbss                                      bigbss       000000
__Hbigdata                                     bigdata      000000
__Hbigram                                      bigram       000000
__HbitbssBANK0                                 bitbssBANK0  000000
__Hbss                                         bss          000000
__HbssBANK0                                    bssBANK0     000000
__HbssBANK1                                    bssBANK1     000000
__HbssBANK2                                    bssBANK2     000000
__HbssBANK3                                    bssBANK3     000000
__HbssBANK4                                    bssBANK4     000000
__Hcinit                                       cinit        000000
__Hclrtext                                     clrtext      000000
__Hcomram                                      comram       000000
__Hconfig                                      config       30000C
__Hconst                                       const        000000
__HcstackBANK0                                 cstackBANK0  000000
__HcstackBANK1                                 cstackBANK1  000000
__HcstackBANK2                                 cstackBANK2  000000
__HcstackCOMRAM                                cstackCOMRAM 000000
__Hdata                                        data         000000
__HdataBANK0                                   dataBANK0    000000
__HdataBANK1                                   dataBANK1    000000
__HdataBANK2                                   dataBANK2    000000
__Heeprom_data                                 eeprom_data  000000
__Hfarbss                                      farbss       000000
__Hfardata                                     fardata      000000
__Hibigdata                                    ibigdata     000000
__Hidata                                       idata        000000
__HidataBANK0                                  idataBANK0   000000
__HidataBANK1                                  idataBANK1   000000
__HidataBANK2                                  idataBANK2   000000
__Hidloc                                       idloc        200010
__Hifardata                                    ifardata     000000
__Hinit                                        init         0000C4
__Hintcode                                     intcode      00000E
__Hintcode_body                                intcode_body 000000
__Hintcodelo                                   intcodelo    0000C0
__Hintentry                                    intentry     000000
__Hintret                                      intret       000000
__Hintsave_regs                                intsave_regs 000000
__Hirdata                                      irdata       000000
__Hmediumconst                                 mediumconst  010000
__HnvBANK0                                     nvBANK0      000000
__HnvFARRAM                                    nvFARRAM     000000
__Hnvbit                                       nvbit        000000
__Hnvrram                                      nvrram       000000
__Hparam                                       rparam       000000
__Hpowerup                                     powerup      0000C0
__Hram                                         ram          000000
__Hramtop                                      ramtop       000F00
__Hrbit                                        rbit         000000
__Hrbss                                        rbss         000000
__Hrdata                                       rdata        000000
__Hreset_vec                                   reset_vec    000004
__Hrparam                                      rparam       000000
__Hsfr                                         sfr          000000
__Hsmallconst                                  smallconst   000000
__Hspace_0                                     (abs)        30000C
__Hspace_1                                     (abs)        0007F1
__Hspace_2                                     (abs)        000000
__Hstack                                       stack        000000
__Hstruct                                      struct       000000
__Htemp                                        temp         00005F
__Htext                                        text         000000
__Htext0                                       text0        000000
__Htext1                                       text1        000000
__Htext10                                      text10       000000
__Htext100                                     text100      000000
__Htext101                                     text101      000000
__Htext103                                     text103      000000
__Htext104                                     text104      000000
__Htext105                                     text105      000000
__Htext106                                     text106      000000
__Htext107                                     text107      000000
__Htext108                                     text108      000000
__Htext109                                     text109      000000
__Htext11                                      text11       000000
__Htext110                                     text110      000000
__Htext111                                     text111      000000
__Htext112                                     text112      000000
__Htext113                                     text113      000000
__Htext114                                     text114      000000
__Htext115                                     text115      000000
__Htext116                                     text116      000000
__Htext117                                     text117      000000
__Htext118                                     text118      000000
__Htext119                                     text119      000000
__Htext12                                      text12       000000
__Htext120                                     text120      000000
__Htext121                                     text121      000000
__Htext122                                     text122      000000
__Htext123                                     text123      000000
__Htext124                                     text124      000000
__Htext125                                     text125      000000
__Htext126                                     text126      000000
__Htext127                                     text127      000000
__Htext128                                     text128      000000
__Htext129                                     text129      000000
__Htext13                                      text13       000000
__Htext131                                     text131      000000
__Htext132                                     text132      000000
__Htext133                                     text133      000000
__Htext134                                     text134      000000
__Htext135                                     text135      000000
__Htext136                                     text136      000000
__Htext137                                     text137      000000
__Htext138                                     text138      000000
__Htext139                                     text139      000000
__Htext14                                      text14       000000
__Htext140                                     text140      000000
__Htext141                                     text141      000000
__Htext142                                     text142      000000
__Htext143                                     text143      000000
__Htext144                                     text144      000000
__Htext145                                     text145      000000
__Htext146                                     text146      000000
__Htext147                                     text147      000000
__Htext148                                     text148      000000
__Htext149                                     text149      000000
__Htext15                                      text15       000000
__Htext150                                     text150      000000
__Htext151                                     text151      000000
[...]
      Params:         2       0       0       0       0       0       0       0       0       0       0       0       0       0       0       0
      Locals:         0       0       0       0       0       0       0       0       0       0       0       0       0       0       0       0
      Temps:          2       0       0       0       0       0       0       0       0       0       0       0       0       0       0       0
      Totals:         4       0       0       0       0       0       0       0       0       0       0       0       0       0       0       0
Total ram usage:        4 bytes
 Hardware stack levels used:    1
 This function calls:
		Nothing
 This function is called by:
		_ADC_PostProcessingHandler
 This function uses a non-reentrant model


 *************** function _ADCC_GetCurrentCountofConversions *****************
 Defined at:
		line 198 in file "mcc_generated_files/adcc.c"
 Parameters:    Size  Location     Type
		None
 Auto vars:     Size  Location     Type
		None
 Return value:  Size  Location     Type
                  1    wreg      unsigned char 
 Registers used:
		wreg, status,2
 Tracked objects:
		On entry : 
		On exit  : 
		Unchanged: 
 Data sizes:     COMRAM   BANK0   BANK1   BANK2   BANK3   BANK4   BANK5   BANK6   BANK7   BANK8   BANK9  BANK10  BANK11  BANK12  BANK13  BANK14
      Params:         0       0       0       0       0       0       0       0       0       0       0       0       0       0       0       0
      Locals:         0       0       0       0       0       0       0       0       0       0       0       0       0       0       0       0
      Temps:          0       0       0       0       0       0       0       0       0       0       0       0       0       0       0       0
      Totals:         0       0       0       0       0       0       0       0       0       0       0       0       0       0       0       0
Total ram usage:        0 bytes
 Hardware stack levels used:    1
 This function calls:
		Nothing
 This function is called by:
		_ADC_PostProcessingHandler
 This function uses a non-reentrant model


 *************** function _ADCC_GetConversionResult *****************
 Defined at:
		line 130 in file "mcc_generated_files/adcc.c"
 Parameters:    Size  Location     Type
		None
 Auto vars:     Size  Location     Type
		None
 Return value:  Size  Location     Type
                  2    0[COMRAM] unsigned int 
 Registers used:
		wreg, status,2, status,0
 Tracked objects:
		On entry : 
		On exit  : 
		Unchanged: 
 Data sizes:     COMRAM   BANK0   BANK1   BANK2   BANK3   BANK4   BANK5   BANK6   BANK7   BANK8   BANK9  BANK10  BANK11  BANK12  BANK13  BANK14
      Params:         2       0       0       0       0       0       0       0       0       0       0       0       0       0       0       0
      Locals:         0       0       0       0       0       0       0       0       0       0       0       0       0       0       0       0
      Temps:          2       0       0       0       0       0       0       0       0       0       0       0       0       0       0       0
      Totals:         4       0       0       0       0       0       0       0       0       0       0       0       0       0       0       0
Total ram usage:        4 bytes
 Hardware stack levels used:    1
 This function calls:
		Nothing
 This function is called by:
		_ADC_PostProcessingHandler
 This function uses a non-reentrant model



MODULE INFORMATION

Module		Function		Class		Link	Load	Size
C:\Program Files (x86)\Microchip\xc8\v2.05\pic\sources\c90\common\isdigit.c
		_isdigit       		CODE           	1A0E2	0000	35

C:\Program Files (x86)\Microchip\xc8\v2.05\pic\sources\c90\common\isdigit.c estimated size: 35

C:\Program Files (x86)\Microchip\xc8\v2.05\pic\sources\c90\common\doprnt.c
		_scale         		CODE           	14C7E	0000	1077
		_fround        		CODE           	1686C	0000	707
		__doprnt       		CODE           	10000	0000	5925

C:\Program Files (x86)\Microchip\xc8\v2.05\pic\sources\c90\common\doprnt.c estimated size: 7709

C:\Program Files (x86)\Microchip\xc8\v2.05\pic\sources\c90\common\sprcadd.c
		___flsub       		CODE           	19808	0000	73
		___fladd       		CODE           	16250	0000	783

C:\Program Files (x86)\Microchip\xc8\v2.05\pic\sources\c90\common\sprcadd.c estimated size: 856

C:\Program Files (x86)\Microchip\xc8\v2.05\pic\sources\c90\common\llmod.c
		___llmod       		CODE           	190CC	0000	105

C:\Program Files (x86)\Microchip\xc8\v2.05\pic\sources\c90\common\llmod.c estimated size: 105

NXQ_charge_state.c
		_QIIdleTimerHandler		CODE           	19EE4	0000	43
		_getNXQChargeStateString		CODE           	194F6	0000	83
		_QIChargeIOCHandler		CODE           	1A258	0000	25
		_getNXQChargeStateStringCaps		CODE           	19548	0000	83
		_QIIdleIOCHandler		CODE           	1A342	0000	17

NXQ_charge_state.c estimated size: 251

mcc_generated_files/eusart2.c
		_putch         		CODE           	1A2B2	0000	21
		_EUSART2_Read  		CODE           	19C28	0000	59
		_EUSART2_Write 		CODE           	19924	0000	69
		_EUSART2_Receive_ISR		CODE           	188A0	0000	165
		_EUSART2_Transmit_ISR		CODE           	19D9C	0000	51
		_EUSART2_SetRxInterruptHandler		CODE           	1A3D0	0000	15
		_EUSART2_SetTxInterruptHandler		CODE           	1A3C2	0000	15
		_EUSART2_Initialize		CODE           	1919A	0000	103

mcc_generated_files/eusart2.c estimated size: 498

mcc_generated_files/fvr.c
		_FVR_Initialize		CODE           	1A422	0000	13

mcc_generated_files/fvr.c estimated size: 13

error_handling.c
		_updateErrorLEDs		CODE           	19898	0000	71
		_getADCError   		CODE           	1A270	0000	23
		_clearADCErrors		CODE           	1A312	0000	17
		_clearUARTErrors		CODE           	1A416	0000	13
		_clearI2CErrors		CODE           	1A182	0000	29
		_getI2CError   		CODE           	19F62	0000	41
		_getUARTError  		CODE           	1A476	0000	7

error_handling.c estimated size: 201

mcc_generated_files/tmr2.c
		_TMR2_ISR      		CODE           	19FB2	0000	41
		_TMR2_Initialize		CODE           	19D6A	0000	51
		_TMR2_Stop     		CODE           	1A496	0000	5
		_TMR2_Start    		CODE           	1A49E	0000	5
		_TMR2_SetInterruptHandler		CODE           	1A36E	0000	15
		_TMR2_StopTimer		CODE           	1A47C	0000	7
		_TMR2_DefaultInterruptHandler		CODE           	1A4AC	0000	3
		_TMR2_StartTimer		CODE           	1A488	0000	7

mcc_generated_files/tmr2.c estimated size: 134

mcc_generated_files/interrupt_manager.c
		_INTERRUPT_Initialize		CODE           	1A1BA	0000	29
		_INTERRUPT_InterruptManagerLow		CODE           	0018	0000	169
		_INTERRUPT_InterruptManagerHigh		CODE           	0008	0000	175

mcc_generated_files/interrupt_manager.c estimated size: 373

C:\Program Files (x86)\Microchip\xc8\v2.05\pic\sources\c90\common\sprintf.c
		_sprintf       		CODE           	197C0	0000	73

C:\Program Files (x86)\Microchip\xc8\v2.05\pic\sources\c90\common\sprintf.c estimated size: 73

heartbeat_timer.c
		_getStringSecondsAsTime		CODE           	154CA	0000	891
		_heartbeatTimerHandler		CODE           	19266	0000	103

heartbeat_timer.c estimated size: 994

C:\Program Files (x86)\Microchip\xc8\v2.05\pic\sources\c90\common\awmod.c
		___awmod       		CODE           	18FEA	0000	115

C:\Program Files (x86)\Microchip\xc8\v2.05\pic\sources\c90\common\awmod.c estimated size: 115

terminal_control.c
		_terminalTextAttributesReset		CODE           	1A302	0000	17
		_terminalClearScreen		CODE           	1A332	0000	17
		_terminalTextAttributes		CODE           	15844	0000	871
		_terminalSetCursorHome		CODE           	1A322	0000	17

terminal_control.c estimated size: 922

adc_postprocessing.c
		_ADC_acquisitionTimerHandler		CODE           	1A20C	0000	27
		_ADC_PostProcessingHandler		CODE           	13A26	0000	2363

adc_postprocessing.c estimated size: 2390

mcc_generated_files/tmr0.c
		_TMR0_SetInterruptHandler		CODE           	1A37C	0000	15
		_TMR0_DefaultInterruptHandler		CODE           	1A4B2	0000	3
		_TMR0_ISR      		CODE           	19FDA	0000	41
		_TMR0_Initialize		CODE           	19EBA	0000	43

mcc_generated_files/tmr0.c estimated size: 102

C:\Program Files (x86)\Microchip\xc8\v2.05\pic\sources\c90\common\ftdivl.c
		__tdiv_to_l_   		CODE           	17E9C	0000	257

C:\Program Files (x86)\Microchip\xc8\v2.05\pic\sources\c90\common\ftdivl.c estimated size: 257

mcc_generated_files/pin_manager.c
		_IOCBF3_DefaultInterruptHandler		CODE           	1A4B4	0000	3
		_PIN_MANAGER_Initialize		CODE           	189E6	0000	157
		_IOCBF3_ISR    		CODE           	19F0E	0000	43
		_IOCBF2_SetInterruptHandler		CODE           	1A398	0000	15
		_IOCBF3_SetInterruptHandler		CODE           	1A38A	0000	15
		_IOCBF2_DefaultInterruptHandler		CODE           	1A4B6	0000	3
		_PIN_MANAGER_IOC		CODE           	1A2C6	0000	21
		_IOCBF2_ISR    		CODE           	19F38	0000	43

mcc_generated_files/pin_manager.c estimated size: 300

C:\Program Files (x86)\Microchip\xc8\v2.05\pic\sources\c90\common\lwdiv.c
		___lwdiv       		CODE           	194A2	0000	85

C:\Program Files (x86)\Microchip\xc8\v2.05\pic\sources\c90\common\lwdiv.c estimated size: 85

C:\Program Files (x86)\Microchip\xc8\v2.05\pic\sources\c90\common\fltol.c
		___fltol       		CODE           	185D4	0000	189

C:\Program Files (x86)\Microchip\xc8\v2.05\pic\sources\c90\common\fltol.c estimated size: 189

cap_touch_int.c
		_leftCapTouchHandler		CODE           	1A29C	0000	23
		_rightCapTouchHandler		CODE           	1A286	0000	23

cap_touch_int.c estimated size: 46

C:\Program Files (x86)\Microchip\xc8\v2.05\pic\sources\c90\common\Umul16.c
		___wmul        		CODE           	19F8A	0000	41

C:\Program Files (x86)\Microchip\xc8\v2.05\pic\sources\c90\common\Umul16.c estimated size: 41

device_IDs.c
		_getDeviceID   		CODE           	1A124	0000	33
		_getUserID     		CODE           	19CD0	0000	53
		_getMinorRevisionID		CODE           	1A02A	0000	39
		_getDeviceIDString		CODE           	18B1C	0000	153
		_getMajorRevisionID		CODE           	19B74	0000	61

device_IDs.c estimated size: 339

C:\Program Files (x86)\Microchip\xc8\v2.05\pic\sources\c90\common\fldivl.c
		__div_to_l_    		CODE           	1809A	0000	247

C:\Program Files (x86)\Microchip\xc8\v2.05\pic\sources\c90\common\fldivl.c estimated size: 247

C:\Program Files (x86)\Microchip\xc8\v2.05\pic\sources\c90\common\flge.c
		___flge        		CODE           	1836E	0000	211

C:\Program Files (x86)\Microchip\xc8\v2.05\pic\sources\c90\common\flge.c estimated size: 211

C:\Program Files (x86)\Microchip\xc8\v2.05\pic\sources\c90\common\printf.c
		_printf        		CODE           	19B38	0000	61

C:\Program Files (x86)\Microchip\xc8\v2.05\pic\sources\c90\common\printf.c estimated size: 61

mcc_generated_files/ext_int.c
		_INT1_SetInterruptHandler		CODE           	1A3B4	0000	15
		_EXT_INT_Initialize		CODE           	19C62	0000	57
		_INT2_SetInterruptHandler		CODE           	1A3A6	0000	15
		_INT1_DefaultInterruptHandler		CODE           	1A4B0	0000	3
		_INT1_CallBack 		CODE           	1A0BE	0000	37
		_INT2_DefaultInterruptHandler		CODE           	1A4AE	0000	3
		_INT2_CallBack 		CODE           	1A09A	0000	37
		_INT1_ISR      		CODE           	1A45A	0000	11
		_INT2_ISR      		CODE           	1A450	0000	11

mcc_generated_files/ext_int.c estimated size: 189

C:\Program Files (x86)\Microchip\xc8\v2.05\pic\sources\c90\common\awdiv.c
		___awdiv       		CODE           	18D60	0000	135

C:\Program Files (x86)\Microchip\xc8\v2.05\pic\sources\c90\common\awdiv.c estimated size: 135

LM73_I2C.c
		_LM73TempSensorInitialize		CODE           	177B8	0000	567
		_LM73Convert   		CODE           	16DDC	0000	669
		_LM73AcquisitionHandler		CODE           	179EE	0000	555

LM73_I2C.c estimated size: 1791

shared
		i2_printf      		CODE           	19BB0	0000	61
		i1_TMR3_Reload 		CODE           	1A3EC	0000	15
		i2_TMR3_Reload 		CODE           	1A408	0000	15
		_OledFont      		MEDIUMCONST    	E3A9	0000	769
		i1_TMR3_StopTimer		CODE           	1A492	0000	5
		i2_putch       		CODE           	1A464	0000	11
		i2___fleq      		CODE           	18CD6	0000	139
		__powers_      		MEDIUMCONST    	E321	0000	53
		i1_TMR3_WriteTimer		CODE           	1A144	0000	33
		_dpowers       		MEDIUMCONST    	E6A9	0000	41
		i2_TMR3_WriteTimer		CODE           	1A1D6	0000	29
		i2___lwdiv     		CODE           	195EC	0000	83
		i2_isdigit     		CODE           	1A164	0000	31
		i2___flneg     		CODE           	19E8C	0000	47
		i2___awdiv     		CODE           	18E6A	0000	133
		i2___fladd     		CODE           	1655E	0000	783
		i2__tdiv_to_l_ 		CODE           	17F9C	0000	255
		i2___wmul      		CODE           	1A050	0000	39
		i2__doprnt     		CODE           	11724	0000	5913
		i2__div_to_l_  		CODE           	18190	0000	245
		__npowers_     		MEDIUMCONST    	E355	0000	53
		i2___lwmod     		CODE           	19AB8	0000	67
		i2___fltol     		CODE           	18690	0000	187
		i2_scale       		CODE           	150B2	0000	1049
		i2___lldiv     		CODE           	18EEE	0000	131
		__initialization		CODE           	18BB4	0000	141
		i2___flge      		CODE           	18440	0000	209
		i2___awmod     		CODE           	1905C	0000	113
		i2_EUSART2_Write		CODE           	19A76	0000	67
		i2___flmul     		CODE           	15EFE	0000	851
		_hexpowers     		MEDIUMCONST    	E389	0000	33
		i2___llmod     		CODE           	192CC	0000	103
		i2___xxtofl    		CODE           	17D5C	0000	321
		i2___flsub     		CODE           	19850	0000	73
		_temp_adc_offset		MEDIUMCONST    	0000	0000	0
		i2_fround      		CODE           	16B2E	0000	687

shared estimated size: 12785

C:\Program Files (x86)\Microchip\xc8\v2.05\pic\sources\c90\common\sprcmul.c
		___flmul       		CODE           	15BAA	0000	853

C:\Program Files (x86)\Microchip\xc8\v2.05\pic\sources\c90\common\sprcmul.c estimated size: 853

C:\Program Files (x86)\Microchip\xc8\v2.05\pic\sources\c90\common\strncpy.c
		_strncpy       		CODE           	19134	0000	103

C:\Program Files (x86)\Microchip\xc8\v2.05\pic\sources\c90\common\strncpy.c estimated size: 103

mcc_generated_files/mcc.c
		_PMD_Initialize		CODE           	1A19E	0000	29
		_OSCILLATOR_Initialize		CODE           	1A240	0000	25
		_SYSTEM_Initialize		CODE           	19D38	0000	51

mcc_generated_files/mcc.c estimated size: 105

ring_buffer_interface.c
		_terminal_ringBufferPull		CODE           	18284	0000	235

ring_buffer_interface.c estimated size: 235

mcc_generated_files/tmr3.c
		_TMR3_ISR      		CODE           	19D04	0000	53
		_TMR3_Initialize		CODE           	1972E	0000	75
		_TMR3_SetInterruptHandler		CODE           	1A360	0000	15
		_TMR3_StopTimer		CODE           	1A48E	0000	5
		_TMR3_Reload   		CODE           	1A352	0000	15
		_TMR3_DefaultInterruptHandler		CODE           	1A4AA	0000	3
		_TMR3_WriteTimer		CODE           	1A104	0000	33
		_TMR3_StartTimer		CODE           	1A49A	0000	5

mcc_generated_files/tmr3.c estimated size: 204

C:\Program Files (x86)\Microchip\xc8\v2.05\pic\sources\c90\common\sprcdiv.c
		___fldiv       		CODE           	17078	0000	649

C:\Program Files (x86)\Microchip\xc8\v2.05\pic\sources\c90\common\sprcdiv.c estimated size: 649

C:\Program Files (x86)\Microchip\xc8\v2.05\pic\sources\c90\common\strcat.c
		_strcat        		CODE           	19392	0000	95

C:\Program Files (x86)\Microchip\xc8\v2.05\pic\sources\c90\common\strcat.c estimated size: 95

C:\Program Files (x86)\Microchip\xc8\v2.05\pic\sources\c90\common\flneg.c
		___flneg       		CODE           	19DFE	0000	49

C:\Program Files (x86)\Microchip\xc8\v2.05\pic\sources\c90\common\flneg.c estimated size: 49

C:\Program Files (x86)\Microchip\xc8\v2.05\pic\sources\c90\common\fabs.c
		_fabs          		CODE           	19BEC	0000	61

C:\Program Files (x86)\Microchip\xc8\v2.05\pic\sources\c90\common\fabs.c estimated size: 61

cause_of_reset.c
		_getCauseOfResetStringSmall		CODE           	19E2E	0000	49
		_getCauseOfResetString		CODE           	19DCE	0000	49
		_getCauseOfReset		CODE           	193F0	0000	91

cause_of_reset.c estimated size: 189

C:\Program Files (x86)\Microchip\xc8\v2.05\pic\sources\c90\common\memmove.c
		_memmove       		CODE           	1874A	0000	175

C:\Program Files (x86)\Microchip\xc8\v2.05\pic\sources\c90\common\memmove.c estimated size: 175

mcc_generated_files/i2c2.c
		_I2C2_BusCollisionISR		CODE           	1A42E	0000	13
		_I2C2_MasterRead		CODE           	196DE	0000	81
		_I2C2_FunctionComplete		CODE           	1A226	0000	27
		_I2C2_MasterWriteTRBBuild		CODE           	198DE	0000	71
		_I2C2_ISR      		CODE           	17300	0000	623
		_I2C2_MasterWrite		CODE           	1968E	0000	81
		_I2C2_Initialize		CODE           	19C9A	0000	55
		_I2C2_Stop     		CODE           	199F0	0000	69
		_I2C2_MasterReadTRBBuild		CODE           	1959A	0000	83
		_I2C2_WaitForLastPacketToComplete		CODE           	1A446	0000	11
		_I2C2_MasterTRBInsert		CODE           	18944	0000	163

mcc_generated_files/i2c2.c estimated size: 1277

C:\Program Files (x86)\Microchip\xc8\v2.05\pic\sources\c90\common\xxtofl.c
		___xxtofl      		CODE           	17C18	0000	325

C:\Program Files (x86)\Microchip\xc8\v2.05\pic\sources\c90\common\xxtofl.c estimated size: 325

oled.c
		_OLED_Clear    		CODE           	19AFA	0000	63
		_OLED_Command  		CODE           	19200	0000	103
		_OLED_WriteString		CODE           	1944A	0000	89
		_OLED_UpdateFromRAMBuffer		CODE           	18F70	0000	123
		_OLED_Init     		CODE           	18A82	0000	155
		_OLED_updateHandler		CODE           	14360	0000	2335
		_OLED_PutChar  		CODE           	18510	0000	197
		_OLED_YX       		CODE           	199AC	0000	69

oled.c estimated size: 3134

mcc_generated_files/memory.c
		_FLASH_ReadWord		CODE           	19A34	0000	67
		_FLASH_ReadByte		CODE           	1A1F2	0000	27

mcc_generated_files/memory.c estimated size: 94

ring_buffer_LUT.c
		_ringBufferLUT 		CODE           	12E3C	0000	3051

ring_buffer_LUT.c estimated size: 3051

C:\Program Files (x86)\Microchip\xc8\v2.05\pic\sources\c90\common\strlen.c
		_strlen        		CODE           	19E5E	0000	47

C:\Program Files (x86)\Microchip\xc8\v2.05\pic\sources\c90\common\strlen.c estimated size: 47

mcc_generated_files/adcc.c
		_ADCC_StopConversion		CODE           	1A4A2	0000	5
		_ADCC_DefaultInterruptHandler		CODE           	1A4B8	0000	3
		_ADCC_ClearAccumulator		CODE           	1A482	0000	7
		_ADCC_GetFilterValue		CODE           	1A2DA	0000	21
		_ADCC_GetCurrentCountofConversions		CODE           	1A4A6	0000	5
		_ADCC_SetADTIInterruptHandler		CODE           	1A3DE	0000	15
		_ADCC_GetConversionResult		CODE           	1A2EE	0000	21
		_ADCC_ThresholdISR		CODE           	1A002	0000	41
		_ADCC_StartConversion		CODE           	1A3FA	0000	15
		_ADCC_Initialize		CODE           	19332	0000	97
		_ADCC_HasAccumulatorOverflowed		CODE           	1A43A	0000	13
		_ADCC_DischargeSampleCapacitor		CODE           	1A46E	0000	9

mcc_generated_files/adcc.c estimated size: 252

C:\Program Files (x86)\Microchip\xc8\v2.05\pic\sources\c90\common\strcmp.c
		_strcmp        		CODE           	1963E	0000	81

C:\Program Files (x86)\Microchip\xc8\v2.05\pic\sources\c90\common\strcmp.c estimated size: 81

C:\Program Files (x86)\Microchip\xc8\v2.05\pic\sources\c90\common\strcpy.c
		_strcpy        		CODE           	19778	0000	73

C:\Program Files (x86)\Microchip\xc8\v2.05\pic\sources\c90\common\strcpy.c estimated size: 73

C:\Program Files (x86)\Microchip\xc8\v2.05\pic\sources\c90\common\__lldiv.c
		___lldiv       		CODE           	18DE6	0000	133

C:\Program Files (x86)\Microchip\xc8\v2.05\pic\sources\c90\common\__lldiv.c estimated size: 133

main.c
		_main          		CODE           	1756E	0000	587

main.c estimated size: 587

C:\Program Files (x86)\Microchip\xc8\v2.05\pic\sources\c90\common\fleq.c
		___fleq        		CODE           	18C4A	0000	141

C:\Program Files (x86)\Microchip\xc8\v2.05\pic\sources\c90\common\fleq.c estimated size: 141

C:\Program Files (x86)\Microchip\xc8\v2.05\pic\sources\c90\common\lwmod.c
		___lwmod       		CODE           	19968	0000	69

C:\Program Files (x86)\Microchip\xc8\v2.05\pic\sources\c90\common\lwmod.c estimated size: 69

