Microchip MPLAB XC8 Compiler V2.05 ()

Linker command line:

-W-3 --edf=C:\Program Files (x86)\Microchip\xc8\v2.05\pic\dat\en_msgs.txt \
  -cs -h+dist/default/production\QI_Monitor.X.production.sym \
  --cmf=dist/default/production\QI_Monitor.X.production.cmf -z -Q18F27K40 \
  -oC:\Users\DREWMA~1\AppData\Local\Temp\segc.2 --defsym=__MPLAB_BUILD=1 \
  -Mdist/default/production/QI_Monitor.X.production.map -E1 -ver=XC8 \
  --acfsm=1493 -ASTACK=04DAh-0E87h -pstack=STACK -ACODE=00h-01FFFFh \
  -ACONST=00h-01FFFFh -ASMALLCONST=0F00h-0FFFhx497 \
  -AMEDIUMCONST=0F00h-0FFFFh,010F00h-01FFFFh -ACOMRAM=01h-05Fh \
  -AABS1=00h-0E87h -ABIGRAM=01h-0E87h \
  -ARAM=060h-0FFh,0100h-01FFhx13,0E00h-0E87h -ABANK0=060h-0FFh \
  -ABANK1=0100h-01FFh -ABANK2=0200h-02FFh -ABANK3=0300h-03FFh \
  -ABANK4=0400h-04FFh -ABANK5=0500h-05FFh -ABANK6=0600h-06FFh \
  -ABANK7=0700h-07FFh -ABANK8=0800h-08FFh -ABANK9=0900h-09FFh \
  -ABANK10=0A00h-0AFFh -ABANK11=0B00h-0BFFh -ABANK12=0C00h-0CFFh \
  -ABANK13=0D00h-0DFFh -ABANK14=0E00h-0E87h \
  -ASFR=0E8Dh-0EFFh,0F00h-0F5Fh,0F60h-0FFFh \
  -preset_vec=00h,intcode=08h,intcodelo=018h,powerup,init -pramtop=0F00h \
  -psmallconst=SMALLCONST -pmediumconst=MEDIUMCONST -pconst=CONST \
  -AFARRAM=00h-00h -ACONFIG=0300000h-030000Bh -pconfig=CONFIG \
  -AIDLOC=0200000h-020000Fh -pidloc=IDLOC -AEEDATA=0310000h-03103FFh \
  -peeprom_data=EEDATA \
  -prdata=COMRAM,nvrram=COMRAM,nvbit=COMRAM,rbss=COMRAM,rbit=COMRAM \
  -pfarbss=FARRAM,fardata=FARRAM,nvFARRAM=FARRAM \
  -pintsave_regs=BIGRAM,bigbss=BIGRAM,bigdata=BIGRAM -pbss=RAM \
  -pidata=CODE,irdata=CODE,ibigdata=CODE,ifardata=CODE -prparam=COMRAM \
  C:\Users\DREWMA~1\AppData\Local\Temp\segc.o \
  dist/default/production\QI_Monitor.X.production.o 

Object code version is 3.11

Machine type is 18F27K40

Call graph: (short form)




                Name                               Link     Load   Length Selector   Space Scale
C:\Users\DREWMA~1\AppData\Local\Temp\segc.o
                init                                 C2       C2        4        C       0
                reset_vec                             0        0        4        0       0
                idloc                            200000   200000       10   200000       0
                config                           300000   300000        C   300000       0
dist/default/production\QI_Monitor.X.production.o
                intcodelo                            18       18       AA        C       0
                intcode                               8        8        6        4       0
                temp                                 5E       5E        1        1       1
                mediumconst                        E164     E164     1E9C     70B2       0
                text198                           1BD5A    1BD5A       14     8000       0
                text197                           1BF20    1BF20        4     8000       0
                text196                           1BD46    1BD46       14     8000       0
                text195                           1BEA6    1BEA6        C     8000       0
                text194                           1BF1C    1BF1C        4     8000       0
                text193                           1BF18    1BF18        4     8000       0
                text192                           1BEFE    1BEFE        6     8000       0
                text191                           1B89A    1B89A       2E     8000       0
                text190                           1B5FC    1B5FC       3C     8000       0
                text189                           18270    18270      288     8000       0
                text188                           19C84    19C84       D0     8000       0
                text187                           168D4    168D4      352     8000       0
                text186                           17242    17242      30E     8000       0
                text185                           1B1A6    1B1A6       48     8000       0
                text184                           19384    19384      140     8000       0
                text183                           14960    14960      974     8000       0
                text182                           1BF32    1BF32        2     8000       0
                text181                           1BA10    1BA10       28     8000       0
                text180                           1A686    1A686       8A     8000       0
                text179                           1A05E    1A05E       BA     8000       0
                text178                           1A89E    1A89E       82     8000       0
                text177                           1AC08    1AC08       66     8000       0
                text176                           1BA5E    1BA5E       26     8000       0
                text175                           199CE    199CE       F4     8000       0
                text174                           196E6    196E6       FE     8000       0
                text173                           1AF3C    1AF3C       52     8000       0
                text172                           1B40E    1B40E       42     8000       0
                text171                           17812    17812      2AE     8000       0
                text170                           1BBD2    1BBD2       1E     8000       0
                text169                           1B3CC    1B3CC       42     8000       0
                text168                           1BEDA    1BEDA        A     8000       0
                text167                           1A81A    1A81A       84     8000       0
                text166                           1A992    1A992       70     8000       0
                text165                           15708    15708      418     8000       0
                text164                           11724    11724     1718     8000       0
                text163                           1B5C0    1B5C0       3C     8000       0
                text162                           1A1C6    1A1C6       A4     8000       0
                text161                           1BD08    1BD08       16     8000       0
                text160                           1BF30    1BF30        2     8000       0
                text159                           1BACC    1BACC       24     8000       0
                text158                           1BED0    1BED0        A     8000       0
                text157                           1BCF2    1BCF2       16     8000       0
                text156                           1BF2E    1BF2E        2     8000       0
                text155                           1BAA8    1BAA8       24     8000       0
                text154                           1BEC6    1BEC6        A     8000       0
                text153                           1BF14    1BF14        4     8000       0
                text152                           1BC28    1BC28       1C     8000       0
                text151                           1BE74    1BE74        E     8000       0
                text150                           1BDAE    1BDAE       10     8000       0
                text149                           1BF2C    1BF2C        2     8000       0
                text148                           1B946    1B946       2A     8000       0
                text147                           1BCC4    1BCC4       18     8000       0
                text146                           1BF2A    1BF2A        2     8000       0
                text145                           1B91C    1B91C       2A     8000       0
                text144                           1BD32    1BD32       14     8000       0
                text143                           1AA02    1AA02       6C     8000       0
                text142                           1BF28    1BF28        2     8000       0
                text141                           1B9E8    1B9E8       28     8000       0
                intcode_body                      19EE2    19EE2       C0     8000       0
                text139                           16F34    16F34      30E     8000       0
                text138                           17FE6    17FE6      28A     8000       0
                text137                           16580    16580      354     8000       0
                text136                           19240    19240      144     8000       0
                text135                           19D54    19D54       CA     8000       0
                text134                           1B450    1B450       40     8000       0
                text133                           1BC92    1BC92       1A     8000       0
                text132                           1B77A    1B77A       32     8000       0
                text131                           1BE9A    1BE9A        C     8000       0
                text130                           1BC78    1BC78       1A     8000       0
                text129                           1B346    1B346       44     8000       0
                text128                           184F8    184F8      276     8000       0
                text127                           1BEF8    1BEF8        6     8000       0
                text126                           1BEE4    1BEE4        8     8000       0
                text125                           1BE66    1BE66        E     8000       0
                text124                           1BF10    1BF10        4     8000       0
                text123                           1BEF2    1BEF2        6     8000       0
                text122                           1BF26    1BF26        2     8000       0
                text121                           1BC5E    1BC5E       1A     8000       0
                text120                           1B9C0    1B9C0       28     8000       0
                text119                           1BB94    1BB94       20     8000       0
                text118                           1BE58    1BE58        E     8000       0
                text117                           1BF0C    1BF0C        4     8000       0
                text116                           1BF24    1BF24        2     8000       0
                text115                           1B8F2    1B8F2       2A     8000       0
                text114                           1B714    1B714       34     8000       0
                text112                           1AEEA    1AEEA       52     8000       0
                text111                           1BEBC    1BEBC        A     8000       0
                text110                           1A26A    1A26A       A2     8000       0
                text109                           1B07E    1B07E       50     8000       0
                text108                           1B234    1B234       46     8000       0
                text107                           1B02E    1B02E       50     8000       0
                text106                           1622C    1622C      354     8000       0
                text105                           190FC    190FC      144     8000       0
                text104                           17AC0    17AC0      29C     8000       0
                text103                           18C06    18C06      22C     8000       0
                text102                           189CE    189CE      238     8000       0
                text101                           1A118    1A118       AE     8000       0
                text100                           19E1E    19E1E       C4     8000       0
                text99                            1B4CE    1B4CE       3E     8000       0
                text98                            1ABA2    1ABA2       66     8000       0
                text97                            1A444    1A444       98     8000       0
                text96                            1AE3E    1AE3E       58     8000       0
                text95                            1B302    1B302       44     8000       0
                text94                            1B86C    1B86C       2E     8000       0
                text93                            194C4    194C4      122     8000       0
                text92                            17D5C    17D5C      28A     8000       0
                text91                            1B83C    1B83C       30     8000       0
                text90                            1A796    1A796       84     8000       0
                text89                            1B998    1B998       28     8000       0
                text88                            1A4DC    1A4DC       90     8000       0
                text87                            1BC44    1BC44       1A     8000       0
                text86                            1B38A    1B38A       42     8000       0
                text85                            1BB74    1BB74       20     8000       0
                text84                            19AC2    19AC2       F0     8000       0
                text83                            1B584    1B584       3C     8000       0
                text82                            1BA38    1BA38       26     8000       0
                text81                            18FAC    18FAC      150     8000       0
                text80                            1AD88    1AD88       5C     8000       0
                text79                            18E32    18E32      17A     8000       0
                text78                            1B80C    1B80C       30     8000       0
                text77                            1A5FA    1A5FA       8C     8000       0
                text76                            19BB2    19BB2       D2     8000       0
                text75                            1B7DC    1B7DC       30     8000       0
                text74                            16C26    16C26      30E     8000       0
                text73                            1B15E    1B15E       48     8000       0
                text72                            19FA2    19FA2       BC     8000       0
                text71                            1AA6E    1AA6E       68     8000       0
                text70                            197E4    197E4       F6     8000       0
                text69                            195E6    195E6      100     8000       0
                text68                            1AE96    1AE96       54     8000       0
                text67                            1B2BE    1B2BE       44     8000       0
                text66                            17550    17550      2C2     8000       0
                text65                            1BB12    1BB12       22     8000       0
                text64                            1B27A    1B27A       44     8000       0
                text63                            1BD1E    1BD1E       14     8000       0
                text62                            1A710    1A710       86     8000       0
                text61                            1A920    1A920       72     8000       0
                text60                            152D4    152D4      434     8000       0
                text59                            10000    10000     1724     8000       0
                text58                            1B116    1B116       48     8000       0
                text57                            1B0CE    1B0CE       48     8000       0
                text56                            12E3C    12E3C      E60     8000       0
                text55                            1BE4A    1BE4A        E     8000       0
                text54                            1AC6E    1AC6E       60     8000       0
                text53                            1BAF0    1BAF0       22     8000       0
                text52                            1BE3C    1BE3C        E     8000       0
                text51                            1BE2E    1BE2E        E     8000       0
                text50                            1AB3C    1AB3C       66     8000       0
                text49                            1BE20    1BE20        E     8000       0
                text48                            1BE12    1BE12        E     8000       0
                text47                            1B672    1B672       38     8000       0
                text46                            1BE8E    1BE8E        C     8000       0
                text45                            1B6AA    1B6AA       36     8000       0
                text44                            1BBB4    1BBB4       1E     8000       0
                text43                            1BCAC    1BCAC       18     8000       0
                text42                            1BE04    1BE04        E     8000       0
                text41                            1BDF6    1BDF6        E     8000       0
                text40                            1A30C    1A30C       A0     8000       0
                text39                            1BC0C    1BC0C       1C     8000       0
                text38                            1BDE8    1BDE8        E     8000       0
                text37                            1B8C8    1B8C8       2A     8000       0
                text36                            1BDDA    1BDDA        E     8000       0
                text35                            1B748    1B748       32     8000       0
                text34                            1BDCC    1BDCC        E     8000       0
                text33                            1AFDE    1AFDE       50     8000       0
                text32                            1B548    1B548       3C     8000       0
                text31                            1B638    1B638       3A     8000       0
                text30                            1BB54    1BB54       20     8000       0
                text29                            1BDBE    1BDBE        E     8000       0
                text28                            1BF08    1BF08        4     8000       0
                text27                            1BF04    1BF04        4     8000       0
                text26                            1BB34    1BB34       20     8000       0
                text25                            1BEB2    1BEB2        A     8000       0
                text24                            1ADE4    1ADE4       5A     8000       0
                text23                            1B50C    1B50C       3C     8000       0
                text22                            1BD9E    1BD9E       10     8000       0
                text21                            1BD8E    1BD8E       10     8000       0
                text20                            1B490    1B490       3E     8000       0
                text19                            1BCDC    1BCDC       16     8000       0
                text18                            1B970    1B970       28     8000       0
                text17                            1BEEC    1BEEC        6     8000       0
                text16                            1B1EE    1B1EE       46     8000       0
                text15                            1BD7E    1BD7E       10     8000       0
                text14                            1BBF0    1BBF0       1C     8000       0
                text13                            1BE82    1BE82        C     8000       0
                text12                            1B7AC    1B7AC       30     8000       0
                text11                            1A3AC    1A3AC       98     8000       0
                text10                            1AD2C    1AD2C       5C     8000       0
                text9                             1ACCE    1ACCE       5E     8000       0
                text8                             15B20    15B20      3A6     8000       0
                text7                             1B6E0    1B6E0       34     8000       0
                text6                             1AF8E    1AF8E       50     8000       0
                text5                             1AAD6    1AAD6       66     8000       0
                text4                             15EC6    15EC6      366     8000       0
                text3                             1BD6E    1BD6E       10     8000       0
                text2                             13C9C    13C9C      CC4     8000       0
                text1                             198DA    198DA       F4     8000       0
                text0                             1876E    1876E      260     8000       0
                cstackCOMRAM                          1        1       5D        1       1
                cstackBANK0                          60       60       59       60       1
                cstackBANK1                         100      100       61      100       1
                cstackBANK2                         200      200       B2      200       1
                cstackBANK3                         3DD      3DD       22      300       1
                cstackBANK4                         4C0      4C0       1A      400       1
                bssBANK4                            400      400       C0      400       1
                dataBANK3                           3B9      3B9       24      300       1
                bssBANK3                            300      300       B9      300       1
                dataBANK2                           2FF      2FF        1      200       1
                bssBANK2                            2B2      2B2       4C      200       1
                bssBANK1                            161      161       58      100       1
                dataBANK0                            FD       FD        1       60       1
                bssBANK0                             B9       B9       43       60       1
                bitbssBANK0                         7E0       FC        1       60       1     8
                cinit                             1A56C    1A56C       8E     8000       0
                nvBANK2                             2FE      2FE        1      200       1
                idataBANK3                        1BA84    1BA84       24     8000       0
                idataBANK2                        1BF35    1BF35        1     8000       0
                idataBANK0                        1BF34    1BF34        1     8000       0

TOTAL           Name                               Link     Load   Length     Space
        CLASS   STACK          

        CLASS   CODE           
                intcodelo                            18       18       AA         0
                intcode                               8        8        6         0
                init                                 C2       C2        4         0
                reset_vec                             0        0        4         0
                text198                           1BD5A    1BD5A       14         0
                text197                           1BF20    1BF20        4         0
                text196                           1BD46    1BD46       14         0
                text195                           1BEA6    1BEA6        C         0
                text194                           1BF1C    1BF1C        4         0
                text193                           1BF18    1BF18        4         0
                text192                           1BEFE    1BEFE        6         0
                text191                           1B89A    1B89A       2E         0
                text190                           1B5FC    1B5FC       3C         0
                text189                           18270    18270      288         0
                text188                           19C84    19C84       D0         0
                text187                           168D4    168D4      352         0
                text186                           17242    17242      30E         0
                text185                           1B1A6    1B1A6       48         0
                text184                           19384    19384      140         0
                text183                           14960    14960      974         0
                text182                           1BF32    1BF32        2         0
                text181                           1BA10    1BA10       28         0
                text180                           1A686    1A686       8A         0
                text179                           1A05E    1A05E       BA         0
                text178                           1A89E    1A89E       82         0
                text177                           1AC08    1AC08       66         0
                text176                           1BA5E    1BA5E       26         0
                text175                           199CE    199CE       F4         0
                text174                           196E6    196E6       FE         0
                text173                           1AF3C    1AF3C       52         0
                text172                           1B40E    1B40E       42         0
                text171                           17812    17812      2AE         0
                text170                           1BBD2    1BBD2       1E         0
                text169                           1B3CC    1B3CC       42         0
                text168                           1BEDA    1BEDA        A         0
                text167                           1A81A    1A81A       84         0
                text166                           1A992    1A992       70         0
                text165                           15708    15708      418         0
                text164                           11724    11724     1718         0
                text163                           1B5C0    1B5C0       3C         0
                text162                           1A1C6    1A1C6       A4         0
                text161                           1BD08    1BD08       16         0
                text160                           1BF30    1BF30        2         0
                text159                           1BACC    1BACC       24         0
                text158                           1BED0    1BED0        A         0
                text157                           1BCF2    1BCF2       16         0
                text156                           1BF2E    1BF2E        2         0
                text155                           1BAA8    1BAA8       24         0
                text154                           1BEC6    1BEC6        A         0
                text153                           1BF14    1BF14        4         0
                text152                           1BC28    1BC28       1C         0
                text151                           1BE74    1BE74        E         0
                text150                           1BDAE    1BDAE       10         0
                text149                           1BF2C    1BF2C        2         0
                text148                           1B946    1B946       2A         0
                text147                           1BCC4    1BCC4       18         0
                text146                           1BF2A    1BF2A        2         0
                text145                           1B91C    1B91C       2A         0
                text144                           1BD32    1BD32       14         0
                text143                           1AA02    1AA02       6C         0
                text142                           1BF28    1BF28        2         0
                text141                           1B9E8    1B9E8       28         0
                intcode_body                      19EE2    19EE2       C0         0
                text139                           16F34    16F34      30E         0
                text138                           17FE6    17FE6      28A         0
                text137                           16580    16580      354         0
                text136                           19240    19240      144         0
                text135                           19D54    19D54       CA         0
                text134                           1B450    1B450       40         0
                text133                           1BC92    1BC92       1A         0
                text132                           1B77A    1B77A       32         0
                text131                           1BE9A    1BE9A        C         0
                text130                           1BC78    1BC78       1A         0
                text129                           1B346    1B346       44         0
                text128                           184F8    184F8      276         0
                text127                           1BEF8    1BEF8        6         0
                text126                           1BEE4    1BEE4        8         0
                text125                           1BE66    1BE66        E         0
                text124                           1BF10    1BF10        4         0
                text123                           1BEF2    1BEF2        6         0
                text122                           1BF26    1BF26        2         0
                text121                           1BC5E    1BC5E       1A         0
                text120                           1B9C0    1B9C0       28         0
                text119                           1BB94    1BB94       20         0
                text118                           1BE58    1BE58        E         0
                text117                           1BF0C    1BF0C        4         0
                text116                           1BF24    1BF24        2         0
                text115                           1B8F2    1B8F2       2A         0
                text114                           1B714    1B714       34         0
                text112                           1AEEA    1AEEA       52         0
                text111                           1BEBC    1BEBC        A         0
                text110                           1A26A    1A26A       A2         0
                text109                           1B07E    1B07E       50         0
                text108                           1B234    1B234       46         0
                text107                           1B02E    1B02E       50         0
                text106                           1622C    1622C      354         0
                text105                           190FC    190FC      144         0
                text104                           17AC0    17AC0      29C         0
                text103                           18C06    18C06      22C         0
                text102                           189CE    189CE      238         0
                text101                           1A118    1A118       AE         0
                text100                           19E1E    19E1E       C4         0
                text99                            1B4CE    1B4CE       3E         0
                text98                            1ABA2    1ABA2       66         0
                text97                            1A444    1A444       98         0
                text96                            1AE3E    1AE3E       58         0
                text95                            1B302    1B302       44         0
                text94                            1B86C    1B86C       2E         0
                text93                            194C4    194C4      122         0
                text92                            17D5C    17D5C      28A         0
                text91                            1B83C    1B83C       30         0
                text90                            1A796    1A796       84         0
                text89                            1B998    1B998       28         0
                text88                            1A4DC    1A4DC       90         0
                text87                            1BC44    1BC44       1A         0
                text86                            1B38A    1B38A       42         0
                text85                            1BB74    1BB74       20         0
                text84                            19AC2    19AC2       F0         0
                text83                            1B584    1B584       3C         0
                text82                            1BA38    1BA38       26         0
                text81                            18FAC    18FAC      150         0
                text80                            1AD88    1AD88       5C         0
                text79                            18E32    18E32      17A         0
                text78                            1B80C    1B80C       30         0
                text77                            1A5FA    1A5FA       8C         0
                text76                            19BB2    19BB2       D2         0
                text75                            1B7DC    1B7DC       30         0
                text74                            16C26    16C26      30E         0
                text73                            1B15E    1B15E       48         0
                text72                            19FA2    19FA2       BC         0
                text71                            1AA6E    1AA6E       68         0
                text70                            197E4    197E4       F6         0
                text69                            195E6    195E6      100         0
                text68                            1AE96    1AE96       54         0
                text67                            1B2BE    1B2BE       44         0
                text66                            17550    17550      2C2         0
                text65                            1BB12    1BB12       22         0
                text64                            1B27A    1B27A       44         0
                text63                            1BD1E    1BD1E       14         0
                text62                            1A710    1A710       86         0
                text61                            1A920    1A920       72         0
                text60                            152D4    152D4      434         0
                text59                            10000    10000     1724         0
                text58                            1B116    1B116       48         0
                text57                            1B0CE    1B0CE       48         0
                text56                            12E3C    12E3C      E60         0
                text55                            1BE4A    1BE4A        E         0
                text54                            1AC6E    1AC6E       60         0
                text53                            1BAF0    1BAF0       22         0
                text52                            1BE3C    1BE3C        E         0
                text51                            1BE2E    1BE2E        E         0
                text50                            1AB3C    1AB3C       66         0
                text49                            1BE20    1BE20        E         0
                text48                            1BE12    1BE12        E         0
                text47                            1B672    1B672       38         0
                text46                            1BE8E    1BE8E        C         0
                text45                            1B6AA    1B6AA       36         0
                text44                            1BBB4    1BBB4       1E         0
                text43                            1BCAC    1BCAC       18         0
                text42                            1BE04    1BE04        E         0
                text41                            1BDF6    1BDF6        E         0
                text40                            1A30C    1A30C       A0         0
                text39                            1BC0C    1BC0C       1C         0
                text38                            1BDE8    1BDE8        E         0
                text37                            1B8C8    1B8C8       2A         0
                text36                            1BDDA    1BDDA        E         0
                text35                            1B748    1B748       32         0
                text34                            1BDCC    1BDCC        E         0
                text33                            1AFDE    1AFDE       50         0
                text32                            1B548    1B548       3C         0
                text31                            1B638    1B638       3A         0
                text30                            1BB54    1BB54       20         0
                text29                            1BDBE    1BDBE        E         0
                text28                            1BF08    1BF08        4         0
                text27                            1BF04    1BF04        4         0
                text26                            1BB34    1BB34       20         0
                text25                            1BEB2    1BEB2        A         0
                text24                            1ADE4    1ADE4       5A         0
                text23                            1B50C    1B50C       3C         0
                text22                            1BD9E    1BD9E       10         0
                text21                            1BD8E    1BD8E       10         0
                text20                            1B490    1B490       3E         0
                text19                            1BCDC    1BCDC       16         0
                text18                            1B970    1B970       28         0
                text17                            1BEEC    1BEEC        6         0
                text16                            1B1EE    1B1EE       46         0
                text15                            1BD7E    1BD7E       10         0
                text14                            1BBF0    1BBF0       1C         0
                text13                            1BE82    1BE82        C         0
                text12                            1B7AC    1B7AC       30         0
                text11                            1A3AC    1A3AC       98         0
                text10                            1AD2C    1AD2C       5C         0
                text9                             1ACCE    1ACCE       5E         0
                text8                             15B20    15B20      3A6         0
                text7                             1B6E0    1B6E0       34         0
                text6                             1AF8E    1AF8E       50         0
                text5                             1AAD6    1AAD6       66         0
                text4                             15EC6    15EC6      366         0
                text3                             1BD6E    1BD6E       10         0
                text2                             13C9C    13C9C      CC4         0
                text1                             198DA    198DA       F4         0
                text0                             1876E    1876E      260         0
                cinit                             1A56C    1A56C       8E         0
                idataBANK3                        1BA84    1BA84       24         0
                idataBANK2                        1BF35    1BF35        1         0
                idataBANK0                        1BF34    1BF34        1         0

        CLASS   CONST          

        CLASS   SMALLCONST     

        CLASS   MEDIUMCONST    
                mediumconst                        E164     E164     1E9C         0

        CLASS   COMRAM         
                temp                                 5E       5E        1         1
                cstackCOMRAM                          1        1       5D         1

        CLASS   ABS1           

        CLASS   BIGRAM         

        CLASS   RAM            

        CLASS   BANK0          
                cstackBANK0                          60       60       59         1
                dataBANK0                            FD       FD        1         1
                bssBANK0                             B9       B9       43         1
                bitbssBANK0                         7E0       FC        1         1

        CLASS   BANK1          
                cstackBANK1                         100      100       61         1
                bssBANK1                            161      161       58         1

        CLASS   BANK2          
                cstackBANK2                         200      200       B2         1
                dataBANK2                           2FF      2FF        1         1
                bssBANK2                            2B2      2B2       4C         1
                nvBANK2                             2FE      2FE        1         1

        CLASS   BANK3          
                cstackBANK3                         3DD      3DD       22         1
                dataBANK3                           3B9      3B9       24         1
                bssBANK3                            300      300       B9         1

        CLASS   BANK4          
                cstackBANK4                         4C0      4C0       1A         1
                bssBANK4                            400      400       C0         1

        CLASS   BANK5          

        CLASS   BANK6          

        CLASS   BANK7          

        CLASS   BANK8          

        CLASS   BANK9          

        CLASS   BANK10         

        CLASS   BANK11         

        CLASS   BANK12         

        CLASS   BANK13         

        CLASS   BANK14         

        CLASS   SFR            

        CLASS   FARRAM         

        CLASS   CONFIG         
                config                           300000   300000        C         0

        CLASS   IDLOC          
                idloc                            200000   200000       10         0

        CLASS   EEDATA         



SEGMENTS        Name                           Load    Length   Top    Selector   Space  Class

                reset_vec                      000000  000004  000004         0       0  CODE    
                cstackCOMRAM                   000001  00005E  00005F         1       1  COMRAM  
                intcode                        000008  000006  00000E         4       0  CODE    
                intcodelo                      000018  0000AE  0000C6         C       0  CODE    
                cstackBANK0                    000060  00009E  0000FE        60       1  BANK0   
                cstackBANK1                    000100  0000B9  0001B9       100       1  BANK1   
                cstackBANK2                    000200  000100  000300       200       1  BANK2   
                bssBANK3                       000300  0000FF  0003FF       300       1  BANK3   
                bssBANK4                       000400  0000DA  0004DA       400       1  BANK4   
                mediumconst                    00E164  001E9C  010000      70B2       0  MEDIUMCO
                text59                         010000  00BF36  01BF36      8000       0  CODE    
                idloc                          200000  000010  200010    200000       0  IDLOC   
                config                         300000  00000C  30000C    300000       0  CONFIG  


UNUSED ADDRESS RANGES

        Name                Unused          Largest block    Delta
        BANK0            0000FE-0000FF                2
        BANK1            0001B9-0001FF               47
        BANK10           000A00-000AFF              100
        BANK11           000B00-000BFF              100
        BANK12           000C00-000CFF              100
        BANK13           000D00-000DFF              100
        BANK14           000E00-000E87               88
        BANK3            0003FF-0003FF                1
        BANK4            0004DA-0004FF               26
        BANK5            000500-0005FF              100
        BANK6            000600-0006FF              100
        BANK7            000700-0007FF              100
        BANK8            000800-0008FF              100
        BANK9            000900-0009FF              100
        BIGRAM           00005F-00005F                1
                         0000FE-0000FF                2
                         0001B9-0001FF               47
                         0003FF-0003FF                1
                         0004DA-000E87              9AE
        CODE             000004-000007                4
                         00000E-000017                A
                         0000C6-00E163             E09E
                         01BF36-01FFFF             40CA
        COMRAM           00005F-00005F                1
        CONST            000004-000007                4
                         00000E-000017                A
                         0000C6-00E163             E09E
                         01BF36-01FFFF             40CA
        EEDATA           310000-3103FF              400
        MEDIUMCONST      000F00-00E163             D264
                         01BF36-01FFFF             40CA
        RAM              0000FE-0000FF                2
                         0001B9-0001FF               47
                         0003FF-0003FF                1
                         0004DA-000E87              100
        SFR              000E8D-000FFF               73
        SMALLCONST       000F00-00E163              100
                         01BF36-01FFFF              100
        STACK            0004DA-000E87              9AE

                                  Symbol Table

?_ADCC_GetConversionResult                     cstackCOMRAM 000001
?_ADCC_GetFilterValue                          cstackCOMRAM 000001
?_FLASH_ReadWord                               cstackBANK2  000204
?___awdiv                                      cstackBANK2  000206
?___awmod                                      cstackBANK2  000200
?___fladd                                      cstackBANK2  000234
?___fldiv                                      cstackBANK2  000200
?___flmul                                      cstackBANK2  00020E
?___flneg                                      cstackBANK2  000200
?___flsub                                      cstackBANK2  000244
?___fltol                                      cstackBANK2  000230
?___lldiv                                      cstackBANK2  000200
?___llmod                                      cstackBANK2  00020D
?___lwdiv                                      cstackBANK2  000205
?___lwmod                                      cstackBANK2  000200
?___wmul                                       cstackBANK2  000200
?___xxtofl                                     cstackBANK2  000200
?__div_to_l_                                   cstackBANK2  000200
?__doprnt                                      cstackBANK2  00024C
?__tdiv_to_l_                                  cstackBANK2  000200
?_fabs                                         cstackCOMRAM 000005
?_fround                                       cstackBANK2  000227
?_getCauseOfResetString                        cstackBANK2  000200
?_getCauseOfResetStringSmall                   cstackBANK2  000200
?_getDeviceID                                  cstackBANK2  00020B
?_getDeviceIDString                            cstackBANK2  00020D
?_getNXQChargeStateString                      cstackBANK2  000200
?_getNXQChargeStateStringCaps                  cstackBANK2  000200
?_getStringSecondsAsTime                       cstackBANK2  000297
?_getUserID                                    cstackBANK2  00020B
?_printf                                       cstackBANK2  00029F
?_scale                                        cstackBANK2  000227
?_sprintf                                      cstackBANK2  000284
?_strcmp                                       cstackBANK2  000200
?_strlen                                       cstackBANK2  000200
?i1___fladd                                    cstackBANK1  00010E
?i1___fldiv                                    cstackBANK1  00011E
?i1___flmul                                    cstackBANK1  000137
?i1___xxtofl                                   cstackBANK1  000100
?i2___awdiv                                    cstackCOMRAM 000007
?i2___awmod                                    cstackCOMRAM 000001
?i2___fladd                                    cstackCOMRAM 000052
?i2___fldiv                                    cstackCOMRAM 000013
?i2___flmul                                    cstackCOMRAM 00002C
?i2___flneg                                    cstackCOMRAM 000001
?i2___flsub                                    cstackBANK0  000064
?i2___fltol                                    cstackCOMRAM 00004E
?i2___lldiv                                    cstackCOMRAM 000001
?i2___llmod                                    cstackCOMRAM 00000E
?i2___lwdiv                                    cstackCOMRAM 000006
?i2___lwmod                                    cstackCOMRAM 000001
?i2___wmul                                     cstackCOMRAM 000001
?i2___xxtofl                                   cstackCOMRAM 000005
?i2__div_to_l_                                 cstackCOMRAM 000001
?i2__doprnt                                    cstackBANK0  00006C
?i2__tdiv_to_l_                                cstackCOMRAM 000001
?i2_fround                                     cstackCOMRAM 000045
?i2_printf                                     cstackBANK0  0000A4
?i2_scale                                      cstackCOMRAM 000045
ADCC_SetADTIInterruptHandler@InterruptHandler  cstackBANK2  000200
ADCC_StartConversion@channel                   cstackBANK1  000100
ADC_PostProcessingHandler@current_adc_channel  cstackBANK0  000078
ADC_PostProcessingHandler@i                    cstackBANK0  000079
ADC_PostProcessingHandler@i_3325               cstackBANK0  00007A
CCP2_CallBack@capturedValue                    cstackBANK1  000154
CCP2_CaptureISR@module                         cstackBANK1  000156
EUSART2_Read@readValue                         cstackBANK2  000200
EUSART2_SetRxInterruptHandler@interruptHandler cstackBANK2  000200
EUSART2_SetTxInterruptHandler@interruptHandler cstackBANK2  000200
EUSART2_Write@txData                           cstackBANK2  000200
FLASH_ReadByte@flashAddr                       cstackBANK2  000200
FLASH_ReadWord@flashAddr                       cstackBANK2  000204
I2C2_ISR@i2c_10bit_address_restart             bssBANK0     0000D9
I2C2_ISR@i2c_address                           bssBANK0     0000FA
I2C2_ISR@i2c_bytes_left                        bssBANK0     0000DA
I2C2_ISR@pi2c_buf_ptr                          bssBANK0     0000D1
I2C2_MasterRead@address                        cstackBANK2  00020C
I2C2_MasterRead@length                         cstackBANK2  00020B
I2C2_MasterRead@pdata                          cstackBANK2  000209
I2C2_MasterRead@pflag                          cstackBANK2  00020E
I2C2_MasterRead@trBlock                        bssBANK1     0001A9
I2C2_MasterReadTRBBuild@address                cstackBANK2  000205
I2C2_MasterReadTRBBuild@length                 cstackBANK2  000204
I2C2_MasterReadTRBBuild@pdata                  cstackBANK2  000202
I2C2_MasterReadTRBBuild@ptrb                   cstackBANK2  000200
I2C2_MasterTRBInsert@count                     cstackBANK2  000205
I2C2_MasterTRBInsert@pflag                     cstackBANK2  000202
I2C2_MasterTRBInsert@ptrb_list                 cstackBANK2  000200
I2C2_MasterWrite@address                       cstackBANK2  00020C
I2C2_MasterWrite@length                        cstackBANK2  00020B
I2C2_MasterWrite@pdata                         cstackBANK2  000209
I2C2_MasterWrite@pflag                         cstackBANK2  00020E
I2C2_MasterWrite@trBlock                       bssBANK1     0001AE
I2C2_MasterWriteTRBBuild@address               cstackBANK2  000205
I2C2_MasterWriteTRBBuild@length                cstackBANK2  000204
I2C2_MasterWriteTRBBuild@pdata                 cstackBANK2  000202
I2C2_MasterWriteTRBBuild@ptrb                  cstackBANK2  000200
I2C2_Stop@completion_code                      cstackBANK1  000102
INT1_SetInterruptHandler@InterruptHandler      cstackBANK2  000200
INT2_SetInterruptHandler@InterruptHandler      cstackBANK2  000200
IOCBF2_SetInterruptHandler@InterruptHandler    cstackBANK2  000200
IOCBF3_SetInterruptHandler@InterruptHandler    cstackBANK2  000200
LM73Convert@Ambient_Conv                       cstackBANK2  00022E
LM73Convert@POS5_Conv                          cstackBANK2  00022C
LM73Convert@QI_Conv                            cstackBANK2  00022A
LM73TempSensorInitialize@output_data_array     cstackBANK2  000210
OLED_Clear@col                                 cstackBANK2  000223
OLED_Clear@row                                 cstackBANK2  000221
OLED_Command@data_array                        cstackBANK2  000212
OLED_Command@temp                              cstackBANK2  000210
OLED_PutChar@ch                                cstackBANK2  000220
OLED_PutChar@data_array                        cstackBANK2  000214
OLED_PutChar@input_base                        cstackBANK2  00021D
OLED_UpdateFromRAMBuffer@char_index            cstackBANK2  000223
OLED_UpdateFromRAMBuffer@char_index_4010       cstackBANK2  000224
OLED_UpdateFromRAMBuffer@char_index_4011       cstackBANK2  000225
OLED_UpdateFromRAMBuffer@char_index_4012       cstackBANK2  000226
OLED_WriteString@s                             cstackBANK2  000221
OLED_YX@Column                                 cstackBANK2  000214
OLED_YX@Row                                    cstackBANK2  000218
OLED_updateHandler@dev_id_str                  cstackBANK3  0003DD
OLED_updateHandler@rev_id_str                  cstackBANK3  0003EE
TMR0_SetInterruptHandler@InterruptHandler      cstackBANK2  000200
TMR2_SetInterruptHandler@InterruptHandler      cstackBANK2  000200
TMR3_SetInterruptHandler@InterruptHandler      cstackBANK2  000200
TMR3_WriteTimer@timerVal                       cstackBANK2  000200
TMR5_WriteTimer@timerVal                       cstackBANK2  000200
_ADACCH                                        (abs)        000F71
_ADACCL                                        (abs)        000F70
_ADACQ                                         (abs)        000F5C
_ADACT                                         (abs)        000F56
_ADCAP                                         (abs)        000F5D
_ADCC_ADTI_InterruptHandler                    bssBANK1     000177
_ADCC_ClearAccumulator                         text127      01BEF8
_ADCC_DefaultInterruptHandler                  text182      01BF32
_ADCC_DischargeSampleCapacitor                 text126      01BEE4
_ADCC_GetConversionResult                      text198      01BD5A
_ADCC_GetCurrentCountofConversions             text197      01BF20
_ADCC_GetFilterValue                           text196      01BD46
_ADCC_HasAccumulatorOverflowed                 text195      01BEA6
_ADCC_Initialize                               text54       01AC6E
_ADCC_SetADTIInterruptHandler                  text55       01BE4A
_ADCC_StartConversion                          text125      01BE66
_ADCC_StopConversion                           text194      01BF1C
_ADCC_ThresholdISR                             text181      01BA10
_ADCLK                                         (abs)        000F57
_ADCNT                                         (abs)        000F67
_ADCON0                                        (abs)        000F60
_ADCON0bits                                    (abs)        000F60
_ADCON1                                        (abs)        000F59
_ADCON1bits                                    (abs)        000F59
_ADCON2                                        (abs)        000F5A
_ADCON2bits                                    (abs)        000F5A
_ADCON3                                        (abs)        000F5B
_ADCON3bits                                    (abs)        000F5B
_ADC_PostProcessingHandler                     text183      014960
_ADC_PostProcessingHandler$6042                cstackBANK0  00007B
_ADC_PostProcessingHandler$6043                cstackBANK0  00007F
_ADC_PostProcessingHandler$6044                cstackBANK0  00006C
_ADC_PostProcessingHandler$6045                cstackBANK0  000070
_ADC_PostProcessingHandler$6046                cstackBANK0  000074
_ADC_acquisitionTimerHandler                   text121      01BC5E
_ADERRH                                        (abs)        000F6F
_ADERRL                                        (abs)        000F6E
_ADFLTRH                                       (abs)        000F73
_ADFLTRL                                       (abs)        000F72
_ADLTHH                                        (abs)        000F6B
_ADLTHL                                        (abs)        000F6A
_ADPCH                                         (abs)        000F5F
_ADPRE                                         (abs)        000F5E
_ADPREVH                                       (abs)        000F62
_ADPREVL                                       (abs)        000F61
_ADREF                                         (abs)        000F58
_ADRESH                                        (abs)        000F64
_ADRESL                                        (abs)        000F63
_ADRPT                                         (abs)        000F66
_ADSTAT                                        (abs)        000F65
_ADSTATbits                                    (abs)        000F65
_ADSTPTH                                       (abs)        000F69
_ADSTPTL                                       (abs)        000F68
_ADUTHH                                        (abs)        000F6D
_ADUTHL                                        (abs)        000F6C
_ANSELA                                        (abs)        000F11
_ANSELB                                        (abs)        000F19
_ANSELC                                        (abs)        000F21
_BAUD2CON                                      (abs)        000E9F
_CCP2CAP                                       (abs)        000FA9
_CCP2CON                                       (abs)        000FA8
_CCP2CONbits                                   (abs)        000FA8
_CCP2PPS                                       (abs)        000EB0
_CCP2_CallBack                                 text134      01B450
_CCP2_CaptureISR                               text133      01BC92
_CCP2_Initialize                               text53       01BAF0
_CCPR2H                                        (abs)        000FA7
_CCPR2L                                        (abs)        000FA6
_CCPTMRSbits                                   (abs)        000FAE
_EUSART2_Initialize                            text50       01AB3C
_EUSART2_Read                                  text20       01B490
_EUSART2_Receive_ISR                           text162      01A1C6
_EUSART2_RxDefaultInterruptHandler             bssBANK1     000180
_EUSART2_SetRxInterruptHandler                 text52       01BE3C
_EUSART2_SetTxInterruptHandler                 text51       01BE2E
_EUSART2_Transmit_ISR                          text132      01B77A
_EUSART2_TxDefaultInterruptHandler             bssBANK1     000183
_EUSART2_Write                                 text64       01B27A
_EXT_INT_Initialize                            text47       01B672
_FLASH_ReadByte                                text87       01BC44
_FLASH_ReadWord                                text86       01B38A
_FVRCON                                        (abs)        000F31
_FVRCONbits                                    (abs)        000F31
_FVR_Initialize                                text46       01BE8E
_I2C2_BusCollisionISR                          text131      01BE9A
_I2C2_FunctionComplete                         text130      01BC78
_I2C2_ISR                                      text128      0184F8
_I2C2_Initialize                               text45       01B6AA
_I2C2_MasterRead                               text109      01B07E
_I2C2_MasterReadTRBBuild                       text112      01AEEA
_I2C2_MasterTRBInsert                          text110      01A26A
_I2C2_MasterWrite                              text107      01B02E
_I2C2_MasterWriteTRBBuild                      text108      01B234
_I2C2_Stop                                     text129      01B346
_I2C2_WaitForLastPacketToComplete              text111      01BEBC
_I2C_STATUS                                    bssBANK1     0001B8
_INT1PPS                                       (abs)        000EA2
_INT1_CallBack                                 text159      01BACC
_INT1_DefaultInterruptHandler                  text160      01BF30
_INT1_ISR                                      text158      01BED0
_INT1_InterruptHandler                         bssBANK1     000189
_INT1_SetInterruptHandler                      text49       01BE20
_INT2PPS                                       (abs)        000EA3
_INT2_CallBack                                 text155      01BAA8
_INT2_DefaultInterruptHandler                  text156      01BF2E
_INT2_ISR                                      text154      01BEC6
_INT2_InterruptHandler                         bssBANK1     000186
_INT2_SetInterruptHandler                      text48       01BE12
_INTCONbits                                    (abs)        000FF2
_INTERRUPT_Initialize                          text44       01BBB4
_INTERRUPT_InterruptManagerHigh                intcode      000008
_INTERRUPT_InterruptManagerLow                 intcodelo    000018
_IOCBF2_DefaultInterruptHandler                text149      01BF2C
_IOCBF2_ISR                                    text148      01B946
_IOCBF2_InterruptHandler                       bssBANK1     00017D
_IOCBF2_SetInterruptHandler                    text42       01BE04
_IOCBF3_DefaultInterruptHandler                text146      01BF2A
_IOCBF3_ISR                                    text145      01B91C
_IOCBF3_InterruptHandler                       bssBANK1     00017A
_IOCBF3_SetInterruptHandler                    text41       01BDF6
_IOCBFbits                                     (abs)        000F12
_IOCBNbits                                     (abs)        000F13
_IOCBPbits                                     (abs)        000F14
_IPR0bits                                      (abs)        000EBA
_IPR1bits                                      (abs)        000EBB
_IPR3bits                                      (abs)        000EBD
_IPR4bits                                      (abs)        000EBE
_IPR6bits                                      (abs)        000EC0
_LATA                                          (abs)        000F83
_LATB                                          (abs)        000F84
_LATBbits                                      (abs)        000F84
_LATC                                          (abs)        000F85
_LATCbits                                      (abs)        000F85
_LM73AcquisitionHandler                        text103      018C06
_LM73Convert                                   text104      017AC0
_LM73TempSensorInitialize                      text102      0189CE
_LM73_start_flag                               bssBANK2     0002B8
_LM73_temp_results                             bssBANK1     000197
_NVMADRH                                       (abs)        000F7F
_NVMADRL                                       (abs)        000F7E
_NVMCON1bits                                   (abs)        000F81
_NVMCON2                                       (abs)        000F82
_NVMDAT                                        (abs)        000F80
_ODCONA                                        (abs)        000F0F
_ODCONB                                        (abs)        000F17
_ODCONC                                        (abs)        000F1F
_OLED_Clear                                    text99       01B4CE
_OLED_Command                                  text98       01ABA2
_OLED_Frame                                    bssBANK2     0002B7
_OLED_Init                                     text97       01A444
_OLED_PutChar                                  text100      019E1E
_OLED_RAM_Buffer                               bssBANK2     0002BA
_OLED_UpdateFromRAMBuffer                      text93       0194C4
_OLED_WriteString                              text96       01AE3E
_OLED_YX                                       text95       01B302
_OLED_updateHandler                            text56       012E3C
_OLED_update_flag                              bssBANK2     0002B6
_OLED_update_time                              dataBANK2    0002FF
_OSCCON1                                       (abs)        000ED8
_OSCCON3                                       (abs)        000EDA
_OSCEN                                         (abs)        000EDC
_OSCFRQ                                        (abs)        000EDE
_OSCILLATOR_Initialize                         text43       01BCAC
_OSCTUNE                                       (abs)        000EDD
_OledFont                                      mediumconst  00E1ED
_PCON0bits                                     (abs)        000FD7
_PIE0bits                                      (abs)        000EC2
_PIE1bits                                      (abs)        000EC3
_PIE3bits                                      (abs)        000EC5
_PIE4bits                                      (abs)        000EC6
_PIE6bits                                      (abs)        000EC8
_PIN_MANAGER_IOC                               text144      01BD32
_PIN_MANAGER_Initialize                        text40       01A30C
_PIR0bits                                      (abs)        000ECA
_PIR1bits                                      (abs)        000ECB
_PIR3bits                                      (abs)        000ECD
_PIR4bits                                      (abs)        000ECE
_PIR6bits                                      (abs)        000ED0
_PIR7bits                                      (abs)        000ED1
_PMD0                                          (abs)        000EE1
_PMD1                                          (abs)        000EE2
_PMD2                                          (abs)        000EE3
_PMD3                                          (abs)        000EE4
_PMD4                                          (abs)        000EE5
_PMD5                                          (abs)        000EE6
_PMD_Initialize                                text39       01BC0C
_PORTBbits                                     (abs)        000F8E
_PR2                                           (abs)        000FBC
_QIChargeIOCHandler                            text147      01BCC4
_QIIdleIOCHandler                              text150      01BDAE
_QIIdleTimerHandler                            text115      01B8F2
_QI_current_edge                               bssBANK1     000191
_RB4PPS                                        (abs)        000EF3
_RB5PPS                                        (abs)        000EF4
_RC2REG                                        (abs)        000E99
_RC2STA                                        (abs)        000E9D
_RC2STAbits                                    (abs)        000E9D
_RC4PPS                                        (abs)        000EFB
_RX2PPS                                        (abs)        000E8D
_SLRCONA                                       (abs)        000F0E
_SLRCONB                                       (abs)        000F16
_SLRCONC                                       (abs)        000F1E
_SP2BRGH                                       (abs)        000E9C
_SP2BRGL                                       (abs)        000E9B
_SSP2ADD                                       (abs)        000E93
_SSP2BUF                                       (abs)        000E92
_SSP2CLKPPS                                    (abs)        000E8F
_SSP2CON1                                      (abs)        000E96
_SSP2CON1bits                                  (abs)        000E96
_SSP2CON2bits                                  (abs)        000E97
_SSP2CON3                                      (abs)        000E98
_SSP2DATPPS                                    (abs)        000E90
_SSP2STAT                                      (abs)        000E95
_SYSTEM_Initialize                             text31       01B638
_T0CON0                                        (abs)        000FD5
_T0CON0bits                                    (abs)        000FD5
_T0CON1                                        (abs)        000FD6
_T2CLKCON                                      (abs)        000FBF
_T2CON                                         (abs)        000FBD
_T2CONbits                                     (abs)        000FBD
_T2HLT                                         (abs)        000FBE
_T2HLTbits                                     (abs)        000FBE
_T2PR                                          (abs)        000FBC
_T2RST                                         (abs)        000FC0
_T2RSTbits                                     (abs)        000FC0
_T2TMR                                         (abs)        000FBB
_T3CLK                                         (abs)        000FCC
_T3CON                                         (abs)        000FC9
_T3CONbits                                     (abs)        000FC9
_T3GATE                                        (abs)        000FCB
_T3GCON                                        (abs)        000FCA
_T3GCONbits                                    (abs)        000FCA
_T5CLK                                         (abs)        000FC6
_T5CON                                         (abs)        000FC3
_T5CONbits                                     (abs)        000FC3
_T5GATE                                        (abs)        000FC5
_T5GCON                                        (abs)        000FC4
_T5GCONbits                                    (abs)        000FC4
_TABLAT                                        (abs)        000FF5
_TBLPTRH                                       (abs)        000FF7
_TBLPTRL                                       (abs)        000FF6
_TBLPTRU                                       (abs)        000FF8
_TMR0H                                         (abs)        000FD4
_TMR0L                                         (abs)        000FD3
_TMR0_DefaultInterruptHandler                  text142      01BF28
_TMR0_ISR                                      text141      01B9E8
_TMR0_Initialize                               text37       01B8C8
_TMR0_InterruptHandler                         bssBANK1     000174
_TMR0_SetInterruptHandler                      text38       01BDE8
_TMR2                                          (abs)        000FBB
_TMR2_DefaultInterruptHandler                  text122      01BF26
_TMR2_ISR                                      text120      01B9C0
_TMR2_Initialize                               text35       01B748
_TMR2_InterruptHandler                         bssBANK1     000171
_TMR2_SetInterruptHandler                      text36       01BDDA
_TMR2_Start                                    text193      01BF18
_TMR2_StartTimer                               text192      01BEFE
_TMR2_Stop                                     text124      01BF10
_TMR2_StopTimer                                text123      01BEF2
_TMR3H                                         (abs)        000FC8
_TMR3L                                         (abs)        000FC7
_TMR3_DefaultInterruptHandler                  text116      01BF24
_TMR3_ISR                                      text114      01B714
_TMR3_Initialize                               text33       01AFDE
_TMR3_InterruptHandler                         bssBANK1     00016E
_TMR3_Reload                                   text29       01BDBE
_TMR3_SetInterruptHandler                      text34       01BDCC
_TMR3_StartTimer                               text153      01BF14
_TMR3_StopTimer                                text28       01BF08
_TMR3_WriteTimer                               text30       01BB54
_TMR5H                                         (abs)        000FC2
_TMR5L                                         (abs)        000FC1
_TMR5_Initialize                               text32       01B548
_TMR5_StopTimer                                text27       01BF04
_TMR5_WriteTimer                               text26       01BB34
_TRISA                                         (abs)        000F88
_TRISB                                         (abs)        000F89
_TRISC                                         (abs)        000F8A
_TX2REG                                        (abs)        000E9A
_TX2STA                                        (abs)        000E9E
_TX2STAbits                                    (abs)        000E9E
_WPUA                                          (abs)        000F10
_WPUB                                          (abs)        000F18
_WPUC                                          (abs)        000F20
_WPUE                                          (abs)        000F2D
__CFG_BOREN$SBORDIS                            (abs)        000000
__CFG_BORV$VBOR_2P45                           (abs)        000000
__CFG_CLKOUTEN$OFF                             (abs)        000000
__CFG_CP$OFF                                   (abs)        000000
__CFG_CPD$OFF                                  (abs)        000000
__CFG_CSWEN$ON                                 (abs)        000000
__CFG_DEBUG$OFF                                (abs)        000000
__CFG_EBTR0$OFF                                (abs)        000000
__CFG_EBTR1$OFF                                (abs)        000000
__CFG_EBTR2$OFF                                (abs)        000000
__CFG_EBTR3$OFF                                (abs)        000000
__CFG_EBTR4$OFF                                (abs)        000000
__CFG_EBTR5$OFF                                (abs)        000000
__CFG_EBTR6$OFF                                (abs)        000000
__CFG_EBTR7$OFF                                (abs)        000000
__CFG_EBTRB$OFF                                (abs)        000000
__CFG_FCMEN$ON                                 (abs)        000000
__CFG_FEXTOSC$OFF                              (abs)        000000
__CFG_LPBOREN$OFF                              (abs)        000000
__CFG_LVP$OFF                                  (abs)        000000
__CFG_MCLRE$EXTMCLR                            (abs)        000000
__CFG_PPS1WAY$ON                               (abs)        000000
__CFG_PWRTE$ON                                 (abs)        000000
__CFG_RSTOSC$HFINTOSC_64MHZ                    (abs)        000000
__CFG_SCANE$ON                                 (abs)        000000
__CFG_STVREN$ON                                (abs)        000000
__CFG_WDTCCS$LFINTOSC                          (abs)        000000
__CFG_WDTCPS$WDTCPS_11                         (abs)        000000
__CFG_WDTCWS$WDTCWS_7                          (abs)        000000
__CFG_WDTE$NSLEEP                              (abs)        000000
__CFG_WRT0$OFF                                 (abs)        000000
__CFG_WRT1$OFF                                 (abs)        000000
__CFG_WRT2$OFF                                 (abs)        000000
__CFG_WRT3$OFF                                 (abs)        000000
__CFG_WRT4$OFF                                 (abs)        000000
__CFG_WRT5$OFF                                 (abs)        000000
__CFG_WRT6$OFF                                 (abs)        000000
__CFG_WRT7$OFF                                 (abs)        000000
__CFG_WRTB$OFF                                 (abs)        000000
__CFG_WRTC$OFF                                 (abs)        000000
__CFG_WRTD$OFF                                 (abs)        000000
__CFG_XINST$OFF                                (abs)        000000
__CFG_ZCD$OFF                                  (abs)        000000
__HRAM                                         (abs)        000000
__Habs1                                        abs1         000000
__Hbank0                                       bank0        000000
__Hbank1                                       bank1        000000
__Hbank10                                      bank10       000000
__Hbank11                                      bank11       000000
__Hbank12                                      bank12       000000
__Hbank13                                      bank13       000000
__Hbank14                                      bank14       000000
__Hbank2                                       bank2        000000
__Hbank3                                       bank3        000000
__Hbank4                                       bank4        000000
__Hbank5                                       bank5        000000
__Hbank6                                       bank6        000000
__Hbank7                                       bank7        000000
__Hbank8                                       bank8        000000
__Hbank9                                       bank9        000000
__Hbigbss                                      bigbss       000000
__Hbigdata                                     bigdata      000000
__Hbigram                                      bigram       000000
__HbitbssBANK0                                 bitbssBANK0  000000
__Hbss                                         bss          000000
__HbssBANK0                                    bssBANK0     000000
__HbssBANK1                                    bssBANK1     000000
__HbssBANK2                                    bssBANK2     000000
__HbssBANK3                                    bssBANK3     000000
__HbssBANK4                                    bssBANK4     000000
__Hcinit                                       cinit        000000
__Hclrtext                                     clrtext      000000
__Hcomram                                      comram       000000
__Hconfig                                      config       30000C
__Hconst                                       const        000000
__HcstackBANK0                                 cstackBANK0  000000
__HcstackBANK1                                 cstackBANK1  000000
__HcstackBANK2                                 cstackBANK2  000000
__HcstackBANK3                                 cstackBANK3  000000
__HcstackBANK4                                 cstackBANK4  000000
__HcstackCOMRAM                                cstackCOMRAM 000000
__Hdata                                        data         000000
__HdataBANK0                                   dataBANK0    000000
__HdataBANK2                                   dataBANK2    000000
__HdataBANK3                                   dataBANK3    000000
__Heeprom_data                                 eeprom_data  000000
__Hfarbss                                      farbss       000000
__Hfardata                                     fardata      000000
__Hibigdata                                    ibigdata     000000
__Hidata                                       idata        000000
[...]
                  1    wreg      unsigned char 
 Registers used:
		wreg, status,2
 Tracked objects:
		On entry : 
		On exit  : 
		Unchanged: 
 Data sizes:     COMRAM   BANK0   BANK1   BANK2   BANK3   BANK4   BANK5   BANK6   BANK7   BANK8   BANK9  BANK10  BANK11  BANK12  BANK13  BANK14
      Params:         0       0       0       0       0       0       0       0       0       0       0       0       0       0       0       0
      Locals:         0       0       0       0       0       0       0       0       0       0       0       0       0       0       0       0
      Temps:          0       0       0       0       0       0       0       0       0       0       0       0       0       0       0       0
      Totals:         0       0       0       0       0       0       0       0       0       0       0       0       0       0       0       0
Total ram usage:        0 bytes
 Hardware stack levels used:    1
 This function calls:
		Nothing
 This function is called by:
		_ADC_PostProcessingHandler
 This function uses a non-reentrant model


 *************** function _ADCC_GetConversionResult *****************
 Defined at:
		line 130 in file "mcc_generated_files/adcc.c"
 Parameters:    Size  Location     Type
		None
 Auto vars:     Size  Location     Type
		None
 Return value:  Size  Location     Type
                  2    0[COMRAM] unsigned int 
 Registers used:
		wreg, status,2, status,0
 Tracked objects:
		On entry : 
		On exit  : 
		Unchanged: 
 Data sizes:     COMRAM   BANK0   BANK1   BANK2   BANK3   BANK4   BANK5   BANK6   BANK7   BANK8   BANK9  BANK10  BANK11  BANK12  BANK13  BANK14
      Params:         2       0       0       0       0       0       0       0       0       0       0       0       0       0       0       0
      Locals:         0       0       0       0       0       0       0       0       0       0       0       0       0       0       0       0
      Temps:          2       0       0       0       0       0       0       0       0       0       0       0       0       0       0       0
      Totals:         4       0       0       0       0       0       0       0       0       0       0       0       0       0       0       0
Total ram usage:        4 bytes
 Hardware stack levels used:    1
 This function calls:
		Nothing
 This function is called by:
		_ADC_PostProcessingHandler
 This function uses a non-reentrant model



MODULE INFORMATION

Module		Function		Class		Link	Load	Size
C:\Program Files (x86)\Microchip\xc8\v2.05\pic\sources\c90\common\isdigit.c
		_isdigit       		CODE           	1BB12	0000	35

C:\Program Files (x86)\Microchip\xc8\v2.05\pic\sources\c90\common\isdigit.c estimated size: 35

C:\Program Files (x86)\Microchip\xc8\v2.05\pic\sources\c90\common\doprnt.c
		_scale         		CODE           	152D4	0000	1077
		_fround        		CODE           	17550	0000	707
		__doprnt       		CODE           	10000	0000	5925

C:\Program Files (x86)\Microchip\xc8\v2.05\pic\sources\c90\common\doprnt.c estimated size: 7709

C:\Program Files (x86)\Microchip\xc8\v2.05\pic\sources\c90\common\sprcadd.c
		___flsub       		CODE           	1B15E	0000	73
		___fladd       		CODE           	16C26	0000	783

C:\Program Files (x86)\Microchip\xc8\v2.05\pic\sources\c90\common\sprcadd.c estimated size: 856

C:\Program Files (x86)\Microchip\xc8\v2.05\pic\sources\c90\common\llmod.c
		___llmod       		CODE           	1AA6E	0000	105

C:\Program Files (x86)\Microchip\xc8\v2.05\pic\sources\c90\common\llmod.c estimated size: 105

NXQ_charge_state.c
		_QIIdleTimerHandler		CODE           	1B8F2	0000	43
		_getNXQChargeStateString		CODE           	1AD2C	0000	93
		_QIChargeIOCHandler		CODE           	1BCC4	0000	25
		_getNXQChargeStateStringCaps		CODE           	1AD88	0000	93
		_QIIdleIOCHandler		CODE           	1BDAE	0000	17

NXQ_charge_state.c estimated size: 271

mcc_generated_files/eusart2.c
		_putch         		CODE           	1BD1E	0000	21
		_EUSART2_Read  		CODE           	1B490	0000	63
		_EUSART2_Write 		CODE           	1B27A	0000	69
		_EUSART2_Receive_ISR		CODE           	1A1C6	0000	165
		_EUSART2_Transmit_ISR		CODE           	1B77A	0000	51
		_EUSART2_SetRxInterruptHandler		CODE           	1BE3C	0000	15
		_EUSART2_SetTxInterruptHandler		CODE           	1BE2E	0000	15
		_EUSART2_Initialize		CODE           	1AB3C	0000	103

mcc_generated_files/eusart2.c estimated size: 502

mcc_generated_files/fvr.c
		_FVR_Initialize		CODE           	1BE8E	0000	13

mcc_generated_files/fvr.c estimated size: 13

error_handling.c
		_updateErrorLEDs		CODE           	1B1EE	0000	71
		_getADCError   		CODE           	1BCDC	0000	23
		_clearADCErrors		CODE           	1BD7E	0000	17
		_clearUARTErrors		CODE           	1BE82	0000	13
		_clearI2CErrors		CODE           	1BBF0	0000	29
		_getI2CError   		CODE           	1B970	0000	41
		_getUARTError  		CODE           	1BEEC	0000	7

error_handling.c estimated size: 201

mcc_generated_files/tmr2.c
		_TMR2_ISR      		CODE           	1B9C0	0000	41
		_TMR2_Initialize		CODE           	1B748	0000	51
		_TMR2_Stop     		CODE           	1BF10	0000	5
		_TMR2_Start    		CODE           	1BF18	0000	5
		_TMR2_SetInterruptHandler		CODE           	1BDDA	0000	15
		_TMR2_StopTimer		CODE           	1BEF2	0000	7
		_TMR2_DefaultInterruptHandler		CODE           	1BF26	0000	3
		_TMR2_StartTimer		CODE           	1BEFE	0000	7

mcc_generated_files/tmr2.c estimated size: 134

mcc_generated_files/interrupt_manager.c
		_INTERRUPT_Initialize		CODE           	1BBB4	0000	31
		_INTERRUPT_InterruptManagerLow		CODE           	0018	0000	171
		_INTERRUPT_InterruptManagerHigh		CODE           	0008	0000	199

mcc_generated_files/interrupt_manager.c estimated size: 401

C:\Program Files (x86)\Microchip\xc8\v2.05\pic\sources\c90\common\sprintf.c
		_sprintf       		CODE           	1B116	0000	73

C:\Program Files (x86)\Microchip\xc8\v2.05\pic\sources\c90\common\sprintf.c estimated size: 73

heartbeat_timer.c
		_getStringSecondsAsTime		CODE           	15B20	0000	935
		_getYearsFromOnTime		CODE           	1B80C	0000	49
		_getHoursFromOnTime		CODE           	19AC2	0000	241
		_heartbeatTimerHandler		CODE           	1AA02	0000	109
		_getDaysFromOnTime		CODE           	1A4DC	0000	145
		_getSecondsFromOnTime		CODE           	18E32	0000	379
		_getMinutesFromOnTime		CODE           	18FAC	0000	337

heartbeat_timer.c estimated size: 2195

C:\Program Files (x86)\Microchip\xc8\v2.05\pic\sources\c90\common\awmod.c
		___awmod       		CODE           	1A920	0000	115

C:\Program Files (x86)\Microchip\xc8\v2.05\pic\sources\c90\common\awmod.c estimated size: 115

terminal_control.c
		_terminalTextAttributesReset		CODE           	1BD6E	0000	17
		_terminalClearScreen		CODE           	1BD9E	0000	17
		_terminalTextAttributes		CODE           	15EC6	0000	871
		_terminalSetCursorHome		CODE           	1BD8E	0000	17

terminal_control.c estimated size: 922

adc_postprocessing.c
		_ADC_acquisitionTimerHandler		CODE           	1BC5E	0000	27
		_ADC_PostProcessingHandler		CODE           	14960	0000	2421

adc_postprocessing.c estimated size: 2448

mcc_generated_files/tmr0.c
		_TMR0_SetInterruptHandler		CODE           	1BDE8	0000	15
		_TMR0_DefaultInterruptHandler		CODE           	1BF28	0000	3
		_TMR0_ISR      		CODE           	1B9E8	0000	41
		_TMR0_Initialize		CODE           	1B8C8	0000	43

mcc_generated_files/tmr0.c estimated size: 102

C:\Program Files (x86)\Microchip\xc8\v2.05\pic\sources\c90\common\ftdivl.c
		__tdiv_to_l_   		CODE           	195E6	0000	257

C:\Program Files (x86)\Microchip\xc8\v2.05\pic\sources\c90\common\ftdivl.c estimated size: 257

mcc_generated_files/pin_manager.c
		_IOCBF3_DefaultInterruptHandler		CODE           	1BF2A	0000	3
		_PIN_MANAGER_Initialize		CODE           	1A30C	0000	161
		_IOCBF3_ISR    		CODE           	1B91C	0000	43
		_IOCBF2_SetInterruptHandler		CODE           	1BE04	0000	15
		_IOCBF3_SetInterruptHandler		CODE           	1BDF6	0000	15
		_IOCBF2_DefaultInterruptHandler		CODE           	1BF2C	0000	3
		_PIN_MANAGER_IOC		CODE           	1BD32	0000	21
		_IOCBF2_ISR    		CODE           	1B946	0000	43

mcc_generated_files/pin_manager.c estimated size: 304

C:\Program Files (x86)\Microchip\xc8\v2.05\pic\sources\c90\common\lwdiv.c
		___lwdiv       		CODE           	1AE96	0000	85

C:\Program Files (x86)\Microchip\xc8\v2.05\pic\sources\c90\common\lwdiv.c estimated size: 85

C:\Program Files (x86)\Microchip\xc8\v2.05\pic\sources\c90\common\fltol.c
		___fltol       		CODE           	19FA2	0000	189

C:\Program Files (x86)\Microchip\xc8\v2.05\pic\sources\c90\common\fltol.c estimated size: 189

cap_touch_int.c
		_leftCapTouchHandler		CODE           	1BD08	0000	23
		_rightCapTouchHandler		CODE           	1BCF2	0000	23

cap_touch_int.c estimated size: 46

C:\Program Files (x86)\Microchip\xc8\v2.05\pic\sources\c90\common\Umul16.c
		___wmul        		CODE           	1B998	0000	41

C:\Program Files (x86)\Microchip\xc8\v2.05\pic\sources\c90\common\Umul16.c estimated size: 41

device_IDs.c
		_getDeviceID   		CODE           	1BB74	0000	33
		_getUserID     		CODE           	1B6E0	0000	53
		_getMinorRevisionID		CODE           	1BA38	0000	39
		_getDeviceIDString		CODE           	1A3AC	0000	153
		_getMajorRevisionID		CODE           	1B584	0000	61

device_IDs.c estimated size: 339

C:\Program Files (x86)\Microchip\xc8\v2.05\pic\sources\c90\common\fldivl.c
		__div_to_l_    		CODE           	197E4	0000	247

C:\Program Files (x86)\Microchip\xc8\v2.05\pic\sources\c90\common\fldivl.c estimated size: 247

C:\Program Files (x86)\Microchip\xc8\v2.05\pic\sources\c90\common\flge.c
		___flge        		CODE           	19BB2	0000	211

C:\Program Files (x86)\Microchip\xc8\v2.05\pic\sources\c90\common\flge.c estimated size: 211

mcc_generated_files/ccp2.c
		_CCP2_CallBack 		CODE           	1B450	0000	65
		_CCP2_CaptureISR		CODE           	1BC92	0000	27
		_CCP2_Initialize		CODE           	1BAF0	0000	35

mcc_generated_files/ccp2.c estimated size: 127

C:\Program Files (x86)\Microchip\xc8\v2.05\pic\sources\c90\common\printf.c
		_printf        		CODE           	1B50C	0000	61

C:\Program Files (x86)\Microchip\xc8\v2.05\pic\sources\c90\common\printf.c estimated size: 61

mcc_generated_files/ext_int.c
		_INT1_SetInterruptHandler		CODE           	1BE20	0000	15
		_EXT_INT_Initialize		CODE           	1B672	0000	57
		_INT2_SetInterruptHandler		CODE           	1BE12	0000	15
		_INT1_DefaultInterruptHandler		CODE           	1BF30	0000	3
		_INT1_CallBack 		CODE           	1BACC	0000	37
		_INT2_DefaultInterruptHandler		CODE           	1BF2E	0000	3
		_INT2_CallBack 		CODE           	1BAA8	0000	37
		_INT1_ISR      		CODE           	1BED0	0000	11
		_INT2_ISR      		CODE           	1BEC6	0000	11

mcc_generated_files/ext_int.c estimated size: 189

C:\Program Files (x86)\Microchip\xc8\v2.05\pic\sources\c90\common\awdiv.c
		___awdiv       		CODE           	1A710	0000	135

C:\Program Files (x86)\Microchip\xc8\v2.05\pic\sources\c90\common\awdiv.c estimated size: 135

LM73_I2C.c
		_LM73TempSensorInitialize		CODE           	189CE	0000	569
		_LM73Convert   		CODE           	17AC0	0000	669
		_LM73AcquisitionHandler		CODE           	18C06	0000	557

LM73_I2C.c estimated size: 1795

freq_meas.c
		_freqMeasStartCaptures		CODE           	1BEB2	0000	11
		_freqMeasConvert		CODE           	19D54	0000	203

freq_meas.c estimated size: 214

mcc_generated_files/tmr5.c
		_TMR5_Initialize		CODE           	1B548	0000	61
		_TMR5_StopTimer		CODE           	1BF04	0000	5
		_TMR5_WriteTimer		CODE           	1BB34	0000	33

mcc_generated_files/tmr5.c estimated size: 99

shared
		i2_printf      		CODE           	1B5C0	0000	61
		i1_TMR3_Reload 		CODE           	1BE58	0000	15
		i2_TMR3_Reload 		CODE           	1BE74	0000	15
		_OledFont      		MEDIUMCONST    	E1ED	0000	769
		i1_TMR3_StopTimer		CODE           	1BF0C	0000	5
		i2_putch       		CODE           	1BEDA	0000	11
		i2___fleq      		CODE           	1A686	0000	139
		__powers_      		MEDIUMCONST    	E165	0000	53
		i1_TMR3_WriteTimer		CODE           	1BB94	0000	33
		_dpowers       		MEDIUMCONST    	E4ED	0000	41
		i2_TMR3_WriteTimer		CODE           	1BC28	0000	29
		i2___lwdiv     		CODE           	1AF3C	0000	83
		i2_isdigit     		CODE           	1BBD2	0000	31
		i2___flneg     		CODE           	1B89A	0000	47
		i2___awdiv     		CODE           	1A81A	0000	133
		i1___fladd     		CODE           	16F34	0000	783
		i2___fladd     		CODE           	17242	0000	783
		i2__tdiv_to_l_ 		CODE           	196E6	0000	255
		i2___wmul      		CODE           	1BA5E	0000	39
		i2__doprnt     		CODE           	11724	0000	5913
		i1___fldiv     		CODE           	17FE6	0000	651
		i2___fldiv     		CODE           	18270	0000	649
		i2__div_to_l_  		CODE           	199CE	0000	245
		__npowers_     		MEDIUMCONST    	E199	0000	53
		i2___lwmod     		CODE           	1B40E	0000	67
		i2___fltol     		CODE           	1A05E	0000	187
		i2_scale       		CODE           	15708	0000	1049
		i2___lldiv     		CODE           	1A89E	0000	131
		__initialization		CODE           	1A56C	0000	133
		i2___flge      		CODE           	19C84	0000	209
		i2___awmod     		CODE           	1A992	0000	113
		i2_EUSART2_Write		CODE           	1B3CC	0000	67
		i1___flmul     		CODE           	16580	0000	853
		i2___flmul     		CODE           	168D4	0000	851
		_hexpowers     		MEDIUMCONST    	E1CD	0000	33
		i2___llmod     		CODE           	1AC08	0000	103
		i1___xxtofl    		CODE           	19240	0000	325
		i2___xxtofl    		CODE           	19384	0000	321
		i2___flsub     		CODE           	1B1A6	0000	73
		_temp_adc_offset		MEDIUMCONST    	0000	0000	0
		i2_fround      		CODE           	17812	0000	687

shared estimated size: 16038

C:\Program Files (x86)\Microchip\xc8\v2.05\pic\sources\c90\common\sprcmul.c
		___flmul       		CODE           	1622C	0000	853

C:\Program Files (x86)\Microchip\xc8\v2.05\pic\sources\c90\common\sprcmul.c estimated size: 853

C:\Program Files (x86)\Microchip\xc8\v2.05\pic\sources\c90\common\strncpy.c
		_strncpy       		CODE           	1AAD6	0000	103

C:\Program Files (x86)\Microchip\xc8\v2.05\pic\sources\c90\common\strncpy.c estimated size: 103

mcc_generated_files/mcc.c
		_PMD_Initialize		CODE           	1BC0C	0000	29
		_OSCILLATOR_Initialize		CODE           	1BCAC	0000	25
		_SYSTEM_Initialize		CODE           	1B638	0000	59

mcc_generated_files/mcc.c estimated size: 113

ring_buffer_interface.c
		_terminal_ringBufferPull		CODE           	198DA	0000	245

ring_buffer_interface.c estimated size: 245

mcc_generated_files/tmr3.c
		_TMR3_ISR      		CODE           	1B714	0000	53
		_TMR3_Initialize		CODE           	1AFDE	0000	81
		_TMR3_SetInterruptHandler		CODE           	1BDCC	0000	15
		_TMR3_StopTimer		CODE           	1BF08	0000	5
		_TMR3_Reload   		CODE           	1BDBE	0000	15
		_TMR3_DefaultInterruptHandler		CODE           	1BF24	0000	3
		_TMR3_WriteTimer		CODE           	1BB54	0000	33
		_TMR3_StartTimer		CODE           	1BF14	0000	5

mcc_generated_files/tmr3.c estimated size: 210

C:\Program Files (x86)\Microchip\xc8\v2.05\pic\sources\c90\common\sprcdiv.c
		___fldiv       		CODE           	17D5C	0000	651

C:\Program Files (x86)\Microchip\xc8\v2.05\pic\sources\c90\common\sprcdiv.c estimated size: 651

C:\Program Files (x86)\Microchip\xc8\v2.05\pic\sources\c90\common\strcat.c
		_strcat        		CODE           	1ACCE	0000	95

C:\Program Files (x86)\Microchip\xc8\v2.05\pic\sources\c90\common\strcat.c estimated size: 95

C:\Program Files (x86)\Microchip\xc8\v2.05\pic\sources\c90\common\flneg.c
		___flneg       		CODE           	1B7DC	0000	49

C:\Program Files (x86)\Microchip\xc8\v2.05\pic\sources\c90\common\flneg.c estimated size: 49

C:\Program Files (x86)\Microchip\xc8\v2.05\pic\sources\c90\common\fabs.c
		_fabs          		CODE           	1B5FC	0000	61

C:\Program Files (x86)\Microchip\xc8\v2.05\pic\sources\c90\common\fabs.c estimated size: 61

cause_of_reset.c
		_getCauseOfResetStringSmall		CODE           	1B83C	0000	49
		_getCauseOfResetString		CODE           	1B7AC	0000	49
		_getCauseOfReset		CODE           	1ADE4	0000	91

cause_of_reset.c estimated size: 189

C:\Program Files (x86)\Microchip\xc8\v2.05\pic\sources\c90\common\memmove.c
		_memmove       		CODE           	1A118	0000	175

C:\Program Files (x86)\Microchip\xc8\v2.05\pic\sources\c90\common\memmove.c estimated size: 175

mcc_generated_files/i2c2.c
		_I2C2_BusCollisionISR		CODE           	1BE9A	0000	13
		_I2C2_MasterRead		CODE           	1B07E	0000	81
		_I2C2_FunctionComplete		CODE           	1BC78	0000	27
		_I2C2_MasterWriteTRBBuild		CODE           	1B234	0000	71
		_I2C2_ISR      		CODE           	184F8	0000	631
		_I2C2_MasterWrite		CODE           	1B02E	0000	81
		_I2C2_Initialize		CODE           	1B6AA	0000	55
		_I2C2_Stop     		CODE           	1B346	0000	69
		_I2C2_MasterReadTRBBuild		CODE           	1AEEA	0000	83
		_I2C2_WaitForLastPacketToComplete		CODE           	1BEBC	0000	11
		_I2C2_MasterTRBInsert		CODE           	1A26A	0000	163

mcc_generated_files/i2c2.c estimated size: 1285

C:\Program Files (x86)\Microchip\xc8\v2.05\pic\sources\c90\common\xxtofl.c
		___xxtofl      		CODE           	190FC	0000	325

C:\Program Files (x86)\Microchip\xc8\v2.05\pic\sources\c90\common\xxtofl.c estimated size: 325

oled.c
		_OLED_Clear    		CODE           	1B4CE	0000	63
		_OLED_Command  		CODE           	1ABA2	0000	103
		_OLED_WriteString		CODE           	1AE3E	0000	89
		_OLED_UpdateFromRAMBuffer		CODE           	194C4	0000	291
		_OLED_Init     		CODE           	1A444	0000	153
		_OLED_updateHandler		CODE           	12E3C	0000	3681
		_OLED_PutChar  		CODE           	19E1E	0000	197
		_OLED_YX       		CODE           	1B302	0000	69

oled.c estimated size: 4646

mcc_generated_files/memory.c
		_FLASH_ReadWord		CODE           	1B38A	0000	67
		_FLASH_ReadByte		CODE           	1BC44	0000	27

mcc_generated_files/memory.c estimated size: 94

ring_buffer_LUT.c
		_ringBufferLUT 		CODE           	13C9C	0000	3269

ring_buffer_LUT.c estimated size: 3269

C:\Program Files (x86)\Microchip\xc8\v2.05\pic\sources\c90\common\strlen.c
		_strlen        		CODE           	1B86C	0000	47

C:\Program Files (x86)\Microchip\xc8\v2.05\pic\sources\c90\common\strlen.c estimated size: 47

mcc_generated_files/adcc.c
		_ADCC_StopConversion		CODE           	1BF1C	0000	5
		_ADCC_DefaultInterruptHandler		CODE           	1BF32	0000	3
		_ADCC_ClearAccumulator		CODE           	1BEF8	0000	7
		_ADCC_GetFilterValue		CODE           	1BD46	0000	21
		_ADCC_GetCurrentCountofConversions		CODE           	1BF20	0000	5
		_ADCC_SetADTIInterruptHandler		CODE           	1BE4A	0000	15
		_ADCC_GetConversionResult		CODE           	1BD5A	0000	21
		_ADCC_ThresholdISR		CODE           	1BA10	0000	41
		_ADCC_StartConversion		CODE           	1BE66	0000	15
		_ADCC_Initialize		CODE           	1AC6E	0000	97
		_ADCC_HasAccumulatorOverflowed		CODE           	1BEA6	0000	13
		_ADCC_DischargeSampleCapacitor		CODE           	1BEE4	0000	9

mcc_generated_files/adcc.c estimated size: 252

C:\Program Files (x86)\Microchip\xc8\v2.05\pic\sources\c90\common\strcmp.c
		_strcmp        		CODE           	1AF8E	0000	81

C:\Program Files (x86)\Microchip\xc8\v2.05\pic\sources\c90\common\strcmp.c estimated size: 81

C:\Program Files (x86)\Microchip\xc8\v2.05\pic\sources\c90\common\strcpy.c
		_strcpy        		CODE           	1B0CE	0000	73

C:\Program Files (x86)\Microchip\xc8\v2.05\pic\sources\c90\common\strcpy.c estimated size: 73

C:\Program Files (x86)\Microchip\xc8\v2.05\pic\sources\c90\common\__lldiv.c
		___lldiv       		CODE           	1A796	0000	133

C:\Program Files (x86)\Microchip\xc8\v2.05\pic\sources\c90\common\__lldiv.c estimated size: 133

main.c
		_main          		CODE           	1876E	0000	609

main.c estimated size: 609

C:\Program Files (x86)\Microchip\xc8\v2.05\pic\sources\c90\common\fleq.c
		___fleq        		CODE           	1A5FA	0000	141

C:\Program Files (x86)\Microchip\xc8\v2.05\pic\sources\c90\common\fleq.c estimated size: 141

C:\Program Files (x86)\Microchip\xc8\v2.05\pic\sources\c90\common\lwmod.c
		___lwmod       		CODE           	1B2BE	0000	69

C:\Program Files (x86)\Microchip\xc8\v2.05\pic\sources\c90\common\lwmod.c estimated size: 69

