Microchip MPLAB XC8 Compiler V2.05 ()

Linker command line:

-W-3 --edf=C:\Program Files (x86)\Microchip\xc8\v2.05\pic\dat\en_msgs.txt \
  -cs -h+dist/default/production\QI_Monitor.X.production.sym \
  --cmf=dist/default/production\QI_Monitor.X.production.cmf -z -Q18F27K40 \
  -oC:\Users\DREWMA~1\AppData\Local\Temp\sce8.2 --defsym=__MPLAB_BUILD=1 \
  -Mdist/default/production/QI_Monitor.X.production.map -E1 -ver=XC8 \
  --acfsm=1493 -ASTACK=04D2h-0E87h -pstack=STACK -ACODE=00h-01FFFFh \
  -ACONST=00h-01FFFFh -ASMALLCONST=0F00h-0FFFhx497 \
  -AMEDIUMCONST=0F00h-0FFFFh,010F00h-01FFFFh -ACOMRAM=01h-05Fh \
  -AABS1=00h-0E87h -ABIGRAM=01h-0E87h \
  -ARAM=060h-0FFh,0100h-01FFhx13,0E00h-0E87h -ABANK0=060h-0FFh \
  -ABANK1=0100h-01FFh -ABANK2=0200h-02FFh -ABANK3=0300h-03FFh \
  -ABANK4=0400h-04FFh -ABANK5=0500h-05FFh -ABANK6=0600h-06FFh \
  -ABANK7=0700h-07FFh -ABANK8=0800h-08FFh -ABANK9=0900h-09FFh \
  -ABANK10=0A00h-0AFFh -ABANK11=0B00h-0BFFh -ABANK12=0C00h-0CFFh \
  -ABANK13=0D00h-0DFFh -ABANK14=0E00h-0E87h \
  -ASFR=0E8Dh-0EFFh,0F00h-0F5Fh,0F60h-0FFFh \
  -preset_vec=00h,intcode=08h,intcodelo=018h,powerup,init -pramtop=0F00h \
  -psmallconst=SMALLCONST -pmediumconst=MEDIUMCONST -pconst=CONST \
  -AFARRAM=00h-00h -ACONFIG=0300000h-030000Bh -pconfig=CONFIG \
  -AIDLOC=0200000h-020000Fh -pidloc=IDLOC -AEEDATA=0310000h-03103FFh \
  -peeprom_data=EEDATA \
  -prdata=COMRAM,nvrram=COMRAM,nvbit=COMRAM,rbss=COMRAM,rbit=COMRAM \
  -pfarbss=FARRAM,fardata=FARRAM,nvFARRAM=FARRAM \
  -pintsave_regs=BIGRAM,bigbss=BIGRAM,bigdata=BIGRAM -pbss=RAM \
  -pidata=CODE,irdata=CODE,ibigdata=CODE,ifardata=CODE -prparam=COMRAM \
  C:\Users\DREWMA~1\AppData\Local\Temp\sce8.o \
  dist/default/production\QI_Monitor.X.production.o 

Object code version is 3.11

Machine type is 18F27K40

Call graph: (short form)




                Name                               Link     Load   Length Selector   Space Scale
C:\Users\DREWMA~1\AppData\Local\Temp\sce8.o
                init                                 E6       E6        4        C       0
                reset_vec                             0        0        4        0       0
                idloc                            200000   200000       10   200000       0
                config                           300000   300000        C   300000       0
dist/default/production\QI_Monitor.X.production.o
                intcodelo                            18       18       CE        C       0
                intcode                               8        8        6        4       0
                temp                                 5E       5E        1        1       1
                mediumconst                        E1AE     E1AE     1E52     70D7       0
                text198                           1B462    1B462       14     8000       0
                text197                           1B652    1B652        4     DA4E       0
                text196                           1B44E    1B44E       14     8000       0
                text195                           1B5D4    1B5D4        C     DA4E       0
                text194                           1B64E    1B64E        4     DA4E       0
                text193                           1B64A    1B64A        4     DA4E       0
                text192                           1B62C    1B62C        6     DA4E       0
                text191                           1AF64    1AF64       2E     8000       0
                text190                           1AD30    1AD30       3C     8000       0
                text189                           17C62    17C62      288     8000       0
                text188                           19458    19458       D0     8000       0
                text187                           16550    16550      352     8000       0
                text186                           16EBE    16EBE      30E     8000       0
                text185                           1A81A    1A81A       48     8000       0
                text184                           18C50    18C50      140     8000       0
                text183                           14608    14608      974     8000       0
                text182                           1B664    1B664        2     DA4E       0
                text181                           1B0DA    1B0DA       28     8000       0
                text180                           19CFA    19CFA       8A     8000       0
                text179                           196A8    196A8       BA     8000       0
                text178                           19F12    19F12       82     8000       0
                text177                           1A27C    1A27C       66     8000       0
                text176                           1B14E    1B14E       26     8000       0
                text175                           191A6    191A6       F4     8000       0
                text174                           18FB2    18FB2       FE     8000       0
                text173                           1A5B0    1A5B0       52     8000       0
                text172                           1AAC4    1AAC4       42     8000       0
                text171                           1748E    1748E      2AE     8000       0
                text170                           1B2C0    1B2C0       1E     8000       0
                text169                           1AA82    1AA82       42     8000       0
                text168                           1B608    1B608        A     DA4E       0
                text167                           19E8E    19E8E       84     8000       0
                text166                           1A006    1A006       70     8000       0
                text165                           153B0    153B0      418     8000       0
                text164                           11724    11724     1718     8000       0
                text163                           1ACF4    1ACF4       3C     8000       0
                text162                           1995C    1995C       A4     8000       0
                text161                           1B646    1B646        4     DA4E       0
                text160                           1B316    1B316       1C     8000       0
                text159                           1B5A2    1B5A2        E     DA4E       0
                text158                           1B4DC    1B4DC       10     DA4E       0
                text157                           1B662    1B662        2     DA4E       0
                text156                           1B010    1B010       2A     8000       0
                text155                           1B3CC    1B3CC       18     8000       0
                text154                           1B660    1B660        2     DA4E       0
                text153                           1AFE6    1AFE6       2A     8000       0
                text152                           1B43A    1B43A       14     8000       0
                text151                           1A076    1A076       6C     8000       0
                text150                           1B65E    1B65E        2     DA4E       0
                text149                           1B0B2    1B0B2       28     8000       0
                intcode_body                      19810    19810       A8     8000       0
                text147                           179D8    179D8      28A     8000       0
                text146                           16BB0    16BB0      30E     8000       0
                text145                           161FC    161FC      354     8000       0
                text144                           18B0C    18B0C      144     8000       0
                text143                           18836    18836      192     8000       0
                text142                           1AB46    1AB46       40     8000       0
                text141                           1B39A    1B39A       1A     8000       0
                text140                           1AB06    1AB06       40     8000       0
                text139                           1B380    1B380       1A     8000       0
                text138                           1AE74    1AE74       32     8000       0
                text137                           1B5C8    1B5C8        C     DA4E       0
                text136                           1B366    1B366       1A     8000       0
                text135                           1A9BA    1A9BA       44     8000       0
                text134                           17EEA    17EEA      276     8000       0
                text133                           1B410    1B410       16     8000       0
                text132                           1B65C    1B65C        2     DA4E       0
                text131                           1B198    1B198       24     8000       0
                text130                           1B5FE    1B5FE        A     DA4E       0
                text129                           1B3FA    1B3FA       16     8000       0
                text128                           1B65A    1B65A        2     DA4E       0
                text127                           1B174    1B174       24     8000       0
                text126                           1B5F4    1B5F4        A     DA4E       0
                text125                           1B626    1B626        6     DA4E       0
                text124                           1B612    1B612        8     DA4E       0
                text123                           1B594    1B594        E     DA4E       0
                text122                           1B642    1B642        4     DA4E       0
                text121                           1B620    1B620        6     DA4E       0
                text120                           1B658    1B658        2     DA4E       0
                text119                           1B34C    1B34C       1A     8000       0
                text118                           1B08A    1B08A       28     8000       0
                text117                           1B2A0    1B2A0       20     8000       0
                text116                           1B586    1B586        E     DA4E       0
                text115                           1B63E    1B63E        4     DA4E       0
                text114                           1B656    1B656        2     DA4E       0
                text113                           1AFBC    1AFBC       2A     8000       0
                text112                           1AE0E    1AE0E       34     8000       0
                text110                           1A55E    1A55E       52     8000       0
                text109                           1B5EA    1B5EA        A     DA4E       0
                text108                           19A00    19A00       A2     8000       0
                text107                           1A6F2    1A6F2       50     8000       0
                text106                           1A8A8    1A8A8       46     8000       0
                text105                           1A6A2    1A6A2       50     8000       0
                text104                           15EA8    15EA8      354     8000       0
                text103                           189C8    189C8      144     8000       0
                text102                           1773C    1773C      29C     8000       0
                text101                           1860A    1860A      22C     8000       0
                text100                           183D2    183D2      238     8000       0
                text99                            19762    19762       AE     8000       0
                text98                            19528    19528       C4     8000       0
                text97                            1AC02    1AC02       3E     8000       0
                text96                            1A216    1A216       66     8000       0
                text95                            19BD6    19BD6       98     8000       0
                text94                            1A4B2    1A4B2       58     8000       0
                text93                            1A976    1A976       44     8000       0
                text92                            1AF36    1AF36       2E     8000       0
                text91                            18D90    18D90      122     8000       0
                text90                            1AF06    1AF06       30     8000       0
                text89                            1B332    1B332       1A     8000       0
                text88                            1AA40    1AA40       42     8000       0
                text87                            1B280    1B280       20     8000       0
                text86                            1ACB8    1ACB8       3C     8000       0
                text85                            1B128    1B128       26     8000       0
                text84                            1A3FC    1A3FC       5C     8000       0
                text83                            19C6E    19C6E       8C     8000       0
                text82                            19386    19386       D2     8000       0
                text81                            1AED6    1AED6       30     8000       0
                text80                            168A2    168A2      30E     8000       0
                text79                            1A7D2    1A7D2       48     8000       0
                text78                            195EC    195EC       BC     8000       0
                text77                            19E0A    19E0A       84     8000       0
                text76                            1A0E2    1A0E2       68     8000       0
                text75                            1B062    1B062       28     8000       0
                text74                            190B0    190B0       F6     8000       0
                text73                            18EB2    18EB2      100     8000       0
                text72                            1A50A    1A50A       54     8000       0
                text71                            1A932    1A932       44     8000       0
                text70                            171CC    171CC      2C2     8000       0
                text69                            1B1DE    1B1DE       22     8000       0
                text68                            1A8EE    1A8EE       44     8000       0
                text67                            1B426    1B426       14     8000       0
                text66                            19D84    19D84       86     8000       0
                text65                            19F94    19F94       72     8000       0
                text64                            14F7C    14F7C      434     8000       0
                text63                            10000    10000     1724     8000       0
                text62                            1A78A    1A78A       48     8000       0
                text61                            1A742    1A742       48     8000       0
                text60                            13AD8    13AD8      B30     8000       0
                text59                            1B578    1B578        E     DA4E       0
                text58                            1A2E2    1A2E2       60     8000       0
                text57                            1B102    1B102       26     8000       0
                text56                            1B1BC    1B1BC       22     8000       0
                text55                            1B56A    1B56A        E     DA4E       0
                text54                            1B55C    1B55C        E     DA4E       0
                text53                            1A1B0    1A1B0       66     8000       0
                text52                            1B54E    1B54E        E     DA4E       0
                text51                            1B540    1B540        E     DA4E       0
                text50                            1AD6C    1AD6C       38     8000       0
                text49                            1B5BC    1B5BC        C     DA4E       0
                text48                            1ADA4    1ADA4       36     8000       0
                text47                            1B260    1B260       20     8000       0
                text46                            1B3B4    1B3B4       18     8000       0
                text45                            1B532    1B532        E     DA4E       0
                text44                            1B524    1B524        E     DA4E       0
                text43                            198B8    198B8       A4     8000       0
                text42                            1B2FA    1B2FA       1C     8000       0
                text41                            1B516    1B516        E     DA4E       0
                text40                            1AF92    1AF92       2A     8000       0
                text39                            1AC7C    1AC7C       3C     8000       0
                text38                            1B508    1B508        E     DA4E       0
                text37                            1AE42    1AE42       32     8000       0
                text36                            1B4FA    1B4FA        E     DA4E       0
                text35                            1A652    1A652       50     8000       0
                text34                            1AC40    1AC40       3C     8000       0
                text33                            1A9FE    1A9FE       42     8000       0
                text32                            1B63A    1B63A        4     DA4E       0
                text31                            1B240    1B240       20     8000       0
                text30                            1B220    1B220       20     8000       0
                text29                            1B4EC    1B4EC        E     DA4E       0
                text28                            1B636    1B636        4     DA4E       0
                text27                            1B632    1B632        4     DA4E       0
                text26                            1B200    1B200       20     8000       0
                text25                            1B5E0    1B5E0        A     DA4E       0
                text24                            1A458    1A458       5A     8000       0
                text23                            1ABC4    1ABC4       3E     8000       0
                text22                            1B4CC    1B4CC       10     DA4E       0
                text21                            1B4BC    1B4BC       10     DA4E       0
                text20                            1AB86    1AB86       3E     8000       0
                text19                            1B3E4    1B3E4       16     8000       0
                text18                            1B03A    1B03A       28     8000       0
                text17                            1B61A    1B61A        6     DA4E       0
                text16                            1A862    1A862       46     8000       0
                text15                            1B4AC    1B4AC       10     DA4E       0
                text14                            1B2DE    1B2DE       1C     8000       0
                text13                            1B5B0    1B5B0        C     DA4E       0
                text12                            1AEA6    1AEA6       30     8000       0
                text11                            19B3E    19B3E       98     8000       0
                text10                            1A3A0    1A3A0       5C     8000       0
                text9                             1A342    1A342       5E     8000       0
                text8                             157C8    157C8      37A     8000       0
                text7                             1ADDA    1ADDA       34     8000       0
                text6                             1A602    1A602       50     8000       0
                text5                             1A14A    1A14A       66     8000       0
                text4                             15B42    15B42      366     8000       0
                text3                             1B49C    1B49C       10     DA4E       0
                text2                             12E3C    12E3C      C9C     8000       0
                text1                             1929A    1929A       EC     8000       0
                text0                             18160    18160      272     8000       0
                cstackCOMRAM                          1        1       5D        1       1
                cstackBANK0                          60       60       59       60       1
                cstackBANK1                         100      100       65      100       1
                cstackBANK2                         200      200       C7      200       1
                cstackBANK3                         3EC      3EC       12      300       1
                cstackBANK4                         4C0      4C0       12      400       1
                bssBANK4                            400      400       C0      400       1
                bssBANK3                            300      300       EC      300       1
                dataBANK2                           2EC      2EC       13      200       1
                bssBANK2                            2C7      2C7       25      200       1
                dataBANK1                           1BA      1BA       12      100       1
                bssBANK1                            165      165       55      100       1
                dataBANK0                            FD       FD        1       60       1
                bssBANK0                             B9       B9       43       60       1
                bitbssBANK0                         7E0       FC        1       60       1     8
                cinit                             19AA2    19AA2       9C     8000       0
                nvBANK2                             2FF      2FF        1      200       1
                idataBANK2                        1B476    1B476       13     8000       0
                idataBANK1                        1B489    1B489       12     8000       0
                idataBANK0                        1B666    1B666        1     DA4E       0

TOTAL           Name                               Link     Load   Length     Space
        CLASS   STACK          

        CLASS   CODE           
                intcodelo                            18       18       CE         0
                intcode                               8        8        6         0
                init                                 E6       E6        4         0
                reset_vec                             0        0        4         0
                text198                           1B462    1B462       14         0
                text197                           1B652    1B652        4         0
                text196                           1B44E    1B44E       14         0
                text195                           1B5D4    1B5D4        C         0
                text194                           1B64E    1B64E        4         0
                text193                           1B64A    1B64A        4         0
                text192                           1B62C    1B62C        6         0
                text191                           1AF64    1AF64       2E         0
                text190                           1AD30    1AD30       3C         0
                text189                           17C62    17C62      288         0
                text188                           19458    19458       D0         0
                text187                           16550    16550      352         0
                text186                           16EBE    16EBE      30E         0
                text185                           1A81A    1A81A       48         0
                text184                           18C50    18C50      140         0
                text183                           14608    14608      974         0
                text182                           1B664    1B664        2         0
                text181                           1B0DA    1B0DA       28         0
                text180                           19CFA    19CFA       8A         0
                text179                           196A8    196A8       BA         0
                text178                           19F12    19F12       82         0
                text177                           1A27C    1A27C       66         0
                text176                           1B14E    1B14E       26         0
                text175                           191A6    191A6       F4         0
                text174                           18FB2    18FB2       FE         0
                text173                           1A5B0    1A5B0       52         0
                text172                           1AAC4    1AAC4       42         0
                text171                           1748E    1748E      2AE         0
                text170                           1B2C0    1B2C0       1E         0
                text169                           1AA82    1AA82       42         0
                text168                           1B608    1B608        A         0
                text167                           19E8E    19E8E       84         0
                text166                           1A006    1A006       70         0
                text165                           153B0    153B0      418         0
                text164                           11724    11724     1718         0
                text163                           1ACF4    1ACF4       3C         0
                text162                           1995C    1995C       A4         0
                text161                           1B646    1B646        4         0
                text160                           1B316    1B316       1C         0
                text159                           1B5A2    1B5A2        E         0
                text158                           1B4DC    1B4DC       10         0
                text157                           1B662    1B662        2         0
                text156                           1B010    1B010       2A         0
                text155                           1B3CC    1B3CC       18         0
                text154                           1B660    1B660        2         0
                text153                           1AFE6    1AFE6       2A         0
                text152                           1B43A    1B43A       14         0
                text151                           1A076    1A076       6C         0
                text150                           1B65E    1B65E        2         0
                text149                           1B0B2    1B0B2       28         0
                intcode_body                      19810    19810       A8         0
                text147                           179D8    179D8      28A         0
                text146                           16BB0    16BB0      30E         0
                text145                           161FC    161FC      354         0
                text144                           18B0C    18B0C      144         0
                text143                           18836    18836      192         0
                text142                           1AB46    1AB46       40         0
                text141                           1B39A    1B39A       1A         0
                text140                           1AB06    1AB06       40         0
                text139                           1B380    1B380       1A         0
                text138                           1AE74    1AE74       32         0
                text137                           1B5C8    1B5C8        C         0
                text136                           1B366    1B366       1A         0
                text135                           1A9BA    1A9BA       44         0
                text134                           17EEA    17EEA      276         0
                text133                           1B410    1B410       16         0
                text132                           1B65C    1B65C        2         0
                text131                           1B198    1B198       24         0
                text130                           1B5FE    1B5FE        A         0
                text129                           1B3FA    1B3FA       16         0
                text128                           1B65A    1B65A        2         0
                text127                           1B174    1B174       24         0
                text126                           1B5F4    1B5F4        A         0
                text125                           1B626    1B626        6         0
                text124                           1B612    1B612        8         0
                text123                           1B594    1B594        E         0
                text122                           1B642    1B642        4         0
                text121                           1B620    1B620        6         0
                text120                           1B658    1B658        2         0
                text119                           1B34C    1B34C       1A         0
                text118                           1B08A    1B08A       28         0
                text117                           1B2A0    1B2A0       20         0
                text116                           1B586    1B586        E         0
                text115                           1B63E    1B63E        4         0
                text114                           1B656    1B656        2         0
                text113                           1AFBC    1AFBC       2A         0
                text112                           1AE0E    1AE0E       34         0
                text110                           1A55E    1A55E       52         0
                text109                           1B5EA    1B5EA        A         0
                text108                           19A00    19A00       A2         0
                text107                           1A6F2    1A6F2       50         0
                text106                           1A8A8    1A8A8       46         0
                text105                           1A6A2    1A6A2       50         0
                text104                           15EA8    15EA8      354         0
                text103                           189C8    189C8      144         0
                text102                           1773C    1773C      29C         0
                text101                           1860A    1860A      22C         0
                text100                           183D2    183D2      238         0
                text99                            19762    19762       AE         0
                text98                            19528    19528       C4         0
                text97                            1AC02    1AC02       3E         0
                text96                            1A216    1A216       66         0
                text95                            19BD6    19BD6       98         0
                text94                            1A4B2    1A4B2       58         0
                text93                            1A976    1A976       44         0
                text92                            1AF36    1AF36       2E         0
                text91                            18D90    18D90      122         0
                text90                            1AF06    1AF06       30         0
                text89                            1B332    1B332       1A         0
                text88                            1AA40    1AA40       42         0
                text87                            1B280    1B280       20         0
                text86                            1ACB8    1ACB8       3C         0
                text85                            1B128    1B128       26         0
                text84                            1A3FC    1A3FC       5C         0
                text83                            19C6E    19C6E       8C         0
                text82                            19386    19386       D2         0
                text81                            1AED6    1AED6       30         0
                text80                            168A2    168A2      30E         0
                text79                            1A7D2    1A7D2       48         0
                text78                            195EC    195EC       BC         0
                text77                            19E0A    19E0A       84         0
                text76                            1A0E2    1A0E2       68         0
                text75                            1B062    1B062       28         0
                text74                            190B0    190B0       F6         0
                text73                            18EB2    18EB2      100         0
                text72                            1A50A    1A50A       54         0
                text71                            1A932    1A932       44         0
                text70                            171CC    171CC      2C2         0
                text69                            1B1DE    1B1DE       22         0
                text68                            1A8EE    1A8EE       44         0
                text67                            1B426    1B426       14         0
                text66                            19D84    19D84       86         0
                text65                            19F94    19F94       72         0
                text64                            14F7C    14F7C      434         0
                text63                            10000    10000     1724         0
                text62                            1A78A    1A78A       48         0
                text61                            1A742    1A742       48         0
                text60                            13AD8    13AD8      B30         0
                text59                            1B578    1B578        E         0
                text58                            1A2E2    1A2E2       60         0
                text57                            1B102    1B102       26         0
                text56                            1B1BC    1B1BC       22         0
                text55                            1B56A    1B56A        E         0
                text54                            1B55C    1B55C        E         0
                text53                            1A1B0    1A1B0       66         0
                text52                            1B54E    1B54E        E         0
                text51                            1B540    1B540        E         0
                text50                            1AD6C    1AD6C       38         0
                text49                            1B5BC    1B5BC        C         0
                text48                            1ADA4    1ADA4       36         0
                text47                            1B260    1B260       20         0
                text46                            1B3B4    1B3B4       18         0
                text45                            1B532    1B532        E         0
                text44                            1B524    1B524        E         0
                text43                            198B8    198B8       A4         0
                text42                            1B2FA    1B2FA       1C         0
                text41                            1B516    1B516        E         0
                text40                            1AF92    1AF92       2A         0
                text39                            1AC7C    1AC7C       3C         0
                text38                            1B508    1B508        E         0
                text37                            1AE42    1AE42       32         0
                text36                            1B4FA    1B4FA        E         0
                text35                            1A652    1A652       50         0
                text34                            1AC40    1AC40       3C         0
                text33                            1A9FE    1A9FE       42         0
                text32                            1B63A    1B63A        4         0
                text31                            1B240    1B240       20         0
                text30                            1B220    1B220       20         0
                text29                            1B4EC    1B4EC        E         0
                text28                            1B636    1B636        4         0
                text27                            1B632    1B632        4         0
                text26                            1B200    1B200       20         0
                text25                            1B5E0    1B5E0        A         0
                text24                            1A458    1A458       5A         0
                text23                            1ABC4    1ABC4       3E         0
                text22                            1B4CC    1B4CC       10         0
                text21                            1B4BC    1B4BC       10         0
                text20                            1AB86    1AB86       3E         0
                text19                            1B3E4    1B3E4       16         0
                text18                            1B03A    1B03A       28         0
                text17                            1B61A    1B61A        6         0
                text16                            1A862    1A862       46         0
                text15                            1B4AC    1B4AC       10         0
                text14                            1B2DE    1B2DE       1C         0
                text13                            1B5B0    1B5B0        C         0
                text12                            1AEA6    1AEA6       30         0
                text11                            19B3E    19B3E       98         0
                text10                            1A3A0    1A3A0       5C         0
                text9                             1A342    1A342       5E         0
                text8                             157C8    157C8      37A         0
                text7                             1ADDA    1ADDA       34         0
                text6                             1A602    1A602       50         0
                text5                             1A14A    1A14A       66         0
                text4                             15B42    15B42      366         0
                text3                             1B49C    1B49C       10         0
                text2                             12E3C    12E3C      C9C         0
                text1                             1929A    1929A       EC         0
                text0                             18160    18160      272         0
                cinit                             19AA2    19AA2       9C         0
                idataBANK2                        1B476    1B476       13         0
                idataBANK1                        1B489    1B489       12         0
                idataBANK0                        1B666    1B666        1         0

        CLASS   CONST          

        CLASS   SMALLCONST     

        CLASS   MEDIUMCONST    
                mediumconst                        E1AE     E1AE     1E52         0

        CLASS   COMRAM         
                temp                                 5E       5E        1         1
                cstackCOMRAM                          1        1       5D         1

        CLASS   ABS1           

        CLASS   BIGRAM         

        CLASS   RAM            

        CLASS   BANK0          
                cstackBANK0                          60       60       59         1
                dataBANK0                            FD       FD        1         1
                bssBANK0                             B9       B9       43         1
                bitbssBANK0                         7E0       FC        1         1

        CLASS   BANK1          
                cstackBANK1                         100      100       65         1
                dataBANK1                           1BA      1BA       12         1
                bssBANK1                            165      165       55         1

        CLASS   BANK2          
                cstackBANK2                         200      200       C7         1
                dataBANK2                           2EC      2EC       13         1
                bssBANK2                            2C7      2C7       25         1
                nvBANK2                             2FF      2FF        1         1

        CLASS   BANK3          
                cstackBANK3                         3EC      3EC       12         1
                bssBANK3                            300      300       EC         1

        CLASS   BANK4          
                cstackBANK4                         4C0      4C0       12         1
                bssBANK4                            400      400       C0         1

        CLASS   BANK5          

        CLASS   BANK6          

        CLASS   BANK7          

        CLASS   BANK8          

        CLASS   BANK9          

        CLASS   BANK10         

        CLASS   BANK11         

        CLASS   BANK12         

        CLASS   BANK13         

        CLASS   BANK14         

        CLASS   SFR            

        CLASS   FARRAM         

        CLASS   CONFIG         
                config                           300000   300000        C         0

        CLASS   IDLOC          
                idloc                            200000   200000       10         0

        CLASS   EEDATA         



SEGMENTS        Name                           Load    Length   Top    Selector   Space  Class

                reset_vec                      000000  000004  000004         0       0  CODE    
                cstackCOMRAM                   000001  00005E  00005F         1       1  COMRAM  
                intcode                        000008  000006  00000E         4       0  CODE    
                intcodelo                      000018  0000D2  0000EA         C       0  CODE    
                cstackBANK0                    000060  00009E  0000FE        60       1  BANK0   
                cstackBANK1                    000100  0000CC  0001CC       100       1  BANK1   
                cstackBANK2                    000200  000100  000300       200       1  BANK2   
                bssBANK3                       000300  0000FE  0003FE       300       1  BANK3   
                bssBANK4                       000400  0000D2  0004D2       400       1  BANK4   
                mediumconst                    00E1AE  001E52  010000      70D7       0  MEDIUMCO
                text63                         010000  00B49B  01B49B      8000       0  CODE    
                text3                          01B49C  0001CB  01B667      DA4E       0  CODE    
                idloc                          200000  000010  200010    200000       0  IDLOC   
                config                         300000  00000C  30000C    300000       0  CONFIG  


UNUSED ADDRESS RANGES

        Name                Unused          Largest block    Delta
        BANK0            0000FE-0000FF                2
        BANK1            0001CC-0001FF               34
        BANK10           000A00-000AFF              100
        BANK11           000B00-000BFF              100
        BANK12           000C00-000CFF              100
        BANK13           000D00-000DFF              100
        BANK14           000E00-000E87               88
        BANK3            0003FE-0003FF                2
        BANK4            0004D2-0004FF               2E
        BANK5            000500-0005FF              100
        BANK6            000600-0006FF              100
        BANK7            000700-0007FF              100
        BANK8            000800-0008FF              100
        BANK9            000900-0009FF              100
        BIGRAM           00005F-00005F                1
                         0000FE-0000FF                2
                         0001CC-0001FF               34
                         0003FE-0003FF                2
                         0004D2-000E87              9B6
        CODE             000004-000007                4
                         00000E-000017                A
                         0000EA-00E1AD             E0C4
                         01B49B-01B49B                1
                         01B667-01FFFF             4999
        COMRAM           00005F-00005F                1
        CONST            000004-000007                4
                         00000E-000017                A
                         0000EA-00E1AD             E0C4
                         01B49B-01B49B                1
                         01B667-01FFFF             4999
        EEDATA           310000-3103FF              400
        MEDIUMCONST      000F00-00E1AD             D2AE
                         01B49B-01B49B                1
                         01B667-01FFFF             4999
        RAM              0000FE-0000FF                2
                         0001CC-0001FF               34
                         0003FE-0003FF                2
                         0004D2-000E87              100
        SFR              000E8D-000FFF               73
        SMALLCONST       000F00-00E1AD              100
                         01B49B-01B49B                1
                         01B667-01FFFF              100
        STACK            0004D2-000E87              9B6

                                  Symbol Table

?_ADCC_GetConversionResult                     cstackCOMRAM 000001
?_ADCC_GetFilterValue                          cstackCOMRAM 000001
?_FLASH_ReadWord                               cstackBANK2  000204
?___awdiv                                      cstackBANK2  000206
?___awmod                                      cstackBANK2  000200
?___fladd                                      cstackBANK2  000234
?___fldiv                                      cstackBANK1  00011E
?___flmul                                      cstackBANK2  00020E
?___flneg                                      cstackBANK2  000200
?___flsub                                      cstackBANK2  000244
?___fltol                                      cstackBANK2  000230
?___lldiv                                      cstackBANK2  000200
?___llmod                                      cstackBANK2  00020D
?___lwdiv                                      cstackBANK2  000205
?___lwmod                                      cstackBANK2  000200
?___wmul                                       cstackBANK2  000200
?___xxtofl                                     cstackBANK2  000200
?__div_to_l_                                   cstackBANK2  000200
?__doprnt                                      cstackBANK2  00024C
?__tdiv_to_l_                                  cstackBANK2  000200
?_fabs                                         cstackCOMRAM 000005
?_fround                                       cstackBANK2  000227
?_getCauseOfResetString                        cstackBANK2  000200
?_getCauseOfResetStringSmall                   cstackBANK2  000200
?_getDeviceID                                  cstackBANK2  00020B
?_getDeviceIDString                            cstackBANK2  00020D
?_getNXQChargeStateString                      cstackBANK2  000200
?_getNXQChargeStateStringCaps                  cstackBANK2  000200
?_getStringSecondsAsTime                       cstackBANK2  000297
?_getUserID                                    cstackBANK2  00020B
?_printf                                       cstackBANK2  0002B9
?_scale                                        cstackBANK2  000227
?_sprintf                                      cstackBANK2  000284
?_strcmp                                       cstackBANK2  000200
?_strlen                                       cstackBANK2  000200
?i1___fladd                                    cstackBANK1  00010E
?i1___flmul                                    cstackBANK1  000137
?i1___xxtofl                                   cstackBANK1  000100
?i2___awdiv                                    cstackCOMRAM 000007
?i2___awmod                                    cstackCOMRAM 000001
?i2___fladd                                    cstackCOMRAM 000052
?i2___fldiv                                    cstackCOMRAM 000013
?i2___flmul                                    cstackCOMRAM 00002C
?i2___flneg                                    cstackCOMRAM 000001
?i2___flsub                                    cstackBANK0  000064
?i2___fltol                                    cstackCOMRAM 00004E
?i2___lldiv                                    cstackCOMRAM 000001
?i2___llmod                                    cstackCOMRAM 00000E
?i2___lwdiv                                    cstackCOMRAM 000006
?i2___lwmod                                    cstackCOMRAM 000001
?i2___wmul                                     cstackCOMRAM 000001
?i2___xxtofl                                   cstackCOMRAM 000005
?i2__div_to_l_                                 cstackCOMRAM 000001
?i2__doprnt                                    cstackBANK0  00006C
?i2__tdiv_to_l_                                cstackCOMRAM 000001
?i2_fround                                     cstackCOMRAM 000045
?i2_printf                                     cstackBANK0  0000A4
?i2_scale                                      cstackCOMRAM 000045
ADCC_SetADTIInterruptHandler@InterruptHandler  cstackBANK2  000200
ADCC_StartConversion@channel                   cstackBANK1  000100
ADC_PostProcessingHandler@current_adc_channel  cstackBANK0  000078
ADC_PostProcessingHandler@i                    cstackBANK0  000079
ADC_PostProcessingHandler@i_3066               cstackBANK0  00007A
CCP1_CallBack@capturedValue                    cstackBANK1  000158
CCP1_CaptureISR@module                         cstackBANK1  00015A
CCP2_CallBack@capturedValue                    cstackBANK1  000158
CCP2_CaptureISR@module                         cstackBANK1  00015A
EUSART2_Read@readValue                         cstackBANK2  000200
EUSART2_SetRxInterruptHandler@interruptHandler cstackBANK2  000200
EUSART2_SetTxInterruptHandler@interruptHandler cstackBANK2  000200
EUSART2_Write@txData                           cstackBANK2  000200
FLASH_ReadByte@flashAddr                       cstackBANK2  000200
FLASH_ReadWord@flashAddr                       cstackBANK2  000204
I2C2_ISR@i2c_10bit_address_restart             bssBANK0     0000D9
I2C2_ISR@i2c_address                           bssBANK0     0000FA
I2C2_ISR@i2c_bytes_left                        bssBANK0     0000DA
I2C2_ISR@pi2c_buf_ptr                          bssBANK0     0000D1
I2C2_MasterRead@address                        cstackBANK2  00020C
I2C2_MasterRead@length                         cstackBANK2  00020B
I2C2_MasterRead@pdata                          cstackBANK2  000209
I2C2_MasterRead@pflag                          cstackBANK2  00020E
I2C2_MasterRead@trBlock                        bssBANK1     0001AA
I2C2_MasterReadTRBBuild@address                cstackBANK2  000205
I2C2_MasterReadTRBBuild@length                 cstackBANK2  000204
I2C2_MasterReadTRBBuild@pdata                  cstackBANK2  000202
I2C2_MasterReadTRBBuild@ptrb                   cstackBANK2  000200
I2C2_MasterTRBInsert@count                     cstackBANK2  000205
I2C2_MasterTRBInsert@pflag                     cstackBANK2  000202
I2C2_MasterTRBInsert@ptrb_list                 cstackBANK2  000200
I2C2_MasterWrite@address                       cstackBANK2  00020C
I2C2_MasterWrite@length                        cstackBANK2  00020B
I2C2_MasterWrite@pdata                         cstackBANK2  000209
I2C2_MasterWrite@pflag                         cstackBANK2  00020E
I2C2_MasterWrite@trBlock                       bssBANK1     0001AF
I2C2_MasterWriteTRBBuild@address               cstackBANK2  000205
I2C2_MasterWriteTRBBuild@length                cstackBANK2  000204
I2C2_MasterWriteTRBBuild@pdata                 cstackBANK2  000202
I2C2_MasterWriteTRBBuild@ptrb                  cstackBANK2  000200
I2C2_Stop@completion_code                      cstackBANK1  000102
INT1_SetInterruptHandler@InterruptHandler      cstackBANK2  000200
INT2_SetInterruptHandler@InterruptHandler      cstackBANK2  000200
IOCBF2_SetInterruptHandler@InterruptHandler    cstackBANK2  000200
IOCBF3_SetInterruptHandler@InterruptHandler    cstackBANK2  000200
LM73Convert@Ambient_Conv                       cstackBANK2  00022E
LM73Convert@POS5_Conv                          cstackBANK2  00022C
LM73Convert@QI_Conv                            cstackBANK2  00022A
LM73TempSensorInitialize@output_data_array     cstackBANK2  000210
OLED_Clear@col                                 cstackBANK2  000223
OLED_Clear@row                                 cstackBANK2  000221
OLED_Command@data_array                        cstackBANK2  000212
OLED_Command@temp                              cstackBANK2  000210
OLED_PutChar@ch                                cstackBANK2  000220
OLED_PutChar@data_array                        cstackBANK2  000214
OLED_PutChar@input_base                        cstackBANK2  00021D
OLED_UpdateFromRAMBuffer@char_index            cstackBANK2  000223
OLED_UpdateFromRAMBuffer@char_index_3732       cstackBANK2  000224
OLED_UpdateFromRAMBuffer@char_index_3733       cstackBANK2  000225
OLED_UpdateFromRAMBuffer@char_index_3734       cstackBANK2  000226
OLED_WriteString@s                             cstackBANK2  000221
OLED_YX@Column                                 cstackBANK2  000214
OLED_YX@Row                                    cstackBANK2  000218
OLED_updateHandler@dev_id_str                  cstackBANK2  000299
OLED_updateHandler@rev_id_str                  cstackBANK2  0002AA
TMR0_SetInterruptHandler@InterruptHandler      cstackBANK2  000200
TMR1_WriteTimer@timerVal                       cstackBANK2  000200
TMR2_SetInterruptHandler@InterruptHandler      cstackBANK2  000200
TMR3_SetInterruptHandler@InterruptHandler      cstackBANK2  000200
TMR3_WriteTimer@timerVal                       cstackBANK2  000200
TMR5_WriteTimer@timerVal                       cstackBANK2  000200
_ADACCH                                        (abs)        000F71
_ADACCL                                        (abs)        000F70
_ADACQ                                         (abs)        000F5C
_ADACT                                         (abs)        000F56
_ADCAP                                         (abs)        000F5D
_ADCC_ADTI_InterruptHandler                    bssBANK1     000175
_ADCC_ClearAccumulator                         text125      01B626
_ADCC_DefaultInterruptHandler                  text182      01B664
_ADCC_DischargeSampleCapacitor                 text124      01B612
_ADCC_GetConversionResult                      text198      01B462
_ADCC_GetCurrentCountofConversions             text197      01B652
_ADCC_GetFilterValue                           text196      01B44E
_ADCC_HasAccumulatorOverflowed                 text195      01B5D4
_ADCC_Initialize                               text58       01A2E2
_ADCC_SetADTIInterruptHandler                  text59       01B578
_ADCC_StartConversion                          text123      01B594
_ADCC_StopConversion                           text194      01B64E
_ADCC_ThresholdISR                             text181      01B0DA
_ADCLK                                         (abs)        000F57
_ADCNT                                         (abs)        000F67
_ADCON0                                        (abs)        000F60
_ADCON0bits                                    (abs)        000F60
_ADCON1                                        (abs)        000F59
_ADCON1bits                                    (abs)        000F59
_ADCON2                                        (abs)        000F5A
_ADCON2bits                                    (abs)        000F5A
_ADCON3                                        (abs)        000F5B
_ADCON3bits                                    (abs)        000F5B
_ADC_PostProcessingHandler                     text183      014608
_ADC_PostProcessingHandler$6319                cstackBANK0  00007B
_ADC_PostProcessingHandler$6320                cstackBANK0  00007F
_ADC_PostProcessingHandler$6321                cstackBANK0  00006C
_ADC_PostProcessingHandler$6322                cstackBANK0  000070
_ADC_PostProcessingHandler$6323                cstackBANK0  000074
_ADC_acquisitionTimerHandler                   text119      01B34C
_ADERRH                                        (abs)        000F6F
_ADERRL                                        (abs)        000F6E
_ADFLTRH                                       (abs)        000F73
_ADFLTRL                                       (abs)        000F72
_ADLTHH                                        (abs)        000F6B
_ADLTHL                                        (abs)        000F6A
_ADPCH                                         (abs)        000F5F
_ADPRE                                         (abs)        000F5E
_ADPREVH                                       (abs)        000F62
_ADPREVL                                       (abs)        000F61
_ADREF                                         (abs)        000F58
_ADRESH                                        (abs)        000F64
_ADRESL                                        (abs)        000F63
_ADRPT                                         (abs)        000F66
_ADSTAT                                        (abs)        000F65
_ADSTATbits                                    (abs)        000F65
_ADSTPTH                                       (abs)        000F69
_ADSTPTL                                       (abs)        000F68
_ADUTHH                                        (abs)        000F6D
_ADUTHL                                        (abs)        000F6C
_ANSELA                                        (abs)        000F11
_ANSELB                                        (abs)        000F19
_ANSELC                                        (abs)        000F21
_BAUD2CON                                      (abs)        000E9F
_CCP1CAP                                       (abs)        000FAD
_CCP1CON                                       (abs)        000FAC
_CCP1PPS                                       (abs)        000EAF
_CCP1_CallBack                                 text142      01AB46
_CCP1_CaptureISR                               text141      01B39A
_CCP1_Initialize                               text57       01B102
_CCP2CAP                                       (abs)        000FA9
_CCP2CON                                       (abs)        000FA8
_CCP2CONbits                                   (abs)        000FA8
_CCP2PPS                                       (abs)        000EB0
_CCP2_CallBack                                 text140      01AB06
_CCP2_CaptureISR                               text139      01B380
_CCP2_Initialize                               text56       01B1BC
_CCPR1H                                        (abs)        000FAB
_CCPR1L                                        (abs)        000FAA
_CCPR2H                                        (abs)        000FA7
_CCPR2L                                        (abs)        000FA6
_CCPTMRSbits                                   (abs)        000FAE
_EUSART2_Initialize                            text53       01A1B0
_EUSART2_Read                                  text20       01AB86
_EUSART2_Receive_ISR                           text162      01995C
_EUSART2_RxDefaultInterruptHandler             bssBANK1     00017E
_EUSART2_SetRxInterruptHandler                 text55       01B56A
_EUSART2_SetTxInterruptHandler                 text54       01B55C
_EUSART2_Transmit_ISR                          text138      01AE74
_EUSART2_TxDefaultInterruptHandler             bssBANK1     000181
_EUSART2_Write                                 text68       01A8EE
_EXT_INT_Initialize                            text50       01AD6C
_FLASH_ReadByte                                text89       01B332
_FLASH_ReadWord                                text88       01AA40
_FVRCON                                        (abs)        000F31
_FVRCONbits                                    (abs)        000F31
_FVR_Initialize                                text49       01B5BC
_I2C2_BusCollisionISR                          text137      01B5C8
_I2C2_FunctionComplete                         text136      01B366
_I2C2_ISR                                      text134      017EEA
_I2C2_Initialize                               text48       01ADA4
_I2C2_MasterRead                               text107      01A6F2
_I2C2_MasterReadTRBBuild                       text110      01A55E
_I2C2_MasterTRBInsert                          text108      019A00
_I2C2_MasterWrite                              text105      01A6A2
_I2C2_MasterWriteTRBBuild                      text106      01A8A8
_I2C2_Stop                                     text135      01A9BA
_I2C2_WaitForLastPacketToComplete              text109      01B5EA
_I2C_STATUS                                    bssBANK1     0001B9
_INT1PPS                                       (abs)        000EA2
_INT1_CallBack                                 text131      01B198
_INT1_DefaultInterruptHandler                  text132      01B65C
_INT1_ISR                                      text130      01B5FE
_INT1_InterruptHandler                         bssBANK1     000187
_INT1_SetInterruptHandler                      text52       01B54E
_INT2PPS                                       (abs)        000EA3
_INT2_CallBack                                 text127      01B174
_INT2_DefaultInterruptHandler                  text128      01B65A
_INT2_ISR                                      text126      01B5F4
_INT2_InterruptHandler                         bssBANK1     000184
_INT2_SetInterruptHandler                      text51       01B540
_INTCONbits                                    (abs)        000FF2
_INTERRUPT_Initialize                          text47       01B260
_INTERRUPT_InterruptManagerHigh                intcode      000008
_INTERRUPT_InterruptManagerLow                 intcodelo    000018
_IOCBF2_DefaultInterruptHandler                text157      01B662
_IOCBF2_ISR                                    text156      01B010
_IOCBF2_InterruptHandler                       bssBANK1     00017B
_IOCBF2_SetInterruptHandler                    text45       01B532
_IOCBF3_DefaultInterruptHandler                text154      01B660
_IOCBF3_ISR                                    text153      01AFE6
_IOCBF3_InterruptHandler                       bssBANK1     000178
_IOCBF3_SetInterruptHandler                    text44       01B524
_IOCBFbits                                     (abs)        000F12
_IOCBNbits                                     (abs)        000F13
_IOCBPbits                                     (abs)        000F14
_IPR0bits                                      (abs)        000EBA
_IPR1bits                                      (abs)        000EBB
_IPR3bits                                      (abs)        000EBD
_IPR4bits                                      (abs)        000EBE
_IPR6bits                                      (abs)        000EC0
_LATA                                          (abs)        000F83
_LATB                                          (abs)        000F84
_LATBbits                                      (abs)        000F84
_LATC                                          (abs)        000F85
_LATCbits                                      (abs)        000F85
_LM73AcquisitionHandler                        text101      01860A
_LM73Convert                                   text102      01773C
_LM73TempSensorInitialize                      text100      0183D2
_LM73_start_flag                               bssBANK2     0002DA
_LM73_temp_results                             bssBANK1     000198
_NVMADRH                                       (abs)        000F7F
_NVMADRL                                       (abs)        000F7E
_NVMCON1bits                                   (abs)        000F81
_NVMCON2                                       (abs)        000F82
_NVMDAT                                        (abs)        000F80
_ODCONA                                        (abs)        000F0F
_ODCONB                                        (abs)        000F17
_ODCONC                                        (abs)        000F1F
_OLED_Clear                                    text97       01AC02
_OLED_Command                                  text96       01A216
_OLED_Frame                                    bssBANK2     0002D9
_OLED_Init                                     text95       019BD6
_OLED_PutChar                                  text98       019528
_OLED_RAM_Buffer                               bssBANK3     000340
_OLED_UpdateFromRAMBuffer                      text91       018D90
_OLED_WriteString                              text94       01A4B2
_OLED_YX                                       text93       01A976
_OLED_updateHandler                            text60       013AD8
_OLED_update_flag                              bssBANK2     0002D8
_OLED_update_time                              dataBANK2    0002FE
_OSCCON1                                       (abs)        000ED8
_OSCCON3                                       (abs)        000EDA
_OSCEN                                         (abs)        000EDC
_OSCFRQ                                        (abs)        000EDE
_OSCILLATOR_Initialize                         text46       01B3B4
_OSCTUNE                                       (abs)        000EDD
_OledFont                                      mediumconst  00E237
_PCON0bits                                     (abs)        000FD7
_PIE0bits                                      (abs)        000EC2
_PIE1bits                                      (abs)        000EC3
_PIE3bits                                      (abs)        000EC5
_PIE4bits                                      (abs)        000EC6
_PIE6bits                                      (abs)        000EC8
_PIN_MANAGER_IOC                               text152      01B43A
_PIN_MANAGER_Initialize                        text43       0198B8
_PIR0bits                                      (abs)        000ECA
_PIR1bits                                      (abs)        000ECB
_PIR3bits                                      (abs)        000ECD
_PIR4bits                                      (abs)        000ECE
_PIR6bits                                      (abs)        000ED0
_PIR7bits                                      (abs)        000ED1
_PMD0                                          (abs)        000EE1
_PMD1                                          (abs)        000EE2
_PMD2                                          (abs)        000EE3
_PMD3                                          (abs)        000EE4
_PMD4                                          (abs)        000EE5
_PMD5                                          (abs)        000EE6
_PMD_Initialize                                text42       01B2FA
_PORTBbits                                     (abs)        000F8E
_POS5_current_edge                             bssBANK1     000191
_PR2                                           (abs)        000FBC
_QIChargeIOCHandler                            text155      01B3CC
_QIIdleIOCHandler                              text158      01B4DC
_QIIdleTimerHandler                            text113      01AFBC
_QI_current_edge                               bssBANK1     000190
_RB4PPS                                        (abs)        000EF3
_RB5PPS                                        (abs)        000EF4
_RC2REG                                        (abs)        000E99
_RC2STA                                        (abs)        000E9D
_RC2STAbits                                    (abs)        000E9D
_RC4PPS                                        (abs)        000EFB
_RX2PPS                                        (abs)        000E8D
_SLRCONA                                       (abs)        000F0E
_SLRCONB                                       (abs)        000F16
_SLRCONC                                       (abs)        000F1E
_SP2BRGH                                       (abs)        000E9C
_SP2BRGL                                       (abs)        000E9B
_SSP2ADD                                       (abs)        000E93
_SSP2BUF                                       (abs)        000E92
_SSP2CLKPPS                                    (abs)        000E8F
_SSP2CON1                                      (abs)        000E96
_SSP2CON1bits                                  (abs)        000E96
_SSP2CON2bits                                  (abs)        000E97
_SSP2CON3                                      (abs)        000E98
_SSP2DATPPS                                    (abs)        000E90
_SSP2STAT                                      (abs)        000E95
_SYSTEM_Initialize                             text33       01A9FE
_T0CON0                                        (abs)        000FD5
_T0CON0bits                                    (abs)        000FD5
_T0CON1                                        (abs)        000FD6
_T1CLK                                         (abs)        000FD2
_T1CON                                         (abs)        000FCF
_T1CONbits                                     (abs)        000FCF
_T1GATE                                        (abs)        000FD1
_T1GCON                                        (abs)        000FD0
_T1GCONbits                                    (abs)        000FD0
_T2CLKCON                                      (abs)        000FBF
_T2CON                                         (abs)        000FBD
_T2CONbits                                     (abs)        000FBD
_T2HLT                                         (abs)        000FBE
_T2HLTbits                                     (abs)        000FBE
_T2PR                                          (abs)        000FBC
_T2RST                                         (abs)        000FC0
_T2RSTbits                                     (abs)        000FC0
_T2TMR                                         (abs)        000FBB
_T3CLK                                         (abs)        000FCC
_T3CON                                         (abs)        000FC9
_T3CONbits                                     (abs)        000FC9
_T3GATE                                        (abs)        000FCB
_T3GCON                                        (abs)        000FCA
_T3GCONbits                                    (abs)        000FCA
_T5CLK                                         (abs)        000FC6
_T5CON                                         (abs)        000FC3
_T5CONbits                                     (abs)        000FC3
_T5GATE                                        (abs)        000FC5
_T5GCON                                        (abs)        000FC4
_T5GCONbits                                    (abs)        000FC4
_TABLAT                                        (abs)        000FF5
_TBLPTRH                                       (abs)        000FF7
_TBLPTRL                                       (abs)        000FF6
_TBLPTRU                                       (abs)        000FF8
_TMR0H                                         (abs)        000FD4
_TMR0L                                         (abs)        000FD3
_TMR0_DefaultInterruptHandler                  text150      01B65E
_TMR0_ISR                                      text149      01B0B2
_TMR0_Initialize                               text40       01AF92
_TMR0_InterruptHandler                         bssBANK1     000172
_TMR0_SetInterruptHandler                      text41       01B516
_TMR1H                                         (abs)        000FCE
_TMR1L                                         (abs)        000FCD
_TMR1_Initialize                               text39       01AC7C
_TMR1_StopTimer                                text32       01B63A
_TMR1_WriteTimer                               text31       01B240
_TMR2                                          (abs)        000FBB
_TMR2_DefaultInterruptHandler                  text120      01B658
_TMR2_ISR                                      text118      01B08A
_TMR2_Initialize                               text37       01AE42
_TMR2_InterruptHandler                         bssBANK1     00016F
_TMR2_SetInterruptHandler                      text38       01B508
_TMR2_Start                                    text193      01B64A
_TMR2_StartTimer                               text192      01B62C
_TMR2_Stop                                     text122      01B642
_TMR2_StopTimer                                text121      01B620
_TMR3H                                         (abs)        000FC8
_TMR3L                                         (abs)        000FC7
_TMR3_DefaultInterruptHandler                  text114      01B656
_TMR3_ISR                                      text112      01AE0E
_TMR3_Initialize                               text35       01A652
_TMR3_InterruptHandler                         bssBANK1     00016C
_TMR3_Reload                                   text29       01B4EC
_TMR3_SetInterruptHandler                      text36       01B4FA
_TMR3_StartTimer                               text161      01B646
_TMR3_StopTimer                                text28       01B636
_TMR3_WriteTimer                               text30       01B220
_TMR5H                                         (abs)        000FC2
_TMR5L                                         (abs)        000FC1
_TMR5_Initialize                               text34       01AC40
_TMR5_StopTimer                                text27       01B632
_TMR5_WriteTimer                               text26       01B200
_TRISA                                         (abs)        000F88
_TRISB                                         (abs)        000F89
_TRISC                                         (abs)        000F8A
_TX2REG                                        (abs)        000E9A
_TX2STA                                        (abs)        000E9E
_TX2STAbits                                    (abs)        000E9E
_WPUA                                          (abs)        000F10
_WPUB                                          (abs)        000F18
_WPUC                                          (abs)        000F20
_WPUE                                          (abs)        000F2D
__CFG_BOREN$SBORDIS                            (abs)        000000
__CFG_BORV$VBOR_2P45                           (abs)        000000
__CFG_CLKOUTEN$OFF                             (abs)        000000
__CFG_CP$OFF                                   (abs)        000000
__CFG_CPD$OFF                                  (abs)        000000
__CFG_CSWEN$ON                                 (abs)        000000
__CFG_DEBUG$OFF                                (abs)        000000
__CFG_EBTR0$OFF                                (abs)        000000
__CFG_EBTR1$OFF                                (abs)        000000
__CFG_EBTR2$OFF                                (abs)        000000
__CFG_EBTR3$OFF                                (abs)        000000
__CFG_EBTR4$OFF                                (abs)        000000
__CFG_EBTR5$OFF                                (abs)        000000
__CFG_EBTR6$OFF                                (abs)        000000
__CFG_EBTR7$OFF                                (abs)        000000
__CFG_EBTRB$OFF                                (abs)        000000
__CFG_FCMEN$ON                                 (abs)        000000
__CFG_FEXTOSC$OFF                              (abs)        000000
__CFG_LPBOREN$OFF                              (abs)        000000
__CFG_LVP$OFF                                  (abs)        000000
__CFG_MCLRE$EXTMCLR                            (abs)        000000
__CFG_PPS1WAY$ON                               (abs)        000000
__CFG_PWRTE$ON                                 (abs)        000000
__CFG_RSTOSC$HFINTOSC_64MHZ                    (abs)        000000
__CFG_SCANE$ON                                 (abs)        000000
__CFG_STVREN$ON                                (abs)        000000
__CFG_WDTCCS$LFINTOSC                          (abs)        000000
__CFG_WDTCPS$WDTCPS_11                         (abs)        000000
__CFG_WDTCWS$WDTCWS_7                          (abs)        000000
__CFG_WDTE$NSLEEP                              (abs)        000000
__CFG_WRT0$OFF                                 (abs)        000000
__CFG_WRT1$OFF                                 (abs)        000000
__CFG_WRT2$OFF                                 (abs)        000000
__CFG_WRT3$OFF                                 (abs)        000000
__CFG_WRT4$OFF                                 (abs)        000000
__CFG_WRT5$OFF                                 (abs)        000000
__CFG_WRT6$OFF                                 (abs)        000000
__CFG_WRT7$OFF                                 (abs)        000000
__CFG_WRTB$OFF                                 (abs)        000000
__CFG_WRTC$OFF                                 (abs)        000000
__CFG_WRTD$OFF                                 (abs)        000000
__CFG_XINST$OFF                                (abs)        000000
__CFG_ZCD$OFF                                  (abs)        000000
__HRAM                                         (abs)        000000
__Habs1                                        abs1         000000
__Hbank0                                       bank0        000000
__Hbank1                                       bank1        000000
__Hbank10                                      bank10       000000
__Hbank11                                      bank11       000000
__Hbank12                                      bank12       000000
__Hbank13                                      bank13       000000
__Hbank14                                      bank14       000000
__Hbank2                                       bank2        000000
__Hbank3                                       bank3        000000
__Hbank4                                       bank4        000000
__Hbank5                                       bank5        000000
__Hbank6                                       bank6        000000
__Hbank7                                       bank7        000000
__Hbank8                                       bank8        000000
__Hbank9                                       bank9        000000
__Hbigbss                                      bigbss       000000
__Hbigdata                                     bigdata      000000
__Hbigram                                      bigram       000000
__HbitbssBANK0                                 bitbssBANK0  000000
[...]
		Unchanged: 
 Data sizes:     COMRAM   BANK0   BANK1   BANK2   BANK3   BANK4   BANK5   BANK6   BANK7   BANK8   BANK9  BANK10  BANK11  BANK12  BANK13  BANK14
      Params:         0       0       0       0       0       0       0       0       0       0       0       0       0       0       0       0
      Locals:         0       0       0       0       0       0       0       0       0       0       0       0       0       0       0       0
      Temps:          0       0       0       0       0       0       0       0       0       0       0       0       0       0       0       0
      Totals:         0       0       0       0       0       0       0       0       0       0       0       0       0       0       0       0
Total ram usage:        0 bytes
 Hardware stack levels used:    1
 This function calls:
		Nothing
 This function is called by:
		_ADC_PostProcessingHandler
 This function uses a non-reentrant model


 *************** function _ADCC_GetConversionResult *****************
 Defined at:
		line 130 in file "mcc_generated_files/adcc.c"
 Parameters:    Size  Location     Type
		None
 Auto vars:     Size  Location     Type
		None
 Return value:  Size  Location     Type
                  2    0[COMRAM] unsigned int 
 Registers used:
		wreg, status,2, status,0
 Tracked objects:
		On entry : 
		On exit  : 
		Unchanged: 
 Data sizes:     COMRAM   BANK0   BANK1   BANK2   BANK3   BANK4   BANK5   BANK6   BANK7   BANK8   BANK9  BANK10  BANK11  BANK12  BANK13  BANK14
      Params:         2       0       0       0       0       0       0       0       0       0       0       0       0       0       0       0
      Locals:         0       0       0       0       0       0       0       0       0       0       0       0       0       0       0       0
      Temps:          2       0       0       0       0       0       0       0       0       0       0       0       0       0       0       0
      Totals:         4       0       0       0       0       0       0       0       0       0       0       0       0       0       0       0
Total ram usage:        4 bytes
 Hardware stack levels used:    1
 This function calls:
		Nothing
 This function is called by:
		_ADC_PostProcessingHandler
 This function uses a non-reentrant model



MODULE INFORMATION

Module		Function		Class		Link	Load	Size
mcc_generated_files/ccp1.c
		_CCP1_CallBack 		CODE           	1AB46	0000	65
		_CCP1_CaptureISR		CODE           	1B39A	0000	27
		_CCP1_Initialize		CODE           	1B102	0000	39

mcc_generated_files/ccp1.c estimated size: 131

C:\Program Files (x86)\Microchip\xc8\v2.05\pic\sources\c90\common\isdigit.c
		_isdigit       		CODE           	1B1DE	0000	35

C:\Program Files (x86)\Microchip\xc8\v2.05\pic\sources\c90\common\isdigit.c estimated size: 35

C:\Program Files (x86)\Microchip\xc8\v2.05\pic\sources\c90\common\doprnt.c
		_scale         		CODE           	14F7C	0000	1077
		_fround        		CODE           	171CC	0000	707
		__doprnt       		CODE           	10000	0000	5925

C:\Program Files (x86)\Microchip\xc8\v2.05\pic\sources\c90\common\doprnt.c estimated size: 7709

C:\Program Files (x86)\Microchip\xc8\v2.05\pic\sources\c90\common\sprcadd.c
		___flsub       		CODE           	1A7D2	0000	73
		___fladd       		CODE           	168A2	0000	783

C:\Program Files (x86)\Microchip\xc8\v2.05\pic\sources\c90\common\sprcadd.c estimated size: 856

C:\Program Files (x86)\Microchip\xc8\v2.05\pic\sources\c90\common\llmod.c
		___llmod       		CODE           	1A0E2	0000	105

C:\Program Files (x86)\Microchip\xc8\v2.05\pic\sources\c90\common\llmod.c estimated size: 105

NXQ_charge_state.c
		_QIIdleTimerHandler		CODE           	1AFBC	0000	43
		_getNXQChargeStateString		CODE           	1A3A0	0000	93
		_QIChargeIOCHandler		CODE           	1B3CC	0000	25
		_getNXQChargeStateStringCaps		CODE           	1A3FC	0000	93
		_QIIdleIOCHandler		CODE           	1B4DC	0000	17

NXQ_charge_state.c estimated size: 271

mcc_generated_files/eusart2.c
		_putch         		CODE           	1B426	0000	21
		_EUSART2_Read  		CODE           	1AB86	0000	63
		_EUSART2_Write 		CODE           	1A8EE	0000	69
		_EUSART2_Receive_ISR		CODE           	1995C	0000	165
		_EUSART2_Transmit_ISR		CODE           	1AE74	0000	51
		_EUSART2_SetRxInterruptHandler		CODE           	1B56A	0000	15
		_EUSART2_SetTxInterruptHandler		CODE           	1B55C	0000	15
		_EUSART2_Initialize		CODE           	1A1B0	0000	103

mcc_generated_files/eusart2.c estimated size: 502

mcc_generated_files/fvr.c
		_FVR_Initialize		CODE           	1B5BC	0000	13

mcc_generated_files/fvr.c estimated size: 13

error_handling.c
		_updateErrorLEDs		CODE           	1A862	0000	71
		_getADCError   		CODE           	1B3E4	0000	23
		_clearADCErrors		CODE           	1B4AC	0000	17
		_clearUARTErrors		CODE           	1B5B0	0000	13
		_clearI2CErrors		CODE           	1B2DE	0000	29
		_getI2CError   		CODE           	1B03A	0000	41
		_getUARTError  		CODE           	1B61A	0000	7

error_handling.c estimated size: 201

mcc_generated_files/tmr2.c
		_TMR2_ISR      		CODE           	1B08A	0000	41
		_TMR2_Initialize		CODE           	1AE42	0000	51
		_TMR2_Stop     		CODE           	1B642	0000	5
		_TMR2_Start    		CODE           	1B64A	0000	5
		_TMR2_SetInterruptHandler		CODE           	1B508	0000	15
		_TMR2_StopTimer		CODE           	1B620	0000	7
		_TMR2_DefaultInterruptHandler		CODE           	1B658	0000	3
		_TMR2_StartTimer		CODE           	1B62C	0000	7

mcc_generated_files/tmr2.c estimated size: 134

mcc_generated_files/interrupt_manager.c
		_INTERRUPT_Initialize		CODE           	1B260	0000	33
		_INTERRUPT_InterruptManagerLow		CODE           	0018	0000	207
		_INTERRUPT_InterruptManagerHigh		CODE           	0008	0000	175

mcc_generated_files/interrupt_manager.c estimated size: 415

C:\Program Files (x86)\Microchip\xc8\v2.05\pic\sources\c90\common\sprintf.c
		_sprintf       		CODE           	1A78A	0000	73

C:\Program Files (x86)\Microchip\xc8\v2.05\pic\sources\c90\common\sprintf.c estimated size: 73

heartbeat_timer.c
		_getStringSecondsAsTime		CODE           	157C8	0000	891
		_heartbeatTimerHandler		CODE           	1A076	0000	109

heartbeat_timer.c estimated size: 1000

C:\Program Files (x86)\Microchip\xc8\v2.05\pic\sources\c90\common\awmod.c
		___awmod       		CODE           	19F94	0000	115

C:\Program Files (x86)\Microchip\xc8\v2.05\pic\sources\c90\common\awmod.c estimated size: 115

terminal_control.c
		_terminalTextAttributesReset		CODE           	1B49C	0000	17
		_terminalClearScreen		CODE           	1B4CC	0000	17
		_terminalTextAttributes		CODE           	15B42	0000	871
		_terminalSetCursorHome		CODE           	1B4BC	0000	17

terminal_control.c estimated size: 922

adc_postprocessing.c
		_ADC_acquisitionTimerHandler		CODE           	1B34C	0000	27
		_ADC_PostProcessingHandler		CODE           	14608	0000	2421

adc_postprocessing.c estimated size: 2448

mcc_generated_files/tmr0.c
		_TMR0_SetInterruptHandler		CODE           	1B516	0000	15
		_TMR0_DefaultInterruptHandler		CODE           	1B65E	0000	3
		_TMR0_ISR      		CODE           	1B0B2	0000	41
		_TMR0_Initialize		CODE           	1AF92	0000	43

mcc_generated_files/tmr0.c estimated size: 102

C:\Program Files (x86)\Microchip\xc8\v2.05\pic\sources\c90\common\ftdivl.c
		__tdiv_to_l_   		CODE           	18EB2	0000	257

C:\Program Files (x86)\Microchip\xc8\v2.05\pic\sources\c90\common\ftdivl.c estimated size: 257

mcc_generated_files/pin_manager.c
		_IOCBF3_DefaultInterruptHandler		CODE           	1B660	0000	3
		_PIN_MANAGER_Initialize		CODE           	198B8	0000	165
		_IOCBF3_ISR    		CODE           	1AFE6	0000	43
		_IOCBF2_SetInterruptHandler		CODE           	1B532	0000	15
		_IOCBF3_SetInterruptHandler		CODE           	1B524	0000	15
		_IOCBF2_DefaultInterruptHandler		CODE           	1B662	0000	3
		_PIN_MANAGER_IOC		CODE           	1B43A	0000	21
		_IOCBF2_ISR    		CODE           	1B010	0000	43

mcc_generated_files/pin_manager.c estimated size: 308

C:\Program Files (x86)\Microchip\xc8\v2.05\pic\sources\c90\common\lwdiv.c
		___lwdiv       		CODE           	1A50A	0000	85

C:\Program Files (x86)\Microchip\xc8\v2.05\pic\sources\c90\common\lwdiv.c estimated size: 85

C:\Program Files (x86)\Microchip\xc8\v2.05\pic\sources\c90\common\fltol.c
		___fltol       		CODE           	195EC	0000	189

C:\Program Files (x86)\Microchip\xc8\v2.05\pic\sources\c90\common\fltol.c estimated size: 189

cap_touch_int.c
		_leftCapTouchHandler		CODE           	1B410	0000	23
		_rightCapTouchHandler		CODE           	1B3FA	0000	23

cap_touch_int.c estimated size: 46

C:\Program Files (x86)\Microchip\xc8\v2.05\pic\sources\c90\common\Umul16.c
		___wmul        		CODE           	1B062	0000	41

C:\Program Files (x86)\Microchip\xc8\v2.05\pic\sources\c90\common\Umul16.c estimated size: 41

device_IDs.c
		_getDeviceID   		CODE           	1B280	0000	33
		_getUserID     		CODE           	1ADDA	0000	53
		_getMinorRevisionID		CODE           	1B128	0000	39
		_getDeviceIDString		CODE           	19B3E	0000	153
		_getMajorRevisionID		CODE           	1ACB8	0000	61

device_IDs.c estimated size: 339

C:\Program Files (x86)\Microchip\xc8\v2.05\pic\sources\c90\common\fldivl.c
		__div_to_l_    		CODE           	190B0	0000	247

C:\Program Files (x86)\Microchip\xc8\v2.05\pic\sources\c90\common\fldivl.c estimated size: 247

C:\Program Files (x86)\Microchip\xc8\v2.05\pic\sources\c90\common\flge.c
		___flge        		CODE           	19386	0000	211

C:\Program Files (x86)\Microchip\xc8\v2.05\pic\sources\c90\common\flge.c estimated size: 211

mcc_generated_files/ccp2.c
		_CCP2_CallBack 		CODE           	1AB06	0000	65
		_CCP2_CaptureISR		CODE           	1B380	0000	27
		_CCP2_Initialize		CODE           	1B1BC	0000	35

mcc_generated_files/ccp2.c estimated size: 127

C:\Program Files (x86)\Microchip\xc8\v2.05\pic\sources\c90\common\printf.c
		_printf        		CODE           	1ABC4	0000	63

C:\Program Files (x86)\Microchip\xc8\v2.05\pic\sources\c90\common\printf.c estimated size: 63

mcc_generated_files/ext_int.c
		_INT1_SetInterruptHandler		CODE           	1B54E	0000	15
		_EXT_INT_Initialize		CODE           	1AD6C	0000	57
		_INT2_SetInterruptHandler		CODE           	1B540	0000	15
		_INT1_DefaultInterruptHandler		CODE           	1B65C	0000	3
		_INT1_CallBack 		CODE           	1B198	0000	37
		_INT2_DefaultInterruptHandler		CODE           	1B65A	0000	3
		_INT2_CallBack 		CODE           	1B174	0000	37
		_INT1_ISR      		CODE           	1B5FE	0000	11
		_INT2_ISR      		CODE           	1B5F4	0000	11

mcc_generated_files/ext_int.c estimated size: 189

C:\Program Files (x86)\Microchip\xc8\v2.05\pic\sources\c90\common\awdiv.c
		___awdiv       		CODE           	19D84	0000	135

C:\Program Files (x86)\Microchip\xc8\v2.05\pic\sources\c90\common\awdiv.c estimated size: 135

LM73_I2C.c
		_LM73TempSensorInitialize		CODE           	183D2	0000	569
		_LM73Convert   		CODE           	1773C	0000	669
		_LM73AcquisitionHandler		CODE           	1860A	0000	557

LM73_I2C.c estimated size: 1795

freq_meas.c
		_freqMeasStartCaptures		CODE           	1B5E0	0000	11
		_freqMeasConvert		CODE           	18836	0000	403

freq_meas.c estimated size: 414

mcc_generated_files/tmr5.c
		_TMR5_Initialize		CODE           	1AC40	0000	61
		_TMR5_StopTimer		CODE           	1B632	0000	5
		_TMR5_WriteTimer		CODE           	1B200	0000	33

mcc_generated_files/tmr5.c estimated size: 99

shared
		i2_printf      		CODE           	1ACF4	0000	61
		i1_TMR3_Reload 		CODE           	1B586	0000	15
		i2_TMR3_Reload 		CODE           	1B5A2	0000	15
		_OledFont      		MEDIUMCONST    	E237	0000	769
		i1_TMR3_StopTimer		CODE           	1B63E	0000	5
		i2_putch       		CODE           	1B608	0000	11
		i2___fleq      		CODE           	19CFA	0000	139
		__powers_      		MEDIUMCONST    	E1AF	0000	53
		i1_TMR3_WriteTimer		CODE           	1B2A0	0000	33
		_dpowers       		MEDIUMCONST    	E537	0000	41
		i2_TMR3_WriteTimer		CODE           	1B316	0000	29
		i2___lwdiv     		CODE           	1A5B0	0000	83
		i2_isdigit     		CODE           	1B2C0	0000	31
		i2___flneg     		CODE           	1AF64	0000	47
		i2___awdiv     		CODE           	19E8E	0000	133
		i1___fladd     		CODE           	16BB0	0000	783
		i2___fladd     		CODE           	16EBE	0000	783
		i2__tdiv_to_l_ 		CODE           	18FB2	0000	255
		i2___wmul      		CODE           	1B14E	0000	39
		i2__doprnt     		CODE           	11724	0000	5913
		i2___fldiv     		CODE           	17C62	0000	649
		i2__div_to_l_  		CODE           	191A6	0000	245
		__npowers_     		MEDIUMCONST    	E1E3	0000	53
		i2___lwmod     		CODE           	1AAC4	0000	67
		i2___fltol     		CODE           	196A8	0000	187
		i2_scale       		CODE           	153B0	0000	1049
		i2___lldiv     		CODE           	19F12	0000	131
		__initialization		CODE           	19AA2	0000	147
		i2___flge      		CODE           	19458	0000	209
		i2___awmod     		CODE           	1A006	0000	113
		i2_EUSART2_Write		CODE           	1AA82	0000	67
		i1___flmul     		CODE           	161FC	0000	853
		i2___flmul     		CODE           	16550	0000	851
		_hexpowers     		MEDIUMCONST    	E217	0000	33
		i2___llmod     		CODE           	1A27C	0000	103
		i1___xxtofl    		CODE           	18B0C	0000	325
		i2___xxtofl    		CODE           	18C50	0000	321
		i2___flsub     		CODE           	1A81A	0000	73
		_temp_adc_offset		MEDIUMCONST    	0000	0000	0
		i2_fround      		CODE           	1748E	0000	687

shared estimated size: 15401

C:\Program Files (x86)\Microchip\xc8\v2.05\pic\sources\c90\common\sprcmul.c
		___flmul       		CODE           	15EA8	0000	853

C:\Program Files (x86)\Microchip\xc8\v2.05\pic\sources\c90\common\sprcmul.c estimated size: 853

C:\Program Files (x86)\Microchip\xc8\v2.05\pic\sources\c90\common\strncpy.c
		_strncpy       		CODE           	1A14A	0000	103

C:\Program Files (x86)\Microchip\xc8\v2.05\pic\sources\c90\common\strncpy.c estimated size: 103

mcc_generated_files/mcc.c
		_PMD_Initialize		CODE           	1B2FA	0000	29
		_OSCILLATOR_Initialize		CODE           	1B3B4	0000	25
		_SYSTEM_Initialize		CODE           	1A9FE	0000	67

mcc_generated_files/mcc.c estimated size: 121

ring_buffer_interface.c
		_terminal_ringBufferPull		CODE           	1929A	0000	237

ring_buffer_interface.c estimated size: 237

mcc_generated_files/tmr3.c
		_TMR3_ISR      		CODE           	1AE0E	0000	53
		_TMR3_Initialize		CODE           	1A652	0000	81
		_TMR3_SetInterruptHandler		CODE           	1B4FA	0000	15
		_TMR3_StopTimer		CODE           	1B636	0000	5
		_TMR3_Reload   		CODE           	1B4EC	0000	15
		_TMR3_DefaultInterruptHandler		CODE           	1B656	0000	3
		_TMR3_WriteTimer		CODE           	1B220	0000	33
		_TMR3_StartTimer		CODE           	1B646	0000	5

mcc_generated_files/tmr3.c estimated size: 210

C:\Program Files (x86)\Microchip\xc8\v2.05\pic\sources\c90\common\sprcdiv.c
		___fldiv       		CODE           	179D8	0000	651

C:\Program Files (x86)\Microchip\xc8\v2.05\pic\sources\c90\common\sprcdiv.c estimated size: 651

C:\Program Files (x86)\Microchip\xc8\v2.05\pic\sources\c90\common\strcat.c
		_strcat        		CODE           	1A342	0000	95

C:\Program Files (x86)\Microchip\xc8\v2.05\pic\sources\c90\common\strcat.c estimated size: 95

C:\Program Files (x86)\Microchip\xc8\v2.05\pic\sources\c90\common\flneg.c
		___flneg       		CODE           	1AED6	0000	49

C:\Program Files (x86)\Microchip\xc8\v2.05\pic\sources\c90\common\flneg.c estimated size: 49

C:\Program Files (x86)\Microchip\xc8\v2.05\pic\sources\c90\common\fabs.c
		_fabs          		CODE           	1AD30	0000	61

C:\Program Files (x86)\Microchip\xc8\v2.05\pic\sources\c90\common\fabs.c estimated size: 61

cause_of_reset.c
		_getCauseOfResetStringSmall		CODE           	1AF06	0000	49
		_getCauseOfResetString		CODE           	1AEA6	0000	49
		_getCauseOfReset		CODE           	1A458	0000	91

cause_of_reset.c estimated size: 189

mcc_generated_files/tmr1.c
		_TMR1_Initialize		CODE           	1AC7C	0000	61
		_TMR1_StopTimer		CODE           	1B63A	0000	5
		_TMR1_WriteTimer		CODE           	1B240	0000	33

mcc_generated_files/tmr1.c estimated size: 99

C:\Program Files (x86)\Microchip\xc8\v2.05\pic\sources\c90\common\memmove.c
		_memmove       		CODE           	19762	0000	175

C:\Program Files (x86)\Microchip\xc8\v2.05\pic\sources\c90\common\memmove.c estimated size: 175

mcc_generated_files/i2c2.c
		_I2C2_BusCollisionISR		CODE           	1B5C8	0000	13
		_I2C2_MasterRead		CODE           	1A6F2	0000	81
		_I2C2_FunctionComplete		CODE           	1B366	0000	27
		_I2C2_MasterWriteTRBBuild		CODE           	1A8A8	0000	71
		_I2C2_ISR      		CODE           	17EEA	0000	631
		_I2C2_MasterWrite		CODE           	1A6A2	0000	81
		_I2C2_Initialize		CODE           	1ADA4	0000	55
		_I2C2_Stop     		CODE           	1A9BA	0000	69
		_I2C2_MasterReadTRBBuild		CODE           	1A55E	0000	83
		_I2C2_WaitForLastPacketToComplete		CODE           	1B5EA	0000	11
		_I2C2_MasterTRBInsert		CODE           	19A00	0000	163

mcc_generated_files/i2c2.c estimated size: 1285

C:\Program Files (x86)\Microchip\xc8\v2.05\pic\sources\c90\common\xxtofl.c
		___xxtofl      		CODE           	189C8	0000	325

C:\Program Files (x86)\Microchip\xc8\v2.05\pic\sources\c90\common\xxtofl.c estimated size: 325

oled.c
		_OLED_Clear    		CODE           	1AC02	0000	63
		_OLED_Command  		CODE           	1A216	0000	103
		_OLED_WriteString		CODE           	1A4B2	0000	89
		_OLED_UpdateFromRAMBuffer		CODE           	18D90	0000	291
		_OLED_Init     		CODE           	19BD6	0000	153
		_OLED_updateHandler		CODE           	13AD8	0000	2865
		_OLED_PutChar  		CODE           	19528	0000	197
		_OLED_YX       		CODE           	1A976	0000	69

oled.c estimated size: 3830

mcc_generated_files/memory.c
		_FLASH_ReadWord		CODE           	1AA40	0000	67
		_FLASH_ReadByte		CODE           	1B332	0000	27

mcc_generated_files/memory.c estimated size: 94

ring_buffer_LUT.c
		_ringBufferLUT 		CODE           	12E3C	0000	3229

ring_buffer_LUT.c estimated size: 3229

C:\Program Files (x86)\Microchip\xc8\v2.05\pic\sources\c90\common\strlen.c
		_strlen        		CODE           	1AF36	0000	47

C:\Program Files (x86)\Microchip\xc8\v2.05\pic\sources\c90\common\strlen.c estimated size: 47

mcc_generated_files/adcc.c
		_ADCC_StopConversion		CODE           	1B64E	0000	5
		_ADCC_DefaultInterruptHandler		CODE           	1B664	0000	3
		_ADCC_ClearAccumulator		CODE           	1B626	0000	7
		_ADCC_GetFilterValue		CODE           	1B44E	0000	21
		_ADCC_GetCurrentCountofConversions		CODE           	1B652	0000	5
		_ADCC_SetADTIInterruptHandler		CODE           	1B578	0000	15
		_ADCC_GetConversionResult		CODE           	1B462	0000	21
		_ADCC_ThresholdISR		CODE           	1B0DA	0000	41
		_ADCC_StartConversion		CODE           	1B594	0000	15
		_ADCC_Initialize		CODE           	1A2E2	0000	97
		_ADCC_HasAccumulatorOverflowed		CODE           	1B5D4	0000	13
		_ADCC_DischargeSampleCapacitor		CODE           	1B612	0000	9

mcc_generated_files/adcc.c estimated size: 252

C:\Program Files (x86)\Microchip\xc8\v2.05\pic\sources\c90\common\strcmp.c
		_strcmp        		CODE           	1A602	0000	81

C:\Program Files (x86)\Microchip\xc8\v2.05\pic\sources\c90\common\strcmp.c estimated size: 81

C:\Program Files (x86)\Microchip\xc8\v2.05\pic\sources\c90\common\strcpy.c
		_strcpy        		CODE           	1A742	0000	73

C:\Program Files (x86)\Microchip\xc8\v2.05\pic\sources\c90\common\strcpy.c estimated size: 73

C:\Program Files (x86)\Microchip\xc8\v2.05\pic\sources\c90\common\__lldiv.c
		___lldiv       		CODE           	19E0A	0000	133

C:\Program Files (x86)\Microchip\xc8\v2.05\pic\sources\c90\common\__lldiv.c estimated size: 133

main.c
		_main          		CODE           	18160	0000	627

main.c estimated size: 627

C:\Program Files (x86)\Microchip\xc8\v2.05\pic\sources\c90\common\fleq.c
		___fleq        		CODE           	19C6E	0000	141

C:\Program Files (x86)\Microchip\xc8\v2.05\pic\sources\c90\common\fleq.c estimated size: 141

C:\Program Files (x86)\Microchip\xc8\v2.05\pic\sources\c90\common\lwmod.c
		___lwmod       		CODE           	1A932	0000	69

C:\Program Files (x86)\Microchip\xc8\v2.05\pic\sources\c90\common\lwmod.c estimated size: 69

