Microchip MPLAB XC8 Compiler V2.05 ()

Linker command line:

-W-3 --edf=C:\Program Files (x86)\Microchip\xc8\v2.05\pic\dat\en_msgs.txt \
  -cs -h+dist/default/production\QI_Monitor.X.production.sym \
  --cmf=dist/default/production\QI_Monitor.X.production.cmf -z -Q18F27K40 \
  -oC:\Users\DREWMA~1\AppData\Local\Temp\sdak.2 --defsym=__MPLAB_BUILD=1 \
  -Mdist/default/production/QI_Monitor.X.production.map -E1 -ver=XC8 \
  --acfsm=1493 -ASTACK=08C8h-0E87h -pstack=STACK -ACODE=00h-01FFFFh \
  -ACONST=00h-01FFFFh -ASMALLCONST=0F00h-0FFFhx497 \
  -AMEDIUMCONST=0F00h-0FFFFh,010F00h-01FFFFh -ACOMRAM=01h-05Fh \
  -AABS1=00h-0E87h -ABIGRAM=01h-0E87h \
  -ARAM=060h-0FFh,0100h-01FFhx13,0E00h-0E87h -ABANK0=060h-0FFh \
  -ABANK1=0100h-01FFh -ABANK2=0200h-02FFh -ABANK3=0300h-03FFh \
  -ABANK4=0400h-04FFh -ABANK5=0500h-05FFh -ABANK6=0600h-06FFh \
  -ABANK7=0700h-07FFh -ABANK8=0800h-08FFh -ABANK9=0900h-09FFh \
  -ABANK10=0A00h-0AFFh -ABANK11=0B00h-0BFFh -ABANK12=0C00h-0CFFh \
  -ABANK13=0D00h-0DFFh -ABANK14=0E00h-0E87h \
  -ASFR=0E8Dh-0EFFh,0F00h-0F5Fh,0F60h-0FFFh \
  -preset_vec=00h,intcode=08h,intcodelo=018h,powerup,init -pramtop=0F00h \
  -psmallconst=SMALLCONST -pmediumconst=MEDIUMCONST -pconst=CONST \
  -AFARRAM=00h-00h -ACONFIG=0300000h-030000Bh -pconfig=CONFIG \
  -AIDLOC=0200000h-020000Fh -pidloc=IDLOC -AEEDATA=0310000h-03103FFh \
  -peeprom_data=EEDATA \
  -prdata=COMRAM,nvrram=COMRAM,nvbit=COMRAM,rbss=COMRAM,rbit=COMRAM \
  -pfarbss=FARRAM,fardata=FARRAM,nvFARRAM=FARRAM \
  -pintsave_regs=BIGRAM,bigbss=BIGRAM,bigdata=BIGRAM -pbss=RAM \
  -pidata=CODE,irdata=CODE,ibigdata=CODE,ifardata=CODE -prparam=COMRAM \
  C:\Users\DREWMA~1\AppData\Local\Temp\sdak.o \
  dist/default/production\QI_Monitor.X.production.o 

Object code version is 3.11

Machine type is 18F27K40

Call graph: (short form)




                Name                               Link     Load   Length Selector   Space Scale
C:\Users\DREWMA~1\AppData\Local\Temp\sdak.o
                init                                 A2       A2        4        C       0
                reset_vec                             0        0        4        0       0
                idloc                            200000   200000       10   200000       0
                config                           300000   300000        C   300000       0
dist/default/production\QI_Monitor.X.production.o
                intcodelo                            18       18       8A        C       0
                intcode                               8        8        6        4       0
                temp                                 5F       5F        1        1       1
                mediumconst                        E4BE     E4BE     1B42     725F       0
                text214                           1C686    1C686       14     8000       0
                text213                           1C896    1C896        4     8000       0
                text212                           1C672    1C672       14     8000       0
                text211                           1C810    1C810        C     8000       0
                text210                           1C892    1C892        4     8000       0
                text209                           1C88E    1C88E        4     8000       0
                text208                           1C868    1C868        6     8000       0
                text207                           1C15E    1C15E       2E     8000       0
                text206                           1BEF8    1BEF8       3C     8000       0
                text205                           1870A    1870A      288     8000       0
                text204                           1A580    1A580       D0     8000       0
                text203                           16D38    16D38      352     8000       0
                text202                           176A6    176A6      30E     8000       0
                text201                           1BAA4    1BAA4       48     8000       0
                text200                           19B98    19B98      140     8000       0
                text199                           14082    14082      974     8000       0
                text198                           1C8AC    1C8AC        2     8000       0
                text197                           1C2D4    1C2D4       28     8000       0
                text196                           1AEEA    1AEEA       8A     8000       0
                text195                           1A89A    1A89A       BA     8000       0
                text194                           1B102    1B102       82     8000       0
                text193                           1B40C    1B40C       66     8000       0
                text192                           1C322    1C322       26     8000       0
                text191                           1A1E2    1A1E2       F4     8000       0
                text190                           19EFA    19EFA       FE     8000       0
                text189                           1B7EA    1B7EA       52     8000       0
                text188                           1BCCC    1BCCC       42     8000       0
                text187                           17F48    17F48      2AE     8000       0
                text186                           1C4B4    1C4B4       1E     8000       0
                text185                           1B744    1B744       54     8000       0
                text184                           1C844    1C844        A     8000       0
                text183                           1B07E    1B07E       84     8000       0
                text182                           1B268    1B268       70     8000       0
                text181                           15814    15814      418     8000       0
                text180                           11724    11724     1718     8000       0
                text179                           1BEBC    1BEBC       3C     8000       0
                text178                           1AAB8    1AAB8       A4     8000       0
                text177                           1BB78    1BB78       46     8000       0
                text176                           1C620    1C620       16     8000       0
                text175                           1C8AA    1C8AA        2     8000       0
                text174                           1C36C    1C36C       24     8000       0
                text173                           1C83A    1C83A        A     8000       0
                text172                           1C60A    1C60A       16     8000       0
                text171                           1C8A8    1C8A8        2     8000       0
                text170                           1C348    1C348       24     8000       0
                text169                           1C830    1C830        A     8000       0
                text168                           1C88A    1C88A        4     8000       0
                text167                           1C886    1C886        4     8000       0
                text166                           1C542    1C542       1C     8000       0
                text165                           1C7DE    1C7DE        E     8000       0
                text164                           1C65E    1C65E       14     8000       0
                text163                           1C8A6    1C8A6        2     8000       0
                text162                           1C20A    1C20A       2A     8000       0
                text161                           1C526    1C526       1C     8000       0
                text160                           1C7D0    1C7D0        E     8000       0
                text159                           1C50A    1C50A       1C     8000       0
                text158                           1C8A4    1C8A4        2     8000       0
                text157                           1C1E0    1C1E0       2A     8000       0
                text156                           1C64A    1C64A       14     8000       0
                text155                           1965E    1965E      162     8000       0
                text154                           1C8A2    1C8A2        2     8000       0
                text153                           1C2AC    1C2AC       28     8000       0
                text152                           1C882    1C882        4     8000       0
                text151                           1C8A0    1C8A0        2     8000       0
                text150                           1C5F4    1C5F4       16     8000       0
                text149                           1C00A    1C00A       34     8000       0
                intcode_body                      1A3C6    1A3C6       E8     8000       0
                text147                           17398    17398      30E     8000       0
                text146                           18480    18480      28A     8000       0
                text145                           169E4    169E4      354     8000       0
                text144                           19A54    19A54      144     8000       0
                text143                           1A650    1A650       CA     8000       0
                text142                           1BD0E    1BD0E       40     8000       0
                text141                           1C5AC    1C5AC       1A     8000       0
                text140                           1C804    1C804        C     8000       0
                text139                           1C592    1C592       1A     8000       0
                text138                           1BC46    1BC46       44     8000       0
                text137                           18C16    18C16      276     8000       0
                text136                           1C862    1C862        6     8000       0
                text135                           1C84E    1C84E        8     8000       0
                text134                           1C7C2    1C7C2        E     8000       0
                text133                           1C87E    1C87E        4     8000       0
                text132                           1C85C    1C85C        6     8000       0
                text131                           1C89E    1C89E        2     8000       0
                text130                           1C578    1C578       1A     8000       0
                text129                           1C284    1C284       28     8000       0
                text128                           1C494    1C494       20     8000       0
                text127                           1C7B4    1C7B4        E     8000       0
                text126                           1C87A    1C87A        4     8000       0
                text125                           1C89C    1C89C        2     8000       0
                text124                           1C474    1C474       20     8000       0
                text123                           1BFD6    1BFD6       34     8000       0
                text121                           1B798    1B798       52     8000       0
                text120                           1C826    1C826        A     8000       0
                text119                           1AB5C    1AB5C       A2     8000       0
                text118                           1B97C    1B97C       50     8000       0
                text117                           1BB32    1BB32       46     8000       0
                text116                           1B92C    1B92C       50     8000       0
                text115                           16690    16690      354     8000       0
                text114                           19910    19910      144     8000       0
                text113                           18992    18992      284     8000       0
                text112                           190C4    190C4      22C     8000       0
                text111                           18E8C    18E8C      238     8000       0
                text110                           1AA0A    1AA0A       AE     8000       0
                text109                           1A71A    1A71A       C4     8000       0
                text108                           1BDCA    1BDCA       3E     8000       0
                text107                           1B3A6    1B3A6       66     8000       0
                text106                           1AD36    1AD36       98     8000       0
                text105                           1B642    1B642       58     8000       0
                text104                           1BC02    1BC02       44     8000       0
                text103                           1C130    1C130       2E     8000       0
                text102                           19CD8    19CD8      122     8000       0
                text101                           181F6    181F6      28A     8000       0
                text100                           1C1B6    1C1B6       2A     8000       0
                text99                            1AE5E    1AE5E       8C     8000       0
                text98                            1A4AE    1A4AE       D2     8000       0
                text97                            1C100    1C100       30     8000       0
                text96                            1708A    1708A      30E     8000       0
                text95                            1BA5C    1BA5C       48     8000       0
                text94                            1A7DE    1A7DE       BC     8000       0
                text93                            1AFFA    1AFFA       84     8000       0
                text92                            1B2D8    1B2D8       68     8000       0
                text91                            1C25C    1C25C       28     8000       0
                text90                            19FF8    19FF8       F6     8000       0
                text89                            19DFA    19DFA      100     8000       0
                text88                            1B6F0    1B6F0       54     8000       0
                text87                            1BBBE    1BBBE       44     8000       0
                text86                            17C86    17C86      2C2     8000       0
                text85                            1C3B2    1C3B2       22     8000       0
                text84                            1B69A    1B69A       56     8000       0
                text83                            1C636    1C636       14     8000       0
                text82                            1AF74    1AF74       86     8000       0
                text81                            1B1F6    1B1F6       72     8000       0
                text80                            153E0    153E0      434     8000       0
                text79                            10000    10000     1724     8000       0
                text78                            1BA14    1BA14       48     8000       0
                text77                            16338    16338      358     8000       0
                text76                            1C0D0    1C0D0       30     8000       0
                text75                            1ADCE    1ADCE       90     8000       0
                text74                            1C55E    1C55E       1A     8000       0
                text73                            1BC8A    1BC8A       42     8000       0
                text72                            1C454    1C454       20     8000       0
                text71                            1A2D6    1A2D6       F0     8000       0
                text70                            1BE80    1BE80       3C     8000       0
                text69                            1C2FC    1C2FC       26     8000       0
                text68                            197C0    197C0      150     8000       0
                text67                            1B58C    1B58C       5C     8000       0
                text66                            194E4    194E4      17A     8000       0
                text65                            1C0A0    1C0A0       30     8000       0
                text64                            1B9CC    1B9CC       48     8000       0
                text63                            12E3C    12E3C     1246     8000       0
                text62                            1C7A6    1C7A6        E     8000       0
                text61                            1B472    1B472       60     8000       0
                text60                            1C390    1C390       22     8000       0
                text59                            1C798    1C798        E     8000       0
                text58                            1C78A    1C78A        E     8000       0
                text57                            1B184    1B184       72     8000       0
                text56                            1C77C    1C77C        E     8000       0
                text55                            1C76E    1C76E        E     8000       0
                text54                            1BF34    1BF34       38     8000       0
                text53                            1C7F8    1C7F8        C     8000       0
                text52                            1BF6C    1BF6C       36     8000       0
                text51                            1C434    1C434       20     8000       0
                text50                            1C5C6    1C5C6       18     8000       0
                text49                            1C760    1C760        E     8000       0
                text48                            1C752    1C752        E     8000       0
                text47                            1ABFE    1ABFE       A0     8000       0
                text46                            1C4EE    1C4EE       1C     8000       0
                text45                            1C744    1C744        E     8000       0
                text44                            1C18C    1C18C       2A     8000       0
                text43                            1C736    1C736        E     8000       0
                text42                            1B8DC    1B8DC       50     8000       0
                text41                            1C728    1C728        E     8000       0
                text40                            1C03E    1C03E       32     8000       0
                text39                            1C71A    1C71A        E     8000       0
                text38                            1B88C    1B88C       50     8000       0
                text37                            1BE44    1BE44       3C     8000       0
                text36                            1BD8C    1BD8C       3E     8000       0
                text35                            1C414    1C414       20     8000       0
                text34                            1C70C    1C70C        E     8000       0
                text33                            1C876    1C876        4     8000       0
                text32                            1C3F4    1C3F4       20     8000       0
                text31                            1C6FE    1C6FE        E     8000       0
                text30                            1C872    1C872        4     8000       0
                text29                            1C86E    1C86E        4     8000       0
                text28                            1C3D4    1C3D4       20     8000       0
                text27                            1C81C    1C81C        A     8000       0
                text26                            1B5E8    1B5E8       5A     8000       0
                text25                            1BE08    1BE08       3C     8000       0
                text24                            1C6EE    1C6EE       10     8000       0
                text23                            1C6DE    1C6DE       10     8000       0
                text22                            1BD4E    1BD4E       3E     8000       0
                text21                            1C5DE    1C5DE       16     8000       0
                text20                            1C234    1C234       28     8000       0
                text19                            1C856    1C856        6     8000       0
                text18                            1BAEC    1BAEC       46     8000       0
                text17                            1C6CE    1C6CE       10     8000       0
                text16                            1C4D2    1C4D2       1C     8000       0
                text15                            1C7EC    1C7EC        C     8000       0
                text14                            1C070    1C070       30     8000       0
                text13                            1AC9E    1AC9E       98     8000       0
                text12                            1BFA2    1BFA2       34     8000       0
                text11                            1B530    1B530       5C     8000       0
                text10                            1B4D2    1B4D2       5E     8000       0
                text9                             15C2C    15C2C      3A6     8000       0
                text8                             1B340    1B340       66     8000       0
                text7                             15FD2    15FD2      366     8000       0
                text6                             1C6BE    1C6BE       10     8000       0
                text5                             14F8A    14F8A      456     8000       0
                text4                             192F0    192F0      1F4     8000       0
                text3                             1B83C    1B83C       50     8000       0
                text2                             149F6    149F6      594     8000       0
                text1                             1A0EE    1A0EE       F4     8000       0
                text0                             179B4    179B4      2D2     8000       0
                cstackCOMRAM                          1        1       5E        1       1
                cstackBANK0                          60       60       59       60       1
                cstackBANK1                         100      100       61      100       1
                cstackBANK2                         200      200       BE      200       1
                cstackBANK3                         3D1      3D1       2F      300       1
                cstackBANK4                         4C0      4C0        8      400       1
                bssBIGRAM                           4C8      4C8      400      4C8       1
                bssBANK4                            400      400       C0      400       1
                bssBANK3                            300      300       D1      300       1
                dataBANK2                           2ED      2ED       12      200       1
                bssBANK2                            2BE      2BE       2F      200       1
                dataBANK1                           1A9      1A9       12      100       1
                bssBANK1                            161      161       48      100       1
                dataBANK0                            FB       FB        2       60       1
                bssBANK0                             B9       B9       42       60       1
                bitbssBANK0                         7E8       FD        1       60       1     8
                cinit                             1A954    1A954       B6     8000       0
                nvBANK2                             2FF      2FF        1      200       1
                idataBANK2                        1C6AC    1C6AC       12     8000       0
                idataBANK1                        1C69A    1C69A       12     8000       0
                idataBANK0                        1C89A    1C89A        2     8000       0

TOTAL           Name                               Link     Load   Length     Space
        CLASS   STACK          

        CLASS   CODE           
                intcodelo                            18       18       8A         0
                intcode                               8        8        6         0
                init                                 A2       A2        4         0
                reset_vec                             0        0        4         0
                text214                           1C686    1C686       14         0
                text213                           1C896    1C896        4         0
                text212                           1C672    1C672       14         0
                text211                           1C810    1C810        C         0
                text210                           1C892    1C892        4         0
                text209                           1C88E    1C88E        4         0
                text208                           1C868    1C868        6         0
                text207                           1C15E    1C15E       2E         0
                text206                           1BEF8    1BEF8       3C         0
                text205                           1870A    1870A      288         0
                text204                           1A580    1A580       D0         0
                text203                           16D38    16D38      352         0
                text202                           176A6    176A6      30E         0
                text201                           1BAA4    1BAA4       48         0
                text200                           19B98    19B98      140         0
                text199                           14082    14082      974         0
                text198                           1C8AC    1C8AC        2         0
                text197                           1C2D4    1C2D4       28         0
                text196                           1AEEA    1AEEA       8A         0
                text195                           1A89A    1A89A       BA         0
                text194                           1B102    1B102       82         0
                text193                           1B40C    1B40C       66         0
                text192                           1C322    1C322       26         0
                text191                           1A1E2    1A1E2       F4         0
                text190                           19EFA    19EFA       FE         0
                text189                           1B7EA    1B7EA       52         0
                text188                           1BCCC    1BCCC       42         0
                text187                           17F48    17F48      2AE         0
                text186                           1C4B4    1C4B4       1E         0
                text185                           1B744    1B744       54         0
                text184                           1C844    1C844        A         0
                text183                           1B07E    1B07E       84         0
                text182                           1B268    1B268       70         0
                text181                           15814    15814      418         0
                text180                           11724    11724     1718         0
                text179                           1BEBC    1BEBC       3C         0
                text178                           1AAB8    1AAB8       A4         0
                text177                           1BB78    1BB78       46         0
                text176                           1C620    1C620       16         0
                text175                           1C8AA    1C8AA        2         0
                text174                           1C36C    1C36C       24         0
                text173                           1C83A    1C83A        A         0
                text172                           1C60A    1C60A       16         0
                text171                           1C8A8    1C8A8        2         0
                text170                           1C348    1C348       24         0
                text169                           1C830    1C830        A         0
                text168                           1C88A    1C88A        4         0
                text167                           1C886    1C886        4         0
                text166                           1C542    1C542       1C         0
                text165                           1C7DE    1C7DE        E         0
                text164                           1C65E    1C65E       14         0
                text163                           1C8A6    1C8A6        2         0
                text162                           1C20A    1C20A       2A         0
                text161                           1C526    1C526       1C         0
                text160                           1C7D0    1C7D0        E         0
                text159                           1C50A    1C50A       1C         0
                text158                           1C8A4    1C8A4        2         0
                text157                           1C1E0    1C1E0       2A         0
                text156                           1C64A    1C64A       14         0
                text155                           1965E    1965E      162         0
                text154                           1C8A2    1C8A2        2         0
                text153                           1C2AC    1C2AC       28         0
                text152                           1C882    1C882        4         0
                text151                           1C8A0    1C8A0        2         0
                text150                           1C5F4    1C5F4       16         0
                text149                           1C00A    1C00A       34         0
                intcode_body                      1A3C6    1A3C6       E8         0
                text147                           17398    17398      30E         0
                text146                           18480    18480      28A         0
                text145                           169E4    169E4      354         0
                text144                           19A54    19A54      144         0
                text143                           1A650    1A650       CA         0
                text142                           1BD0E    1BD0E       40         0
                text141                           1C5AC    1C5AC       1A         0
                text140                           1C804    1C804        C         0
                text139                           1C592    1C592       1A         0
                text138                           1BC46    1BC46       44         0
                text137                           18C16    18C16      276         0
                text136                           1C862    1C862        6         0
                text135                           1C84E    1C84E        8         0
                text134                           1C7C2    1C7C2        E         0
                text133                           1C87E    1C87E        4         0
                text132                           1C85C    1C85C        6         0
                text131                           1C89E    1C89E        2         0
                text130                           1C578    1C578       1A         0
                text129                           1C284    1C284       28         0
                text128                           1C494    1C494       20         0
                text127                           1C7B4    1C7B4        E         0
                text126                           1C87A    1C87A        4         0
                text125                           1C89C    1C89C        2         0
                text124                           1C474    1C474       20         0
                text123                           1BFD6    1BFD6       34         0
                text121                           1B798    1B798       52         0
                text120                           1C826    1C826        A         0
                text119                           1AB5C    1AB5C       A2         0
                text118                           1B97C    1B97C       50         0
                text117                           1BB32    1BB32       46         0
                text116                           1B92C    1B92C       50         0
                text115                           16690    16690      354         0
                text114                           19910    19910      144         0
                text113                           18992    18992      284         0
                text112                           190C4    190C4      22C         0
                text111                           18E8C    18E8C      238         0
                text110                           1AA0A    1AA0A       AE         0
                text109                           1A71A    1A71A       C4         0
                text108                           1BDCA    1BDCA       3E         0
                text107                           1B3A6    1B3A6       66         0
                text106                           1AD36    1AD36       98         0
                text105                           1B642    1B642       58         0
                text104                           1BC02    1BC02       44         0
                text103                           1C130    1C130       2E         0
                text102                           19CD8    19CD8      122         0
                text101                           181F6    181F6      28A         0
                text100                           1C1B6    1C1B6       2A         0
                text99                            1AE5E    1AE5E       8C         0
                text98                            1A4AE    1A4AE       D2         0
                text97                            1C100    1C100       30         0
                text96                            1708A    1708A      30E         0
                text95                            1BA5C    1BA5C       48         0
                text94                            1A7DE    1A7DE       BC         0
                text93                            1AFFA    1AFFA       84         0
                text92                            1B2D8    1B2D8       68         0
                text91                            1C25C    1C25C       28         0
                text90                            19FF8    19FF8       F6         0
                text89                            19DFA    19DFA      100         0
                text88                            1B6F0    1B6F0       54         0
                text87                            1BBBE    1BBBE       44         0
                text86                            17C86    17C86      2C2         0
                text85                            1C3B2    1C3B2       22         0
                text84                            1B69A    1B69A       56         0
                text83                            1C636    1C636       14         0
                text82                            1AF74    1AF74       86         0
                text81                            1B1F6    1B1F6       72         0
                text80                            153E0    153E0      434         0
                text79                            10000    10000     1724         0
                text78                            1BA14    1BA14       48         0
                text77                            16338    16338      358         0
                text76                            1C0D0    1C0D0       30         0
                text75                            1ADCE    1ADCE       90         0
                text74                            1C55E    1C55E       1A         0
                text73                            1BC8A    1BC8A       42         0
                text72                            1C454    1C454       20         0
                text71                            1A2D6    1A2D6       F0         0
                text70                            1BE80    1BE80       3C         0
                text69                            1C2FC    1C2FC       26         0
                text68                            197C0    197C0      150         0
                text67                            1B58C    1B58C       5C         0
                text66                            194E4    194E4      17A         0
                text65                            1C0A0    1C0A0       30         0
                text64                            1B9CC    1B9CC       48         0
                text63                            12E3C    12E3C     1246         0
                text62                            1C7A6    1C7A6        E         0
                text61                            1B472    1B472       60         0
                text60                            1C390    1C390       22         0
                text59                            1C798    1C798        E         0
                text58                            1C78A    1C78A        E         0
                text57                            1B184    1B184       72         0
                text56                            1C77C    1C77C        E         0
                text55                            1C76E    1C76E        E         0
                text54                            1BF34    1BF34       38         0
                text53                            1C7F8    1C7F8        C         0
                text52                            1BF6C    1BF6C       36         0
                text51                            1C434    1C434       20         0
                text50                            1C5C6    1C5C6       18         0
                text49                            1C760    1C760        E         0
                text48                            1C752    1C752        E         0
                text47                            1ABFE    1ABFE       A0         0
                text46                            1C4EE    1C4EE       1C         0
                text45                            1C744    1C744        E         0
                text44                            1C18C    1C18C       2A         0
                text43                            1C736    1C736        E         0
                text42                            1B8DC    1B8DC       50         0
                text41                            1C728    1C728        E         0
                text40                            1C03E    1C03E       32         0
                text39                            1C71A    1C71A        E         0
                text38                            1B88C    1B88C       50         0
                text37                            1BE44    1BE44       3C         0
                text36                            1BD8C    1BD8C       3E         0
                text35                            1C414    1C414       20         0
                text34                            1C70C    1C70C        E         0
                text33                            1C876    1C876        4         0
                text32                            1C3F4    1C3F4       20         0
                text31                            1C6FE    1C6FE        E         0
                text30                            1C872    1C872        4         0
                text29                            1C86E    1C86E        4         0
                text28                            1C3D4    1C3D4       20         0
                text27                            1C81C    1C81C        A         0
                text26                            1B5E8    1B5E8       5A         0
                text25                            1BE08    1BE08       3C         0
                text24                            1C6EE    1C6EE       10         0
                text23                            1C6DE    1C6DE       10         0
                text22                            1BD4E    1BD4E       3E         0
                text21                            1C5DE    1C5DE       16         0
                text20                            1C234    1C234       28         0
                text19                            1C856    1C856        6         0
                text18                            1BAEC    1BAEC       46         0
                text17                            1C6CE    1C6CE       10         0
                text16                            1C4D2    1C4D2       1C         0
                text15                            1C7EC    1C7EC        C         0
                text14                            1C070    1C070       30         0
                text13                            1AC9E    1AC9E       98         0
                text12                            1BFA2    1BFA2       34         0
                text11                            1B530    1B530       5C         0
                text10                            1B4D2    1B4D2       5E         0
                text9                             15C2C    15C2C      3A6         0
                text8                             1B340    1B340       66         0
                text7                             15FD2    15FD2      366         0
                text6                             1C6BE    1C6BE       10         0
                text5                             14F8A    14F8A      456         0
                text4                             192F0    192F0      1F4         0
                text3                             1B83C    1B83C       50         0
                text2                             149F6    149F6      594         0
                text1                             1A0EE    1A0EE       F4         0
                text0                             179B4    179B4      2D2         0
                cinit                             1A954    1A954       B6         0
                idataBANK2                        1C6AC    1C6AC       12         0
                idataBANK1                        1C69A    1C69A       12         0
                idataBANK0                        1C89A    1C89A        2         0

        CLASS   CONST          

        CLASS   SMALLCONST     

        CLASS   MEDIUMCONST    
                mediumconst                        E4BE     E4BE     1B42         0

        CLASS   COMRAM         
                temp                                 5F       5F        1         1
                cstackCOMRAM                          1        1       5E         1

        CLASS   ABS1           

        CLASS   BIGRAM         
                bssBIGRAM                           4C8      4C8      400         1

        CLASS   RAM            

        CLASS   BANK0          
                cstackBANK0                          60       60       59         1
                dataBANK0                            FB       FB        2         1
                bssBANK0                             B9       B9       42         1
                bitbssBANK0                         7E8       FD        1         1

        CLASS   BANK1          
                cstackBANK1                         100      100       61         1
                dataBANK1                           1A9      1A9       12         1
                bssBANK1                            161      161       48         1

        CLASS   BANK2          
                cstackBANK2                         200      200       BE         1
                dataBANK2                           2ED      2ED       12         1
                bssBANK2                            2BE      2BE       2F         1
                nvBANK2                             2FF      2FF        1         1

        CLASS   BANK3          
                cstackBANK3                         3D1      3D1       2F         1
                bssBANK3                            300      300       D1         1

        CLASS   BANK4          
                cstackBANK4                         4C0      4C0        8         1
                bssBANK4                            400      400       C0         1

        CLASS   BANK5          

        CLASS   BANK6          

        CLASS   BANK7          

        CLASS   BANK8          

        CLASS   BANK9          

        CLASS   BANK10         

        CLASS   BANK11         

        CLASS   BANK12         

        CLASS   BANK13         

        CLASS   BANK14         

        CLASS   SFR            

        CLASS   FARRAM         

        CLASS   CONFIG         
                config                           300000   300000        C         0

        CLASS   IDLOC          
                idloc                            200000   200000       10         0

        CLASS   EEDATA         



SEGMENTS        Name                           Load    Length   Top    Selector   Space  Class

                reset_vec                      000000  000004  000004         0       0  CODE    
                cstackCOMRAM                   000001  00005F  000060         1       1  COMRAM  
                intcode                        000008  000006  00000E         4       0  CODE    
                intcodelo                      000018  00008E  0000A6         C       0  CODE    
                cstackBANK0                    000060  00009E  0000FE        60       1  BANK0   
                cstackBANK1                    000100  0000BB  0001BB       100       1  BANK1   
                cstackBANK2                    000200  000100  000300       200       1  BANK2   
                bssBANK3                       000300  000100  000400       300       1  BANK3   
                bssBANK4                       000400  0000C8  0004C8       400       1  BANK4   
                bssBIGRAM                      0004C8  000400  0008C8       4C8       1  BIGRAM  
                mediumconst                    00E4BE  001B42  010000      725F       0  MEDIUMCO
                text79                         010000  00C8AE  01C8AE      8000       0  CODE    
                idloc                          200000  000010  200010    200000       0  IDLOC   
                config                         300000  00000C  30000C    300000       0  CONFIG  


UNUSED ADDRESS RANGES

        Name                Unused          Largest block    Delta
        BANK0            0000FE-0000FF                2
        BANK1            0001BB-0001FF               45
        BANK10           000A00-000AFF              100
        BANK11           000B00-000BFF              100
        BANK12           000C00-000CFF              100
        BANK13           000D00-000DFF              100
        BANK14           000E00-000E87               88
        BANK8            0008C8-0008FF               38
        BANK9            000900-0009FF              100
        BIGRAM           0000FE-0000FF                2
                         0001BB-0001FF               45
                         0008C8-000E87              5C0
        CODE             000004-000007                4
                         00000E-000017                A
                         0000A6-00E4BD             E418
                         01C8AE-01FFFF             3752
        CONST            000004-000007                4
                         00000E-000017                A
                         0000A6-00E4BD             E418
                         01C8AE-01FFFF             3752
        EEDATA           310000-3103FF              400
        MEDIUMCONST      000F00-00E4BD             D5BE
                         01C8AE-01FFFF             3752
        RAM              0000FE-0000FF                2
                         0001BB-0001FF               45
                         0008C8-000E87              100
        SFR              000E8D-000FFF               73
        SMALLCONST       000F00-00E4BD              100
                         01C8AE-01FFFF              100
        STACK            0008C8-000E87              5C0

                                  Symbol Table

?_ADCC_GetConversionResult                     cstackCOMRAM 000001
?_ADCC_GetFilterValue                          cstackCOMRAM 000001
?_FLASH_ReadWord                               cstackBANK2  000204
?___awdiv                                      cstackBANK2  000206
?___awmod                                      cstackBANK2  000200
?___fladd                                      cstackBANK2  000234
?___fldiv                                      cstackBANK2  000200
?___flmul                                      cstackBANK2  00020E
?___flneg                                      cstackBANK2  000200
?___flsub                                      cstackBANK2  00024C
?___fltol                                      cstackBANK2  000230
?___lldiv                                      cstackBANK2  000200
?___llmod                                      cstackBANK2  00020D
?___lwdiv                                      cstackBANK2  000205
?___lwmod                                      cstackBANK2  000200
?___wmul                                       cstackBANK2  000200
?___xxtofl                                     cstackBANK2  00023E
?__div_to_l_                                   cstackBANK2  000200
?__doprnt                                      cstackBANK2  000254
?__tdiv_to_l_                                  cstackBANK2  000200
?_abs                                          cstackBANK2  00023A
?_fabs                                         cstackCOMRAM 000005
?_floatToEngineeringFormat                     cstackBANK2  00029F
?_fround                                       cstackBANK2  000227
?_getCauseOfResetString                        cstackBANK2  000200
?_getCauseOfResetStringSmall                   cstackBANK2  000200
?_getDeviceID                                  cstackBANK2  00020B
?_getDeviceIDString                            cstackBANK2  00020D
?_getNXQChargeStateString                      cstackBANK2  000200
?_getNXQChargeStateStringCaps                  cstackBANK2  000200
?_getStringSecondsAsTime                       cstackBANK2  00029F
?_getUserID                                    cstackBANK2  00020B
?_printf                                       cstackBANK2  0002A9
?_scale                                        cstackBANK2  000227
?_sprintf                                      cstackBANK2  00028C
?_strcmp                                       cstackBANK2  000200
?_strlen                                       cstackBANK2  000200
?i1___fladd                                    cstackBANK1  00010E
?i1___fldiv                                    cstackBANK1  00011E
?i1___flmul                                    cstackBANK1  000137
?i1___xxtofl                                   cstackBANK1  000100
?i2___awdiv                                    cstackCOMRAM 000007
?i2___awmod                                    cstackCOMRAM 000001
?i2___fladd                                    cstackCOMRAM 000052
?i2___fldiv                                    cstackCOMRAM 000013
?i2___flmul                                    cstackCOMRAM 00002C
?i2___flneg                                    cstackCOMRAM 000001
?i2___flsub                                    cstackBANK0  000064
?i2___fltol                                    cstackCOMRAM 00004E
?i2___lldiv                                    cstackCOMRAM 000001
?i2___llmod                                    cstackCOMRAM 00000E
?i2___lwdiv                                    cstackCOMRAM 000006
?i2___lwmod                                    cstackCOMRAM 000001
?i2___wmul                                     cstackCOMRAM 000001
?i2___xxtofl                                   cstackCOMRAM 000005
?i2__div_to_l_                                 cstackCOMRAM 000001
?i2__doprnt                                    cstackBANK0  00006C
?i2__tdiv_to_l_                                cstackCOMRAM 000001
?i2_fround                                     cstackCOMRAM 000045
?i2_printf                                     cstackBANK0  0000A4
?i2_scale                                      cstackCOMRAM 000045
ADCC_SetADTIInterruptHandler@InterruptHandler  cstackBANK2  000200
ADCC_StartConversion@channel                   cstackBANK1  000100
ADC_PostProcessingHandler@current_adc_channel  cstackBANK0  000078
ADC_PostProcessingHandler@i                    cstackBANK0  000079
ADC_PostProcessingHandler@i_3557               cstackBANK0  00007A
CCP2_CallBack@capturedValue                    cstackBANK1  000154
CCP2_CaptureISR@module                         cstackBANK1  000156
EUSART2_Read@readValue                         cstackBANK2  000200
EUSART2_SetRxInterruptHandler@interruptHandler cstackBANK2  000200
EUSART2_SetTxInterruptHandler@interruptHandler cstackBANK2  000200
EUSART2_Write@txData                           cstackBANK2  000200
FLASH_ReadByte@flashAddr                       cstackBANK2  000200
FLASH_ReadWord@flashAddr                       cstackBANK2  000204
I2C2_ISR@i2c_10bit_address_restart             bssBANK0     0000D8
I2C2_ISR@i2c_address                           bssBANK0     0000F9
I2C2_ISR@i2c_bytes_left                        bssBANK0     0000D9
I2C2_ISR@pi2c_buf_ptr                          bssBANK0     0000CF
I2C2_MasterRead@address                        cstackBANK2  00020C
I2C2_MasterRead@length                         cstackBANK2  00020B
I2C2_MasterRead@pdata                          cstackBANK2  000209
I2C2_MasterRead@pflag                          cstackBANK2  00020E
I2C2_MasterRead@trBlock                        bssBANK1     000199
I2C2_MasterReadTRBBuild@address                cstackBANK2  000205
I2C2_MasterReadTRBBuild@length                 cstackBANK2  000204
I2C2_MasterReadTRBBuild@pdata                  cstackBANK2  000202
I2C2_MasterReadTRBBuild@ptrb                   cstackBANK2  000200
I2C2_MasterTRBInsert@count                     cstackBANK2  000205
I2C2_MasterTRBInsert@pflag                     cstackBANK2  000202
I2C2_MasterTRBInsert@ptrb_list                 cstackBANK2  000200
I2C2_MasterWrite@address                       cstackBANK2  00020C
I2C2_MasterWrite@length                        cstackBANK2  00020B
I2C2_MasterWrite@pdata                         cstackBANK2  000209
I2C2_MasterWrite@pflag                         cstackBANK2  00020E
I2C2_MasterWrite@trBlock                       bssBANK1     00019E
I2C2_MasterWriteTRBBuild@address               cstackBANK2  000205
I2C2_MasterWriteTRBBuild@length                cstackBANK2  000204
I2C2_MasterWriteTRBBuild@pdata                 cstackBANK2  000202
I2C2_MasterWriteTRBBuild@ptrb                  cstackBANK2  000200
I2C2_Stop@completion_code                      cstackBANK1  000102
INT1_SetInterruptHandler@InterruptHandler      cstackBANK2  000200
INT2_SetInterruptHandler@InterruptHandler      cstackBANK2  000200
IOCBF2_SetInterruptHandler@InterruptHandler    cstackBANK2  000200
IOCBF3_SetInterruptHandler@InterruptHandler    cstackBANK2  000200
LM73Convert@Ambient_Conv                       cstackBANK2  000253
LM73Convert@POS5_Conv                          cstackBANK2  000251
LM73Convert@QI_Conv                            cstackBANK2  00024F
LM73TempSensorInitialize@output_data_array     cstackBANK2  000210
OLED_Clear@col                                 cstackBANK2  000223
OLED_Clear@row                                 cstackBANK2  000221
OLED_Command@data_array                        cstackBANK2  000212
OLED_Command@temp                              cstackBANK2  000210
OLED_PutChar@ch                                cstackBANK2  000220
OLED_PutChar@data_array                        cstackBANK2  000214
OLED_PutChar@input_base                        cstackBANK2  00021D
OLED_UpdateFromRAMBuffer@char_index            cstackBANK2  000223
OLED_UpdateFromRAMBuffer@char_index_4304       cstackBANK2  000224
OLED_UpdateFromRAMBuffer@char_index_4305       cstackBANK2  000225
OLED_UpdateFromRAMBuffer@char_index_4306       cstackBANK2  000226
OLED_WriteString@s                             cstackBANK2  000221
OLED_YX@Column                                 cstackBANK2  000214
OLED_YX@Row                                    cstackBANK2  000218
OLED_updateHandler@dev_id_str                  cstackBANK3  0003D1
OLED_updateHandler@rev_id_str                  cstackBANK3  0003E2
TMR0_SetInterruptHandler@InterruptHandler      cstackBANK2  000200
TMR1_SetInterruptHandler@InterruptHandler      cstackBANK2  000200
TMR1_WriteTimer@timerVal                       cstackBANK2  000200
TMR2_SetInterruptHandler@InterruptHandler      cstackBANK2  000200
TMR3_SetInterruptHandler@InterruptHandler      cstackBANK2  000200
TMR3_WriteTimer@timerVal                       cstackBANK2  000200
TMR5_WriteTimer@timerVal                       cstackBANK2  000200
_ADACCH                                        (abs)        000F71
_ADACCL                                        (abs)        000F70
_ADACQ                                         (abs)        000F5C
_ADACT                                         (abs)        000F56
_ADCAP                                         (abs)        000F5D
_ADCC_ADTI_InterruptHandler                    bssBANK0     0000CC
_ADCC_ClearAccumulator                         text136      01C862
_ADCC_DefaultInterruptHandler                  text198      01C8AC
_ADCC_DischargeSampleCapacitor                 text135      01C84E
_ADCC_GetConversionResult                      text214      01C686
_ADCC_GetCurrentCountofConversions             text213      01C896
_ADCC_GetFilterValue                           text212      01C672
_ADCC_HasAccumulatorOverflowed                 text211      01C810
_ADCC_Initialize                               text61       01B472
_ADCC_SetADTIInterruptHandler                  text62       01C7A6
_ADCC_StartConversion                          text134      01C7C2
_ADCC_StopConversion                           text210      01C892
_ADCC_ThresholdISR                             text197      01C2D4
_ADCLK                                         (abs)        000F57
_ADCNT                                         (abs)        000F67
_ADCON0                                        (abs)        000F60
_ADCON0bits                                    (abs)        000F60
_ADCON1                                        (abs)        000F59
_ADCON1bits                                    (abs)        000F59
_ADCON2                                        (abs)        000F5A
_ADCON2bits                                    (abs)        000F5A
_ADCON3                                        (abs)        000F5B
_ADCON3bits                                    (abs)        000F5B
_ADC_PostProcessingHandler                     text199      014082
_ADC_PostProcessingHandler$6411                cstackBANK0  00007B
_ADC_PostProcessingHandler$6412                cstackBANK0  00007F
_ADC_PostProcessingHandler$6413                cstackBANK0  00006C
_ADC_PostProcessingHandler$6414                cstackBANK0  000070
_ADC_PostProcessingHandler$6415                cstackBANK0  000074
_ADC_acquisitionTimerHandler                   text130      01C578
_ADERRH                                        (abs)        000F6F
_ADERRL                                        (abs)        000F6E
_ADFLTRH                                       (abs)        000F73
_ADFLTRL                                       (abs)        000F72
_ADLTHH                                        (abs)        000F6B
_ADLTHL                                        (abs)        000F6A
_ADPCH                                         (abs)        000F5F
_ADPRE                                         (abs)        000F5E
_ADPREVH                                       (abs)        000F62
_ADPREVL                                       (abs)        000F61
_ADREF                                         (abs)        000F58
_ADRESH                                        (abs)        000F64
_ADRESL                                        (abs)        000F63
_ADRPT                                         (abs)        000F66
_ADSTAT                                        (abs)        000F65
_ADSTATbits                                    (abs)        000F65
_ADSTPTH                                       (abs)        000F69
_ADSTPTL                                       (abs)        000F68
_ADUTHH                                        (abs)        000F6D
_ADUTHL                                        (abs)        000F6C
_ANSELA                                        (abs)        000F11
_ANSELB                                        (abs)        000F19
_ANSELC                                        (abs)        000F21
_BAUD2CON                                      (abs)        000E9F
_CCP2CAP                                       (abs)        000FA9
_CCP2CON                                       (abs)        000FA8
_CCP2CONbits                                   (abs)        000FA8
_CCP2PPS                                       (abs)        000EB0
_CCP2_CallBack                                 text142      01BD0E
_CCP2_CaptureISR                               text141      01C5AC
_CCP2_Initialize                               text60       01C390
_CCPR2H                                        (abs)        000FA7
_CCPR2L                                        (abs)        000FA6
_CCPTMRSbits                                   (abs)        000FAE
_EUSART2_Initialize                            text57       01B184
_EUSART2_Read                                  text22       01BD4E
_EUSART2_Receive_ISR                           text178      01AAB8
_EUSART2_RxDefaultInterruptHandler             bssBANK1     00017D
_EUSART2_SetRxInterruptHandler                 text59       01C798
_EUSART2_SetTxInterruptHandler                 text58       01C78A
_EUSART2_Transmit_ISR                          text177      01BB78
_EUSART2_TxDefaultInterruptHandler             bssBANK1     000180
_EUSART2_Write                                 text84       01B69A
_EXT_INT_Initialize                            text54       01BF34
_FLASH_ReadByte                                text74       01C55E
_FLASH_ReadWord                                text73       01BC8A
_FVRCON                                        (abs)        000F31
_FVRCONbits                                    (abs)        000F31
_FVR_Initialize                                text53       01C7F8
_I2C2_BusCollisionISR                          text140      01C804
_I2C2_FunctionComplete                         text139      01C592
_I2C2_ISR                                      text137      018C16
_I2C2_Initialize                               text52       01BF6C
_I2C2_MasterRead                               text118      01B97C
_I2C2_MasterReadTRBBuild                       text121      01B798
_I2C2_MasterTRBInsert                          text119      01AB5C
_I2C2_MasterWrite                              text116      01B92C
_I2C2_MasterWriteTRBBuild                      text117      01BB32
_I2C2_Stop                                     text138      01BC46
_I2C2_WaitForLastPacketToComplete              text120      01C826
_I2C_STATUS                                    bssBANK1     0001A8
_INT1PPS                                       (abs)        000EA2
_INT1_CallBack                                 text174      01C36C
_INT1_DefaultInterruptHandler                  text175      01C8AA
_INT1_ISR                                      text173      01C83A
_INT1_InterruptHandler                         bssBANK1     000186
_INT1_SetInterruptHandler                      text56       01C77C
_INT2PPS                                       (abs)        000EA3
_INT2_CallBack                                 text170      01C348
_INT2_DefaultInterruptHandler                  text171      01C8A8
_INT2_ISR                                      text169      01C830
_INT2_InterruptHandler                         bssBANK1     000183
_INT2_SetInterruptHandler                      text55       01C76E
_INTCONbits                                    (abs)        000FF2
_INTERRUPT_Initialize                          text51       01C434
_INTERRUPT_InterruptManagerHigh                intcode      000008
_INTERRUPT_InterruptManagerLow                 intcodelo    000018
_IOCBF2_DefaultInterruptHandler                text163      01C8A6
_IOCBF2_ISR                                    text162      01C20A
_IOCBF2_InterruptHandler                       bssBANK1     00017A
_IOCBF2_SetInterruptHandler                    text49       01C760
_IOCBF3_DefaultInterruptHandler                text158      01C8A4
_IOCBF3_ISR                                    text157      01C1E0
_IOCBF3_InterruptHandler                       bssBANK1     000177
_IOCBF3_SetInterruptHandler                    text48       01C752
_IOCBFbits                                     (abs)        000F12
_IOCBNbits                                     (abs)        000F13
_IOCBPbits                                     (abs)        000F14
_IPR0bits                                      (abs)        000EBA
_IPR1bits                                      (abs)        000EBB
_IPR3bits                                      (abs)        000EBD
_IPR4bits                                      (abs)        000EBE
_IPR6bits                                      (abs)        000EC0
_LATA                                          (abs)        000F83
_LATB                                          (abs)        000F84
_LATBbits                                      (abs)        000F84
_LATC                                          (abs)        000F85
_LATCbits                                      (abs)        000F85
_LM73AcquisitionHandler                        text112      0190C4
_LM73Convert                                   text113      018992
_LM73TempSensorInitialize                      text111      018E8C
_LM73_start_flag                               bssBANK2     0002D8
_LM73_temp_results                             bssBANK2     0002DB
_NVMADRH                                       (abs)        000F7F
_NVMADRL                                       (abs)        000F7E
_NVMCON1bits                                   (abs)        000F81
_NVMCON2                                       (abs)        000F82
_NVMDAT                                        (abs)        000F80
_ODCONA                                        (abs)        000F0F
_ODCONB                                        (abs)        000F17
_ODCONC                                        (abs)        000F1F
_OLED_Clear                                    text108      01BDCA
_OLED_Command                                  text107      01B3A6
_OLED_Frame                                    bssBANK2     0002D7
_OLED_Init                                     text106      01AD36
_OLED_PutChar                                  text109      01A71A
_OLED_RAM_Buffer                               bssBANK3     000300
_OLED_UpdateFromRAMBuffer                      text102      019CD8
_OLED_WriteString                              text105      01B642
_OLED_YX                                       text104      01BC02
_OLED_updateHandler                            text63       012E3C
_OLED_updateHandler$6029                       cstackBANK3  0003F3
_OLED_update_flag                              bssBANK2     0002D6
_OLED_update_time                              dataBANK0    0000FB
_OSCCON1                                       (abs)        000ED8
_OSCCON3                                       (abs)        000EDA
_OSCEN                                         (abs)        000EDC
_OSCFRQ                                        (abs)        000EDE
_OSCILLATOR_Initialize                         text50       01C5C6
_OSCTUNE                                       (abs)        000EDD
_OledFont                                      mediumconst  00E547
_PCON0bits                                     (abs)        000FD7
_PIE0bits                                      (abs)        000EC2
_PIE1bits                                      (abs)        000EC3
_PIE3bits                                      (abs)        000EC5
_PIE4bits                                      (abs)        000EC6
_PIE6bits                                      (abs)        000EC8
_PIN_MANAGER_IOC                               text156      01C64A
_PIN_MANAGER_Initialize                        text47       01ABFE
_PIR0bits                                      (abs)        000ECA
_PIR1bits                                      (abs)        000ECB
_PIR3bits                                      (abs)        000ECD
_PIR4bits                                      (abs)        000ECE
_PIR6bits                                      (abs)        000ED0
_PIR7bits                                      (abs)        000ED1
_PMD0                                          (abs)        000EE1
_PMD1                                          (abs)        000EE2
_PMD2                                          (abs)        000EE3
_PMD3                                          (abs)        000EE4
_PMD4                                          (abs)        000EE5
_PMD5                                          (abs)        000EE6
_PMD_Initialize                                text46       01C4EE
_PORTBbits                                     (abs)        000F8E
_PR2                                           (abs)        000FBC
_QIChargeIOCHandler                            text159      01C50A
_QIErrorTimerHandler                           text150      01C5F4
_QIIdleChargedTimerHandler                     text124      01C474
_QIIdleIOCHandler                              text164      01C65E
_QI_charge_time                                bssBANK2     0002D2
_QI_current_edge                               bssBANK1     000196
_RB4PPS                                        (abs)        000EF3
_RB5PPS                                        (abs)        000EF4
_RC2REG                                        (abs)        000E99
_RC2STA                                        (abs)        000E9D
_RC2STAbits                                    (abs)        000E9D
_RC4PPS                                        (abs)        000EFB
_RX2PPS                                        (abs)        000E8D
_SLRCONA                                       (abs)        000F0E
_SLRCONB                                       (abs)        000F16
_SLRCONC                                       (abs)        000F1E
_SP2BRGH                                       (abs)        000E9C
_SP2BRGL                                       (abs)        000E9B
_SSP2ADD                                       (abs)        000E93
_SSP2BUF                                       (abs)        000E92
_SSP2CLKPPS                                    (abs)        000E8F
_SSP2CON1                                      (abs)        000E96
_SSP2CON1bits                                  (abs)        000E96
_SSP2CON2bits                                  (abs)        000E97
_SSP2CON3                                      (abs)        000E98
_SSP2DATPPS                                    (abs)        000E90
_SSP2STAT                                      (abs)        000E95
_SYSTEM_Initialize                             text36       01BD8C
_T0CON0                                        (abs)        000FD5
_T0CON0bits                                    (abs)        000FD5
_T0CON1                                        (abs)        000FD6
_T1CLK                                         (abs)        000FD2
_T1CON                                         (abs)        000FCF
_T1CONbits                                     (abs)        000FCF
_T1GATE                                        (abs)        000FD1
_T1GCON                                        (abs)        000FD0
_T1GCONbits                                    (abs)        000FD0
_T2CLKCON                                      (abs)        000FBF
_T2CON                                         (abs)        000FBD
_T2CONbits                                     (abs)        000FBD
_T2HLT                                         (abs)        000FBE
_T2HLTbits                                     (abs)        000FBE
_T2PR                                          (abs)        000FBC
_T2RST                                         (abs)        000FC0
_T2RSTbits                                     (abs)        000FC0
_T2TMR                                         (abs)        000FBB
_T3CLK                                         (abs)        000FCC
_T3CON                                         (abs)        000FC9
_T3CONbits                                     (abs)        000FC9
_T3GATE                                        (abs)        000FCB
_T3GCON                                        (abs)        000FCA
_T3GCONbits                                    (abs)        000FCA
_T5CLK                                         (abs)        000FC6
_T5CON                                         (abs)        000FC3
_T5CONbits                                     (abs)        000FC3
_T5GATE                                        (abs)        000FC5
_T5GCON                                        (abs)        000FC4
_T5GCONbits                                    (abs)        000FC4
_TABLAT                                        (abs)        000FF5
_TBLPTRH                                       (abs)        000FF7
_TBLPTRL                                       (abs)        000FF6
_TBLPTRU                                       (abs)        000FF8
_TMR0H                                         (abs)        000FD4
_TMR0L                                         (abs)        000FD3
_TMR0_DefaultInterruptHandler                  text154      01C8A2
_TMR0_ISR                                      text153      01C2AC
_TMR0_Initialize                               text44       01C18C
_TMR0_InterruptHandler                         bssBANK0     0000C9
_TMR0_SetInterruptHandler                      text45       01C744
_TMR1H                                         (abs)        000FCE
_TMR1L                                         (abs)        000FCD
_TMR1_DefaultInterruptHandler                  text151      01C8A0
_TMR1_ISR                                      text149      01C00A
_TMR1_Initialize                               text42       01B8DC
_TMR1_InterruptHandler                         bssBANK1     00016E
_TMR1_Reload                                   text34       01C70C
_TMR1_SetInterruptHandler                      text43       01C736
_TMR1_StartTimer                               text168      01C88A
_TMR1_StopTimer                                text33       01C876
_TMR1_WriteTimer                               text35       01C414
_TMR2                                          (abs)        000FBB
_TMR2_DefaultInterruptHandler                  text131      01C89E
_TMR2_ISR                                      text129      01C284
_TMR2_Initialize                               text40       01C03E
_TMR2_InterruptHandler                         bssBANK1     000174
_TMR2_SetInterruptHandler                      text41       01C728
_TMR2_Start                                    text209      01C88E
_TMR2_StartTimer                               text208      01C868
_TMR2_Stop                                     text133      01C87E
_TMR2_StopTimer                                text132      01C85C
_TMR3H                                         (abs)        000FC8
_TMR3L                                         (abs)        000FC7
_TMR3_DefaultInterruptHandler                  text125      01C89C
_TMR3_ISR                                      text123      01BFD6
_TMR3_Initialize                               text38       01B88C
_TMR3_InterruptHandler                         bssBANK1     000171
_TMR3_Reload                                   text31       01C6FE
_TMR3_SetInterruptHandler                      text39       01C71A
_TMR3_StartTimer                               text167      01C886
_TMR3_StopTimer                                text30       01C872
_TMR3_WriteTimer                               text32       01C3F4
_TMR5H                                         (abs)        000FC2
_TMR5L                                         (abs)        000FC1
_TMR5_Initialize                               text37       01BE44
_TMR5_StopTimer                                text29       01C86E
_TMR5_WriteTimer                               text28       01C3D4
_TRISA                                         (abs)        000F88
_TRISB                                         (abs)        000F89
_TRISC                                         (abs)        000F8A
_TX2REG                                        (abs)        000E9A
_TX2STA                                        (abs)        000E9E
_TX2STAbits                                    (abs)        000E9E
_WPUA                                          (abs)        000F10
_WPUB                                          (abs)        000F18
_WPUC                                          (abs)        000F20
_WPUE                                          (abs)        000F2D
__CFG_BOREN$SBORDIS                            (abs)        000000
__CFG_BORV$VBOR_2P45                           (abs)        000000
__CFG_CLKOUTEN$OFF                             (abs)        000000
__CFG_CP$OFF                                   (abs)        000000
__CFG_CPD$OFF                                  (abs)        000000
__CFG_CSWEN$ON                                 (abs)        000000
__CFG_DEBUG$OFF                                (abs)        000000
__CFG_EBTR0$OFF                                (abs)        000000
__CFG_EBTR1$OFF                                (abs)        000000
__CFG_EBTR2$OFF                                (abs)        000000
__CFG_EBTR3$OFF                                (abs)        000000
__CFG_EBTR4$OFF                                (abs)        000000
__CFG_EBTR5$OFF                                (abs)        000000
__CFG_EBTR6$OFF                                (abs)        000000
__CFG_EBTR7$OFF                                (abs)        000000
__CFG_EBTRB$OFF                                (abs)        000000
__CFG_FCMEN$ON                                 (abs)        000000
__CFG_FEXTOSC$OFF                              (abs)        000000
__CFG_IDLOC0$                                  (abs)        00000D
__CFG_IDLOC1$                                  (abs)        00000E
__CFG_IDLOC2$                                  (abs)        00000A
__CFG_IDLOC3$                                  (abs)        00000D
__CFG_IDLOC4$                                  (abs)        00000B
__CFG_IDLOC5$                                  (abs)        00000E
__CFG_IDLOC6$                                  (abs)        00000E
__CFG_IDLOC7$                                  (abs)        00000F
__CFG_LPBOREN$OFF                              (abs)        000000
__CFG_LVP$OFF                                  (abs)        000000
[...]
 Defined at:
		line 130 in file "mcc_generated_files/adcc.c"
 Parameters:    Size  Location     Type
		None
 Auto vars:     Size  Location     Type
		None
 Return value:  Size  Location     Type
                  2    0[COMRAM] unsigned int 
 Registers used:
		wreg, status,2, status,0
 Tracked objects:
		On entry : 
		On exit  : 
		Unchanged: 
 Data sizes:     COMRAM   BANK0   BANK1   BANK2   BANK3   BANK4   BANK5   BANK6   BANK7   BANK8   BANK9  BANK10  BANK11  BANK12  BANK13  BANK14
      Params:         2       0       0       0       0       0       0       0       0       0       0       0       0       0       0       0
      Locals:         0       0       0       0       0       0       0       0       0       0       0       0       0       0       0       0
      Temps:          2       0       0       0       0       0       0       0       0       0       0       0       0       0       0       0
      Totals:         4       0       0       0       0       0       0       0       0       0       0       0       0       0       0       0
Total ram usage:        4 bytes
 Hardware stack levels used:    1
 This function calls:
		Nothing
 This function is called by:
		_ADC_PostProcessingHandler
 This function uses a non-reentrant model



MODULE INFORMATION

Module		Function		Class		Link	Load	Size
C:\Program Files (x86)\Microchip\xc8\v2.05\pic\sources\c90\common\isdigit.c
		_isdigit       		CODE           	1C3B2	0000	35

C:\Program Files (x86)\Microchip\xc8\v2.05\pic\sources\c90\common\isdigit.c estimated size: 35

C:\Program Files (x86)\Microchip\xc8\v2.05\pic\sources\c90\common\doprnt.c
		_scale         		CODE           	153E0	0000	1077
		_fround        		CODE           	17C86	0000	707
		__doprnt       		CODE           	10000	0000	5925

C:\Program Files (x86)\Microchip\xc8\v2.05\pic\sources\c90\common\doprnt.c estimated size: 7709

C:\Program Files (x86)\Microchip\xc8\v2.05\pic\sources\c90\common\sprcadd.c
		___flsub       		CODE           	1BA5C	0000	73
		___fladd       		CODE           	1708A	0000	783

C:\Program Files (x86)\Microchip\xc8\v2.05\pic\sources\c90\common\sprcadd.c estimated size: 856

C:\Program Files (x86)\Microchip\xc8\v2.05\pic\sources\c90\common\llmod.c
		___llmod       		CODE           	1B2D8	0000	105

C:\Program Files (x86)\Microchip\xc8\v2.05\pic\sources\c90\common\llmod.c estimated size: 105

NXQ_charge_state.c
		_QIIdleChargedTimerHandler		CODE           	1C474	0000	33
		_getNXQChargeStateString		CODE           	1B530	0000	93
		_QIChargeIOCHandler		CODE           	1C50A	0000	29
		_getNXQChargeStateStringCaps		CODE           	1B58C	0000	93
		_QIErrorTimerHandler		CODE           	1C5F4	0000	23
		_QIIdleIOCHandler		CODE           	1C65E	0000	21

NXQ_charge_state.c estimated size: 292

mcc_generated_files/eusart2.c
		_putch         		CODE           	1C636	0000	21
		_EUSART2_Read  		CODE           	1BD4E	0000	63
		_EUSART2_Write 		CODE           	1B69A	0000	87
		_EUSART2_Receive_ISR		CODE           	1AAB8	0000	165
		_EUSART2_Transmit_ISR		CODE           	1BB78	0000	71
		_EUSART2_SetRxInterruptHandler		CODE           	1C798	0000	15
		_EUSART2_SetTxInterruptHandler		CODE           	1C78A	0000	15
		_EUSART2_Initialize		CODE           	1B184	0000	115

mcc_generated_files/eusart2.c estimated size: 552

mcc_generated_files/fvr.c
		_FVR_Initialize		CODE           	1C7F8	0000	13

mcc_generated_files/fvr.c estimated size: 13

error_handling.c
		_updateErrorLEDs		CODE           	1BAEC	0000	71
		_getADCError   		CODE           	1C5DE	0000	23
		_clearADCErrors		CODE           	1C6CE	0000	17
		_clearUARTErrors		CODE           	1C7EC	0000	13
		_clearI2CErrors		CODE           	1C4D2	0000	29
		_getI2CError   		CODE           	1C234	0000	41
		_getUARTError  		CODE           	1C856	0000	7

error_handling.c estimated size: 201

mcc_generated_files/tmr2.c
		_TMR2_ISR      		CODE           	1C284	0000	41
		_TMR2_Initialize		CODE           	1C03E	0000	51
		_TMR2_Stop     		CODE           	1C87E	0000	5
		_TMR2_Start    		CODE           	1C88E	0000	5
		_TMR2_SetInterruptHandler		CODE           	1C728	0000	15
		_TMR2_StopTimer		CODE           	1C85C	0000	7
		_TMR2_DefaultInterruptHandler		CODE           	1C89E	0000	3
		_TMR2_StartTimer		CODE           	1C868	0000	7

mcc_generated_files/tmr2.c estimated size: 134

mcc_generated_files/interrupt_manager.c
		_INTERRUPT_Initialize		CODE           	1C434	0000	33
		_INTERRUPT_InterruptManagerLow		CODE           	0018	0000	139
		_INTERRUPT_InterruptManagerHigh		CODE           	0008	0000	239

mcc_generated_files/interrupt_manager.c estimated size: 411

C:\Program Files (x86)\Microchip\xc8\v2.05\pic\sources\c90\common\sprintf.c
		_sprintf       		CODE           	1BA14	0000	73

C:\Program Files (x86)\Microchip\xc8\v2.05\pic\sources\c90\common\sprintf.c estimated size: 73

heartbeat_timer.c
		_getStringSecondsAsTime		CODE           	15C2C	0000	935
		_getYearsFromOnTime		CODE           	1C0A0	0000	49
		_getHoursFromOnTime		CODE           	1A2D6	0000	241
		_heartbeatTimerHandler		CODE           	1965E	0000	355
		_getDaysFromOnTime		CODE           	1ADCE	0000	145
		_getSecondsFromOnTime		CODE           	194E4	0000	379
		_getMinutesFromOnTime		CODE           	197C0	0000	337

heartbeat_timer.c estimated size: 2441

C:\Program Files (x86)\Microchip\xc8\v2.05\pic\sources\c90\common\awmod.c
		___awmod       		CODE           	1B1F6	0000	115

C:\Program Files (x86)\Microchip\xc8\v2.05\pic\sources\c90\common\awmod.c estimated size: 115

terminal_control.c
		_terminalTextAttributesReset		CODE           	1C6BE	0000	17
		_terminalClearScreen		CODE           	1C6EE	0000	17
		_terminalTextAttributes		CODE           	15FD2	0000	871
		_terminalSetCursorHome		CODE           	1C6DE	0000	17

terminal_control.c estimated size: 922

adc_postprocessing.c
		_ADC_acquisitionTimerHandler		CODE           	1C578	0000	27
		_ADC_PostProcessingHandler		CODE           	14082	0000	2421

adc_postprocessing.c estimated size: 2448

mcc_generated_files/tmr0.c
		_TMR0_SetInterruptHandler		CODE           	1C744	0000	15
		_TMR0_DefaultInterruptHandler		CODE           	1C8A2	0000	3
		_TMR0_ISR      		CODE           	1C2AC	0000	41
		_TMR0_Initialize		CODE           	1C18C	0000	43

mcc_generated_files/tmr0.c estimated size: 102

C:\Program Files (x86)\Microchip\xc8\v2.05\pic\sources\c90\common\ftdivl.c
		__tdiv_to_l_   		CODE           	19DFA	0000	257

C:\Program Files (x86)\Microchip\xc8\v2.05\pic\sources\c90\common\ftdivl.c estimated size: 257

mcc_generated_files/pin_manager.c
		_IOCBF3_DefaultInterruptHandler		CODE           	1C8A4	0000	3
		_PIN_MANAGER_Initialize		CODE           	1ABFE	0000	161
		_IOCBF3_ISR    		CODE           	1C1E0	0000	43
		_IOCBF2_SetInterruptHandler		CODE           	1C760	0000	15
		_IOCBF3_SetInterruptHandler		CODE           	1C752	0000	15
		_IOCBF2_DefaultInterruptHandler		CODE           	1C8A6	0000	3
		_PIN_MANAGER_IOC		CODE           	1C64A	0000	21
		_IOCBF2_ISR    		CODE           	1C20A	0000	43

mcc_generated_files/pin_manager.c estimated size: 304

C:\Program Files (x86)\Microchip\xc8\v2.05\pic\sources\c90\common\lwdiv.c
		___lwdiv       		CODE           	1B6F0	0000	85

C:\Program Files (x86)\Microchip\xc8\v2.05\pic\sources\c90\common\lwdiv.c estimated size: 85

C:\Program Files (x86)\Microchip\xc8\v2.05\pic\sources\c90\common\fltol.c
		___fltol       		CODE           	1A7DE	0000	189

C:\Program Files (x86)\Microchip\xc8\v2.05\pic\sources\c90\common\fltol.c estimated size: 189

cap_touch_int.c
		_leftCapTouchHandler		CODE           	1C620	0000	23
		_rightCapTouchHandler		CODE           	1C60A	0000	23

cap_touch_int.c estimated size: 46

C:\Program Files (x86)\Microchip\xc8\v2.05\pic\sources\c90\common\Umul16.c
		___wmul        		CODE           	1C25C	0000	41

C:\Program Files (x86)\Microchip\xc8\v2.05\pic\sources\c90\common\Umul16.c estimated size: 41

device_IDs.c
		_getDeviceID   		CODE           	1C454	0000	33
		_getUserID     		CODE           	1BFA2	0000	53
		_getMinorRevisionID		CODE           	1C2FC	0000	39
		_getDeviceIDString		CODE           	1AC9E	0000	153
		_getMajorRevisionID		CODE           	1BE80	0000	61

device_IDs.c estimated size: 339

C:\Program Files (x86)\Microchip\xc8\v2.05\pic\sources\c90\common\fldivl.c
		__div_to_l_    		CODE           	19FF8	0000	247

C:\Program Files (x86)\Microchip\xc8\v2.05\pic\sources\c90\common\fldivl.c estimated size: 247

C:\Program Files (x86)\Microchip\xc8\v2.05\pic\sources\c90\common\flge.c
		___flge        		CODE           	1A4AE	0000	211

C:\Program Files (x86)\Microchip\xc8\v2.05\pic\sources\c90\common\flge.c estimated size: 211

mcc_generated_files/ccp2.c
		_CCP2_CallBack 		CODE           	1BD0E	0000	65
		_CCP2_CaptureISR		CODE           	1C5AC	0000	27
		_CCP2_Initialize		CODE           	1C390	0000	35

mcc_generated_files/ccp2.c estimated size: 127

C:\Program Files (x86)\Microchip\xc8\v2.05\pic\sources\c90\common\printf.c
		_printf        		CODE           	1BE08	0000	61

C:\Program Files (x86)\Microchip\xc8\v2.05\pic\sources\c90\common\printf.c estimated size: 61

mcc_generated_files/ext_int.c
		_INT1_SetInterruptHandler		CODE           	1C77C	0000	15
		_EXT_INT_Initialize		CODE           	1BF34	0000	57
		_INT2_SetInterruptHandler		CODE           	1C76E	0000	15
		_INT1_DefaultInterruptHandler		CODE           	1C8AA	0000	3
		_INT1_CallBack 		CODE           	1C36C	0000	37
		_INT2_DefaultInterruptHandler		CODE           	1C8A8	0000	3
		_INT2_CallBack 		CODE           	1C348	0000	37
		_INT1_ISR      		CODE           	1C83A	0000	11
		_INT2_ISR      		CODE           	1C830	0000	11

mcc_generated_files/ext_int.c estimated size: 189

C:\Program Files (x86)\Microchip\xc8\v2.05\pic\sources\c90\common\awdiv.c
		___awdiv       		CODE           	1AF74	0000	135

C:\Program Files (x86)\Microchip\xc8\v2.05\pic\sources\c90\common\awdiv.c estimated size: 135

LM73_I2C.c
		_LM73TempSensorInitialize		CODE           	18E8C	0000	569
		_LM73Convert   		CODE           	18992	0000	645
		_LM73AcquisitionHandler		CODE           	190C4	0000	557

LM73_I2C.c estimated size: 1771

freq_meas.c
		_freqMeasStartCaptures		CODE           	1C81C	0000	11
		_freqMeasConvert		CODE           	1A650	0000	203

freq_meas.c estimated size: 214

mcc_generated_files/tmr5.c
		_TMR5_Initialize		CODE           	1BE44	0000	61
		_TMR5_StopTimer		CODE           	1C86E	0000	5
		_TMR5_WriteTimer		CODE           	1C3D4	0000	33

mcc_generated_files/tmr5.c estimated size: 99

shared
		i2_printf      		CODE           	1BEBC	0000	61
		i1_TMR3_Reload 		CODE           	1C7B4	0000	15
		i2_TMR3_Reload 		CODE           	1C7DE	0000	15
		_OledFont      		MEDIUMCONST    	E547	0000	769
		i1_TMR3_StopTimer		CODE           	1C87A	0000	5
		i2_putch       		CODE           	1C844	0000	11
		i2___fleq      		CODE           	1AEEA	0000	139
		__powers_      		MEDIUMCONST    	E4BF	0000	53
		i1_TMR3_WriteTimer		CODE           	1C494	0000	33
		_dpowers       		MEDIUMCONST    	E847	0000	41
		i2_TMR3_WriteTimer		CODE           	1C542	0000	29
		i2___lwdiv     		CODE           	1B7EA	0000	83
		i2_isdigit     		CODE           	1C4B4	0000	31
		i2___flneg     		CODE           	1C15E	0000	47
		i2___awdiv     		CODE           	1B07E	0000	133
		i1___fladd     		CODE           	17398	0000	783
		i2_TMR1_Reload 		CODE           	1C7D0	0000	15
		i2___fladd     		CODE           	176A6	0000	783
		i2__tdiv_to_l_ 		CODE           	19EFA	0000	255
		i2___wmul      		CODE           	1C322	0000	39
		i2_TMR1_StopTimer		CODE           	1C882	0000	5
		i2__doprnt     		CODE           	11724	0000	5913
		i1___fldiv     		CODE           	18480	0000	651
		i2___fldiv     		CODE           	1870A	0000	649
		i2__div_to_l_  		CODE           	1A1E2	0000	245
		__npowers_     		MEDIUMCONST    	E4F3	0000	53
		i2___lwmod     		CODE           	1BCCC	0000	67
		i2___fltol     		CODE           	1A89A	0000	187
		i2_scale       		CODE           	15814	0000	1049
		i2___lldiv     		CODE           	1B102	0000	131
		__initialization		CODE           	1A954	0000	173
		i2___flge      		CODE           	1A580	0000	209
		i2___awmod     		CODE           	1B268	0000	113
		i2_TMR1_WriteTimer		CODE           	1C526	0000	29
		i2_EUSART2_Write		CODE           	1B744	0000	85
		i1___flmul     		CODE           	169E4	0000	853
		i2___flmul     		CODE           	16D38	0000	851
		_hexpowers     		MEDIUMCONST    	E527	0000	33
		i2___llmod     		CODE           	1B40C	0000	103
		i1___xxtofl    		CODE           	19A54	0000	325
		i2___xxtofl    		CODE           	19B98	0000	321
		i2___flsub     		CODE           	1BAA4	0000	73
		_temp_adc_offset		MEDIUMCONST    	0000	0000	0
		i2_fround      		CODE           	17F48	0000	687

shared estimated size: 16145

C:\Program Files (x86)\Microchip\xc8\v2.05\pic\sources\c90\common\sprcmul.c
		___flmul       		CODE           	16690	0000	853

C:\Program Files (x86)\Microchip\xc8\v2.05\pic\sources\c90\common\sprcmul.c estimated size: 853

C:\Program Files (x86)\Microchip\xc8\v2.05\pic\sources\c90\common\strncpy.c
		_strncpy       		CODE           	1B340	0000	103

C:\Program Files (x86)\Microchip\xc8\v2.05\pic\sources\c90\common\strncpy.c estimated size: 103

mcc_generated_files/mcc.c
		_PMD_Initialize		CODE           	1C4EE	0000	29
		_OSCILLATOR_Initialize		CODE           	1C5C6	0000	25
		_SYSTEM_Initialize		CODE           	1BD8C	0000	63

mcc_generated_files/mcc.c estimated size: 117

ring_buffer_interface.c
		_terminal_ringBufferPull		CODE           	1A0EE	0000	245

ring_buffer_interface.c estimated size: 245

mcc_generated_files/tmr3.c
		_TMR3_ISR      		CODE           	1BFD6	0000	53
		_TMR3_Initialize		CODE           	1B88C	0000	81
		_TMR3_SetInterruptHandler		CODE           	1C71A	0000	15
		_TMR3_StopTimer		CODE           	1C872	0000	5
		_TMR3_Reload   		CODE           	1C6FE	0000	15
		_TMR3_DefaultInterruptHandler		CODE           	1C89C	0000	3
		_TMR3_WriteTimer		CODE           	1C3F4	0000	33
		_TMR3_StartTimer		CODE           	1C886	0000	5

mcc_generated_files/tmr3.c estimated size: 210

C:\Program Files (x86)\Microchip\xc8\v2.05\pic\sources\c90\common\abs.c
		_abs           		CODE           	1C1B6	0000	43

C:\Program Files (x86)\Microchip\xc8\v2.05\pic\sources\c90\common\abs.c estimated size: 43

C:\Program Files (x86)\Microchip\xc8\v2.05\pic\sources\c90\common\sprcdiv.c
		___fldiv       		CODE           	181F6	0000	651

C:\Program Files (x86)\Microchip\xc8\v2.05\pic\sources\c90\common\sprcdiv.c estimated size: 651

C:\Program Files (x86)\Microchip\xc8\v2.05\pic\sources\c90\common\strcat.c
		_strcat        		CODE           	1B4D2	0000	95

C:\Program Files (x86)\Microchip\xc8\v2.05\pic\sources\c90\common\strcat.c estimated size: 95

C:\Program Files (x86)\Microchip\xc8\v2.05\pic\sources\c90\common\flneg.c
		___flneg       		CODE           	1C100	0000	49

C:\Program Files (x86)\Microchip\xc8\v2.05\pic\sources\c90\common\flneg.c estimated size: 49

C:\Program Files (x86)\Microchip\xc8\v2.05\pic\sources\c90\common\fabs.c
		_fabs          		CODE           	1BEF8	0000	61

C:\Program Files (x86)\Microchip\xc8\v2.05\pic\sources\c90\common\fabs.c estimated size: 61

cause_of_reset.c
		_getCauseOfResetStringSmall		CODE           	1C0D0	0000	49
		_getCauseOfResetString		CODE           	1C070	0000	49
		_getCauseOfReset		CODE           	1B5E8	0000	91

cause_of_reset.c estimated size: 189

mcc_generated_files/tmr1.c
		_TMR1_Initialize		CODE           	1B8DC	0000	81
		_TMR1_SetInterruptHandler		CODE           	1C736	0000	15
		_TMR1_StopTimer		CODE           	1C876	0000	5
		_TMR1_Reload   		CODE           	1C70C	0000	15
		_TMR1_DefaultInterruptHandler		CODE           	1C8A0	0000	3
		_TMR1_WriteTimer		CODE           	1C414	0000	33
		_TMR1_StartTimer		CODE           	1C88A	0000	5
		_TMR1_ISR      		CODE           	1C00A	0000	53

mcc_generated_files/tmr1.c estimated size: 210

C:\Program Files (x86)\Microchip\xc8\v2.05\pic\sources\c90\common\memmove.c
		_memmove       		CODE           	1AA0A	0000	175

C:\Program Files (x86)\Microchip\xc8\v2.05\pic\sources\c90\common\memmove.c estimated size: 175

mcc_generated_files/i2c2.c
		_I2C2_BusCollisionISR		CODE           	1C804	0000	13
		_I2C2_MasterRead		CODE           	1B97C	0000	81
		_I2C2_FunctionComplete		CODE           	1C592	0000	27
		_I2C2_MasterWriteTRBBuild		CODE           	1BB32	0000	71
		_I2C2_ISR      		CODE           	18C16	0000	631
		_I2C2_MasterWrite		CODE           	1B92C	0000	81
		_I2C2_Initialize		CODE           	1BF6C	0000	55
		_I2C2_Stop     		CODE           	1BC46	0000	69
		_I2C2_MasterReadTRBBuild		CODE           	1B798	0000	83
		_I2C2_WaitForLastPacketToComplete		CODE           	1C826	0000	11
		_I2C2_MasterTRBInsert		CODE           	1AB5C	0000	163

mcc_generated_files/i2c2.c estimated size: 1285

C:\Program Files (x86)\Microchip\xc8\v2.05\pic\sources\c90\common\xxtofl.c
		___xxtofl      		CODE           	19910	0000	325

C:\Program Files (x86)\Microchip\xc8\v2.05\pic\sources\c90\common\xxtofl.c estimated size: 325

oled.c
		_OLED_Clear    		CODE           	1BDCA	0000	63
		_OLED_Command  		CODE           	1B3A6	0000	103
		_OLED_WriteString		CODE           	1B642	0000	89
		_OLED_UpdateFromRAMBuffer		CODE           	19CD8	0000	291
		_OLED_Init     		CODE           	1AD36	0000	153
		_OLED_updateHandler		CODE           	12E3C	0000	4679
		_OLED_PutChar  		CODE           	1A71A	0000	197
		_OLED_YX       		CODE           	1BC02	0000	69

oled.c estimated size: 5644

mcc_generated_files/memory.c
		_FLASH_ReadWord		CODE           	1BC8A	0000	67
		_FLASH_ReadByte		CODE           	1C55E	0000	27

mcc_generated_files/memory.c estimated size: 94

ring_buffer_LUT.c
		_ringBufferLUT 		CODE           	149F6	0000	1429
		_printErrorHandlerStatus		CODE           	192F0	0000	501
		_floatToEngineeringFormat		CODE           	16338	0000	857
		_printCurrentMeasurements		CODE           	14F8A	0000	1111

ring_buffer_LUT.c estimated size: 3898

C:\Program Files (x86)\Microchip\xc8\v2.05\pic\sources\c90\common\strlen.c
		_strlen        		CODE           	1C130	0000	47

C:\Program Files (x86)\Microchip\xc8\v2.05\pic\sources\c90\common\strlen.c estimated size: 47

mcc_generated_files/adcc.c
		_ADCC_StopConversion		CODE           	1C892	0000	5
		_ADCC_DefaultInterruptHandler		CODE           	1C8AC	0000	3
		_ADCC_ClearAccumulator		CODE           	1C862	0000	7
		_ADCC_GetFilterValue		CODE           	1C672	0000	21
		_ADCC_GetCurrentCountofConversions		CODE           	1C896	0000	5
		_ADCC_SetADTIInterruptHandler		CODE           	1C7A6	0000	15
		_ADCC_GetConversionResult		CODE           	1C686	0000	21
		_ADCC_ThresholdISR		CODE           	1C2D4	0000	41
		_ADCC_StartConversion		CODE           	1C7C2	0000	15
		_ADCC_Initialize		CODE           	1B472	0000	97
		_ADCC_HasAccumulatorOverflowed		CODE           	1C810	0000	13
		_ADCC_DischargeSampleCapacitor		CODE           	1C84E	0000	9

mcc_generated_files/adcc.c estimated size: 252

C:\Program Files (x86)\Microchip\xc8\v2.05\pic\sources\c90\common\strcmp.c
		_strcmp        		CODE           	1B83C	0000	81

C:\Program Files (x86)\Microchip\xc8\v2.05\pic\sources\c90\common\strcmp.c estimated size: 81

C:\Program Files (x86)\Microchip\xc8\v2.05\pic\sources\c90\common\strcpy.c
		_strcpy        		CODE           	1B9CC	0000	73

C:\Program Files (x86)\Microchip\xc8\v2.05\pic\sources\c90\common\strcpy.c estimated size: 73

C:\Program Files (x86)\Microchip\xc8\v2.05\pic\sources\c90\common\__lldiv.c
		___lldiv       		CODE           	1AFFA	0000	133

C:\Program Files (x86)\Microchip\xc8\v2.05\pic\sources\c90\common\__lldiv.c estimated size: 133

main.c
		_main          		CODE           	179B4	0000	723

main.c estimated size: 723

C:\Program Files (x86)\Microchip\xc8\v2.05\pic\sources\c90\common\fleq.c
		___fleq        		CODE           	1AE5E	0000	141

C:\Program Files (x86)\Microchip\xc8\v2.05\pic\sources\c90\common\fleq.c estimated size: 141

C:\Program Files (x86)\Microchip\xc8\v2.05\pic\sources\c90\common\lwmod.c
		___lwmod       		CODE           	1BBBE	0000	69

C:\Program Files (x86)\Microchip\xc8\v2.05\pic\sources\c90\common\lwmod.c estimated size: 69

