Microchip MPLAB XC8 Compiler V2.05 ()

Linker command line:

-W-3 --edf=C:\Program Files (x86)\Microchip\xc8\v2.05\pic\dat\en_msgs.txt \
  -cs -h+dist/default/production\QI_Monitor.X.production.sym \
  --cmf=dist/default/production\QI_Monitor.X.production.cmf -z -Q18F27K40 \
  -oC:\Users\DREWMA~1\AppData\Local\Temp\sfeg.2 --defsym=__MPLAB_BUILD=1 \
  -Mdist/default/production/QI_Monitor.X.production.map -E1 -ver=XC8 \
  --acfsm=1493 -ASTACK=0518h-0E87h -pstack=STACK -ACODE=00h-01FFFFh \
  -ACONST=00h-01FFFFh -ASMALLCONST=0F00h-0FFFhx497 \
  -AMEDIUMCONST=0F00h-0FFFFh,010F00h-01FFFFh -ACOMRAM=01h-05Fh \
  -AABS1=00h-0E87h -ABIGRAM=01h-0E87h \
  -ARAM=060h-0FFh,0100h-01FFhx13,0E00h-0E87h -ABANK0=060h-0FFh \
  -ABANK1=0100h-01FFh -ABANK2=0200h-02FFh -ABANK3=0300h-03FFh \
  -ABANK4=0400h-04FFh -ABANK5=0500h-05FFh -ABANK6=0600h-06FFh \
  -ABANK7=0700h-07FFh -ABANK8=0800h-08FFh -ABANK9=0900h-09FFh \
  -ABANK10=0A00h-0AFFh -ABANK11=0B00h-0BFFh -ABANK12=0C00h-0CFFh \
  -ABANK13=0D00h-0DFFh -ABANK14=0E00h-0E87h \
  -ASFR=0E8Dh-0EFFh,0F00h-0F5Fh,0F60h-0FFFh \
  -preset_vec=00h,intcode=08h,intcodelo=018h,powerup,init -pramtop=0F00h \
  -psmallconst=SMALLCONST -pmediumconst=MEDIUMCONST -pconst=CONST \
  -AFARRAM=00h-00h -ACONFIG=0300000h-030000Bh -pconfig=CONFIG \
  -AIDLOC=0200000h-020000Fh -pidloc=IDLOC -AEEDATA=0310000h-03103FFh \
  -peeprom_data=EEDATA \
  -prdata=COMRAM,nvrram=COMRAM,nvbit=COMRAM,rbss=COMRAM,rbit=COMRAM \
  -pfarbss=FARRAM,fardata=FARRAM,nvFARRAM=FARRAM \
  -pintsave_regs=BIGRAM,bigbss=BIGRAM,bigdata=BIGRAM -pbss=RAM \
  -pidata=CODE,irdata=CODE,ibigdata=CODE,ifardata=CODE -prparam=COMRAM \
  C:\Users\DREWMA~1\AppData\Local\Temp\sfeg.o \
  dist/default/production\QI_Monitor.X.production.o 

Object code version is 3.11

Machine type is 18F27K40

Call graph: (short form)




                Name                               Link     Load   Length Selector   Space Scale
C:\Users\DREWMA~1\AppData\Local\Temp\sfeg.o
                init                                 C2       C2        4        C       0
                reset_vec                             0        0        4        0       0
                idloc                            200000   200000       10   200000       0
                config                           300000   300000        C   300000       0
dist/default/production\QI_Monitor.X.production.o
                intcodelo                            18       18       AA        C       0
                intcode                               8        8        6        4       0
                temp                                 5F       5F        1        1       1
                mediumconst                        E5C2     E5C2     1A3E     72E1       0
                text214                           1C91C    1C91C       14     8000       0
                text213                           1CB2C    1CB2C        4     8000       0
                text212                           1C908    1C908       14     8000       0
                text211                           1CAA6    1CAA6        C     8000       0
                text210                           1CB28    1CB28        4     8000       0
                text209                           1CB24    1CB24        4     8000       0
                text208                           1CAFE    1CAFE        6     8000       0
                text207                           1C3F4    1C3F4       2E     8000       0
                text206                           1C15C    1C15C       3C     8000       0
                text205                           187A0    187A0      288     8000       0
                text204                           1A798    1A798       D0     8000       0
                text203                           170A0    170A0      352     8000       0
                text202                           17A0E    17A0E      30E     8000       0
                text201                           1BCC6    1BCC6       48     8000       0
                text200                           19E98    19E98      140     8000       0
                text199                           14082    14082      974     8000       0
                text198                           1CB42    1CB42        2     8000       0
                text197                           1C56A    1C56A       28     8000       0
                text196                           1B1C2    1B1C2       8A     8000       0
                text195                           1AB7E    1AB7E       BA     8000       0
                text194                           1B3DA    1B3DA       82     8000       0
                text193                           1B6D8    1B6D8       66     8000       0
                text192                           1C5B8    1C5B8       26     8000       0
                text191                           1A4E2    1A4E2       F4     8000       0
                text190                           1A1FA    1A1FA       FE     8000       0
                text189                           1BA0C    1BA0C       52     8000       0
                text188                           1BF2E    1BF2E       42     8000       0
                text187                           17FDE    17FDE      2AE     8000       0
                text186                           1C74A    1C74A       1E     8000       0
                text185                           1BEEC    1BEEC       42     8000       0
                text184                           1CADA    1CADA        A     8000       0
                text183                           1B356    1B356       84     8000       0
                text182                           1B4CE    1B4CE       70     8000       0
                text181                           15ED4    15ED4      418     8000       0
                text180                           11724    11724     1718     8000       0
                text179                           1C120    1C120       3C     8000       0
                text178                           1AD90    1AD90       A4     8000       0
                text177                           1C8B6    1C8B6       16     8000       0
                text176                           1CB40    1CB40        2     8000       0
                text175                           1C602    1C602       24     8000       0
                text174                           1CAD0    1CAD0        A     8000       0
                text173                           1C8A0    1C8A0       16     8000       0
                text172                           1CB3E    1CB3E        2     8000       0
                text171                           1C5DE    1C5DE       24     8000       0
                text170                           1CAC6    1CAC6        A     8000       0
                text169                           1CB20    1CB20        4     8000       0
                text168                           1CB1C    1CB1C        4     8000       0
                text167                           1C7D8    1C7D8       1C     8000       0
                text166                           1CA74    1CA74        E     8000       0
                text165                           1C8F4    1C8F4       14     8000       0
                text164                           1CB3C    1CB3C        2     8000       0
                text163                           1C4A0    1C4A0       2A     8000       0
                text162                           1C7BC    1C7BC       1C     8000       0
                text161                           1CA66    1CA66        E     8000       0
                text160                           1C7A0    1C7A0       1C     8000       0
                text159                           1CB3A    1CB3A        2     8000       0
                text158                           1C476    1C476       2A     8000       0
                text157                           1C8E0    1C8E0       14     8000       0
                text156                           19AC0    19AC0      150     8000       0
                text155                           1CB38    1CB38        2     8000       0
                text154                           1C542    1C542       28     8000       0
                text153                           1CB18    1CB18        4     8000       0
                text152                           1CB36    1CB36        2     8000       0
                text151                           1C88A    1C88A       16     8000       0
                text150                           1C26E    1C26E       34     8000       0
                intcode_body                      1A868    1A868       CC     8000       0
                text148                           17700    17700      30E     8000       0
                text147                           18516    18516      28A     8000       0
                text146                           16D4C    16D4C      354     8000       0
                text145                           19D54    19D54      144     8000       0
                text144                           1A934    1A934       CA     8000       0
                text143                           1BF70    1BF70       40     8000       0
                text142                           1C842    1C842       1A     8000       0
                text141                           1C2D4    1C2D4       32     8000       0
                text140                           1CA9A    1CA9A        C     8000       0
                text139                           1C828    1C828       1A     8000       0
                text138                           1BE66    1BE66       44     8000       0
                text137                           18F28    18F28      276     8000       0
                text136                           1CAF8    1CAF8        6     8000       0
                text135                           1CAE4    1CAE4        8     8000       0
                text134                           1CA58    1CA58        E     8000       0
                text133                           1CB14    1CB14        4     8000       0
                text132                           1CAF2    1CAF2        6     8000       0
                text131                           1CB34    1CB34        2     8000       0
                text130                           1C80E    1C80E       1A     8000       0
                text129                           1C51A    1C51A       28     8000       0
                text128                           1C72A    1C72A       20     8000       0
                text127                           1CA4A    1CA4A        E     8000       0
                text126                           1CB10    1CB10        4     8000       0
                text125                           1CB32    1CB32        2     8000       0
                text124                           1C70A    1C70A       20     8000       0
                text123                           1C23A    1C23A       34     8000       0
                text121                           1B9BA    1B9BA       52     8000       0
                text120                           1CABC    1CABC        A     8000       0
                text119                           1AE34    1AE34       A2     8000       0
                text118                           1BB9E    1BB9E       50     8000       0
                text117                           1BD54    1BD54       46     8000       0
                text116                           1BB4E    1BB4E       50     8000       0
                text115                           169F8    169F8      354     8000       0
                text114                           19C10    19C10      144     8000       0
                text113                           18A28    18A28      284     8000       0
                text112                           193D6    193D6      22C     8000       0
                text111                           1919E    1919E      238     8000       0
                text110                           1AC38    1AC38       AE     8000       0
                text109                           1A9FE    1A9FE       C4     8000       0
                text108                           1C06A    1C06A       3E     8000       0
                text107                           1B672    1B672       66     8000       0
                text106                           1B00E    1B00E       98     8000       0
                text105                           1B90E    1B90E       58     8000       0
                text104                           1BE22    1BE22       44     8000       0
                text103                           1C3C6    1C3C6       2E     8000       0
                text102                           19FD8    19FD8      122     8000       0
                text101                           1828C    1828C      28A     8000       0
                text100                           1C44C    1C44C       2A     8000       0
                text99                            1B136    1B136       8C     8000       0
                text98                            1A6C6    1A6C6       D2     8000       0
                text97                            1C396    1C396       30     8000       0
                text96                            173F2    173F2      30E     8000       0
                text95                            1BC7E    1BC7E       48     8000       0
                text94                            1AAC2    1AAC2       BC     8000       0
                text93                            1B2D2    1B2D2       84     8000       0
                text92                            1B53E    1B53E       68     8000       0
                text91                            1C4F2    1C4F2       28     8000       0
                text90                            1A2F8    1A2F8       F6     8000       0
                text89                            1A0FA    1A0FA      100     8000       0
                text88                            1B966    1B966       54     8000       0
                text87                            1BDDE    1BDDE       44     8000       0
                text86                            17D1C    17D1C      2C2     8000       0
                text85                            1C648    1C648       22     8000       0
                text84                            1BD9A    1BD9A       44     8000       0
                text83                            1C8CC    1C8CC       14     8000       0
                text82                            1B24C    1B24C       86     8000       0
                text81                            1B45C    1B45C       72     8000       0
                text80                            15AA0    15AA0      434     8000       0
                text79                            10000    10000     1724     8000       0
                text78                            1BC36    1BC36       48     8000       0
                text77                            149F6    149F6      644     8000       0
                text76                            1C366    1C366       30     8000       0
                text75                            1B0A6    1B0A6       90     8000       0
                text74                            1C7F4    1C7F4       1A     8000       0
                text73                            1BEAA    1BEAA       42     8000       0
                text72                            1C6EA    1C6EA       20     8000       0
                text71                            1A5D6    1A5D6       F0     8000       0
                text70                            1C0E4    1C0E4       3C     8000       0
                text69                            1C592    1C592       26     8000       0
                text68                            19970    19970      150     8000       0
                text67                            1B858    1B858       5C     8000       0
                text66                            197F6    197F6      17A     8000       0
                text65                            1C336    1C336       30     8000       0
                text64                            1BBEE    1BBEE       48     8000       0
                text63                            12E3C    12E3C     1246     8000       0
                text62                            1CA3C    1CA3C        E     8000       0
                text61                            1B73E    1B73E       60     8000       0
                text60                            1C626    1C626       22     8000       0
                text59                            1CA2E    1CA2E        E     8000       0
                text58                            1CA20    1CA20        E     8000       0
                text57                            1B60C    1B60C       66     8000       0
                text56                            1CA12    1CA12        E     8000       0
                text55                            1CA04    1CA04        E     8000       0
                text54                            1C198    1C198       38     8000       0
                text53                            1CA8E    1CA8E        C     8000       0
                text52                            1C1D0    1C1D0       36     8000       0
                text51                            1C6CA    1C6CA       20     8000       0
                text50                            1C85C    1C85C       18     8000       0
                text49                            1C9F6    1C9F6        E     8000       0
                text48                            1C9E8    1C9E8        E     8000       0
                text47                            1AED6    1AED6       A0     8000       0
                text46                            1C784    1C784       1C     8000       0
                text45                            1C9DA    1C9DA        E     8000       0
                text44                            1C422    1C422       2A     8000       0
                text43                            1C9CC    1C9CC        E     8000       0
                text42                            1BAFE    1BAFE       50     8000       0
                text41                            1C9BE    1C9BE        E     8000       0
                text40                            1C2A2    1C2A2       32     8000       0
                text39                            1C9B0    1C9B0        E     8000       0
                text38                            1BAAE    1BAAE       50     8000       0
                text37                            1C0A8    1C0A8       3C     8000       0
                text36                            1C02C    1C02C       3E     8000       0
                text35                            1C6AA    1C6AA       20     8000       0
                text34                            1C9A2    1C9A2        E     8000       0
                text33                            1CB0C    1CB0C        4     8000       0
                text32                            1C68A    1C68A       20     8000       0
                text31                            1C994    1C994        E     8000       0
                text30                            1CB08    1CB08        4     8000       0
                text29                            1CB04    1CB04        4     8000       0
                text28                            1C66A    1C66A       20     8000       0
                text27                            1CAB2    1CAB2        A     8000       0
                text26                            1B8B4    1B8B4       5A     8000       0
                text25                            1BFEE    1BFEE       3E     8000       0
                text24                            1C984    1C984       10     8000       0
                text23                            1C974    1C974       10     8000       0
                text22                            1BFB0    1BFB0       3E     8000       0
                text21                            1C874    1C874       16     8000       0
                text20                            1C4CA    1C4CA       28     8000       0
                text19                            1CAEC    1CAEC        6     8000       0
                text18                            1BD0E    1BD0E       46     8000       0
                text17                            1C964    1C964       10     8000       0
                text16                            1C768    1C768       1C     8000       0
                text15                            1CA82    1CA82        C     8000       0
                text14                            1C306    1C306       30     8000       0
                text13                            1AF76    1AF76       98     8000       0
                text12                            1C206    1C206       34     8000       0
                text11                            1B7FC    1B7FC       5C     8000       0
                text10                            1B79E    1B79E       5E     8000       0
                text9                             162EC    162EC      3A6     8000       0
                text8                             1B5A6    1B5A6       66     8000       0
                text7                             16692    16692      366     8000       0
                text6                             1C954    1C954       10     8000       0
                text5                             1503A    1503A      540     8000       0
                text4                             19602    19602      1F4     8000       0
                text3                             1BA5E    1BA5E       50     8000       0
                text2                             1557A    1557A      526     8000       0
                text1                             1A3EE    1A3EE       F4     8000       0
                text0                             18CAC    18CAC      27C     8000       0
                cstackCOMRAM                          1        1       5E        1       1
                cstackBANK0                          60       60       59       60       1
                cstackBANK1                         100      100       61      100       1
                cstackBANK2                         200      200       BF      200       1
                cstackBANK3                         3D1      3D1       2E      300       1
                cstackBANK5                         500      500       18      500       1
                bssBANK4                            400      400      100      400       1
                bssBANK3                            300      300       D1      300       1
                dataBANK2                           2ED      2ED       12      200       1
                bssBANK2                            2BF      2BF       2E      200       1
                dataBANK1                           1A3      1A3       12      100       1
                bssBANK1                            161      161       42      100       1
                dataBANK0                            FD       FD        2       60       1
                bssBANK0                             B9       B9       44       60       1
                bitbssBANK0                         7F8       FF        1       60       1     8
                cinit                             1ACE6    1ACE6       AA     8000       0
                nvBANK2                             2FF      2FF        1      200       1
                idataBANK2                        1C942    1C942       12     8000       0
                idataBANK1                        1C930    1C930       12     8000       0
                idataBANK0                        1CB30    1CB30        2     8000       0

TOTAL           Name                               Link     Load   Length     Space
        CLASS   STACK          

        CLASS   CODE           
                intcodelo                            18       18       AA         0
                intcode                               8        8        6         0
                init                                 C2       C2        4         0
                reset_vec                             0        0        4         0
                text214                           1C91C    1C91C       14         0
                text213                           1CB2C    1CB2C        4         0
                text212                           1C908    1C908       14         0
                text211                           1CAA6    1CAA6        C         0
                text210                           1CB28    1CB28        4         0
                text209                           1CB24    1CB24        4         0
                text208                           1CAFE    1CAFE        6         0
                text207                           1C3F4    1C3F4       2E         0
                text206                           1C15C    1C15C       3C         0
                text205                           187A0    187A0      288         0
                text204                           1A798    1A798       D0         0
                text203                           170A0    170A0      352         0
                text202                           17A0E    17A0E      30E         0
                text201                           1BCC6    1BCC6       48         0
                text200                           19E98    19E98      140         0
                text199                           14082    14082      974         0
                text198                           1CB42    1CB42        2         0
                text197                           1C56A    1C56A       28         0
                text196                           1B1C2    1B1C2       8A         0
                text195                           1AB7E    1AB7E       BA         0
                text194                           1B3DA    1B3DA       82         0
                text193                           1B6D8    1B6D8       66         0
                text192                           1C5B8    1C5B8       26         0
                text191                           1A4E2    1A4E2       F4         0
                text190                           1A1FA    1A1FA       FE         0
                text189                           1BA0C    1BA0C       52         0
                text188                           1BF2E    1BF2E       42         0
                text187                           17FDE    17FDE      2AE         0
                text186                           1C74A    1C74A       1E         0
                text185                           1BEEC    1BEEC       42         0
                text184                           1CADA    1CADA        A         0
                text183                           1B356    1B356       84         0
                text182                           1B4CE    1B4CE       70         0
                text181                           15ED4    15ED4      418         0
                text180                           11724    11724     1718         0
                text179                           1C120    1C120       3C         0
                text178                           1AD90    1AD90       A4         0
                text177                           1C8B6    1C8B6       16         0
                text176                           1CB40    1CB40        2         0
                text175                           1C602    1C602       24         0
                text174                           1CAD0    1CAD0        A         0
                text173                           1C8A0    1C8A0       16         0
                text172                           1CB3E    1CB3E        2         0
                text171                           1C5DE    1C5DE       24         0
                text170                           1CAC6    1CAC6        A         0
                text169                           1CB20    1CB20        4         0
                text168                           1CB1C    1CB1C        4         0
                text167                           1C7D8    1C7D8       1C         0
                text166                           1CA74    1CA74        E         0
                text165                           1C8F4    1C8F4       14         0
                text164                           1CB3C    1CB3C        2         0
                text163                           1C4A0    1C4A0       2A         0
                text162                           1C7BC    1C7BC       1C         0
                text161                           1CA66    1CA66        E         0
                text160                           1C7A0    1C7A0       1C         0
                text159                           1CB3A    1CB3A        2         0
                text158                           1C476    1C476       2A         0
                text157                           1C8E0    1C8E0       14         0
                text156                           19AC0    19AC0      150         0
                text155                           1CB38    1CB38        2         0
                text154                           1C542    1C542       28         0
                text153                           1CB18    1CB18        4         0
                text152                           1CB36    1CB36        2         0
                text151                           1C88A    1C88A       16         0
                text150                           1C26E    1C26E       34         0
                intcode_body                      1A868    1A868       CC         0
                text148                           17700    17700      30E         0
                text147                           18516    18516      28A         0
                text146                           16D4C    16D4C      354         0
                text145                           19D54    19D54      144         0
                text144                           1A934    1A934       CA         0
                text143                           1BF70    1BF70       40         0
                text142                           1C842    1C842       1A         0
                text141                           1C2D4    1C2D4       32         0
                text140                           1CA9A    1CA9A        C         0
                text139                           1C828    1C828       1A         0
                text138                           1BE66    1BE66       44         0
                text137                           18F28    18F28      276         0
                text136                           1CAF8    1CAF8        6         0
                text135                           1CAE4    1CAE4        8         0
                text134                           1CA58    1CA58        E         0
                text133                           1CB14    1CB14        4         0
                text132                           1CAF2    1CAF2        6         0
                text131                           1CB34    1CB34        2         0
                text130                           1C80E    1C80E       1A         0
                text129                           1C51A    1C51A       28         0
                text128                           1C72A    1C72A       20         0
                text127                           1CA4A    1CA4A        E         0
                text126                           1CB10    1CB10        4         0
                text125                           1CB32    1CB32        2         0
                text124                           1C70A    1C70A       20         0
                text123                           1C23A    1C23A       34         0
                text121                           1B9BA    1B9BA       52         0
                text120                           1CABC    1CABC        A         0
                text119                           1AE34    1AE34       A2         0
                text118                           1BB9E    1BB9E       50         0
                text117                           1BD54    1BD54       46         0
                text116                           1BB4E    1BB4E       50         0
                text115                           169F8    169F8      354         0
                text114                           19C10    19C10      144         0
                text113                           18A28    18A28      284         0
                text112                           193D6    193D6      22C         0
                text111                           1919E    1919E      238         0
                text110                           1AC38    1AC38       AE         0
                text109                           1A9FE    1A9FE       C4         0
                text108                           1C06A    1C06A       3E         0
                text107                           1B672    1B672       66         0
                text106                           1B00E    1B00E       98         0
                text105                           1B90E    1B90E       58         0
                text104                           1BE22    1BE22       44         0
                text103                           1C3C6    1C3C6       2E         0
                text102                           19FD8    19FD8      122         0
                text101                           1828C    1828C      28A         0
                text100                           1C44C    1C44C       2A         0
                text99                            1B136    1B136       8C         0
                text98                            1A6C6    1A6C6       D2         0
                text97                            1C396    1C396       30         0
                text96                            173F2    173F2      30E         0
                text95                            1BC7E    1BC7E       48         0
                text94                            1AAC2    1AAC2       BC         0
                text93                            1B2D2    1B2D2       84         0
                text92                            1B53E    1B53E       68         0
                text91                            1C4F2    1C4F2       28         0
                text90                            1A2F8    1A2F8       F6         0
                text89                            1A0FA    1A0FA      100         0
                text88                            1B966    1B966       54         0
                text87                            1BDDE    1BDDE       44         0
                text86                            17D1C    17D1C      2C2         0
                text85                            1C648    1C648       22         0
                text84                            1BD9A    1BD9A       44         0
                text83                            1C8CC    1C8CC       14         0
                text82                            1B24C    1B24C       86         0
                text81                            1B45C    1B45C       72         0
                text80                            15AA0    15AA0      434         0
                text79                            10000    10000     1724         0
                text78                            1BC36    1BC36       48         0
                text77                            149F6    149F6      644         0
                text76                            1C366    1C366       30         0
                text75                            1B0A6    1B0A6       90         0
                text74                            1C7F4    1C7F4       1A         0
                text73                            1BEAA    1BEAA       42         0
                text72                            1C6EA    1C6EA       20         0
                text71                            1A5D6    1A5D6       F0         0
                text70                            1C0E4    1C0E4       3C         0
                text69                            1C592    1C592       26         0
                text68                            19970    19970      150         0
                text67                            1B858    1B858       5C         0
                text66                            197F6    197F6      17A         0
                text65                            1C336    1C336       30         0
                text64                            1BBEE    1BBEE       48         0
                text63                            12E3C    12E3C     1246         0
                text62                            1CA3C    1CA3C        E         0
                text61                            1B73E    1B73E       60         0
                text60                            1C626    1C626       22         0
                text59                            1CA2E    1CA2E        E         0
                text58                            1CA20    1CA20        E         0
                text57                            1B60C    1B60C       66         0
                text56                            1CA12    1CA12        E         0
                text55                            1CA04    1CA04        E         0
                text54                            1C198    1C198       38         0
                text53                            1CA8E    1CA8E        C         0
                text52                            1C1D0    1C1D0       36         0
                text51                            1C6CA    1C6CA       20         0
                text50                            1C85C    1C85C       18         0
                text49                            1C9F6    1C9F6        E         0
                text48                            1C9E8    1C9E8        E         0
                text47                            1AED6    1AED6       A0         0
                text46                            1C784    1C784       1C         0
                text45                            1C9DA    1C9DA        E         0
                text44                            1C422    1C422       2A         0
                text43                            1C9CC    1C9CC        E         0
                text42                            1BAFE    1BAFE       50         0
                text41                            1C9BE    1C9BE        E         0
                text40                            1C2A2    1C2A2       32         0
                text39                            1C9B0    1C9B0        E         0
                text38                            1BAAE    1BAAE       50         0
                text37                            1C0A8    1C0A8       3C         0
                text36                            1C02C    1C02C       3E         0
                text35                            1C6AA    1C6AA       20         0
                text34                            1C9A2    1C9A2        E         0
                text33                            1CB0C    1CB0C        4         0
                text32                            1C68A    1C68A       20         0
                text31                            1C994    1C994        E         0
                text30                            1CB08    1CB08        4         0
                text29                            1CB04    1CB04        4         0
                text28                            1C66A    1C66A       20         0
                text27                            1CAB2    1CAB2        A         0
                text26                            1B8B4    1B8B4       5A         0
                text25                            1BFEE    1BFEE       3E         0
                text24                            1C984    1C984       10         0
                text23                            1C974    1C974       10         0
                text22                            1BFB0    1BFB0       3E         0
                text21                            1C874    1C874       16         0
                text20                            1C4CA    1C4CA       28         0
                text19                            1CAEC    1CAEC        6         0
                text18                            1BD0E    1BD0E       46         0
                text17                            1C964    1C964       10         0
                text16                            1C768    1C768       1C         0
                text15                            1CA82    1CA82        C         0
                text14                            1C306    1C306       30         0
                text13                            1AF76    1AF76       98         0
                text12                            1C206    1C206       34         0
                text11                            1B7FC    1B7FC       5C         0
                text10                            1B79E    1B79E       5E         0
                text9                             162EC    162EC      3A6         0
                text8                             1B5A6    1B5A6       66         0
                text7                             16692    16692      366         0
                text6                             1C954    1C954       10         0
                text5                             1503A    1503A      540         0
                text4                             19602    19602      1F4         0
                text3                             1BA5E    1BA5E       50         0
                text2                             1557A    1557A      526         0
                text1                             1A3EE    1A3EE       F4         0
                text0                             18CAC    18CAC      27C         0
                cinit                             1ACE6    1ACE6       AA         0
                idataBANK2                        1C942    1C942       12         0
                idataBANK1                        1C930    1C930       12         0
                idataBANK0                        1CB30    1CB30        2         0

        CLASS   CONST          

        CLASS   SMALLCONST     

        CLASS   MEDIUMCONST    
                mediumconst                        E5C2     E5C2     1A3E         0

        CLASS   COMRAM         
                temp                                 5F       5F        1         1
                cstackCOMRAM                          1        1       5E         1

        CLASS   ABS1           

        CLASS   BIGRAM         

        CLASS   RAM            

        CLASS   BANK0          
                cstackBANK0                          60       60       59         1
                dataBANK0                            FD       FD        2         1
                bssBANK0                             B9       B9       44         1
                bitbssBANK0                         7F8       FF        1         1

        CLASS   BANK1          
                cstackBANK1                         100      100       61         1
                dataBANK1                           1A3      1A3       12         1
                bssBANK1                            161      161       42         1

        CLASS   BANK2          
                cstackBANK2                         200      200       BF         1
                dataBANK2                           2ED      2ED       12         1
                bssBANK2                            2BF      2BF       2E         1
                nvBANK2                             2FF      2FF        1         1

        CLASS   BANK3          
                cstackBANK3                         3D1      3D1       2E         1
                bssBANK3                            300      300       D1         1

        CLASS   BANK4          
                bssBANK4                            400      400      100         1

        CLASS   BANK5          
                cstackBANK5                         500      500       18         1

        CLASS   BANK6          

        CLASS   BANK7          

        CLASS   BANK8          

        CLASS   BANK9          

        CLASS   BANK10         

        CLASS   BANK11         

        CLASS   BANK12         

        CLASS   BANK13         

        CLASS   BANK14         

        CLASS   SFR            

        CLASS   FARRAM         

        CLASS   CONFIG         
                config                           300000   300000        C         0

        CLASS   IDLOC          
                idloc                            200000   200000       10         0

        CLASS   EEDATA         



SEGMENTS        Name                           Load    Length   Top    Selector   Space  Class

                reset_vec                      000000  000004  000004         0       0  CODE    
                cstackCOMRAM                   000001  00005F  000060         1       1  COMRAM  
                intcode                        000008  000006  00000E         4       0  CODE    
                intcodelo                      000018  0000AE  0000C6         C       0  CODE    
                cstackBANK0                    000060  0000A0  000100        60       1  BANK0   
                cstackBANK1                    000100  0000B5  0001B5       100       1  BANK1   
                cstackBANK2                    000200  000100  000300       200       1  BANK2   
                bssBANK3                       000300  0000FF  0003FF       300       1  BANK3   
                bssBANK4                       000400  000100  000500       400       1  BANK4   
                cstackBANK5                    000500  000018  000518       500       1  BANK5   
                mediumconst                    00E5C2  001A3E  010000      72E1       0  MEDIUMCO
                text79                         010000  00CB44  01CB44      8000       0  CODE    
                idloc                          200000  000010  200010    200000       0  IDLOC   
                config                         300000  00000C  30000C    300000       0  CONFIG  


UNUSED ADDRESS RANGES

        Name                Unused          Largest block    Delta
        BANK1            0001B5-0001FF               4B
        BANK10           000A00-000AFF              100
        BANK11           000B00-000BFF              100
        BANK12           000C00-000CFF              100
        BANK13           000D00-000DFF              100
        BANK14           000E00-000E87               88
        BANK3            0003FF-0003FF                1
        BANK5            000518-0005FF               E8
        BANK6            000600-0006FF              100
        BANK7            000700-0007FF              100
        BANK8            000800-0008FF              100
        BANK9            000900-0009FF              100
        BIGRAM           0001B5-0001FF               4B
                         0003FF-0003FF                1
                         000518-000E87              970
        CODE             000004-000007                4
                         00000E-000017                A
                         0000C6-00E5C1             E4FC
                         01CB44-01FFFF             34BC
        CONST            000004-000007                4
                         00000E-000017                A
                         0000C6-00E5C1             E4FC
                         01CB44-01FFFF             34BC
        EEDATA           310000-3103FF              400
        MEDIUMCONST      000F00-00E5C1             D6C2
                         01CB44-01FFFF             34BC
        RAM              0001B5-0001FF               4B
                         0003FF-0003FF                1
                         000518-000E87              100
        SFR              000E8D-000FFF               73
        SMALLCONST       000F00-00E5C1              100
                         01CB44-01FFFF              100
        STACK            000518-000E87              970

                                  Symbol Table

?_ADCC_GetConversionResult                     cstackCOMRAM 000001
?_ADCC_GetFilterValue                          cstackCOMRAM 000001
?_FLASH_ReadWord                               cstackBANK2  000204
?___awdiv                                      cstackBANK2  000206
?___awmod                                      cstackBANK2  000200
?___fladd                                      cstackBANK2  000234
?___fldiv                                      cstackBANK2  000227
?___flmul                                      cstackBANK2  00020E
?___flneg                                      cstackBANK2  000200
?___flsub                                      cstackBANK2  00024C
?___fltol                                      cstackBANK2  000230
?___lldiv                                      cstackBANK2  000200
?___llmod                                      cstackBANK2  00020D
?___lwdiv                                      cstackBANK2  000205
?___lwmod                                      cstackBANK2  000200
?___wmul                                       cstackBANK2  000200
?___xxtofl                                     cstackBANK2  00023E
?__div_to_l_                                   cstackBANK2  000200
?__doprnt                                      cstackBANK2  000258
?__tdiv_to_l_                                  cstackBANK2  000200
?_abs                                          cstackBANK2  00023A
?_fabs                                         cstackCOMRAM 000005
?_floatToEngineeringFormat                     cstackBANK2  0002A3
?_fround                                       cstackBANK2  000227
?_getCauseOfResetString                        cstackBANK2  000200
?_getCauseOfResetStringSmall                   cstackBANK2  000200
?_getDeviceID                                  cstackBANK2  00020B
?_getDeviceIDString                            cstackBANK2  00020D
?_getNXQChargeStateString                      cstackBANK2  000200
?_getNXQChargeStateStringCaps                  cstackBANK2  000200
?_getStringSecondsAsTime                       cstackBANK2  0002A3
?_getUserID                                    cstackBANK2  00020B
?_printf                                       cstackBANK3  0003EB
?_scale                                        cstackBANK2  000227
?_sprintf                                      cstackBANK2  000290
?_strcmp                                       cstackBANK2  000200
?_strlen                                       cstackBANK2  000200
?i1___fladd                                    cstackBANK1  00010E
?i1___fldiv                                    cstackBANK1  00011E
?i1___flmul                                    cstackBANK1  000137
?i1___xxtofl                                   cstackBANK1  000100
?i2___awdiv                                    cstackCOMRAM 000007
?i2___awmod                                    cstackCOMRAM 000001
?i2___fladd                                    cstackCOMRAM 000052
?i2___fldiv                                    cstackCOMRAM 000013
?i2___flmul                                    cstackCOMRAM 00002C
?i2___flneg                                    cstackCOMRAM 000001
?i2___flsub                                    cstackBANK0  000064
?i2___fltol                                    cstackCOMRAM 00004E
?i2___lldiv                                    cstackCOMRAM 000001
?i2___llmod                                    cstackCOMRAM 00000E
?i2___lwdiv                                    cstackCOMRAM 000006
?i2___lwmod                                    cstackCOMRAM 000001
?i2___wmul                                     cstackCOMRAM 000001
?i2___xxtofl                                   cstackCOMRAM 000005
?i2__div_to_l_                                 cstackCOMRAM 000001
?i2__doprnt                                    cstackBANK0  00006C
?i2__tdiv_to_l_                                cstackCOMRAM 000001
?i2_fround                                     cstackCOMRAM 000045
?i2_printf                                     cstackBANK0  0000A4
?i2_scale                                      cstackCOMRAM 000045
ADCC_SetADTIInterruptHandler@InterruptHandler  cstackBANK2  000200
ADCC_StartConversion@channel                   cstackBANK1  000100
ADC_PostProcessingHandler@current_adc_channel  cstackBANK0  000078
ADC_PostProcessingHandler@i                    cstackBANK0  000079
ADC_PostProcessingHandler@i_3369               cstackBANK0  00007A
CCP2_CallBack@capturedValue                    cstackBANK1  000154
CCP2_CaptureISR@module                         cstackBANK1  000156
EUSART2_Read@readValue                         cstackBANK2  000200
EUSART2_SetRxInterruptHandler@interruptHandler cstackBANK2  000200
EUSART2_SetTxInterruptHandler@interruptHandler cstackBANK2  000200
EUSART2_Write@txData                           cstackBANK2  000200
FLASH_ReadByte@flashAddr                       cstackBANK2  000200
FLASH_ReadWord@flashAddr                       cstackBANK2  000204
I2C2_ISR@i2c_10bit_address_restart             bssBANK0     0000DA
I2C2_ISR@i2c_address                           bssBANK0     0000FB
I2C2_ISR@i2c_bytes_left                        bssBANK0     0000DB
I2C2_ISR@pi2c_buf_ptr                          bssBANK0     0000D2
I2C2_MasterRead@address                        cstackBANK2  00020C
I2C2_MasterRead@length                         cstackBANK2  00020B
I2C2_MasterRead@pdata                          cstackBANK2  000209
I2C2_MasterRead@pflag                          cstackBANK2  00020E
I2C2_MasterRead@trBlock                        bssBANK1     000193
I2C2_MasterReadTRBBuild@address                cstackBANK2  000205
I2C2_MasterReadTRBBuild@length                 cstackBANK2  000204
I2C2_MasterReadTRBBuild@pdata                  cstackBANK2  000202
I2C2_MasterReadTRBBuild@ptrb                   cstackBANK2  000200
I2C2_MasterTRBInsert@count                     cstackBANK2  000205
I2C2_MasterTRBInsert@pflag                     cstackBANK2  000202
I2C2_MasterTRBInsert@ptrb_list                 cstackBANK2  000200
I2C2_MasterWrite@address                       cstackBANK2  00020C
I2C2_MasterWrite@length                        cstackBANK2  00020B
I2C2_MasterWrite@pdata                         cstackBANK2  000209
I2C2_MasterWrite@pflag                         cstackBANK2  00020E
I2C2_MasterWrite@trBlock                       bssBANK1     000198
I2C2_MasterWriteTRBBuild@address               cstackBANK2  000205
I2C2_MasterWriteTRBBuild@length                cstackBANK2  000204
I2C2_MasterWriteTRBBuild@pdata                 cstackBANK2  000202
I2C2_MasterWriteTRBBuild@ptrb                  cstackBANK2  000200
I2C2_Stop@completion_code                      cstackBANK1  000102
INT1_SetInterruptHandler@InterruptHandler      cstackBANK2  000200
INT2_SetInterruptHandler@InterruptHandler      cstackBANK2  000200
IOCBF2_SetInterruptHandler@InterruptHandler    cstackBANK2  000200
IOCBF3_SetInterruptHandler@InterruptHandler    cstackBANK2  000200
LM73Convert@Ambient_Conv                       cstackBANK2  000253
LM73Convert@POS5_Conv                          cstackBANK2  000251
LM73Convert@QI_Conv                            cstackBANK2  00024F
LM73TempSensorInitialize@output_data_array     cstackBANK2  000210
OLED_Clear@col                                 cstackBANK2  000223
OLED_Clear@row                                 cstackBANK2  000221
OLED_Command@data_array                        cstackBANK2  000212
OLED_Command@temp                              cstackBANK2  000210
OLED_PutChar@ch                                cstackBANK2  000220
OLED_PutChar@data_array                        cstackBANK2  000214
OLED_PutChar@input_base                        cstackBANK2  00021D
OLED_UpdateFromRAMBuffer@char_index            cstackBANK2  000223
OLED_UpdateFromRAMBuffer@char_index_4111       cstackBANK2  000224
OLED_UpdateFromRAMBuffer@char_index_4112       cstackBANK2  000225
OLED_UpdateFromRAMBuffer@char_index_4113       cstackBANK2  000226
OLED_WriteString@s                             cstackBANK2  000221
OLED_YX@Column                                 cstackBANK2  000214
OLED_YX@Row                                    cstackBANK2  000218
OLED_updateHandler@dev_id_str                  cstackBANK3  0003D1
OLED_updateHandler@rev_id_str                  cstackBANK3  0003E2
TMR0_SetInterruptHandler@InterruptHandler      cstackBANK2  000200
TMR1_SetInterruptHandler@InterruptHandler      cstackBANK2  000200
TMR1_WriteTimer@timerVal                       cstackBANK2  000200
TMR2_SetInterruptHandler@InterruptHandler      cstackBANK2  000200
TMR3_SetInterruptHandler@InterruptHandler      cstackBANK2  000200
TMR3_WriteTimer@timerVal                       cstackBANK2  000200
TMR5_WriteTimer@timerVal                       cstackBANK2  000200
_ADACCH                                        (abs)        000F71
_ADACCL                                        (abs)        000F70
_ADACQ                                         (abs)        000F5C
_ADACT                                         (abs)        000F56
_ADCAP                                         (abs)        000F5D
_ADCC_ADTI_InterruptHandler                    bssBANK0     0000CC
_ADCC_ClearAccumulator                         text136      01CAF8
_ADCC_DefaultInterruptHandler                  text198      01CB42
_ADCC_DischargeSampleCapacitor                 text135      01CAE4
_ADCC_GetConversionResult                      text214      01C91C
_ADCC_GetCurrentCountofConversions             text213      01CB2C
_ADCC_GetFilterValue                           text212      01C908
_ADCC_HasAccumulatorOverflowed                 text211      01CAA6
_ADCC_Initialize                               text61       01B73E
_ADCC_SetADTIInterruptHandler                  text62       01CA3C
_ADCC_StartConversion                          text134      01CA58
_ADCC_StopConversion                           text210      01CB28
_ADCC_ThresholdISR                             text197      01C56A
_ADCLK                                         (abs)        000F57
_ADCNT                                         (abs)        000F67
_ADCON0                                        (abs)        000F60
_ADCON0bits                                    (abs)        000F60
_ADCON1                                        (abs)        000F59
_ADCON1bits                                    (abs)        000F59
_ADCON2                                        (abs)        000F5A
_ADCON2bits                                    (abs)        000F5A
_ADCON3                                        (abs)        000F5B
_ADCON3bits                                    (abs)        000F5B
_ADC_PostProcessingHandler                     text199      014082
_ADC_PostProcessingHandler$6407                cstackBANK0  00007B
_ADC_PostProcessingHandler$6408                cstackBANK0  00007F
_ADC_PostProcessingHandler$6409                cstackBANK0  00006C
_ADC_PostProcessingHandler$6410                cstackBANK0  000070
_ADC_PostProcessingHandler$6411                cstackBANK0  000074
_ADC_acquisitionTimerHandler                   text130      01C80E
_ADERRH                                        (abs)        000F6F
_ADERRL                                        (abs)        000F6E
_ADFLTRH                                       (abs)        000F73
_ADFLTRL                                       (abs)        000F72
_ADLTHH                                        (abs)        000F6B
_ADLTHL                                        (abs)        000F6A
_ADPCH                                         (abs)        000F5F
_ADPRE                                         (abs)        000F5E
_ADPREVH                                       (abs)        000F62
_ADPREVL                                       (abs)        000F61
_ADREF                                         (abs)        000F58
_ADRESH                                        (abs)        000F64
_ADRESL                                        (abs)        000F63
_ADRPT                                         (abs)        000F66
_ADSTAT                                        (abs)        000F65
_ADSTATbits                                    (abs)        000F65
_ADSTPTH                                       (abs)        000F69
_ADSTPTL                                       (abs)        000F68
_ADUTHH                                        (abs)        000F6D
_ADUTHL                                        (abs)        000F6C
_ANSELA                                        (abs)        000F11
_ANSELB                                        (abs)        000F19
_ANSELC                                        (abs)        000F21
_BAUD2CON                                      (abs)        000E9F
_CCP2CAP                                       (abs)        000FA9
_CCP2CON                                       (abs)        000FA8
_CCP2CONbits                                   (abs)        000FA8
_CCP2PPS                                       (abs)        000EB0
_CCP2_CallBack                                 text143      01BF70
_CCP2_CaptureISR                               text142      01C842
_CCP2_Initialize                               text60       01C626
_CCPR2H                                        (abs)        000FA7
_CCPR2L                                        (abs)        000FA6
_CCPTMRSbits                                   (abs)        000FAE
_EUSART2_Initialize                            text57       01B60C
_EUSART2_Read                                  text22       01BFB0
_EUSART2_Receive_ISR                           text178      01AD90
_EUSART2_RxDefaultInterruptHandler             bssBANK0     0000CF
_EUSART2_SetRxInterruptHandler                 text59       01CA2E
_EUSART2_SetTxInterruptHandler                 text58       01CA20
_EUSART2_Transmit_ISR                          text141      01C2D4
_EUSART2_TxDefaultInterruptHandler             bssBANK1     00017D
_EUSART2_Write                                 text84       01BD9A
_EXT_INT_Initialize                            text54       01C198
_FLASH_ReadByte                                text74       01C7F4
_FLASH_ReadWord                                text73       01BEAA
_FVRCON                                        (abs)        000F31
_FVRCONbits                                    (abs)        000F31
_FVR_Initialize                                text53       01CA8E
_I2C2_BusCollisionISR                          text140      01CA9A
_I2C2_FunctionComplete                         text139      01C828
_I2C2_ISR                                      text137      018F28
_I2C2_Initialize                               text52       01C1D0
_I2C2_MasterRead                               text118      01BB9E
_I2C2_MasterReadTRBBuild                       text121      01B9BA
_I2C2_MasterTRBInsert                          text119      01AE34
_I2C2_MasterWrite                              text116      01BB4E
_I2C2_MasterWriteTRBBuild                      text117      01BD54
_I2C2_Stop                                     text138      01BE66
_I2C2_WaitForLastPacketToComplete              text120      01CABC
_I2C_STATUS                                    bssBANK1     0001A2
_INT1PPS                                       (abs)        000EA2
_INT1_CallBack                                 text175      01C602
_INT1_DefaultInterruptHandler                  text176      01CB40
_INT1_ISR                                      text174      01CAD0
_INT1_InterruptHandler                         bssBANK1     000183
_INT1_SetInterruptHandler                      text56       01CA12
_INT2PPS                                       (abs)        000EA3
_INT2_CallBack                                 text171      01C5DE
_INT2_DefaultInterruptHandler                  text172      01CB3E
_INT2_ISR                                      text170      01CAC6
_INT2_InterruptHandler                         bssBANK1     000180
_INT2_SetInterruptHandler                      text55       01CA04
_INTCONbits                                    (abs)        000FF2
_INTERRUPT_Initialize                          text51       01C6CA
_INTERRUPT_InterruptManagerHigh                intcode      000008
_INTERRUPT_InterruptManagerLow                 intcodelo    000018
_IOCBF2_DefaultInterruptHandler                text164      01CB3C
_IOCBF2_ISR                                    text163      01C4A0
_IOCBF2_InterruptHandler                       bssBANK1     00017A
_IOCBF2_SetInterruptHandler                    text49       01C9F6
_IOCBF3_DefaultInterruptHandler                text159      01CB3A
_IOCBF3_ISR                                    text158      01C476
_IOCBF3_InterruptHandler                       bssBANK1     000177
_IOCBF3_SetInterruptHandler                    text48       01C9E8
_IOCBFbits                                     (abs)        000F12
_IOCBNbits                                     (abs)        000F13
_IOCBPbits                                     (abs)        000F14
_IPR0bits                                      (abs)        000EBA
_IPR1bits                                      (abs)        000EBB
_IPR3bits                                      (abs)        000EBD
_IPR4bits                                      (abs)        000EBE
_IPR6bits                                      (abs)        000EC0
_LATA                                          (abs)        000F83
_LATB                                          (abs)        000F84
_LATBbits                                      (abs)        000F84
_LATC                                          (abs)        000F85
_LATCbits                                      (abs)        000F85
_LM73AcquisitionHandler                        text112      0193D6
_LM73Convert                                   text113      018A28
_LM73TempSensorInitialize                      text111      01919E
_LM73_start_flag                               bssBANK2     0002D9
_LM73_temp_results                             bssBANK2     0002DB
_NVMADRH                                       (abs)        000F7F
_NVMADRL                                       (abs)        000F7E
_NVMCON1bits                                   (abs)        000F81
_NVMCON2                                       (abs)        000F82
_NVMDAT                                        (abs)        000F80
_ODCONA                                        (abs)        000F0F
_ODCONB                                        (abs)        000F17
_ODCONC                                        (abs)        000F1F
_OLED_Clear                                    text108      01C06A
_OLED_Command                                  text107      01B672
_OLED_Frame                                    bssBANK2     0002D8
_OLED_Init                                     text106      01B00E
_OLED_PutChar                                  text109      01A9FE
_OLED_RAM_Buffer                               bssBANK3     000300
_OLED_UpdateFromRAMBuffer                      text102      019FD8
_OLED_WriteString                              text105      01B90E
_OLED_YX                                       text104      01BE22
_OLED_updateHandler                            text63       012E3C
_OLED_updateHandler$6024                       cstackBANK3  0003F3
_OLED_update_flag                              bssBANK2     0002D7
_OLED_update_time                              dataBANK0    0000FD
_OSCCON1                                       (abs)        000ED8
_OSCCON3                                       (abs)        000EDA
_OSCEN                                         (abs)        000EDC
_OSCFRQ                                        (abs)        000EDE
_OSCILLATOR_Initialize                         text50       01C85C
_OSCTUNE                                       (abs)        000EDD
_OledFont                                      mediumconst  00E64B
_PCON0bits                                     (abs)        000FD7
_PIE0bits                                      (abs)        000EC2
_PIE1bits                                      (abs)        000EC3
_PIE3bits                                      (abs)        000EC5
_PIE4bits                                      (abs)        000EC6
_PIE6bits                                      (abs)        000EC8
_PIN_MANAGER_IOC                               text157      01C8E0
_PIN_MANAGER_Initialize                        text47       01AED6
_PIR0bits                                      (abs)        000ECA
_PIR1bits                                      (abs)        000ECB
_PIR3bits                                      (abs)        000ECD
_PIR4bits                                      (abs)        000ECE
_PIR6bits                                      (abs)        000ED0
_PIR7bits                                      (abs)        000ED1
_PMD0                                          (abs)        000EE1
_PMD1                                          (abs)        000EE2
_PMD2                                          (abs)        000EE3
_PMD3                                          (abs)        000EE4
_PMD4                                          (abs)        000EE5
_PMD5                                          (abs)        000EE6
_PMD_Initialize                                text46       01C784
_PORTBbits                                     (abs)        000F8E
_PR2                                           (abs)        000FBC
_QIChargeIOCHandler                            text160      01C7A0
_QIErrorTimerHandler                           text151      01C88A
_QIIdleChargedTimerHandler                     text124      01C70A
_QIIdleIOCHandler                              text165      01C8F4
_QI_charge_time                                bssBANK2     0002D3
_QI_current_edge                               bssBANK1     00018D
_RB4PPS                                        (abs)        000EF3
_RB5PPS                                        (abs)        000EF4
_RC2REG                                        (abs)        000E99
_RC2STA                                        (abs)        000E9D
_RC2STAbits                                    (abs)        000E9D
_RC4PPS                                        (abs)        000EFB
_RX2PPS                                        (abs)        000E8D
_SLRCONA                                       (abs)        000F0E
_SLRCONB                                       (abs)        000F16
_SLRCONC                                       (abs)        000F1E
_SP2BRGH                                       (abs)        000E9C
_SP2BRGL                                       (abs)        000E9B
_SSP2ADD                                       (abs)        000E93
_SSP2BUF                                       (abs)        000E92
_SSP2CLKPPS                                    (abs)        000E8F
_SSP2CON1                                      (abs)        000E96
_SSP2CON1bits                                  (abs)        000E96
_SSP2CON2bits                                  (abs)        000E97
_SSP2CON3                                      (abs)        000E98
_SSP2DATPPS                                    (abs)        000E90
_SSP2STAT                                      (abs)        000E95
_SYSTEM_Initialize                             text36       01C02C
_T0CON0                                        (abs)        000FD5
_T0CON0bits                                    (abs)        000FD5
_T0CON1                                        (abs)        000FD6
_T1CLK                                         (abs)        000FD2
_T1CON                                         (abs)        000FCF
_T1CONbits                                     (abs)        000FCF
_T1GATE                                        (abs)        000FD1
_T1GCON                                        (abs)        000FD0
_T1GCONbits                                    (abs)        000FD0
_T2CLKCON                                      (abs)        000FBF
_T2CON                                         (abs)        000FBD
_T2CONbits                                     (abs)        000FBD
_T2HLT                                         (abs)        000FBE
_T2HLTbits                                     (abs)        000FBE
_T2PR                                          (abs)        000FBC
_T2RST                                         (abs)        000FC0
_T2RSTbits                                     (abs)        000FC0
_T2TMR                                         (abs)        000FBB
_T3CLK                                         (abs)        000FCC
_T3CON                                         (abs)        000FC9
_T3CONbits                                     (abs)        000FC9
_T3GATE                                        (abs)        000FCB
_T3GCON                                        (abs)        000FCA
_T3GCONbits                                    (abs)        000FCA
_T5CLK                                         (abs)        000FC6
_T5CON                                         (abs)        000FC3
_T5CONbits                                     (abs)        000FC3
_T5GATE                                        (abs)        000FC5
_T5GCON                                        (abs)        000FC4
_T5GCONbits                                    (abs)        000FC4
_TABLAT                                        (abs)        000FF5
_TBLPTRH                                       (abs)        000FF7
_TBLPTRL                                       (abs)        000FF6
_TBLPTRU                                       (abs)        000FF8
_TMR0H                                         (abs)        000FD4
_TMR0L                                         (abs)        000FD3
_TMR0_DefaultInterruptHandler                  text155      01CB38
_TMR0_ISR                                      text154      01C542
_TMR0_Initialize                               text44       01C422
_TMR0_InterruptHandler                         bssBANK0     0000C9
_TMR0_SetInterruptHandler                      text45       01C9DA
_TMR1H                                         (abs)        000FCE
_TMR1L                                         (abs)        000FCD
_TMR1_DefaultInterruptHandler                  text152      01CB36
_TMR1_ISR                                      text150      01C26E
_TMR1_Initialize                               text42       01BAFE
_TMR1_InterruptHandler                         bssBANK1     00016E
_TMR1_Reload                                   text34       01C9A2
_TMR1_SetInterruptHandler                      text43       01C9CC
_TMR1_StartTimer                               text169      01CB20
_TMR1_StopTimer                                text33       01CB0C
_TMR1_WriteTimer                               text35       01C6AA
_TMR2                                          (abs)        000FBB
_TMR2_DefaultInterruptHandler                  text131      01CB34
_TMR2_ISR                                      text129      01C51A
_TMR2_Initialize                               text40       01C2A2
_TMR2_InterruptHandler                         bssBANK1     000174
_TMR2_SetInterruptHandler                      text41       01C9BE
_TMR2_Start                                    text209      01CB24
_TMR2_StartTimer                               text208      01CAFE
_TMR2_Stop                                     text133      01CB14
_TMR2_StopTimer                                text132      01CAF2
_TMR3H                                         (abs)        000FC8
_TMR3L                                         (abs)        000FC7
_TMR3_DefaultInterruptHandler                  text125      01CB32
_TMR3_ISR                                      text123      01C23A
_TMR3_Initialize                               text38       01BAAE
_TMR3_InterruptHandler                         bssBANK1     000171
_TMR3_Reload                                   text31       01C994
_TMR3_SetInterruptHandler                      text39       01C9B0
_TMR3_StartTimer                               text168      01CB1C
_TMR3_StopTimer                                text30       01CB08
_TMR3_WriteTimer                               text32       01C68A
_TMR5H                                         (abs)        000FC2
_TMR5L                                         (abs)        000FC1
_TMR5_Initialize                               text37       01C0A8
_TMR5_StopTimer                                text29       01CB04
_TMR5_WriteTimer                               text28       01C66A
_TRISA                                         (abs)        000F88
_TRISB                                         (abs)        000F89
_TRISC                                         (abs)        000F8A
_TX2REG                                        (abs)        000E9A
_TX2STA                                        (abs)        000E9E
_TX2STAbits                                    (abs)        000E9E
_WPUA                                          (abs)        000F10
_WPUB                                          (abs)        000F18
_WPUC                                          (abs)        000F20
_WPUE                                          (abs)        000F2D
__CFG_BOREN$SBORDIS                            (abs)        000000
__CFG_BORV$VBOR_2P45                           (abs)        000000
__CFG_CLKOUTEN$OFF                             (abs)        000000
__CFG_CP$OFF                                   (abs)        000000
__CFG_CPD$OFF                                  (abs)        000000
__CFG_CSWEN$ON                                 (abs)        000000
__CFG_DEBUG$OFF                                (abs)        000000
__CFG_EBTR0$OFF                                (abs)        000000
__CFG_EBTR1$OFF                                (abs)        000000
__CFG_EBTR2$OFF                                (abs)        000000
__CFG_EBTR3$OFF                                (abs)        000000
__CFG_EBTR4$OFF                                (abs)        000000
__CFG_EBTR5$OFF                                (abs)        000000
__CFG_EBTR6$OFF                                (abs)        000000
__CFG_EBTR7$OFF                                (abs)        000000
__CFG_EBTRB$OFF                                (abs)        000000
__CFG_FCMEN$ON                                 (abs)        000000
__CFG_FEXTOSC$OFF                              (abs)        000000
__CFG_IDLOC0$                                  (abs)        00000D
__CFG_IDLOC1$                                  (abs)        00000E
__CFG_IDLOC2$                                  (abs)        00000A
__CFG_IDLOC3$                                  (abs)        00000D
__CFG_IDLOC4$                                  (abs)        00000B
__CFG_IDLOC5$                                  (abs)        00000E
__CFG_IDLOC6$                                  (abs)        00000E
__CFG_IDLOC7$                                  (abs)        00000F
__CFG_LPBOREN$OFF                              (abs)        000000
__CFG_LVP$OFF                                  (abs)        000000
[...]
 Defined at:
		line 130 in file "mcc_generated_files/adcc.c"
 Parameters:    Size  Location     Type
		None
 Auto vars:     Size  Location     Type
		None
 Return value:  Size  Location     Type
                  2    0[COMRAM] unsigned int 
 Registers used:
		wreg, status,2, status,0
 Tracked objects:
		On entry : 
		On exit  : 
		Unchanged: 
 Data sizes:     COMRAM   BANK0   BANK1   BANK2   BANK3   BANK4   BANK5   BANK6   BANK7   BANK8   BANK9  BANK10  BANK11  BANK12  BANK13  BANK14
      Params:         2       0       0       0       0       0       0       0       0       0       0       0       0       0       0       0
      Locals:         0       0       0       0       0       0       0       0       0       0       0       0       0       0       0       0
      Temps:          2       0       0       0       0       0       0       0       0       0       0       0       0       0       0       0
      Totals:         4       0       0       0       0       0       0       0       0       0       0       0       0       0       0       0
Total ram usage:        4 bytes
 Hardware stack levels used:    1
 This function calls:
		Nothing
 This function is called by:
		_ADC_PostProcessingHandler
 This function uses a non-reentrant model



MODULE INFORMATION

Module		Function		Class		Link	Load	Size
C:\Program Files (x86)\Microchip\xc8\v2.05\pic\sources\c90\common\isdigit.c
		_isdigit       		CODE           	1C648	0000	35

C:\Program Files (x86)\Microchip\xc8\v2.05\pic\sources\c90\common\isdigit.c estimated size: 35

C:\Program Files (x86)\Microchip\xc8\v2.05\pic\sources\c90\common\doprnt.c
		_scale         		CODE           	15AA0	0000	1077
		_fround        		CODE           	17D1C	0000	707
		__doprnt       		CODE           	10000	0000	5925

C:\Program Files (x86)\Microchip\xc8\v2.05\pic\sources\c90\common\doprnt.c estimated size: 7709

C:\Program Files (x86)\Microchip\xc8\v2.05\pic\sources\c90\common\sprcadd.c
		___flsub       		CODE           	1BC7E	0000	73
		___fladd       		CODE           	173F2	0000	783

C:\Program Files (x86)\Microchip\xc8\v2.05\pic\sources\c90\common\sprcadd.c estimated size: 856

C:\Program Files (x86)\Microchip\xc8\v2.05\pic\sources\c90\common\llmod.c
		___llmod       		CODE           	1B53E	0000	105

C:\Program Files (x86)\Microchip\xc8\v2.05\pic\sources\c90\common\llmod.c estimated size: 105

NXQ_charge_state.c
		_QIIdleChargedTimerHandler		CODE           	1C70A	0000	33
		_getNXQChargeStateString		CODE           	1B7FC	0000	93
		_QIChargeIOCHandler		CODE           	1C7A0	0000	29
		_getNXQChargeStateStringCaps		CODE           	1B858	0000	93
		_QIErrorTimerHandler		CODE           	1C88A	0000	23
		_QIIdleIOCHandler		CODE           	1C8F4	0000	21

NXQ_charge_state.c estimated size: 292

mcc_generated_files/eusart2.c
		_putch         		CODE           	1C8CC	0000	21
		_EUSART2_Read  		CODE           	1BFB0	0000	63
		_EUSART2_Write 		CODE           	1BD9A	0000	69
		_EUSART2_Receive_ISR		CODE           	1AD90	0000	165
		_EUSART2_Transmit_ISR		CODE           	1C2D4	0000	51
		_EUSART2_SetRxInterruptHandler		CODE           	1CA2E	0000	15
		_EUSART2_SetTxInterruptHandler		CODE           	1CA20	0000	15
		_EUSART2_Initialize		CODE           	1B60C	0000	103

mcc_generated_files/eusart2.c estimated size: 502

mcc_generated_files/fvr.c
		_FVR_Initialize		CODE           	1CA8E	0000	13

mcc_generated_files/fvr.c estimated size: 13

error_handling.c
		_updateErrorLEDs		CODE           	1BD0E	0000	71
		_getADCError   		CODE           	1C874	0000	23
		_clearADCErrors		CODE           	1C964	0000	17
		_clearUARTErrors		CODE           	1CA82	0000	13
		_clearI2CErrors		CODE           	1C768	0000	29
		_getI2CError   		CODE           	1C4CA	0000	41
		_getUARTError  		CODE           	1CAEC	0000	7

error_handling.c estimated size: 201

mcc_generated_files/tmr2.c
		_TMR2_ISR      		CODE           	1C51A	0000	41
		_TMR2_Initialize		CODE           	1C2A2	0000	51
		_TMR2_Stop     		CODE           	1CB14	0000	5
		_TMR2_Start    		CODE           	1CB24	0000	5
		_TMR2_SetInterruptHandler		CODE           	1C9BE	0000	15
		_TMR2_StopTimer		CODE           	1CAF2	0000	7
		_TMR2_DefaultInterruptHandler		CODE           	1CB34	0000	3
		_TMR2_StartTimer		CODE           	1CAFE	0000	7

mcc_generated_files/tmr2.c estimated size: 134

mcc_generated_files/interrupt_manager.c
		_INTERRUPT_Initialize		CODE           	1C6CA	0000	33
		_INTERRUPT_InterruptManagerLow		CODE           	0018	0000	171
		_INTERRUPT_InterruptManagerHigh		CODE           	0008	0000	211

mcc_generated_files/interrupt_manager.c estimated size: 415

C:\Program Files (x86)\Microchip\xc8\v2.05\pic\sources\c90\common\sprintf.c
		_sprintf       		CODE           	1BC36	0000	73

C:\Program Files (x86)\Microchip\xc8\v2.05\pic\sources\c90\common\sprintf.c estimated size: 73

heartbeat_timer.c
		_getStringSecondsAsTime		CODE           	162EC	0000	935
		_getYearsFromOnTime		CODE           	1C336	0000	49
		_getHoursFromOnTime		CODE           	1A5D6	0000	241
		_heartbeatTimerHandler		CODE           	19AC0	0000	337
		_getDaysFromOnTime		CODE           	1B0A6	0000	145
		_getSecondsFromOnTime		CODE           	197F6	0000	379
		_getMinutesFromOnTime		CODE           	19970	0000	337

heartbeat_timer.c estimated size: 2423

C:\Program Files (x86)\Microchip\xc8\v2.05\pic\sources\c90\common\awmod.c
		___awmod       		CODE           	1B45C	0000	115

C:\Program Files (x86)\Microchip\xc8\v2.05\pic\sources\c90\common\awmod.c estimated size: 115

terminal_control.c
		_terminalTextAttributesReset		CODE           	1C954	0000	17
		_terminalClearScreen		CODE           	1C984	0000	17
		_terminalTextAttributes		CODE           	16692	0000	871
		_terminalSetCursorHome		CODE           	1C974	0000	17

terminal_control.c estimated size: 922

adc_postprocessing.c
		_ADC_acquisitionTimerHandler		CODE           	1C80E	0000	27
		_ADC_PostProcessingHandler		CODE           	14082	0000	2421

adc_postprocessing.c estimated size: 2448

mcc_generated_files/tmr0.c
		_TMR0_SetInterruptHandler		CODE           	1C9DA	0000	15
		_TMR0_DefaultInterruptHandler		CODE           	1CB38	0000	3
		_TMR0_ISR      		CODE           	1C542	0000	41
		_TMR0_Initialize		CODE           	1C422	0000	43

mcc_generated_files/tmr0.c estimated size: 102

C:\Program Files (x86)\Microchip\xc8\v2.05\pic\sources\c90\common\ftdivl.c
		__tdiv_to_l_   		CODE           	1A0FA	0000	257

C:\Program Files (x86)\Microchip\xc8\v2.05\pic\sources\c90\common\ftdivl.c estimated size: 257

mcc_generated_files/pin_manager.c
		_IOCBF3_DefaultInterruptHandler		CODE           	1CB3A	0000	3
		_PIN_MANAGER_Initialize		CODE           	1AED6	0000	161
		_IOCBF3_ISR    		CODE           	1C476	0000	43
		_IOCBF2_SetInterruptHandler		CODE           	1C9F6	0000	15
		_IOCBF3_SetInterruptHandler		CODE           	1C9E8	0000	15
		_IOCBF2_DefaultInterruptHandler		CODE           	1CB3C	0000	3
		_PIN_MANAGER_IOC		CODE           	1C8E0	0000	21
		_IOCBF2_ISR    		CODE           	1C4A0	0000	43

mcc_generated_files/pin_manager.c estimated size: 304

C:\Program Files (x86)\Microchip\xc8\v2.05\pic\sources\c90\common\lwdiv.c
		___lwdiv       		CODE           	1B966	0000	85

C:\Program Files (x86)\Microchip\xc8\v2.05\pic\sources\c90\common\lwdiv.c estimated size: 85

C:\Program Files (x86)\Microchip\xc8\v2.05\pic\sources\c90\common\fltol.c
		___fltol       		CODE           	1AAC2	0000	189

C:\Program Files (x86)\Microchip\xc8\v2.05\pic\sources\c90\common\fltol.c estimated size: 189

cap_touch_int.c
		_leftCapTouchHandler		CODE           	1C8B6	0000	23
		_rightCapTouchHandler		CODE           	1C8A0	0000	23

cap_touch_int.c estimated size: 46

C:\Program Files (x86)\Microchip\xc8\v2.05\pic\sources\c90\common\Umul16.c
		___wmul        		CODE           	1C4F2	0000	41

C:\Program Files (x86)\Microchip\xc8\v2.05\pic\sources\c90\common\Umul16.c estimated size: 41

device_IDs.c
		_getDeviceID   		CODE           	1C6EA	0000	33
		_getUserID     		CODE           	1C206	0000	53
		_getMinorRevisionID		CODE           	1C592	0000	39
		_getDeviceIDString		CODE           	1AF76	0000	153
		_getMajorRevisionID		CODE           	1C0E4	0000	61

device_IDs.c estimated size: 339

C:\Program Files (x86)\Microchip\xc8\v2.05\pic\sources\c90\common\fldivl.c
		__div_to_l_    		CODE           	1A2F8	0000	247

C:\Program Files (x86)\Microchip\xc8\v2.05\pic\sources\c90\common\fldivl.c estimated size: 247

C:\Program Files (x86)\Microchip\xc8\v2.05\pic\sources\c90\common\flge.c
		___flge        		CODE           	1A6C6	0000	211

C:\Program Files (x86)\Microchip\xc8\v2.05\pic\sources\c90\common\flge.c estimated size: 211

mcc_generated_files/ccp2.c
		_CCP2_CallBack 		CODE           	1BF70	0000	65
		_CCP2_CaptureISR		CODE           	1C842	0000	27
		_CCP2_Initialize		CODE           	1C626	0000	35

mcc_generated_files/ccp2.c estimated size: 127

C:\Program Files (x86)\Microchip\xc8\v2.05\pic\sources\c90\common\printf.c
		_printf        		CODE           	1BFEE	0000	63

C:\Program Files (x86)\Microchip\xc8\v2.05\pic\sources\c90\common\printf.c estimated size: 63

mcc_generated_files/ext_int.c
		_INT1_SetInterruptHandler		CODE           	1CA12	0000	15
		_EXT_INT_Initialize		CODE           	1C198	0000	57
		_INT2_SetInterruptHandler		CODE           	1CA04	0000	15
		_INT1_DefaultInterruptHandler		CODE           	1CB40	0000	3
		_INT1_CallBack 		CODE           	1C602	0000	37
		_INT2_DefaultInterruptHandler		CODE           	1CB3E	0000	3
		_INT2_CallBack 		CODE           	1C5DE	0000	37
		_INT1_ISR      		CODE           	1CAD0	0000	11
		_INT2_ISR      		CODE           	1CAC6	0000	11

mcc_generated_files/ext_int.c estimated size: 189

C:\Program Files (x86)\Microchip\xc8\v2.05\pic\sources\c90\common\awdiv.c
		___awdiv       		CODE           	1B24C	0000	135

C:\Program Files (x86)\Microchip\xc8\v2.05\pic\sources\c90\common\awdiv.c estimated size: 135

LM73_I2C.c
		_LM73TempSensorInitialize		CODE           	1919E	0000	569
		_LM73Convert   		CODE           	18A28	0000	645
		_LM73AcquisitionHandler		CODE           	193D6	0000	557

LM73_I2C.c estimated size: 1771

freq_meas.c
		_freqMeasStartCaptures		CODE           	1CAB2	0000	11
		_freqMeasConvert		CODE           	1A934	0000	203

freq_meas.c estimated size: 214

mcc_generated_files/tmr5.c
		_TMR5_Initialize		CODE           	1C0A8	0000	61
		_TMR5_StopTimer		CODE           	1CB04	0000	5
		_TMR5_WriteTimer		CODE           	1C66A	0000	33

mcc_generated_files/tmr5.c estimated size: 99

shared
		i2_printf      		CODE           	1C120	0000	61
		i1_TMR3_Reload 		CODE           	1CA4A	0000	15
		i2_TMR3_Reload 		CODE           	1CA74	0000	15
		_OledFont      		MEDIUMCONST    	E64B	0000	769
		i1_TMR3_StopTimer		CODE           	1CB10	0000	5
		i2_putch       		CODE           	1CADA	0000	11
		i2___fleq      		CODE           	1B1C2	0000	139
		__powers_      		MEDIUMCONST    	E5C3	0000	53
		i1_TMR3_WriteTimer		CODE           	1C72A	0000	33
		_dpowers       		MEDIUMCONST    	E94B	0000	41
		i2_TMR3_WriteTimer		CODE           	1C7D8	0000	29
		i2___lwdiv     		CODE           	1BA0C	0000	83
		i2_isdigit     		CODE           	1C74A	0000	31
		i2___flneg     		CODE           	1C3F4	0000	47
		i2___awdiv     		CODE           	1B356	0000	133
		i1___fladd     		CODE           	17700	0000	783
		i2_TMR1_Reload 		CODE           	1CA66	0000	15
		i2___fladd     		CODE           	17A0E	0000	783
		i2__tdiv_to_l_ 		CODE           	1A1FA	0000	255
		i2___wmul      		CODE           	1C5B8	0000	39
		i2_TMR1_StopTimer		CODE           	1CB18	0000	5
		i2__doprnt     		CODE           	11724	0000	5913
		i1___fldiv     		CODE           	18516	0000	651
		i2___fldiv     		CODE           	187A0	0000	649
		i2__div_to_l_  		CODE           	1A4E2	0000	245
		__npowers_     		MEDIUMCONST    	E5F7	0000	53
		i2___lwmod     		CODE           	1BF2E	0000	67
		i2___fltol     		CODE           	1AB7E	0000	187
		i2_scale       		CODE           	15ED4	0000	1049
		i2___lldiv     		CODE           	1B3DA	0000	131
		__initialization		CODE           	1ACE6	0000	161
		i2___flge      		CODE           	1A798	0000	209
		i2___awmod     		CODE           	1B4CE	0000	113
		i2_TMR1_WriteTimer		CODE           	1C7BC	0000	29
		i2_EUSART2_Write		CODE           	1BEEC	0000	67
		i1___flmul     		CODE           	16D4C	0000	853
		i2___flmul     		CODE           	170A0	0000	851
		_hexpowers     		MEDIUMCONST    	E62B	0000	33
		i2___llmod     		CODE           	1B6D8	0000	103
		i1___xxtofl    		CODE           	19D54	0000	325
		i2___xxtofl    		CODE           	19E98	0000	321
		i2___flsub     		CODE           	1BCC6	0000	73
		_temp_adc_offset		MEDIUMCONST    	0000	0000	0
		i2_fround      		CODE           	17FDE	0000	687

shared estimated size: 16115

C:\Program Files (x86)\Microchip\xc8\v2.05\pic\sources\c90\common\sprcmul.c
		___flmul       		CODE           	169F8	0000	853

C:\Program Files (x86)\Microchip\xc8\v2.05\pic\sources\c90\common\sprcmul.c estimated size: 853

C:\Program Files (x86)\Microchip\xc8\v2.05\pic\sources\c90\common\strncpy.c
		_strncpy       		CODE           	1B5A6	0000	103

C:\Program Files (x86)\Microchip\xc8\v2.05\pic\sources\c90\common\strncpy.c estimated size: 103

mcc_generated_files/mcc.c
		_PMD_Initialize		CODE           	1C784	0000	29
		_OSCILLATOR_Initialize		CODE           	1C85C	0000	25
		_SYSTEM_Initialize		CODE           	1C02C	0000	63

mcc_generated_files/mcc.c estimated size: 117

ring_buffer_interface.c
		_terminal_ringBufferPull		CODE           	1A3EE	0000	245

ring_buffer_interface.c estimated size: 245

mcc_generated_files/tmr3.c
		_TMR3_ISR      		CODE           	1C23A	0000	53
		_TMR3_Initialize		CODE           	1BAAE	0000	81
		_TMR3_SetInterruptHandler		CODE           	1C9B0	0000	15
		_TMR3_StopTimer		CODE           	1CB08	0000	5
		_TMR3_Reload   		CODE           	1C994	0000	15
		_TMR3_DefaultInterruptHandler		CODE           	1CB32	0000	3
		_TMR3_WriteTimer		CODE           	1C68A	0000	33
		_TMR3_StartTimer		CODE           	1CB1C	0000	5

mcc_generated_files/tmr3.c estimated size: 210

C:\Program Files (x86)\Microchip\xc8\v2.05\pic\sources\c90\common\abs.c
		_abs           		CODE           	1C44C	0000	43

C:\Program Files (x86)\Microchip\xc8\v2.05\pic\sources\c90\common\abs.c estimated size: 43

C:\Program Files (x86)\Microchip\xc8\v2.05\pic\sources\c90\common\sprcdiv.c
		___fldiv       		CODE           	1828C	0000	651

C:\Program Files (x86)\Microchip\xc8\v2.05\pic\sources\c90\common\sprcdiv.c estimated size: 651

C:\Program Files (x86)\Microchip\xc8\v2.05\pic\sources\c90\common\strcat.c
		_strcat        		CODE           	1B79E	0000	95

C:\Program Files (x86)\Microchip\xc8\v2.05\pic\sources\c90\common\strcat.c estimated size: 95

C:\Program Files (x86)\Microchip\xc8\v2.05\pic\sources\c90\common\flneg.c
		___flneg       		CODE           	1C396	0000	49

C:\Program Files (x86)\Microchip\xc8\v2.05\pic\sources\c90\common\flneg.c estimated size: 49

C:\Program Files (x86)\Microchip\xc8\v2.05\pic\sources\c90\common\fabs.c
		_fabs          		CODE           	1C15C	0000	61

C:\Program Files (x86)\Microchip\xc8\v2.05\pic\sources\c90\common\fabs.c estimated size: 61

cause_of_reset.c
		_getCauseOfResetStringSmall		CODE           	1C366	0000	49
		_getCauseOfResetString		CODE           	1C306	0000	49
		_getCauseOfReset		CODE           	1B8B4	0000	91

cause_of_reset.c estimated size: 189

mcc_generated_files/tmr1.c
		_TMR1_Initialize		CODE           	1BAFE	0000	81
		_TMR1_SetInterruptHandler		CODE           	1C9CC	0000	15
		_TMR1_StopTimer		CODE           	1CB0C	0000	5
		_TMR1_Reload   		CODE           	1C9A2	0000	15
		_TMR1_DefaultInterruptHandler		CODE           	1CB36	0000	3
		_TMR1_WriteTimer		CODE           	1C6AA	0000	33
		_TMR1_StartTimer		CODE           	1CB20	0000	5
		_TMR1_ISR      		CODE           	1C26E	0000	53

mcc_generated_files/tmr1.c estimated size: 210

C:\Program Files (x86)\Microchip\xc8\v2.05\pic\sources\c90\common\memmove.c
		_memmove       		CODE           	1AC38	0000	175

C:\Program Files (x86)\Microchip\xc8\v2.05\pic\sources\c90\common\memmove.c estimated size: 175

mcc_generated_files/i2c2.c
		_I2C2_BusCollisionISR		CODE           	1CA9A	0000	13
		_I2C2_MasterRead		CODE           	1BB9E	0000	81
		_I2C2_FunctionComplete		CODE           	1C828	0000	27
		_I2C2_MasterWriteTRBBuild		CODE           	1BD54	0000	71
		_I2C2_ISR      		CODE           	18F28	0000	631
		_I2C2_MasterWrite		CODE           	1BB4E	0000	81
		_I2C2_Initialize		CODE           	1C1D0	0000	55
		_I2C2_Stop     		CODE           	1BE66	0000	69
		_I2C2_MasterReadTRBBuild		CODE           	1B9BA	0000	83
		_I2C2_WaitForLastPacketToComplete		CODE           	1CABC	0000	11
		_I2C2_MasterTRBInsert		CODE           	1AE34	0000	163

mcc_generated_files/i2c2.c estimated size: 1285

C:\Program Files (x86)\Microchip\xc8\v2.05\pic\sources\c90\common\xxtofl.c
		___xxtofl      		CODE           	19C10	0000	325

C:\Program Files (x86)\Microchip\xc8\v2.05\pic\sources\c90\common\xxtofl.c estimated size: 325

oled.c
		_OLED_Clear    		CODE           	1C06A	0000	63
		_OLED_Command  		CODE           	1B672	0000	103
		_OLED_WriteString		CODE           	1B90E	0000	89
		_OLED_UpdateFromRAMBuffer		CODE           	19FD8	0000	291
		_OLED_Init     		CODE           	1B00E	0000	153
		_OLED_updateHandler		CODE           	12E3C	0000	4679
		_OLED_PutChar  		CODE           	1A9FE	0000	197
		_OLED_YX       		CODE           	1BE22	0000	69

oled.c estimated size: 5644

mcc_generated_files/memory.c
		_FLASH_ReadWord		CODE           	1BEAA	0000	67
		_FLASH_ReadByte		CODE           	1C7F4	0000	27

mcc_generated_files/memory.c estimated size: 94

ring_buffer_LUT.c
		_ringBufferLUT 		CODE           	1557A	0000	1319
		_printErrorHandlerStatus		CODE           	19602	0000	501
		_floatToEngineeringFormat		CODE           	149F6	0000	1605
		_printCurrentMeasurements		CODE           	1503A	0000	1345

ring_buffer_LUT.c estimated size: 4770

C:\Program Files (x86)\Microchip\xc8\v2.05\pic\sources\c90\common\strlen.c
		_strlen        		CODE           	1C3C6	0000	47

C:\Program Files (x86)\Microchip\xc8\v2.05\pic\sources\c90\common\strlen.c estimated size: 47

mcc_generated_files/adcc.c
		_ADCC_StopConversion		CODE           	1CB28	0000	5
		_ADCC_DefaultInterruptHandler		CODE           	1CB42	0000	3
		_ADCC_ClearAccumulator		CODE           	1CAF8	0000	7
		_ADCC_GetFilterValue		CODE           	1C908	0000	21
		_ADCC_GetCurrentCountofConversions		CODE           	1CB2C	0000	5
		_ADCC_SetADTIInterruptHandler		CODE           	1CA3C	0000	15
		_ADCC_GetConversionResult		CODE           	1C91C	0000	21
		_ADCC_ThresholdISR		CODE           	1C56A	0000	41
		_ADCC_StartConversion		CODE           	1CA58	0000	15
		_ADCC_Initialize		CODE           	1B73E	0000	97
		_ADCC_HasAccumulatorOverflowed		CODE           	1CAA6	0000	13
		_ADCC_DischargeSampleCapacitor		CODE           	1CAE4	0000	9

mcc_generated_files/adcc.c estimated size: 252

C:\Program Files (x86)\Microchip\xc8\v2.05\pic\sources\c90\common\strcmp.c
		_strcmp        		CODE           	1BA5E	0000	81

C:\Program Files (x86)\Microchip\xc8\v2.05\pic\sources\c90\common\strcmp.c estimated size: 81

C:\Program Files (x86)\Microchip\xc8\v2.05\pic\sources\c90\common\strcpy.c
		_strcpy        		CODE           	1BBEE	0000	73

C:\Program Files (x86)\Microchip\xc8\v2.05\pic\sources\c90\common\strcpy.c estimated size: 73

C:\Program Files (x86)\Microchip\xc8\v2.05\pic\sources\c90\common\__lldiv.c
		___lldiv       		CODE           	1B2D2	0000	133

C:\Program Files (x86)\Microchip\xc8\v2.05\pic\sources\c90\common\__lldiv.c estimated size: 133

main.c
		_main          		CODE           	18CAC	0000	637

main.c estimated size: 637

C:\Program Files (x86)\Microchip\xc8\v2.05\pic\sources\c90\common\fleq.c
		___fleq        		CODE           	1B136	0000	141

C:\Program Files (x86)\Microchip\xc8\v2.05\pic\sources\c90\common\fleq.c estimated size: 141

C:\Program Files (x86)\Microchip\xc8\v2.05\pic\sources\c90\common\lwmod.c
		___lwmod       		CODE           	1BDDE	0000	69

C:\Program Files (x86)\Microchip\xc8\v2.05\pic\sources\c90\common\lwmod.c estimated size: 69

