Microchip MPLAB XC8 Compiler V2.05 ()

Linker command line:

-W-3 --edf=C:\Program Files (x86)\Microchip\xc8\v2.05\pic\dat\en_msgs.txt \
  -cs -h+dist/default/production\QI_Monitor.X.production.sym \
  --cmf=dist/default/production\QI_Monitor.X.production.cmf -z -Q18F27K40 \
  -oC:\Users\DREWMA~1\AppData\Local\Temp\s568.2 --defsym=__MPLAB_BUILD=1 \
  -Mdist/default/production/QI_Monitor.X.production.map -E1 -ver=XC8 \
  --acfsm=1493 -ASTACK=08C8h-0E87h -pstack=STACK -ACODE=00h-01FFFFh \
  -ACONST=00h-01FFFFh -ASMALLCONST=0F00h-0FFFhx497 \
  -AMEDIUMCONST=0F00h-0FFFFh,010F00h-01FFFFh -ACOMRAM=01h-05Fh \
  -AABS1=00h-0E87h -ABIGRAM=01h-0E87h \
  -ARAM=060h-0FFh,0100h-01FFhx13,0E00h-0E87h -ABANK0=060h-0FFh \
  -ABANK1=0100h-01FFh -ABANK2=0200h-02FFh -ABANK3=0300h-03FFh \
  -ABANK4=0400h-04FFh -ABANK5=0500h-05FFh -ABANK6=0600h-06FFh \
  -ABANK7=0700h-07FFh -ABANK8=0800h-08FFh -ABANK9=0900h-09FFh \
  -ABANK10=0A00h-0AFFh -ABANK11=0B00h-0BFFh -ABANK12=0C00h-0CFFh \
  -ABANK13=0D00h-0DFFh -ABANK14=0E00h-0E87h \
  -ASFR=0E8Dh-0EFFh,0F00h-0F5Fh,0F60h-0FFFh \
  -preset_vec=00h,intcode=08h,intcodelo=018h,powerup,init -pramtop=0F00h \
  -psmallconst=SMALLCONST -pmediumconst=MEDIUMCONST -pconst=CONST \
  -AFARRAM=00h-00h -ACONFIG=0300000h-030000Bh -pconfig=CONFIG \
  -AIDLOC=0200000h-020000Fh -pidloc=IDLOC -AEEDATA=0310000h-03103FFh \
  -peeprom_data=EEDATA \
  -prdata=COMRAM,nvrram=COMRAM,nvbit=COMRAM,rbss=COMRAM,rbit=COMRAM \
  -pfarbss=FARRAM,fardata=FARRAM,nvFARRAM=FARRAM \
  -pintsave_regs=BIGRAM,bigbss=BIGRAM,bigdata=BIGRAM -pbss=RAM \
  -pidata=CODE,irdata=CODE,ibigdata=CODE,ifardata=CODE -prparam=COMRAM \
  C:\Users\DREWMA~1\AppData\Local\Temp\s568.o \
  dist/default/production\QI_Monitor.X.production.o 

Object code version is 3.11

Machine type is 18F27K40

Call graph: (short form)




                Name                               Link     Load   Length Selector   Space Scale
C:\Users\DREWMA~1\AppData\Local\Temp\s568.o
                init                                 A2       A2        4        C       0
                reset_vec                             0        0        4        0       0
                idloc                            200000   200000       10   200000       0
                config                           300000   300000        C   300000       0
dist/default/production\QI_Monitor.X.production.o
                intcodelo                            18       18       8A        C       0
                intcode                               8        8        6        4       0
                temp                                 5F       5F        1        1       1
                mediumconst                        E426     E426     1BDA     7213       0
                text214                           1C6E2    1C6E2       14     8000       0
                text213                           1C8F2    1C8F2        4     8000       0
                text212                           1C6CE    1C6CE       14     8000       0
                text211                           1C86C    1C86C        C     8000       0
                text210                           1C8EE    1C8EE        4     8000       0
                text209                           1C8EA    1C8EA        4     8000       0
                text208                           1C8C4    1C8C4        6     8000       0
                text207                           1C1BA    1C1BA       2E     8000       0
                text206                           1BF54    1BF54       3C     8000       0
                text205                           1876A    1876A      288     8000       0
                text204                           1A5DC    1A5DC       D0     8000       0
                text203                           16D9C    16D9C      352     8000       0
                text202                           1770A    1770A      30E     8000       0
                text201                           1BB00    1BB00       48     8000       0
                text200                           19BF4    19BF4      140     8000       0
                text199                           14082    14082      974     8000       0
                text198                           1C908    1C908        2     8000       0
                text197                           1C330    1C330       28     8000       0
                text196                           1AF46    1AF46       8A     8000       0
                text195                           1A8F6    1A8F6       BA     8000       0
                text194                           1B15E    1B15E       82     8000       0
                text193                           1B468    1B468       66     8000       0
                text192                           1C37E    1C37E       26     8000       0
                text191                           1A23E    1A23E       F4     8000       0
                text190                           19F56    19F56       FE     8000       0
                text189                           1B846    1B846       52     8000       0
                text188                           1BD28    1BD28       42     8000       0
                text187                           17FA8    17FA8      2AE     8000       0
                text186                           1C510    1C510       1E     8000       0
                text185                           1B7A0    1B7A0       54     8000       0
                text184                           1C8A0    1C8A0        A     8000       0
                text183                           1B0DA    1B0DA       84     8000       0
                text182                           1B2C4    1B2C4       70     8000       0
                text181                           15878    15878      418     8000       0
                text180                           11724    11724     1718     8000       0
                text179                           1BF18    1BF18       3C     8000       0
                text178                           1AB14    1AB14       A4     8000       0
                text177                           1BBD4    1BBD4       46     8000       0
                text176                           1C67C    1C67C       16     8000       0
                text175                           1C906    1C906        2     8000       0
                text174                           1C3C8    1C3C8       24     8000       0
                text173                           1C896    1C896        A     8000       0
                text172                           1C666    1C666       16     8000       0
                text171                           1C904    1C904        2     8000       0
                text170                           1C3A4    1C3A4       24     8000       0
                text169                           1C88C    1C88C        A     8000       0
                text168                           1C8E6    1C8E6        4     8000       0
                text167                           1C8E2    1C8E2        4     8000       0
                text166                           1C59E    1C59E       1C     8000       0
                text165                           1C83A    1C83A        E     8000       0
                text164                           1C6BA    1C6BA       14     8000       0
                text163                           1C902    1C902        2     8000       0
                text162                           1C266    1C266       2A     8000       0
                text161                           1C582    1C582       1C     8000       0
                text160                           1C82C    1C82C        E     8000       0
                text159                           1C566    1C566       1C     8000       0
                text158                           1C900    1C900        2     8000       0
                text157                           1C23C    1C23C       2A     8000       0
                text156                           1C6A6    1C6A6       14     8000       0
                text155                           196BE    196BE      15E     8000       0
                text154                           1C8FE    1C8FE        2     8000       0
                text153                           1C308    1C308       28     8000       0
                text152                           1C8DE    1C8DE        4     8000       0
                text151                           1C8FC    1C8FC        2     8000       0
                text150                           1C650    1C650       16     8000       0
                text149                           1C066    1C066       34     8000       0
                intcode_body                      1A422    1A422       E8     8000       0
                text147                           173FC    173FC      30E     8000       0
                text146                           184E0    184E0      28A     8000       0
                text145                           16A48    16A48      354     8000       0
                text144                           19AB0    19AB0      144     8000       0
                text143                           1A6AC    1A6AC       CA     8000       0
                text142                           1BD6A    1BD6A       40     8000       0
                text141                           1C608    1C608       1A     8000       0
                text140                           1C860    1C860        C     8000       0
                text139                           1C5EE    1C5EE       1A     8000       0
                text138                           1BCA2    1BCA2       44     8000       0
                text137                           18C76    18C76      276     8000       0
                text136                           1C8BE    1C8BE        6     8000       0
                text135                           1C8AA    1C8AA        8     8000       0
                text134                           1C81E    1C81E        E     8000       0
                text133                           1C8DA    1C8DA        4     8000       0
                text132                           1C8B8    1C8B8        6     8000       0
                text131                           1C8FA    1C8FA        2     8000       0
                text130                           1C5D4    1C5D4       1A     8000       0
                text129                           1C2E0    1C2E0       28     8000       0
                text128                           1C4F0    1C4F0       20     8000       0
                text127                           1C810    1C810        E     8000       0
                text126                           1C8D6    1C8D6        4     8000       0
                text125                           1C8F8    1C8F8        2     8000       0
                text124                           1C4D0    1C4D0       20     8000       0
                text123                           1C032    1C032       34     8000       0
                text121                           1B7F4    1B7F4       52     8000       0
                text120                           1C882    1C882        A     8000       0
                text119                           1ABB8    1ABB8       A2     8000       0
                text118                           1B9D8    1B9D8       50     8000       0
                text117                           1BB8E    1BB8E       46     8000       0
                text116                           1B988    1B988       50     8000       0
                text115                           166F4    166F4      354     8000       0
                text114                           1996C    1996C      144     8000       0
                text113                           189F2    189F2      284     8000       0
                text112                           19124    19124      22C     8000       0
                text111                           18EEC    18EEC      238     8000       0
                text110                           1AA66    1AA66       AE     8000       0
                text109                           1A776    1A776       C4     8000       0
                text108                           1BE26    1BE26       3E     8000       0
                text107                           1B402    1B402       66     8000       0
                text106                           1AD92    1AD92       98     8000       0
                text105                           1B69E    1B69E       58     8000       0
                text104                           1BC5E    1BC5E       44     8000       0
                text103                           1C18C    1C18C       2E     8000       0
                text102                           19D34    19D34      122     8000       0
                text101                           18256    18256      28A     8000       0
                text100                           1C212    1C212       2A     8000       0
                text99                            1AEBA    1AEBA       8C     8000       0
                text98                            1A50A    1A50A       D2     8000       0
                text97                            1C15C    1C15C       30     8000       0
                text96                            170EE    170EE      30E     8000       0
                text95                            1BAB8    1BAB8       48     8000       0
                text94                            1A83A    1A83A       BC     8000       0
                text93                            1B056    1B056       84     8000       0
                text92                            1B334    1B334       68     8000       0
                text91                            1C2B8    1C2B8       28     8000       0
                text90                            1A054    1A054       F6     8000       0
                text89                            19E56    19E56      100     8000       0
                text88                            1B74C    1B74C       54     8000       0
                text87                            1BC1A    1BC1A       44     8000       0
                text86                            17CE6    17CE6      2C2     8000       0
                text85                            1C40E    1C40E       22     8000       0
                text84                            1B6F6    1B6F6       56     8000       0
                text83                            1C692    1C692       14     8000       0
                text82                            1AFD0    1AFD0       86     8000       0
                text81                            1B252    1B252       72     8000       0
                text80                            15444    15444      434     8000       0
                text79                            10000    10000     1724     8000       0
                text78                            1BA70    1BA70       48     8000       0
                text77                            1639C    1639C      358     8000       0
                text76                            1C12C    1C12C       30     8000       0
                text75                            1AE2A    1AE2A       90     8000       0
                text74                            1C5BA    1C5BA       1A     8000       0
                text73                            1BCE6    1BCE6       42     8000       0
                text72                            1C4B0    1C4B0       20     8000       0
                text71                            1A332    1A332       F0     8000       0
                text70                            1BEDC    1BEDC       3C     8000       0
                text69                            1C358    1C358       26     8000       0
                text68                            1981C    1981C      150     8000       0
                text67                            1B5E8    1B5E8       5C     8000       0
                text66                            19544    19544      17A     8000       0
                text65                            1C0FC    1C0FC       30     8000       0
                text64                            1BA28    1BA28       48     8000       0
                text63                            12E3C    12E3C     1246     8000       0
                text62                            1C802    1C802        E     8000       0
                text61                            1B4CE    1B4CE       60     8000       0
                text60                            1C3EC    1C3EC       22     8000       0
                text59                            1C7F4    1C7F4        E     8000       0
                text58                            1C7E6    1C7E6        E     8000       0
                text57                            1B1E0    1B1E0       72     8000       0
                text56                            1C7D8    1C7D8        E     8000       0
                text55                            1C7CA    1C7CA        E     8000       0
                text54                            1BF90    1BF90       38     8000       0
                text53                            1C854    1C854        C     8000       0
                text52                            1BFC8    1BFC8       36     8000       0
                text51                            1C490    1C490       20     8000       0
                text50                            1C622    1C622       18     8000       0
                text49                            1C7BC    1C7BC        E     8000       0
                text48                            1C7AE    1C7AE        E     8000       0
                text47                            1AC5A    1AC5A       A0     8000       0
                text46                            1C54A    1C54A       1C     8000       0
                text45                            1C7A0    1C7A0        E     8000       0
                text44                            1C1E8    1C1E8       2A     8000       0
                text43                            1C792    1C792        E     8000       0
                text42                            1B938    1B938       50     8000       0
                text41                            1C784    1C784        E     8000       0
                text40                            1C09A    1C09A       32     8000       0
                text39                            1C776    1C776        E     8000       0
                text38                            1B8E8    1B8E8       50     8000       0
                text37                            1BEA0    1BEA0       3C     8000       0
                text36                            1BDE8    1BDE8       3E     8000       0
                text35                            1C470    1C470       20     8000       0
                text34                            1C768    1C768        E     8000       0
                text33                            1C8D2    1C8D2        4     8000       0
                text32                            1C450    1C450       20     8000       0
                text31                            1C75A    1C75A        E     8000       0
                text30                            1C8CE    1C8CE        4     8000       0
                text29                            1C8CA    1C8CA        4     8000       0
                text28                            1C430    1C430       20     8000       0
                text27                            1C878    1C878        A     8000       0
                text26                            1B644    1B644       5A     8000       0
                text25                            1BE64    1BE64       3C     8000       0
                text24                            1C74A    1C74A       10     8000       0
                text23                            1BDAA    1BDAA       3E     8000       0
                text22                            1C63A    1C63A       16     8000       0
                text21                            1C290    1C290       28     8000       0
                text20                            1C8B2    1C8B2        6     8000       0
                text19                            1BB48    1BB48       46     8000       0
                text18                            1C73A    1C73A       10     8000       0
                text17                            1C52E    1C52E       1C     8000       0
                text16                            1C848    1C848        C     8000       0
                text15                            1C0CC    1C0CC       30     8000       0
                text14                            1ACFA    1ACFA       98     8000       0
                text13                            1BFFE    1BFFE       34     8000       0
                text12                            1B58C    1B58C       5C     8000       0
                text11                            1B52E    1B52E       5E     8000       0
                text10                            15C90    15C90      3A6     8000       0
                text9                             1B39C    1B39C       66     8000       0
                text8                             16036    16036      366     8000       0
                text7                             1C72A    1C72A       10     8000       0
                text6                             14FAC    14FAC      498     8000       0
                text5                             19350    19350      1F4     8000       0
                text4                             1B898    1B898       50     8000       0
                text3                             1C71A    1C71A       10     8000       0
                text2                             149F6    149F6      5B6     8000       0
                text1                             1A14A    1A14A       F4     8000       0
                text0                             17A18    17A18      2CE     8000       0
                cstackCOMRAM                          1        1       5E        1       1
                cstackBANK0                          60       60       59       60       1
                cstackBANK1                         100      100       61      100       1
                cstackBANK2                         200      200       BE      200       1
                cstackBANK3                         3D1      3D1       2F      300       1
                cstackBANK4                         4C0      4C0        8      400       1
                bssBIGRAM                           4C8      4C8      400      4C8       1
                bssBANK4                            400      400       C0      400       1
                bssBANK3                            300      300       D1      300       1
                dataBANK2                           2ED      2ED       12      200       1
                bssBANK2                            2BE      2BE       2F      200       1
                dataBANK1                           1A9      1A9       12      100       1
                bssBANK1                            161      161       48      100       1
                dataBANK0                            FB       FB        2       60       1
                bssBANK0                             B9       B9       42       60       1
                bitbssBANK0                         7E8       FD        1       60       1     8
                cinit                             1A9B0    1A9B0       B6     8000       0
                nvBANK2                             2FF      2FF        1      200       1
                idataBANK2                        1C708    1C708       12     8000       0
                idataBANK1                        1C6F6    1C6F6       12     8000       0
                idataBANK0                        1C8F6    1C8F6        2     8000       0

TOTAL           Name                               Link     Load   Length     Space
        CLASS   STACK          

        CLASS   CODE           
                intcodelo                            18       18       8A         0
                intcode                               8        8        6         0
                init                                 A2       A2        4         0
                reset_vec                             0        0        4         0
                text214                           1C6E2    1C6E2       14         0
                text213                           1C8F2    1C8F2        4         0
                text212                           1C6CE    1C6CE       14         0
                text211                           1C86C    1C86C        C         0
                text210                           1C8EE    1C8EE        4         0
                text209                           1C8EA    1C8EA        4         0
                text208                           1C8C4    1C8C4        6         0
                text207                           1C1BA    1C1BA       2E         0
                text206                           1BF54    1BF54       3C         0
                text205                           1876A    1876A      288         0
                text204                           1A5DC    1A5DC       D0         0
                text203                           16D9C    16D9C      352         0
                text202                           1770A    1770A      30E         0
                text201                           1BB00    1BB00       48         0
                text200                           19BF4    19BF4      140         0
                text199                           14082    14082      974         0
                text198                           1C908    1C908        2         0
                text197                           1C330    1C330       28         0
                text196                           1AF46    1AF46       8A         0
                text195                           1A8F6    1A8F6       BA         0
                text194                           1B15E    1B15E       82         0
                text193                           1B468    1B468       66         0
                text192                           1C37E    1C37E       26         0
                text191                           1A23E    1A23E       F4         0
                text190                           19F56    19F56       FE         0
                text189                           1B846    1B846       52         0
                text188                           1BD28    1BD28       42         0
                text187                           17FA8    17FA8      2AE         0
                text186                           1C510    1C510       1E         0
                text185                           1B7A0    1B7A0       54         0
                text184                           1C8A0    1C8A0        A         0
                text183                           1B0DA    1B0DA       84         0
                text182                           1B2C4    1B2C4       70         0
                text181                           15878    15878      418         0
                text180                           11724    11724     1718         0
                text179                           1BF18    1BF18       3C         0
                text178                           1AB14    1AB14       A4         0
                text177                           1BBD4    1BBD4       46         0
                text176                           1C67C    1C67C       16         0
                text175                           1C906    1C906        2         0
                text174                           1C3C8    1C3C8       24         0
                text173                           1C896    1C896        A         0
                text172                           1C666    1C666       16         0
                text171                           1C904    1C904        2         0
                text170                           1C3A4    1C3A4       24         0
                text169                           1C88C    1C88C        A         0
                text168                           1C8E6    1C8E6        4         0
                text167                           1C8E2    1C8E2        4         0
                text166                           1C59E    1C59E       1C         0
                text165                           1C83A    1C83A        E         0
                text164                           1C6BA    1C6BA       14         0
                text163                           1C902    1C902        2         0
                text162                           1C266    1C266       2A         0
                text161                           1C582    1C582       1C         0
                text160                           1C82C    1C82C        E         0
                text159                           1C566    1C566       1C         0
                text158                           1C900    1C900        2         0
                text157                           1C23C    1C23C       2A         0
                text156                           1C6A6    1C6A6       14         0
                text155                           196BE    196BE      15E         0
                text154                           1C8FE    1C8FE        2         0
                text153                           1C308    1C308       28         0
                text152                           1C8DE    1C8DE        4         0
                text151                           1C8FC    1C8FC        2         0
                text150                           1C650    1C650       16         0
                text149                           1C066    1C066       34         0
                intcode_body                      1A422    1A422       E8         0
                text147                           173FC    173FC      30E         0
                text146                           184E0    184E0      28A         0
                text145                           16A48    16A48      354         0
                text144                           19AB0    19AB0      144         0
                text143                           1A6AC    1A6AC       CA         0
                text142                           1BD6A    1BD6A       40         0
                text141                           1C608    1C608       1A         0
                text140                           1C860    1C860        C         0
                text139                           1C5EE    1C5EE       1A         0
                text138                           1BCA2    1BCA2       44         0
                text137                           18C76    18C76      276         0
                text136                           1C8BE    1C8BE        6         0
                text135                           1C8AA    1C8AA        8         0
                text134                           1C81E    1C81E        E         0
                text133                           1C8DA    1C8DA        4         0
                text132                           1C8B8    1C8B8        6         0
                text131                           1C8FA    1C8FA        2         0
                text130                           1C5D4    1C5D4       1A         0
                text129                           1C2E0    1C2E0       28         0
                text128                           1C4F0    1C4F0       20         0
                text127                           1C810    1C810        E         0
                text126                           1C8D6    1C8D6        4         0
                text125                           1C8F8    1C8F8        2         0
                text124                           1C4D0    1C4D0       20         0
                text123                           1C032    1C032       34         0
                text121                           1B7F4    1B7F4       52         0
                text120                           1C882    1C882        A         0
                text119                           1ABB8    1ABB8       A2         0
                text118                           1B9D8    1B9D8       50         0
                text117                           1BB8E    1BB8E       46         0
                text116                           1B988    1B988       50         0
                text115                           166F4    166F4      354         0
                text114                           1996C    1996C      144         0
                text113                           189F2    189F2      284         0
                text112                           19124    19124      22C         0
                text111                           18EEC    18EEC      238         0
                text110                           1AA66    1AA66       AE         0
                text109                           1A776    1A776       C4         0
                text108                           1BE26    1BE26       3E         0
                text107                           1B402    1B402       66         0
                text106                           1AD92    1AD92       98         0
                text105                           1B69E    1B69E       58         0
                text104                           1BC5E    1BC5E       44         0
                text103                           1C18C    1C18C       2E         0
                text102                           19D34    19D34      122         0
                text101                           18256    18256      28A         0
                text100                           1C212    1C212       2A         0
                text99                            1AEBA    1AEBA       8C         0
                text98                            1A50A    1A50A       D2         0
                text97                            1C15C    1C15C       30         0
                text96                            170EE    170EE      30E         0
                text95                            1BAB8    1BAB8       48         0
                text94                            1A83A    1A83A       BC         0
                text93                            1B056    1B056       84         0
                text92                            1B334    1B334       68         0
                text91                            1C2B8    1C2B8       28         0
                text90                            1A054    1A054       F6         0
                text89                            19E56    19E56      100         0
                text88                            1B74C    1B74C       54         0
                text87                            1BC1A    1BC1A       44         0
                text86                            17CE6    17CE6      2C2         0
                text85                            1C40E    1C40E       22         0
                text84                            1B6F6    1B6F6       56         0
                text83                            1C692    1C692       14         0
                text82                            1AFD0    1AFD0       86         0
                text81                            1B252    1B252       72         0
                text80                            15444    15444      434         0
                text79                            10000    10000     1724         0
                text78                            1BA70    1BA70       48         0
                text77                            1639C    1639C      358         0
                text76                            1C12C    1C12C       30         0
                text75                            1AE2A    1AE2A       90         0
                text74                            1C5BA    1C5BA       1A         0
                text73                            1BCE6    1BCE6       42         0
                text72                            1C4B0    1C4B0       20         0
                text71                            1A332    1A332       F0         0
                text70                            1BEDC    1BEDC       3C         0
                text69                            1C358    1C358       26         0
                text68                            1981C    1981C      150         0
                text67                            1B5E8    1B5E8       5C         0
                text66                            19544    19544      17A         0
                text65                            1C0FC    1C0FC       30         0
                text64                            1BA28    1BA28       48         0
                text63                            12E3C    12E3C     1246         0
                text62                            1C802    1C802        E         0
                text61                            1B4CE    1B4CE       60         0
                text60                            1C3EC    1C3EC       22         0
                text59                            1C7F4    1C7F4        E         0
                text58                            1C7E6    1C7E6        E         0
                text57                            1B1E0    1B1E0       72         0
                text56                            1C7D8    1C7D8        E         0
                text55                            1C7CA    1C7CA        E         0
                text54                            1BF90    1BF90       38         0
                text53                            1C854    1C854        C         0
                text52                            1BFC8    1BFC8       36         0
                text51                            1C490    1C490       20         0
                text50                            1C622    1C622       18         0
                text49                            1C7BC    1C7BC        E         0
                text48                            1C7AE    1C7AE        E         0
                text47                            1AC5A    1AC5A       A0         0
                text46                            1C54A    1C54A       1C         0
                text45                            1C7A0    1C7A0        E         0
                text44                            1C1E8    1C1E8       2A         0
                text43                            1C792    1C792        E         0
                text42                            1B938    1B938       50         0
                text41                            1C784    1C784        E         0
                text40                            1C09A    1C09A       32         0
                text39                            1C776    1C776        E         0
                text38                            1B8E8    1B8E8       50         0
                text37                            1BEA0    1BEA0       3C         0
                text36                            1BDE8    1BDE8       3E         0
                text35                            1C470    1C470       20         0
                text34                            1C768    1C768        E         0
                text33                            1C8D2    1C8D2        4         0
                text32                            1C450    1C450       20         0
                text31                            1C75A    1C75A        E         0
                text30                            1C8CE    1C8CE        4         0
                text29                            1C8CA    1C8CA        4         0
                text28                            1C430    1C430       20         0
                text27                            1C878    1C878        A         0
                text26                            1B644    1B644       5A         0
                text25                            1BE64    1BE64       3C         0
                text24                            1C74A    1C74A       10         0
                text23                            1BDAA    1BDAA       3E         0
                text22                            1C63A    1C63A       16         0
                text21                            1C290    1C290       28         0
                text20                            1C8B2    1C8B2        6         0
                text19                            1BB48    1BB48       46         0
                text18                            1C73A    1C73A       10         0
                text17                            1C52E    1C52E       1C         0
                text16                            1C848    1C848        C         0
                text15                            1C0CC    1C0CC       30         0
                text14                            1ACFA    1ACFA       98         0
                text13                            1BFFE    1BFFE       34         0
                text12                            1B58C    1B58C       5C         0
                text11                            1B52E    1B52E       5E         0
                text10                            15C90    15C90      3A6         0
                text9                             1B39C    1B39C       66         0
                text8                             16036    16036      366         0
                text7                             1C72A    1C72A       10         0
                text6                             14FAC    14FAC      498         0
                text5                             19350    19350      1F4         0
                text4                             1B898    1B898       50         0
                text3                             1C71A    1C71A       10         0
                text2                             149F6    149F6      5B6         0
                text1                             1A14A    1A14A       F4         0
                text0                             17A18    17A18      2CE         0
                cinit                             1A9B0    1A9B0       B6         0
                idataBANK2                        1C708    1C708       12         0
                idataBANK1                        1C6F6    1C6F6       12         0
                idataBANK0                        1C8F6    1C8F6        2         0

        CLASS   CONST          

        CLASS   SMALLCONST     

        CLASS   MEDIUMCONST    
                mediumconst                        E426     E426     1BDA         0

        CLASS   COMRAM         
                temp                                 5F       5F        1         1
                cstackCOMRAM                          1        1       5E         1

        CLASS   ABS1           

        CLASS   BIGRAM         
                bssBIGRAM                           4C8      4C8      400         1

        CLASS   RAM            

        CLASS   BANK0          
                cstackBANK0                          60       60       59         1
                dataBANK0                            FB       FB        2         1
                bssBANK0                             B9       B9       42         1
                bitbssBANK0                         7E8       FD        1         1

        CLASS   BANK1          
                cstackBANK1                         100      100       61         1
                dataBANK1                           1A9      1A9       12         1
                bssBANK1                            161      161       48         1

        CLASS   BANK2          
                cstackBANK2                         200      200       BE         1
                dataBANK2                           2ED      2ED       12         1
                bssBANK2                            2BE      2BE       2F         1
                nvBANK2                             2FF      2FF        1         1

        CLASS   BANK3          
                cstackBANK3                         3D1      3D1       2F         1
                bssBANK3                            300      300       D1         1

        CLASS   BANK4          
                cstackBANK4                         4C0      4C0        8         1
                bssBANK4                            400      400       C0         1

        CLASS   BANK5          

        CLASS   BANK6          

        CLASS   BANK7          

        CLASS   BANK8          

        CLASS   BANK9          

        CLASS   BANK10         

        CLASS   BANK11         

        CLASS   BANK12         

        CLASS   BANK13         

        CLASS   BANK14         

        CLASS   SFR            

        CLASS   FARRAM         

        CLASS   CONFIG         
                config                           300000   300000        C         0

        CLASS   IDLOC          
                idloc                            200000   200000       10         0

        CLASS   EEDATA         



SEGMENTS        Name                           Load    Length   Top    Selector   Space  Class

                reset_vec                      000000  000004  000004         0       0  CODE    
                cstackCOMRAM                   000001  00005F  000060         1       1  COMRAM  
                intcode                        000008  000006  00000E         4       0  CODE    
                intcodelo                      000018  00008E  0000A6         C       0  CODE    
                cstackBANK0                    000060  00009E  0000FE        60       1  BANK0   
                cstackBANK1                    000100  0000BB  0001BB       100       1  BANK1   
                cstackBANK2                    000200  000100  000300       200       1  BANK2   
                bssBANK3                       000300  000100  000400       300       1  BANK3   
                bssBANK4                       000400  0000C8  0004C8       400       1  BANK4   
                bssBIGRAM                      0004C8  000400  0008C8       4C8       1  BIGRAM  
                mediumconst                    00E426  001BDA  010000      7213       0  MEDIUMCO
                text79                         010000  00C90A  01C90A      8000       0  CODE    
                idloc                          200000  000010  200010    200000       0  IDLOC   
                config                         300000  00000C  30000C    300000       0  CONFIG  


UNUSED ADDRESS RANGES

        Name                Unused          Largest block    Delta
        BANK0            0000FE-0000FF                2
        BANK1            0001BB-0001FF               45
        BANK10           000A00-000AFF              100
        BANK11           000B00-000BFF              100
        BANK12           000C00-000CFF              100
        BANK13           000D00-000DFF              100
        BANK14           000E00-000E87               88
        BANK8            0008C8-0008FF               38
        BANK9            000900-0009FF              100
        BIGRAM           0000FE-0000FF                2
                         0001BB-0001FF               45
                         0008C8-000E87              5C0
        CODE             000004-000007                4
                         00000E-000017                A
                         0000A6-00E425             E380
                         01C90A-01FFFF             36F6
        CONST            000004-000007                4
                         00000E-000017                A
                         0000A6-00E425             E380
                         01C90A-01FFFF             36F6
        EEDATA           310000-3103FF              400
        MEDIUMCONST      000F00-00E425             D526
                         01C90A-01FFFF             36F6
        RAM              0000FE-0000FF                2
                         0001BB-0001FF               45
                         0008C8-000E87              100
        SFR              000E8D-000FFF               73
        SMALLCONST       000F00-00E425              100
                         01C90A-01FFFF              100
        STACK            0008C8-000E87              5C0

                                  Symbol Table

?_ADCC_GetConversionResult                     cstackCOMRAM 000001
?_ADCC_GetFilterValue                          cstackCOMRAM 000001
?_FLASH_ReadWord                               cstackBANK2  000204
?___awdiv                                      cstackBANK2  000206
?___awmod                                      cstackBANK2  000200
?___fladd                                      cstackBANK2  000234
?___fldiv                                      cstackBANK2  000200
?___flmul                                      cstackBANK2  00020E
?___flneg                                      cstackBANK2  000200
?___flsub                                      cstackBANK2  00024C
?___fltol                                      cstackBANK2  000230
?___lldiv                                      cstackBANK2  000200
?___llmod                                      cstackBANK2  00020D
?___lwdiv                                      cstackBANK2  000205
?___lwmod                                      cstackBANK2  000200
?___wmul                                       cstackBANK2  000200
?___xxtofl                                     cstackBANK2  00023E
?__div_to_l_                                   cstackBANK2  000200
?__doprnt                                      cstackBANK2  000254
?__tdiv_to_l_                                  cstackBANK2  000200
?_abs                                          cstackBANK2  00023A
?_fabs                                         cstackCOMRAM 000005
?_floatToEngineeringFormat                     cstackBANK2  00029F
?_fround                                       cstackBANK2  000227
?_getCauseOfResetString                        cstackBANK2  000200
?_getCauseOfResetStringSmall                   cstackBANK2  000200
?_getDeviceID                                  cstackBANK2  00020B
?_getDeviceIDString                            cstackBANK2  00020D
?_getNXQChargeStateString                      cstackBANK2  000200
?_getNXQChargeStateStringCaps                  cstackBANK2  000200
?_getStringSecondsAsTime                       cstackBANK2  00029F
?_getUserID                                    cstackBANK2  00020B
?_printf                                       cstackBANK2  0002A9
?_scale                                        cstackBANK2  000227
?_sprintf                                      cstackBANK2  00028C
?_strcmp                                       cstackBANK2  000200
?_strlen                                       cstackBANK2  000200
?i1___fladd                                    cstackBANK1  00010E
?i1___fldiv                                    cstackBANK1  00011E
?i1___flmul                                    cstackBANK1  000137
?i1___xxtofl                                   cstackBANK1  000100
?i2___awdiv                                    cstackCOMRAM 000007
?i2___awmod                                    cstackCOMRAM 000001
?i2___fladd                                    cstackCOMRAM 000052
?i2___fldiv                                    cstackCOMRAM 000013
?i2___flmul                                    cstackCOMRAM 00002C
?i2___flneg                                    cstackCOMRAM 000001
?i2___flsub                                    cstackBANK0  000064
?i2___fltol                                    cstackCOMRAM 00004E
?i2___lldiv                                    cstackCOMRAM 000001
?i2___llmod                                    cstackCOMRAM 00000E
?i2___lwdiv                                    cstackCOMRAM 000006
?i2___lwmod                                    cstackCOMRAM 000001
?i2___wmul                                     cstackCOMRAM 000001
?i2___xxtofl                                   cstackCOMRAM 000005
?i2__div_to_l_                                 cstackCOMRAM 000001
?i2__doprnt                                    cstackBANK0  00006C
?i2__tdiv_to_l_                                cstackCOMRAM 000001
?i2_fround                                     cstackCOMRAM 000045
?i2_printf                                     cstackBANK0  0000A4
?i2_scale                                      cstackCOMRAM 000045
ADCC_SetADTIInterruptHandler@InterruptHandler  cstackBANK2  000200
ADCC_StartConversion@channel                   cstackBANK1  000100
ADC_PostProcessingHandler@current_adc_channel  cstackBANK0  000078
ADC_PostProcessingHandler@i                    cstackBANK0  000079
ADC_PostProcessingHandler@i_3557               cstackBANK0  00007A
CCP2_CallBack@capturedValue                    cstackBANK1  000154
CCP2_CaptureISR@module                         cstackBANK1  000156
EUSART2_Read@readValue                         cstackBANK2  000200
EUSART2_SetRxInterruptHandler@interruptHandler cstackBANK2  000200
EUSART2_SetTxInterruptHandler@interruptHandler cstackBANK2  000200
EUSART2_Write@txData                           cstackBANK2  000200
FLASH_ReadByte@flashAddr                       cstackBANK2  000200
FLASH_ReadWord@flashAddr                       cstackBANK2  000204
I2C2_ISR@i2c_10bit_address_restart             bssBANK0     0000D8
I2C2_ISR@i2c_address                           bssBANK0     0000F9
I2C2_ISR@i2c_bytes_left                        bssBANK0     0000D9
I2C2_ISR@pi2c_buf_ptr                          bssBANK0     0000CF
I2C2_MasterRead@address                        cstackBANK2  00020C
I2C2_MasterRead@length                         cstackBANK2  00020B
I2C2_MasterRead@pdata                          cstackBANK2  000209
I2C2_MasterRead@pflag                          cstackBANK2  00020E
I2C2_MasterRead@trBlock                        bssBANK1     000199
I2C2_MasterReadTRBBuild@address                cstackBANK2  000205
I2C2_MasterReadTRBBuild@length                 cstackBANK2  000204
I2C2_MasterReadTRBBuild@pdata                  cstackBANK2  000202
I2C2_MasterReadTRBBuild@ptrb                   cstackBANK2  000200
I2C2_MasterTRBInsert@count                     cstackBANK2  000205
I2C2_MasterTRBInsert@pflag                     cstackBANK2  000202
I2C2_MasterTRBInsert@ptrb_list                 cstackBANK2  000200
I2C2_MasterWrite@address                       cstackBANK2  00020C
I2C2_MasterWrite@length                        cstackBANK2  00020B
I2C2_MasterWrite@pdata                         cstackBANK2  000209
I2C2_MasterWrite@pflag                         cstackBANK2  00020E
I2C2_MasterWrite@trBlock                       bssBANK1     00019E
I2C2_MasterWriteTRBBuild@address               cstackBANK2  000205
I2C2_MasterWriteTRBBuild@length                cstackBANK2  000204
I2C2_MasterWriteTRBBuild@pdata                 cstackBANK2  000202
I2C2_MasterWriteTRBBuild@ptrb                  cstackBANK2  000200
I2C2_Stop@completion_code                      cstackBANK1  000102
INT1_SetInterruptHandler@InterruptHandler      cstackBANK2  000200
INT2_SetInterruptHandler@InterruptHandler      cstackBANK2  000200
IOCBF2_SetInterruptHandler@InterruptHandler    cstackBANK2  000200
IOCBF3_SetInterruptHandler@InterruptHandler    cstackBANK2  000200
LM73Convert@Ambient_Conv                       cstackBANK2  000253
LM73Convert@POS5_Conv                          cstackBANK2  000251
LM73Convert@QI_Conv                            cstackBANK2  00024F
LM73TempSensorInitialize@output_data_array     cstackBANK2  000210
OLED_Clear@col                                 cstackBANK2  000223
OLED_Clear@row                                 cstackBANK2  000221
OLED_Command@data_array                        cstackBANK2  000212
OLED_Command@temp                              cstackBANK2  000210
OLED_PutChar@ch                                cstackBANK2  000220
OLED_PutChar@data_array                        cstackBANK2  000214
OLED_PutChar@input_base                        cstackBANK2  00021D
OLED_UpdateFromRAMBuffer@char_index            cstackBANK2  000223
OLED_UpdateFromRAMBuffer@char_index_4304       cstackBANK2  000224
OLED_UpdateFromRAMBuffer@char_index_4305       cstackBANK2  000225
OLED_UpdateFromRAMBuffer@char_index_4306       cstackBANK2  000226
OLED_WriteString@s                             cstackBANK2  000221
OLED_YX@Column                                 cstackBANK2  000214
OLED_YX@Row                                    cstackBANK2  000218
OLED_updateHandler@dev_id_str                  cstackBANK3  0003D1
OLED_updateHandler@rev_id_str                  cstackBANK3  0003E2
TMR0_SetInterruptHandler@InterruptHandler      cstackBANK2  000200
TMR1_SetInterruptHandler@InterruptHandler      cstackBANK2  000200
TMR1_WriteTimer@timerVal                       cstackBANK2  000200
TMR2_SetInterruptHandler@InterruptHandler      cstackBANK2  000200
TMR3_SetInterruptHandler@InterruptHandler      cstackBANK2  000200
TMR3_WriteTimer@timerVal                       cstackBANK2  000200
TMR5_WriteTimer@timerVal                       cstackBANK2  000200
_ADACCH                                        (abs)        000F71
_ADACCL                                        (abs)        000F70
_ADACQ                                         (abs)        000F5C
_ADACT                                         (abs)        000F56
_ADCAP                                         (abs)        000F5D
_ADCC_ADTI_InterruptHandler                    bssBANK0     0000CC
_ADCC_ClearAccumulator                         text136      01C8BE
_ADCC_DefaultInterruptHandler                  text198      01C908
_ADCC_DischargeSampleCapacitor                 text135      01C8AA
_ADCC_GetConversionResult                      text214      01C6E2
_ADCC_GetCurrentCountofConversions             text213      01C8F2
_ADCC_GetFilterValue                           text212      01C6CE
_ADCC_HasAccumulatorOverflowed                 text211      01C86C
_ADCC_Initialize                               text61       01B4CE
_ADCC_SetADTIInterruptHandler                  text62       01C802
_ADCC_StartConversion                          text134      01C81E
_ADCC_StopConversion                           text210      01C8EE
_ADCC_ThresholdISR                             text197      01C330
_ADCLK                                         (abs)        000F57
_ADCNT                                         (abs)        000F67
_ADCON0                                        (abs)        000F60
_ADCON0bits                                    (abs)        000F60
_ADCON1                                        (abs)        000F59
_ADCON1bits                                    (abs)        000F59
_ADCON2                                        (abs)        000F5A
_ADCON2bits                                    (abs)        000F5A
_ADCON3                                        (abs)        000F5B
_ADCON3bits                                    (abs)        000F5B
_ADC_PostProcessingHandler                     text199      014082
_ADC_PostProcessingHandler$6417                cstackBANK0  00007B
_ADC_PostProcessingHandler$6418                cstackBANK0  00007F
_ADC_PostProcessingHandler$6419                cstackBANK0  00006C
_ADC_PostProcessingHandler$6420                cstackBANK0  000070
_ADC_PostProcessingHandler$6421                cstackBANK0  000074
_ADC_acquisitionTimerHandler                   text130      01C5D4
_ADERRH                                        (abs)        000F6F
_ADERRL                                        (abs)        000F6E
_ADFLTRH                                       (abs)        000F73
_ADFLTRL                                       (abs)        000F72
_ADLTHH                                        (abs)        000F6B
_ADLTHL                                        (abs)        000F6A
_ADPCH                                         (abs)        000F5F
_ADPRE                                         (abs)        000F5E
_ADPREVH                                       (abs)        000F62
_ADPREVL                                       (abs)        000F61
_ADREF                                         (abs)        000F58
_ADRESH                                        (abs)        000F64
_ADRESL                                        (abs)        000F63
_ADRPT                                         (abs)        000F66
_ADSTAT                                        (abs)        000F65
_ADSTATbits                                    (abs)        000F65
_ADSTPTH                                       (abs)        000F69
_ADSTPTL                                       (abs)        000F68
_ADUTHH                                        (abs)        000F6D
_ADUTHL                                        (abs)        000F6C
_ANSELA                                        (abs)        000F11
_ANSELB                                        (abs)        000F19
_ANSELC                                        (abs)        000F21
_BAUD2CON                                      (abs)        000E9F
_CCP2CAP                                       (abs)        000FA9
_CCP2CON                                       (abs)        000FA8
_CCP2CONbits                                   (abs)        000FA8
_CCP2PPS                                       (abs)        000EB0
_CCP2_CallBack                                 text142      01BD6A
_CCP2_CaptureISR                               text141      01C608
_CCP2_Initialize                               text60       01C3EC
_CCPR2H                                        (abs)        000FA7
_CCPR2L                                        (abs)        000FA6
_CCPTMRSbits                                   (abs)        000FAE
_EUSART2_Initialize                            text57       01B1E0
_EUSART2_Read                                  text23       01BDAA
_EUSART2_Receive_ISR                           text178      01AB14
_EUSART2_RxDefaultInterruptHandler             bssBANK1     00017D
_EUSART2_SetRxInterruptHandler                 text59       01C7F4
_EUSART2_SetTxInterruptHandler                 text58       01C7E6
_EUSART2_Transmit_ISR                          text177      01BBD4
_EUSART2_TxDefaultInterruptHandler             bssBANK1     000180
_EUSART2_Write                                 text84       01B6F6
_EXT_INT_Initialize                            text54       01BF90
_FLASH_ReadByte                                text74       01C5BA
_FLASH_ReadWord                                text73       01BCE6
_FVRCON                                        (abs)        000F31
_FVRCONbits                                    (abs)        000F31
_FVR_Initialize                                text53       01C854
_I2C2_BusCollisionISR                          text140      01C860
_I2C2_FunctionComplete                         text139      01C5EE
_I2C2_ISR                                      text137      018C76
_I2C2_Initialize                               text52       01BFC8
_I2C2_MasterRead                               text118      01B9D8
_I2C2_MasterReadTRBBuild                       text121      01B7F4
_I2C2_MasterTRBInsert                          text119      01ABB8
_I2C2_MasterWrite                              text116      01B988
_I2C2_MasterWriteTRBBuild                      text117      01BB8E
_I2C2_Stop                                     text138      01BCA2
_I2C2_WaitForLastPacketToComplete              text120      01C882
_I2C_STATUS                                    bssBANK1     0001A8
_INT1PPS                                       (abs)        000EA2
_INT1_CallBack                                 text174      01C3C8
_INT1_DefaultInterruptHandler                  text175      01C906
_INT1_ISR                                      text173      01C896
_INT1_InterruptHandler                         bssBANK1     000186
_INT1_SetInterruptHandler                      text56       01C7D8
_INT2PPS                                       (abs)        000EA3
_INT2_CallBack                                 text170      01C3A4
_INT2_DefaultInterruptHandler                  text171      01C904
_INT2_ISR                                      text169      01C88C
_INT2_InterruptHandler                         bssBANK1     000183
_INT2_SetInterruptHandler                      text55       01C7CA
_INTCONbits                                    (abs)        000FF2
_INTERRUPT_Initialize                          text51       01C490
_INTERRUPT_InterruptManagerHigh                intcode      000008
_INTERRUPT_InterruptManagerLow                 intcodelo    000018
_IOCBF2_DefaultInterruptHandler                text163      01C902
_IOCBF2_ISR                                    text162      01C266
_IOCBF2_InterruptHandler                       bssBANK1     00017A
_IOCBF2_SetInterruptHandler                    text49       01C7BC
_IOCBF3_DefaultInterruptHandler                text158      01C900
_IOCBF3_ISR                                    text157      01C23C
_IOCBF3_InterruptHandler                       bssBANK1     000177
_IOCBF3_SetInterruptHandler                    text48       01C7AE
_IOCBFbits                                     (abs)        000F12
_IOCBNbits                                     (abs)        000F13
_IOCBPbits                                     (abs)        000F14
_IPR0bits                                      (abs)        000EBA
_IPR1bits                                      (abs)        000EBB
_IPR3bits                                      (abs)        000EBD
_IPR4bits                                      (abs)        000EBE
_IPR6bits                                      (abs)        000EC0
_LATA                                          (abs)        000F83
_LATB                                          (abs)        000F84
_LATBbits                                      (abs)        000F84
_LATC                                          (abs)        000F85
_LATCbits                                      (abs)        000F85
_LM73AcquisitionHandler                        text112      019124
_LM73Convert                                   text113      0189F2
_LM73TempSensorInitialize                      text111      018EEC
_LM73_start_flag                               bssBANK2     0002D8
_LM73_temp_results                             bssBANK2     0002DB
_NVMADRH                                       (abs)        000F7F
_NVMADRL                                       (abs)        000F7E
_NVMCON1bits                                   (abs)        000F81
_NVMCON2                                       (abs)        000F82
_NVMDAT                                        (abs)        000F80
_ODCONA                                        (abs)        000F0F
_ODCONB                                        (abs)        000F17
_ODCONC                                        (abs)        000F1F
_OLED_Clear                                    text108      01BE26
_OLED_Command                                  text107      01B402
_OLED_Frame                                    bssBANK2     0002D7
_OLED_Init                                     text106      01AD92
_OLED_PutChar                                  text109      01A776
_OLED_RAM_Buffer                               bssBANK3     000300
_OLED_UpdateFromRAMBuffer                      text102      019D34
_OLED_WriteString                              text105      01B69E
_OLED_YX                                       text104      01BC5E
_OLED_updateHandler                            text63       012E3C
_OLED_updateHandler$6035                       cstackBANK3  0003F3
_OLED_update_flag                              bssBANK2     0002D6
_OLED_update_time                              dataBANK0    0000FB
_OSCCON1                                       (abs)        000ED8
_OSCCON3                                       (abs)        000EDA
_OSCEN                                         (abs)        000EDC
_OSCFRQ                                        (abs)        000EDE
_OSCILLATOR_Initialize                         text50       01C622
_OSCTUNE                                       (abs)        000EDD
_OledFont                                      mediumconst  00E4AF
_PCON0bits                                     (abs)        000FD7
_PIE0bits                                      (abs)        000EC2
_PIE1bits                                      (abs)        000EC3
_PIE3bits                                      (abs)        000EC5
_PIE4bits                                      (abs)        000EC6
_PIE6bits                                      (abs)        000EC8
_PIN_MANAGER_IOC                               text156      01C6A6
_PIN_MANAGER_Initialize                        text47       01AC5A
_PIR0bits                                      (abs)        000ECA
_PIR1bits                                      (abs)        000ECB
_PIR3bits                                      (abs)        000ECD
_PIR4bits                                      (abs)        000ECE
_PIR6bits                                      (abs)        000ED0
_PIR7bits                                      (abs)        000ED1
_PMD0                                          (abs)        000EE1
_PMD1                                          (abs)        000EE2
_PMD2                                          (abs)        000EE3
_PMD3                                          (abs)        000EE4
_PMD4                                          (abs)        000EE5
_PMD5                                          (abs)        000EE6
_PMD_Initialize                                text46       01C54A
_PORTBbits                                     (abs)        000F8E
_PR2                                           (abs)        000FBC
_QIChargeIOCHandler                            text159      01C566
_QIErrorTimerHandler                           text150      01C650
_QIIdleChargedTimerHandler                     text124      01C4D0
_QIIdleIOCHandler                              text164      01C6BA
_QI_charge_time                                bssBANK2     0002D2
_QI_current_edge                               bssBANK1     000196
_RB4PPS                                        (abs)        000EF3
_RB5PPS                                        (abs)        000EF4
_RC2REG                                        (abs)        000E99
_RC2STA                                        (abs)        000E9D
_RC2STAbits                                    (abs)        000E9D
_RC4PPS                                        (abs)        000EFB
_RX2PPS                                        (abs)        000E8D
_SLRCONA                                       (abs)        000F0E
_SLRCONB                                       (abs)        000F16
_SLRCONC                                       (abs)        000F1E
_SP2BRGH                                       (abs)        000E9C
_SP2BRGL                                       (abs)        000E9B
_SSP2ADD                                       (abs)        000E93
_SSP2BUF                                       (abs)        000E92
_SSP2CLKPPS                                    (abs)        000E8F
_SSP2CON1                                      (abs)        000E96
_SSP2CON1bits                                  (abs)        000E96
_SSP2CON2bits                                  (abs)        000E97
_SSP2CON3                                      (abs)        000E98
_SSP2DATPPS                                    (abs)        000E90
_SSP2STAT                                      (abs)        000E95
_SYSTEM_Initialize                             text36       01BDE8
_T0CON0                                        (abs)        000FD5
_T0CON0bits                                    (abs)        000FD5
_T0CON1                                        (abs)        000FD6
_T1CLK                                         (abs)        000FD2
_T1CON                                         (abs)        000FCF
_T1CONbits                                     (abs)        000FCF
_T1GATE                                        (abs)        000FD1
_T1GCON                                        (abs)        000FD0
_T1GCONbits                                    (abs)        000FD0
_T2CLKCON                                      (abs)        000FBF
_T2CON                                         (abs)        000FBD
_T2CONbits                                     (abs)        000FBD
_T2HLT                                         (abs)        000FBE
_T2HLTbits                                     (abs)        000FBE
_T2PR                                          (abs)        000FBC
_T2RST                                         (abs)        000FC0
_T2RSTbits                                     (abs)        000FC0
_T2TMR                                         (abs)        000FBB
_T3CLK                                         (abs)        000FCC
_T3CON                                         (abs)        000FC9
_T3CONbits                                     (abs)        000FC9
_T3GATE                                        (abs)        000FCB
_T3GCON                                        (abs)        000FCA
_T3GCONbits                                    (abs)        000FCA
_T5CLK                                         (abs)        000FC6
_T5CON                                         (abs)        000FC3
_T5CONbits                                     (abs)        000FC3
_T5GATE                                        (abs)        000FC5
_T5GCON                                        (abs)        000FC4
_T5GCONbits                                    (abs)        000FC4
_TABLAT                                        (abs)        000FF5
_TBLPTRH                                       (abs)        000FF7
_TBLPTRL                                       (abs)        000FF6
_TBLPTRU                                       (abs)        000FF8
_TMR0H                                         (abs)        000FD4
_TMR0L                                         (abs)        000FD3
_TMR0_DefaultInterruptHandler                  text154      01C8FE
_TMR0_ISR                                      text153      01C308
_TMR0_Initialize                               text44       01C1E8
_TMR0_InterruptHandler                         bssBANK0     0000C9
_TMR0_SetInterruptHandler                      text45       01C7A0
_TMR1H                                         (abs)        000FCE
_TMR1L                                         (abs)        000FCD
_TMR1_DefaultInterruptHandler                  text151      01C8FC
_TMR1_ISR                                      text149      01C066
_TMR1_Initialize                               text42       01B938
_TMR1_InterruptHandler                         bssBANK1     00016E
_TMR1_Reload                                   text34       01C768
_TMR1_SetInterruptHandler                      text43       01C792
_TMR1_StartTimer                               text168      01C8E6
_TMR1_StopTimer                                text33       01C8D2
_TMR1_WriteTimer                               text35       01C470
_TMR2                                          (abs)        000FBB
_TMR2_DefaultInterruptHandler                  text131      01C8FA
_TMR2_ISR                                      text129      01C2E0
_TMR2_Initialize                               text40       01C09A
_TMR2_InterruptHandler                         bssBANK1     000174
_TMR2_SetInterruptHandler                      text41       01C784
_TMR2_Start                                    text209      01C8EA
_TMR2_StartTimer                               text208      01C8C4
_TMR2_Stop                                     text133      01C8DA
_TMR2_StopTimer                                text132      01C8B8
_TMR3H                                         (abs)        000FC8
_TMR3L                                         (abs)        000FC7
_TMR3_DefaultInterruptHandler                  text125      01C8F8
_TMR3_ISR                                      text123      01C032
_TMR3_Initialize                               text38       01B8E8
_TMR3_InterruptHandler                         bssBANK1     000171
_TMR3_Reload                                   text31       01C75A
_TMR3_SetInterruptHandler                      text39       01C776
_TMR3_StartTimer                               text167      01C8E2
_TMR3_StopTimer                                text30       01C8CE
_TMR3_WriteTimer                               text32       01C450
_TMR5H                                         (abs)        000FC2
_TMR5L                                         (abs)        000FC1
_TMR5_Initialize                               text37       01BEA0
_TMR5_StopTimer                                text29       01C8CA
_TMR5_WriteTimer                               text28       01C430
_TRISA                                         (abs)        000F88
_TRISB                                         (abs)        000F89
_TRISC                                         (abs)        000F8A
_TX2REG                                        (abs)        000E9A
_TX2STA                                        (abs)        000E9E
_TX2STAbits                                    (abs)        000E9E
_WPUA                                          (abs)        000F10
_WPUB                                          (abs)        000F18
_WPUC                                          (abs)        000F20
_WPUE                                          (abs)        000F2D
__CFG_BOREN$SBORDIS                            (abs)        000000
__CFG_BORV$VBOR_2P45                           (abs)        000000
__CFG_CLKOUTEN$OFF                             (abs)        000000
__CFG_CP$OFF                                   (abs)        000000
__CFG_CPD$OFF                                  (abs)        000000
__CFG_CSWEN$ON                                 (abs)        000000
__CFG_DEBUG$OFF                                (abs)        000000
__CFG_EBTR0$OFF                                (abs)        000000
__CFG_EBTR1$OFF                                (abs)        000000
__CFG_EBTR2$OFF                                (abs)        000000
__CFG_EBTR3$OFF                                (abs)        000000
__CFG_EBTR4$OFF                                (abs)        000000
__CFG_EBTR5$OFF                                (abs)        000000
__CFG_EBTR6$OFF                                (abs)        000000
__CFG_EBTR7$OFF                                (abs)        000000
__CFG_EBTRB$OFF                                (abs)        000000
__CFG_FCMEN$ON                                 (abs)        000000
__CFG_FEXTOSC$OFF                              (abs)        000000
__CFG_IDLOC0$                                  (abs)        00000D
__CFG_IDLOC1$                                  (abs)        00000E
__CFG_IDLOC2$                                  (abs)        00000A
__CFG_IDLOC3$                                  (abs)        00000D
__CFG_IDLOC4$                                  (abs)        00000B
__CFG_IDLOC5$                                  (abs)        00000E
__CFG_IDLOC6$                                  (abs)        00000E
__CFG_IDLOC7$                                  (abs)        00000F
__CFG_LPBOREN$OFF                              (abs)        000000
__CFG_LVP$OFF                                  (abs)        000000
[...]
 Defined at:
		line 130 in file "mcc_generated_files/adcc.c"
 Parameters:    Size  Location     Type
		None
 Auto vars:     Size  Location     Type
		None
 Return value:  Size  Location     Type
                  2    0[COMRAM] unsigned int 
 Registers used:
		wreg, status,2, status,0
 Tracked objects:
		On entry : 
		On exit  : 
		Unchanged: 
 Data sizes:     COMRAM   BANK0   BANK1   BANK2   BANK3   BANK4   BANK5   BANK6   BANK7   BANK8   BANK9  BANK10  BANK11  BANK12  BANK13  BANK14
      Params:         2       0       0       0       0       0       0       0       0       0       0       0       0       0       0       0
      Locals:         0       0       0       0       0       0       0       0       0       0       0       0       0       0       0       0
      Temps:          2       0       0       0       0       0       0       0       0       0       0       0       0       0       0       0
      Totals:         4       0       0       0       0       0       0       0       0       0       0       0       0       0       0       0
Total ram usage:        4 bytes
 Hardware stack levels used:    1
 This function calls:
		Nothing
 This function is called by:
		_ADC_PostProcessingHandler
 This function uses a non-reentrant model



MODULE INFORMATION

Module		Function		Class		Link	Load	Size
C:\Program Files (x86)\Microchip\xc8\v2.05\pic\sources\c90\common\isdigit.c
		_isdigit       		CODE           	1C40E	0000	35

C:\Program Files (x86)\Microchip\xc8\v2.05\pic\sources\c90\common\isdigit.c estimated size: 35

C:\Program Files (x86)\Microchip\xc8\v2.05\pic\sources\c90\common\doprnt.c
		_scale         		CODE           	15444	0000	1077
		_fround        		CODE           	17CE6	0000	707
		__doprnt       		CODE           	10000	0000	5925

C:\Program Files (x86)\Microchip\xc8\v2.05\pic\sources\c90\common\doprnt.c estimated size: 7709

C:\Program Files (x86)\Microchip\xc8\v2.05\pic\sources\c90\common\sprcadd.c
		___flsub       		CODE           	1BAB8	0000	73
		___fladd       		CODE           	170EE	0000	783

C:\Program Files (x86)\Microchip\xc8\v2.05\pic\sources\c90\common\sprcadd.c estimated size: 856

C:\Program Files (x86)\Microchip\xc8\v2.05\pic\sources\c90\common\llmod.c
		___llmod       		CODE           	1B334	0000	105

C:\Program Files (x86)\Microchip\xc8\v2.05\pic\sources\c90\common\llmod.c estimated size: 105

NXQ_charge_state.c
		_QIIdleChargedTimerHandler		CODE           	1C4D0	0000	33
		_getNXQChargeStateString		CODE           	1B58C	0000	93
		_QIChargeIOCHandler		CODE           	1C566	0000	29
		_getNXQChargeStateStringCaps		CODE           	1B5E8	0000	93
		_QIErrorTimerHandler		CODE           	1C650	0000	23
		_QIIdleIOCHandler		CODE           	1C6BA	0000	21

NXQ_charge_state.c estimated size: 292

mcc_generated_files/eusart2.c
		_putch         		CODE           	1C692	0000	21
		_EUSART2_Read  		CODE           	1BDAA	0000	63
		_EUSART2_Write 		CODE           	1B6F6	0000	87
		_EUSART2_Receive_ISR		CODE           	1AB14	0000	165
		_EUSART2_Transmit_ISR		CODE           	1BBD4	0000	71
		_EUSART2_SetRxInterruptHandler		CODE           	1C7F4	0000	15
		_EUSART2_SetTxInterruptHandler		CODE           	1C7E6	0000	15
		_EUSART2_Initialize		CODE           	1B1E0	0000	115

mcc_generated_files/eusart2.c estimated size: 552

mcc_generated_files/fvr.c
		_FVR_Initialize		CODE           	1C854	0000	13

mcc_generated_files/fvr.c estimated size: 13

error_handling.c
		_updateErrorLEDs		CODE           	1BB48	0000	71
		_getADCError   		CODE           	1C63A	0000	23
		_clearADCErrors		CODE           	1C73A	0000	17
		_clearUARTErrors		CODE           	1C848	0000	13
		_clearI2CErrors		CODE           	1C52E	0000	29
		_getI2CError   		CODE           	1C290	0000	41
		_getUARTError  		CODE           	1C8B2	0000	7

error_handling.c estimated size: 201

mcc_generated_files/tmr2.c
		_TMR2_ISR      		CODE           	1C2E0	0000	41
		_TMR2_Initialize		CODE           	1C09A	0000	51
		_TMR2_Stop     		CODE           	1C8DA	0000	5
		_TMR2_Start    		CODE           	1C8EA	0000	5
		_TMR2_SetInterruptHandler		CODE           	1C784	0000	15
		_TMR2_StopTimer		CODE           	1C8B8	0000	7
		_TMR2_DefaultInterruptHandler		CODE           	1C8FA	0000	3
		_TMR2_StartTimer		CODE           	1C8C4	0000	7

mcc_generated_files/tmr2.c estimated size: 134

mcc_generated_files/interrupt_manager.c
		_INTERRUPT_Initialize		CODE           	1C490	0000	33
		_INTERRUPT_InterruptManagerLow		CODE           	0018	0000	139
		_INTERRUPT_InterruptManagerHigh		CODE           	0008	0000	239

mcc_generated_files/interrupt_manager.c estimated size: 411

C:\Program Files (x86)\Microchip\xc8\v2.05\pic\sources\c90\common\sprintf.c
		_sprintf       		CODE           	1BA70	0000	73

C:\Program Files (x86)\Microchip\xc8\v2.05\pic\sources\c90\common\sprintf.c estimated size: 73

heartbeat_timer.c
		_getStringSecondsAsTime		CODE           	15C90	0000	935
		_getYearsFromOnTime		CODE           	1C0FC	0000	49
		_getHoursFromOnTime		CODE           	1A332	0000	241
		_heartbeatTimerHandler		CODE           	196BE	0000	351
		_getDaysFromOnTime		CODE           	1AE2A	0000	145
		_getSecondsFromOnTime		CODE           	19544	0000	379
		_getMinutesFromOnTime		CODE           	1981C	0000	337

heartbeat_timer.c estimated size: 2437

C:\Program Files (x86)\Microchip\xc8\v2.05\pic\sources\c90\common\awmod.c
		___awmod       		CODE           	1B252	0000	115

C:\Program Files (x86)\Microchip\xc8\v2.05\pic\sources\c90\common\awmod.c estimated size: 115

terminal_control.c
		_terminalTextAttributesReset		CODE           	1C72A	0000	17
		_terminalClearScreen		CODE           	1C71A	0000	17
		_terminalTextAttributes		CODE           	16036	0000	871
		_terminalSetCursorHome		CODE           	1C74A	0000	17

terminal_control.c estimated size: 922

adc_postprocessing.c
		_ADC_acquisitionTimerHandler		CODE           	1C5D4	0000	27
		_ADC_PostProcessingHandler		CODE           	14082	0000	2421

adc_postprocessing.c estimated size: 2448

mcc_generated_files/tmr0.c
		_TMR0_SetInterruptHandler		CODE           	1C7A0	0000	15
		_TMR0_DefaultInterruptHandler		CODE           	1C8FE	0000	3
		_TMR0_ISR      		CODE           	1C308	0000	41
		_TMR0_Initialize		CODE           	1C1E8	0000	43

mcc_generated_files/tmr0.c estimated size: 102

C:\Program Files (x86)\Microchip\xc8\v2.05\pic\sources\c90\common\ftdivl.c
		__tdiv_to_l_   		CODE           	19E56	0000	257

C:\Program Files (x86)\Microchip\xc8\v2.05\pic\sources\c90\common\ftdivl.c estimated size: 257

mcc_generated_files/pin_manager.c
		_IOCBF3_DefaultInterruptHandler		CODE           	1C900	0000	3
		_PIN_MANAGER_Initialize		CODE           	1AC5A	0000	161
		_IOCBF3_ISR    		CODE           	1C23C	0000	43
		_IOCBF2_SetInterruptHandler		CODE           	1C7BC	0000	15
		_IOCBF3_SetInterruptHandler		CODE           	1C7AE	0000	15
		_IOCBF2_DefaultInterruptHandler		CODE           	1C902	0000	3
		_PIN_MANAGER_IOC		CODE           	1C6A6	0000	21
		_IOCBF2_ISR    		CODE           	1C266	0000	43

mcc_generated_files/pin_manager.c estimated size: 304

C:\Program Files (x86)\Microchip\xc8\v2.05\pic\sources\c90\common\lwdiv.c
		___lwdiv       		CODE           	1B74C	0000	85

C:\Program Files (x86)\Microchip\xc8\v2.05\pic\sources\c90\common\lwdiv.c estimated size: 85

C:\Program Files (x86)\Microchip\xc8\v2.05\pic\sources\c90\common\fltol.c
		___fltol       		CODE           	1A83A	0000	189

C:\Program Files (x86)\Microchip\xc8\v2.05\pic\sources\c90\common\fltol.c estimated size: 189

cap_touch_int.c
		_leftCapTouchHandler		CODE           	1C67C	0000	23
		_rightCapTouchHandler		CODE           	1C666	0000	23

cap_touch_int.c estimated size: 46

C:\Program Files (x86)\Microchip\xc8\v2.05\pic\sources\c90\common\Umul16.c
		___wmul        		CODE           	1C2B8	0000	41

C:\Program Files (x86)\Microchip\xc8\v2.05\pic\sources\c90\common\Umul16.c estimated size: 41

device_IDs.c
		_getDeviceID   		CODE           	1C4B0	0000	33
		_getUserID     		CODE           	1BFFE	0000	53
		_getMinorRevisionID		CODE           	1C358	0000	39
		_getDeviceIDString		CODE           	1ACFA	0000	153
		_getMajorRevisionID		CODE           	1BEDC	0000	61

device_IDs.c estimated size: 339

C:\Program Files (x86)\Microchip\xc8\v2.05\pic\sources\c90\common\fldivl.c
		__div_to_l_    		CODE           	1A054	0000	247

C:\Program Files (x86)\Microchip\xc8\v2.05\pic\sources\c90\common\fldivl.c estimated size: 247

C:\Program Files (x86)\Microchip\xc8\v2.05\pic\sources\c90\common\flge.c
		___flge        		CODE           	1A50A	0000	211

C:\Program Files (x86)\Microchip\xc8\v2.05\pic\sources\c90\common\flge.c estimated size: 211

mcc_generated_files/ccp2.c
		_CCP2_CallBack 		CODE           	1BD6A	0000	65
		_CCP2_CaptureISR		CODE           	1C608	0000	27
		_CCP2_Initialize		CODE           	1C3EC	0000	35

mcc_generated_files/ccp2.c estimated size: 127

C:\Program Files (x86)\Microchip\xc8\v2.05\pic\sources\c90\common\printf.c
		_printf        		CODE           	1BE64	0000	61

C:\Program Files (x86)\Microchip\xc8\v2.05\pic\sources\c90\common\printf.c estimated size: 61

mcc_generated_files/ext_int.c
		_INT1_SetInterruptHandler		CODE           	1C7D8	0000	15
		_EXT_INT_Initialize		CODE           	1BF90	0000	57
		_INT2_SetInterruptHandler		CODE           	1C7CA	0000	15
		_INT1_DefaultInterruptHandler		CODE           	1C906	0000	3
		_INT1_CallBack 		CODE           	1C3C8	0000	37
		_INT2_DefaultInterruptHandler		CODE           	1C904	0000	3
		_INT2_CallBack 		CODE           	1C3A4	0000	37
		_INT1_ISR      		CODE           	1C896	0000	11
		_INT2_ISR      		CODE           	1C88C	0000	11

mcc_generated_files/ext_int.c estimated size: 189

C:\Program Files (x86)\Microchip\xc8\v2.05\pic\sources\c90\common\awdiv.c
		___awdiv       		CODE           	1AFD0	0000	135

C:\Program Files (x86)\Microchip\xc8\v2.05\pic\sources\c90\common\awdiv.c estimated size: 135

LM73_I2C.c
		_LM73TempSensorInitialize		CODE           	18EEC	0000	569
		_LM73Convert   		CODE           	189F2	0000	645
		_LM73AcquisitionHandler		CODE           	19124	0000	557

LM73_I2C.c estimated size: 1771

freq_meas.c
		_freqMeasStartCaptures		CODE           	1C878	0000	11
		_freqMeasConvert		CODE           	1A6AC	0000	203

freq_meas.c estimated size: 214

mcc_generated_files/tmr5.c
		_TMR5_Initialize		CODE           	1BEA0	0000	61
		_TMR5_StopTimer		CODE           	1C8CA	0000	5
		_TMR5_WriteTimer		CODE           	1C430	0000	33

mcc_generated_files/tmr5.c estimated size: 99

shared
		i2_printf      		CODE           	1BF18	0000	61
		i1_TMR3_Reload 		CODE           	1C810	0000	15
		i2_TMR3_Reload 		CODE           	1C83A	0000	15
		_OledFont      		MEDIUMCONST    	E4AF	0000	769
		i1_TMR3_StopTimer		CODE           	1C8D6	0000	5
		i2_putch       		CODE           	1C8A0	0000	11
		i2___fleq      		CODE           	1AF46	0000	139
		__powers_      		MEDIUMCONST    	E427	0000	53
		i1_TMR3_WriteTimer		CODE           	1C4F0	0000	33
		_dpowers       		MEDIUMCONST    	E7AF	0000	41
		i2_TMR3_WriteTimer		CODE           	1C59E	0000	29
		i2___lwdiv     		CODE           	1B846	0000	83
		i2_isdigit     		CODE           	1C510	0000	31
		i2___flneg     		CODE           	1C1BA	0000	47
		i2___awdiv     		CODE           	1B0DA	0000	133
		i1___fladd     		CODE           	173FC	0000	783
		i2_TMR1_Reload 		CODE           	1C82C	0000	15
		i2___fladd     		CODE           	1770A	0000	783
		i2__tdiv_to_l_ 		CODE           	19F56	0000	255
		i2___wmul      		CODE           	1C37E	0000	39
		i2_TMR1_StopTimer		CODE           	1C8DE	0000	5
		i2__doprnt     		CODE           	11724	0000	5913
		i1___fldiv     		CODE           	184E0	0000	651
		i2___fldiv     		CODE           	1876A	0000	649
		i2__div_to_l_  		CODE           	1A23E	0000	245
		__npowers_     		MEDIUMCONST    	E45B	0000	53
		i2___lwmod     		CODE           	1BD28	0000	67
		i2___fltol     		CODE           	1A8F6	0000	187
		i2_scale       		CODE           	15878	0000	1049
		i2___lldiv     		CODE           	1B15E	0000	131
		__initialization		CODE           	1A9B0	0000	173
		i2___flge      		CODE           	1A5DC	0000	209
		i2___awmod     		CODE           	1B2C4	0000	113
		i2_TMR1_WriteTimer		CODE           	1C582	0000	29
		i2_EUSART2_Write		CODE           	1B7A0	0000	85
		i1___flmul     		CODE           	16A48	0000	853
		i2___flmul     		CODE           	16D9C	0000	851
		_hexpowers     		MEDIUMCONST    	E48F	0000	33
		i2___llmod     		CODE           	1B468	0000	103
		i1___xxtofl    		CODE           	19AB0	0000	325
		i2___xxtofl    		CODE           	19BF4	0000	321
		i2___flsub     		CODE           	1BB00	0000	73
		_temp_adc_offset		MEDIUMCONST    	0000	0000	0
		i2_fround      		CODE           	17FA8	0000	687

shared estimated size: 16145

C:\Program Files (x86)\Microchip\xc8\v2.05\pic\sources\c90\common\sprcmul.c
		___flmul       		CODE           	166F4	0000	853

C:\Program Files (x86)\Microchip\xc8\v2.05\pic\sources\c90\common\sprcmul.c estimated size: 853

C:\Program Files (x86)\Microchip\xc8\v2.05\pic\sources\c90\common\strncpy.c
		_strncpy       		CODE           	1B39C	0000	103

C:\Program Files (x86)\Microchip\xc8\v2.05\pic\sources\c90\common\strncpy.c estimated size: 103

mcc_generated_files/mcc.c
		_PMD_Initialize		CODE           	1C54A	0000	29
		_OSCILLATOR_Initialize		CODE           	1C622	0000	25
		_SYSTEM_Initialize		CODE           	1BDE8	0000	63

mcc_generated_files/mcc.c estimated size: 117

ring_buffer_interface.c
		_terminal_ringBufferPull		CODE           	1A14A	0000	245

ring_buffer_interface.c estimated size: 245

mcc_generated_files/tmr3.c
		_TMR3_ISR      		CODE           	1C032	0000	53
		_TMR3_Initialize		CODE           	1B8E8	0000	81
		_TMR3_SetInterruptHandler		CODE           	1C776	0000	15
		_TMR3_StopTimer		CODE           	1C8CE	0000	5
		_TMR3_Reload   		CODE           	1C75A	0000	15
		_TMR3_DefaultInterruptHandler		CODE           	1C8F8	0000	3
		_TMR3_WriteTimer		CODE           	1C450	0000	33
		_TMR3_StartTimer		CODE           	1C8E2	0000	5

mcc_generated_files/tmr3.c estimated size: 210

C:\Program Files (x86)\Microchip\xc8\v2.05\pic\sources\c90\common\abs.c
		_abs           		CODE           	1C212	0000	43

C:\Program Files (x86)\Microchip\xc8\v2.05\pic\sources\c90\common\abs.c estimated size: 43

C:\Program Files (x86)\Microchip\xc8\v2.05\pic\sources\c90\common\sprcdiv.c
		___fldiv       		CODE           	18256	0000	651

C:\Program Files (x86)\Microchip\xc8\v2.05\pic\sources\c90\common\sprcdiv.c estimated size: 651

C:\Program Files (x86)\Microchip\xc8\v2.05\pic\sources\c90\common\strcat.c
		_strcat        		CODE           	1B52E	0000	95

C:\Program Files (x86)\Microchip\xc8\v2.05\pic\sources\c90\common\strcat.c estimated size: 95

C:\Program Files (x86)\Microchip\xc8\v2.05\pic\sources\c90\common\flneg.c
		___flneg       		CODE           	1C15C	0000	49

C:\Program Files (x86)\Microchip\xc8\v2.05\pic\sources\c90\common\flneg.c estimated size: 49

C:\Program Files (x86)\Microchip\xc8\v2.05\pic\sources\c90\common\fabs.c
		_fabs          		CODE           	1BF54	0000	61

C:\Program Files (x86)\Microchip\xc8\v2.05\pic\sources\c90\common\fabs.c estimated size: 61

cause_of_reset.c
		_getCauseOfResetStringSmall		CODE           	1C12C	0000	49
		_getCauseOfResetString		CODE           	1C0CC	0000	49
		_getCauseOfReset		CODE           	1B644	0000	91

cause_of_reset.c estimated size: 189

mcc_generated_files/tmr1.c
		_TMR1_Initialize		CODE           	1B938	0000	81
		_TMR1_SetInterruptHandler		CODE           	1C792	0000	15
		_TMR1_StopTimer		CODE           	1C8D2	0000	5
		_TMR1_Reload   		CODE           	1C768	0000	15
		_TMR1_DefaultInterruptHandler		CODE           	1C8FC	0000	3
		_TMR1_WriteTimer		CODE           	1C470	0000	33
		_TMR1_StartTimer		CODE           	1C8E6	0000	5
		_TMR1_ISR      		CODE           	1C066	0000	53

mcc_generated_files/tmr1.c estimated size: 210

C:\Program Files (x86)\Microchip\xc8\v2.05\pic\sources\c90\common\memmove.c
		_memmove       		CODE           	1AA66	0000	175

C:\Program Files (x86)\Microchip\xc8\v2.05\pic\sources\c90\common\memmove.c estimated size: 175

mcc_generated_files/i2c2.c
		_I2C2_BusCollisionISR		CODE           	1C860	0000	13
		_I2C2_MasterRead		CODE           	1B9D8	0000	81
		_I2C2_FunctionComplete		CODE           	1C5EE	0000	27
		_I2C2_MasterWriteTRBBuild		CODE           	1BB8E	0000	71
		_I2C2_ISR      		CODE           	18C76	0000	631
		_I2C2_MasterWrite		CODE           	1B988	0000	81
		_I2C2_Initialize		CODE           	1BFC8	0000	55
		_I2C2_Stop     		CODE           	1BCA2	0000	69
		_I2C2_MasterReadTRBBuild		CODE           	1B7F4	0000	83
		_I2C2_WaitForLastPacketToComplete		CODE           	1C882	0000	11
		_I2C2_MasterTRBInsert		CODE           	1ABB8	0000	163

mcc_generated_files/i2c2.c estimated size: 1285

C:\Program Files (x86)\Microchip\xc8\v2.05\pic\sources\c90\common\xxtofl.c
		___xxtofl      		CODE           	1996C	0000	325

C:\Program Files (x86)\Microchip\xc8\v2.05\pic\sources\c90\common\xxtofl.c estimated size: 325

oled.c
		_OLED_Clear    		CODE           	1BE26	0000	63
		_OLED_Command  		CODE           	1B402	0000	103
		_OLED_WriteString		CODE           	1B69E	0000	89
		_OLED_UpdateFromRAMBuffer		CODE           	19D34	0000	291
		_OLED_Init     		CODE           	1AD92	0000	153
		_OLED_updateHandler		CODE           	12E3C	0000	4679
		_OLED_PutChar  		CODE           	1A776	0000	197
		_OLED_YX       		CODE           	1BC5E	0000	69

oled.c estimated size: 5644

mcc_generated_files/memory.c
		_FLASH_ReadWord		CODE           	1BCE6	0000	67
		_FLASH_ReadByte		CODE           	1C5BA	0000	27

mcc_generated_files/memory.c estimated size: 94

ring_buffer_LUT.c
		_ringBufferLUT 		CODE           	149F6	0000	1463
		_printErrorHandlerStatus		CODE           	19350	0000	501
		_floatToEngineeringFormat		CODE           	1639C	0000	857
		_printCurrentMeasurements		CODE           	14FAC	0000	1177

ring_buffer_LUT.c estimated size: 3998

C:\Program Files (x86)\Microchip\xc8\v2.05\pic\sources\c90\common\strlen.c
		_strlen        		CODE           	1C18C	0000	47

C:\Program Files (x86)\Microchip\xc8\v2.05\pic\sources\c90\common\strlen.c estimated size: 47

mcc_generated_files/adcc.c
		_ADCC_StopConversion		CODE           	1C8EE	0000	5
		_ADCC_DefaultInterruptHandler		CODE           	1C908	0000	3
		_ADCC_ClearAccumulator		CODE           	1C8BE	0000	7
		_ADCC_GetFilterValue		CODE           	1C6CE	0000	21
		_ADCC_GetCurrentCountofConversions		CODE           	1C8F2	0000	5
		_ADCC_SetADTIInterruptHandler		CODE           	1C802	0000	15
		_ADCC_GetConversionResult		CODE           	1C6E2	0000	21
		_ADCC_ThresholdISR		CODE           	1C330	0000	41
		_ADCC_StartConversion		CODE           	1C81E	0000	15
		_ADCC_Initialize		CODE           	1B4CE	0000	97
		_ADCC_HasAccumulatorOverflowed		CODE           	1C86C	0000	13
		_ADCC_DischargeSampleCapacitor		CODE           	1C8AA	0000	9

mcc_generated_files/adcc.c estimated size: 252

C:\Program Files (x86)\Microchip\xc8\v2.05\pic\sources\c90\common\strcmp.c
		_strcmp        		CODE           	1B898	0000	81

C:\Program Files (x86)\Microchip\xc8\v2.05\pic\sources\c90\common\strcmp.c estimated size: 81

C:\Program Files (x86)\Microchip\xc8\v2.05\pic\sources\c90\common\strcpy.c
		_strcpy        		CODE           	1BA28	0000	73

C:\Program Files (x86)\Microchip\xc8\v2.05\pic\sources\c90\common\strcpy.c estimated size: 73

C:\Program Files (x86)\Microchip\xc8\v2.05\pic\sources\c90\common\__lldiv.c
		___lldiv       		CODE           	1B056	0000	133

C:\Program Files (x86)\Microchip\xc8\v2.05\pic\sources\c90\common\__lldiv.c estimated size: 133

main.c
		_main          		CODE           	17A18	0000	719

main.c estimated size: 719

C:\Program Files (x86)\Microchip\xc8\v2.05\pic\sources\c90\common\fleq.c
		___fleq        		CODE           	1AEBA	0000	141

C:\Program Files (x86)\Microchip\xc8\v2.05\pic\sources\c90\common\fleq.c estimated size: 141

C:\Program Files (x86)\Microchip\xc8\v2.05\pic\sources\c90\common\lwmod.c
		___lwmod       		CODE           	1BC1A	0000	69

C:\Program Files (x86)\Microchip\xc8\v2.05\pic\sources\c90\common\lwmod.c estimated size: 69

