Microchip MPLAB XC8 Compiler V2.05 ()

Linker command line:

-W-3 --edf=C:\Program Files (x86)\Microchip\xc8\v2.05\pic\dat\en_msgs.txt \
  -cs -h+dist/default/production\QI_Monitor.X.production.sym \
  --cmf=dist/default/production\QI_Monitor.X.production.cmf -z -Q18F27K40 \
  -oC:\Users\DREWMA~1\AppData\Local\Temp\sajo.2 --defsym=__MPLAB_BUILD=1 \
  -Mdist/default/production/QI_Monitor.X.production.map -E1 -ver=XC8 \
  --acfsm=1493 -ASTACK=0934h-0E87h -pstack=STACK -ACODE=00h-01FFFFh \
  -ACONST=00h-01FFFFh -ASMALLCONST=0F00h-0FFFhx497 \
  -AMEDIUMCONST=0F00h-0FFFFh,010F00h-01FFFFh -ACOMRAM=01h-05Fh \
  -AABS1=00h-0E87h -ABIGRAM=01h-0E87h \
  -ARAM=060h-0FFh,0100h-01FFhx13,0E00h-0E87h -ABANK0=060h-0FFh \
  -ABANK1=0100h-01FFh -ABANK2=0200h-02FFh -ABANK3=0300h-03FFh \
  -ABANK4=0400h-04FFh -ABANK5=0500h-05FFh -ABANK6=0600h-06FFh \
  -ABANK7=0700h-07FFh -ABANK8=0800h-08FFh -ABANK9=0900h-09FFh \
  -ABANK10=0A00h-0AFFh -ABANK11=0B00h-0BFFh -ABANK12=0C00h-0CFFh \
  -ABANK13=0D00h-0DFFh -ABANK14=0E00h-0E87h \
  -ASFR=0E8Dh-0EFFh,0F00h-0F5Fh,0F60h-0FFFh \
  -preset_vec=00h,intcode=08h,intcodelo=018h,powerup,init -pramtop=0F00h \
  -psmallconst=SMALLCONST -pmediumconst=MEDIUMCONST -pconst=CONST \
  -AFARRAM=00h-00h -ACONFIG=0300000h-030000Bh -pconfig=CONFIG \
  -AIDLOC=0200000h-020000Fh -pidloc=IDLOC -AEEDATA=0310000h-03103FFh \
  -peeprom_data=EEDATA \
  -prdata=COMRAM,nvrram=COMRAM,nvbit=COMRAM,rbss=COMRAM,rbit=COMRAM \
  -pfarbss=FARRAM,fardata=FARRAM,nvFARRAM=FARRAM \
  -pintsave_regs=BIGRAM,bigbss=BIGRAM,bigdata=BIGRAM -pbss=RAM \
  -pidata=CODE,irdata=CODE,ibigdata=CODE,ifardata=CODE -prparam=COMRAM \
  C:\Users\DREWMA~1\AppData\Local\Temp\sajo.o \
  dist/default/production\QI_Monitor.X.production.o 

Object code version is 3.11

Machine type is 18F27K40

Call graph: (short form)




                Name                               Link     Load   Length Selector   Space Scale
C:\Users\DREWMA~1\AppData\Local\Temp\sajo.o
                init                                 A2       A2        4        C       0
                reset_vec                             0        0        4        0       0
                idloc                            200000   200000       10   200000       0
                config                           300000   300000        C   300000       0
dist/default/production\QI_Monitor.X.production.o
                intcodelo                            18       18       8A        C       0
                intcode                               8        8        6        4       0
                temp                                 5F       5F        1        1       1
                mediumconst                        D91E     D91E     26E2     6C8F       0
                text225                           1E9B8    1E9B8       14     F32F       0
                text224                           1EBA4    1EBA4        4     F32F       0
                text223                           1E9A4    1E9A4       14     F32F       0
                text222                           1EB1E    1EB1E        C     F32F       0
                text221                           1EBA0    1EBA0        4     F32F       0
                text220                           1EB9C    1EB9C        4     F32F       0
                text219                           1EB76    1EB76        6     F32F       0
                text218                           1E44E    1E44E       2E     8000       0
                text217                           1E1E8    1E1E8       3C     8000       0
                text216                           1A76C    1A76C      288     8000       0
                text215                           1C896    1C896       D0     8000       0
                text214                           181C6    181C6      352     8000       0
                text213                           19150    19150      30E     8000       0
                text212                           1DD16    1DD16       48     8000       0
                text211                           1BDDC    1BDDC      140     8000       0
                text210                           1426E    1426E      974     8000       0
                text209                           1EBB8    1EBB8        2     F32F       0
                text208                           1E5C4    1E5C4       28     8000       0
                text207                           1D118    1D118       8A     8000       0
                text206                           1CAE6    1CAE6       BA     8000       0
                text205                           1D330    1D330       82     8000       0
                text204                           1D63A    1D63A       66     8000       0
                text203                           1E612    1E612       26     8000       0
                text202                           1C426    1C426       F4     8000       0
                text201                           1C13E    1C13E       FE     8000       0
                text200                           1D9C0    1D9C0       52     8000       0
                text199                           1DF40    1DF40       42     8000       0
                text198                           19D04    19D04      2AE     8000       0
                text197                           1E7CA    1E7CA       1E     F32F       0
                text196                           1D91A    1D91A       54     8000       0
                text195                           1EB52    1EB52        A     F32F       0
                text194                           1D2AC    1D2AC       84     8000       0
                text193                           1D496    1D496       70     8000       0
                text192                           16BE6    16BE6      418     8000       0
                text191                           11724    11724     1718     8000       0
                text190                           1E1AC    1E1AC       3C     8000       0
                text189                           1CC4E    1CC4E       A4     8000       0
                text188                           1DE30    1DE30       46     8000       0
                text187                           1E952    1E952       16     F32F       0
                text186                           1EBB6    1EBB6        2     F32F       0
                text185                           1E682    1E682       24     F32F       0
                text184                           1EB48    1EB48        A     F32F       0
                text183                           1E93C    1E93C       16     F32F       0
                text182                           1EBB4    1EBB4        2     F32F       0
                text181                           1E65E    1E65E       24     F32F       0
                text180                           1EB3E    1EB3E        A     F32F       0
                text179                           1EB98    1EB98        4     F32F       0
                text178                           1EB94    1EB94        4     F32F       0
                text177                           1E874    1E874       1C     F32F       0
                text176                           1EAEC    1EAEC        E     F32F       0
                text175                           1E990    1E990       14     F32F       0
                text174                           1EBB2    1EBB2        2     F32F       0
                text173                           1E4FA    1E4FA       2A     8000       0
                text172                           1E858    1E858       1C     F32F       0
                text171                           1EADE    1EADE        E     F32F       0
                text170                           1E83C    1E83C       1C     F32F       0
                text169                           1EBB0    1EBB0        2     F32F       0
                text168                           1E4D0    1E4D0       2A     8000       0
                text167                           1E97C    1E97C       14     F32F       0
                text166                           1B6F8    1B6F8      192     8000       0
                text165                           1EBAE    1EBAE        2     F32F       0
                text164                           1E59C    1E59C       28     8000       0
                text163                           1EB90    1EB90        4     F32F       0
                text162                           1EBAC    1EBAC        2     F32F       0
                text161                           1E926    1E926       16     F32F       0
                text160                           1E2FA    1E2FA       34     8000       0
                intcode_body                      1C60A    1C60A       E8     8000       0
                text158                           18E42    18E42      30E     8000       0
                text157                           1A4E2    1A4E2      28A     8000       0
                text156                           17E72    17E72      354     8000       0
                text155                           1BC98    1BC98      144     8000       0
                text154                           1C7C4    1C7C4       D2     8000       0
                text153                           1DF82    1DF82       40     8000       0
                text152                           1E8DE    1E8DE       1A     F32F       0
                text151                           1EB12    1EB12        C     F32F       0
                text150                           1E820    1E820       1C     F32F       0
                text149                           1DDEA    1DDEA       46     8000       0
                text148                           1AC78    1AC78      284     8000       0
                text147                           1EB70    1EB70        6     F32F       0
                text146                           1EB5C    1EB5C        8     F32F       0
                text145                           1EAD0    1EAD0        E     F32F       0
                text144                           1EB8C    1EB8C        4     F32F       0
                text143                           1EB6A    1EB6A        6     F32F       0
                text142                           1EBAA    1EBAA        2     F32F       0
                text141                           1E8C4    1E8C4       1A     F32F       0
                text140                           1E574    1E574       28     8000       0
                text139                           1E7AA    1E7AA       20     F32F       0
                text138                           1EAC2    1EAC2        E     F32F       0
                text137                           1EB88    1EB88        4     F32F       0
                text136                           1EBA8    1EBA8        2     F32F       0
                text135                           1E78A    1E78A       20     F32F       0
                text134                           1E2C6    1E2C6       34     8000       0
                text132                           1D96E    1D96E       52     8000       0
                text131                           1EB34    1EB34        A     F32F       0
                text130                           1CCF2    1CCF2       A2     8000       0
                text129                           1DBA2    1DBA2       50     8000       0
                text128                           1DDA4    1DDA4       46     8000       0
                text127                           1DB52    1DB52       50     8000       0
                text126                           17B1E    17B1E      354     8000       0
                text125                           1BB54    1BB54      144     8000       0
                text124                           1A9F4    1A9F4      284     8000       0
                text123                           1B134    1B134      22C     8000       0
                text122                           1AEFC    1AEFC      238     8000       0
                text121                           1CBA0    1CBA0       AE     8000       0
                text120                           1C966    1C966       C4     8000       0
                text119                           1E0BA    1E0BA       3E     8000       0
                text118                           1D5D4    1D5D4       66     8000       0
                text117                           1CF64    1CF64       98     8000       0
                text116                           1E07C    1E07C       3E     8000       0
                text115                           1DEBA    1DEBA       44     8000       0
                text114                           1E420    1E420       2E     8000       0
                text113                           1BF1C    1BF1C      122     8000       0
                text112                           1E4A6    1E4A6       2A     8000       0
                text111                           1D08C    1D08C       8C     8000       0
                text110                           1C6F2    1C6F2       D2     8000       0
                text109                           1E3F0    1E3F0       30     8000       0
                text108                           18B34    18B34      30E     8000       0
                text107                           1DCCE    1DCCE       48     8000       0
                text106                           1CA2A    1CA2A       BC     8000       0
                text105                           1D228    1D228       84     8000       0
                text104                           1D506    1D506       68     8000       0
                text103                           1E54C    1E54C       28     8000       0
                text102                           1C23C    1C23C       F6     8000       0
                text101                           1C03E    1C03E      100     8000       0
                text100                           1D8C6    1D8C6       54     8000       0
                text99                            1DE76    1DE76       44     8000       0
                text98                            19A42    19A42      2C2     8000       0
                text97                            1E6C8    1E6C8       22     F32F       0
                text96                            1D870    1D870       56     8000       0
                text95                            1E968    1E968       14     F32F       0
                text94                            1D1A2    1D1A2       86     8000       0
                text93                            1D424    1D424       72     8000       0
                text92                            167B2    167B2      434     8000       0
                text91                            10000    10000     1724     8000       0
                text90                            1DC86    1DC86       48     8000       0
                text89                            16FFE    16FFE      414     8000       0
                text88                            1E3C0    1E3C0       30     8000       0
                text87                            1CFFC    1CFFC       90     8000       0
                text86                            1E8AA    1E8AA       1A     F32F       0
                text85                            1DEFE    1DEFE       42     8000       0
                text84                            1E76A    1E76A       20     F32F       0
                text83                            1C51A    1C51A       F0     8000       0
                text82                            1E170    1E170       3C     8000       0
                text81                            1E5EC    1E5EC       26     8000       0
                text80                            1BA04    1BA04      150     8000       0
                text79                            1D7BA    1D7BA       5C     8000       0
                text78                            1B88A    1B88A      17A     8000       0
                text77                            1E390    1E390       30     8000       0
                text76                            1DC3E    1DC3E       48     8000       0
                text75                            12E3C    12E3C     1432     8000       0
                text74                            1EAB4    1EAB4        E     F32F       0
                text73                            1D6A0    1D6A0       60     8000       0
                text72                            1E6A6    1E6A6       22     F32F       0
                text71                            1EAA6    1EAA6        E     F32F       0
                text70                            1EA98    1EA98        E     F32F       0
                text69                            1D3B2    1D3B2       72     8000       0
                text68                            1EA8A    1EA8A        E     F32F       0
                text67                            1EA7C    1EA7C        E     F32F       0
                text66                            1E224    1E224       38     8000       0
                text65                            1EB06    1EB06        C     F32F       0
                text64                            1E25C    1E25C       36     8000       0
                text63                            1E74A    1E74A       20     F32F       0
                text62                            1E8F8    1E8F8       18     F32F       0
                text61                            1EA6E    1EA6E        E     F32F       0
                text60                            1EA60    1EA60        E     F32F       0
                text59                            1CD94    1CD94       A0     8000       0
                text58                            1E804    1E804       1C     F32F       0
                text57                            1EA52    1EA52        E     F32F       0
                text56                            1E47C    1E47C       2A     8000       0
                text55                            1EA44    1EA44        E     F32F       0
                text54                            1DB02    1DB02       50     8000       0
                text53                            1EA36    1EA36        E     F32F       0
                text52                            1E32E    1E32E       32     8000       0
                text51                            1EA28    1EA28        E     F32F       0
                text50                            1DAB2    1DAB2       50     8000       0
                text49                            1E134    1E134       3C     8000       0
                text48                            1E03E    1E03E       3E     8000       0
                text47                            1E72A    1E72A       20     F32F       0
                text46                            1EA1A    1EA1A        E     F32F       0
                text45                            1EB84    1EB84        4     F32F       0
                text44                            1E70A    1E70A       20     F32F       0
                text43                            1EA0C    1EA0C        E     F32F       0
                text42                            1EB80    1EB80        4     F32F       0
                text41                            1EB7C    1EB7C        4     F32F       0
                text40                            1E6EA    1E6EA       20     F32F       0
                text39                            1EB2A    1EB2A        A     F32F       0
                text38                            1D816    1D816       5A     8000       0
                text37                            1E890    1E890       1A     F32F       0
                text36                            1DBF2    1DBF2       4C     8000       0
                text35                            18826    18826      30E     8000       0
                text34                            1E000    1E000       3E     8000       0
                text33                            1E910    1E910       16     F32F       0
                text32                            1E524    1E524       28     8000       0
                text31                            1EB64    1EB64        6     F32F       0
                text30                            1DD5E    1DD5E       46     8000       0
                text29                            1E9FC    1E9FC       10     F32F       0
                text28                            1E7E8    1E7E8       1C     F32F       0
                text27                            1EAFA    1EAFA        C     F32F       0
                text26                            1DFC2    1DFC2       3E     8000       0
                text25                            1DA62    1DA62       50     8000       0
                text24                            18518    18518      30E     8000       0
                text23                            1E360    1E360       30     8000       0
                text22                            1CECC    1CECC       98     8000       0
                text21                            1E292    1E292       34     8000       0
                text20                            1B554    1B554      1A4     8000       0
                text19                            1A258    1A258      28A     8000       0
                text18                            1D75E    1D75E       5C     8000       0
                text17                            1D700    1D700       5E     8000       0
                text16                            17412    17412      3A6     8000       0
                text15                            1E0F8    1E0F8       3C     8000       0
                text14                            1D56E    1D56E       66     8000       0
                text13                            177B8    177B8      366     8000       0
                text12                            1E9EC    1E9EC       10     F32F       0
                text11                            1631A    1631A      498     8000       0
                text10                            1B360    1B360      1F4     8000       0
                text9                             1945E    1945E      2FA     8000       0
                text8                             19FB2    19FB2      2A6     8000       0
                text7                             1DA12    1DA12       50     8000       0
                text6                             1E9DC    1E9DC       10     F32F       0
                text5                             1E9CC    1E9CC       10     F32F       0
                text4                             15C66    15C66      6B4     8000       0
                text3                             1C332    1C332       F4     8000       0
                text2                             15470    15470      7F6     8000       0
                text1                             14BE2    14BE2      88E     8000       0
                text0                             19758    19758      2EA     8000       0
                cstackCOMRAM                          1        1       5E        1       1
                cstackBANK0                          60       60       59       60       1
                cstackBANK1                         100      100       61      100       1
                cstackBANK2                         200      200       BE      200       1
                cstackBANK3                         3F9      3F9        7      300       1
                cstackBANK5                         500      500       34      500       1
                bssBIGRAM                           534      534      400      534       1
                bssBANK4                            400      400      100      400       1
                bssBANK3                            300      300       F9      300       1
                dataBANK2                           2BE      2BE       25      200       1
                bssBANK2                            2E3      2E3       1C      200       1
                dataBANK1                           1B9      1B9        1      100       1
                bssBANK1                            161      161       58      100       1
                bssBANK0                             B9       B9       46       60       1
                bitbssBANK0                         7F8       FF        1       60       1     8
                cinit                             1CE34    1CE34       98     8000       0
                nvBANK2                             2FF      2FF        1      200       1
                idataBANK2                        1E638    1E638       25     8000       0
                idataBANK1                        1EBBA    1EBBA        1     F32F       0

TOTAL           Name                               Link     Load   Length     Space
        CLASS   STACK          

        CLASS   CODE           
                intcodelo                            18       18       8A         0
                intcode                               8        8        6         0
                init                                 A2       A2        4         0
                reset_vec                             0        0        4         0
                text225                           1E9B8    1E9B8       14         0
                text224                           1EBA4    1EBA4        4         0
                text223                           1E9A4    1E9A4       14         0
                text222                           1EB1E    1EB1E        C         0
                text221                           1EBA0    1EBA0        4         0
                text220                           1EB9C    1EB9C        4         0
                text219                           1EB76    1EB76        6         0
                text218                           1E44E    1E44E       2E         0
                text217                           1E1E8    1E1E8       3C         0
                text216                           1A76C    1A76C      288         0
                text215                           1C896    1C896       D0         0
                text214                           181C6    181C6      352         0
                text213                           19150    19150      30E         0
                text212                           1DD16    1DD16       48         0
                text211                           1BDDC    1BDDC      140         0
                text210                           1426E    1426E      974         0
                text209                           1EBB8    1EBB8        2         0
                text208                           1E5C4    1E5C4       28         0
                text207                           1D118    1D118       8A         0
                text206                           1CAE6    1CAE6       BA         0
                text205                           1D330    1D330       82         0
                text204                           1D63A    1D63A       66         0
                text203                           1E612    1E612       26         0
                text202                           1C426    1C426       F4         0
                text201                           1C13E    1C13E       FE         0
                text200                           1D9C0    1D9C0       52         0
                text199                           1DF40    1DF40       42         0
                text198                           19D04    19D04      2AE         0
                text197                           1E7CA    1E7CA       1E         0
                text196                           1D91A    1D91A       54         0
                text195                           1EB52    1EB52        A         0
                text194                           1D2AC    1D2AC       84         0
                text193                           1D496    1D496       70         0
                text192                           16BE6    16BE6      418         0
                text191                           11724    11724     1718         0
                text190                           1E1AC    1E1AC       3C         0
                text189                           1CC4E    1CC4E       A4         0
                text188                           1DE30    1DE30       46         0
                text187                           1E952    1E952       16         0
                text186                           1EBB6    1EBB6        2         0
                text185                           1E682    1E682       24         0
                text184                           1EB48    1EB48        A         0
                text183                           1E93C    1E93C       16         0
                text182                           1EBB4    1EBB4        2         0
                text181                           1E65E    1E65E       24         0
                text180                           1EB3E    1EB3E        A         0
                text179                           1EB98    1EB98        4         0
                text178                           1EB94    1EB94        4         0
                text177                           1E874    1E874       1C         0
                text176                           1EAEC    1EAEC        E         0
                text175                           1E990    1E990       14         0
                text174                           1EBB2    1EBB2        2         0
                text173                           1E4FA    1E4FA       2A         0
                text172                           1E858    1E858       1C         0
                text171                           1EADE    1EADE        E         0
                text170                           1E83C    1E83C       1C         0
                text169                           1EBB0    1EBB0        2         0
                text168                           1E4D0    1E4D0       2A         0
                text167                           1E97C    1E97C       14         0
                text166                           1B6F8    1B6F8      192         0
                text165                           1EBAE    1EBAE        2         0
                text164                           1E59C    1E59C       28         0
                text163                           1EB90    1EB90        4         0
                text162                           1EBAC    1EBAC        2         0
                text161                           1E926    1E926       16         0
                text160                           1E2FA    1E2FA       34         0
                intcode_body                      1C60A    1C60A       E8         0
                text158                           18E42    18E42      30E         0
                text157                           1A4E2    1A4E2      28A         0
                text156                           17E72    17E72      354         0
                text155                           1BC98    1BC98      144         0
                text154                           1C7C4    1C7C4       D2         0
                text153                           1DF82    1DF82       40         0
                text152                           1E8DE    1E8DE       1A         0
                text151                           1EB12    1EB12        C         0
                text150                           1E820    1E820       1C         0
                text149                           1DDEA    1DDEA       46         0
                text148                           1AC78    1AC78      284         0
                text147                           1EB70    1EB70        6         0
                text146                           1EB5C    1EB5C        8         0
                text145                           1EAD0    1EAD0        E         0
                text144                           1EB8C    1EB8C        4         0
                text143                           1EB6A    1EB6A        6         0
                text142                           1EBAA    1EBAA        2         0
                text141                           1E8C4    1E8C4       1A         0
                text140                           1E574    1E574       28         0
                text139                           1E7AA    1E7AA       20         0
                text138                           1EAC2    1EAC2        E         0
                text137                           1EB88    1EB88        4         0
                text136                           1EBA8    1EBA8        2         0
                text135                           1E78A    1E78A       20         0
                text134                           1E2C6    1E2C6       34         0
                text132                           1D96E    1D96E       52         0
                text131                           1EB34    1EB34        A         0
                text130                           1CCF2    1CCF2       A2         0
                text129                           1DBA2    1DBA2       50         0
                text128                           1DDA4    1DDA4       46         0
                text127                           1DB52    1DB52       50         0
                text126                           17B1E    17B1E      354         0
                text125                           1BB54    1BB54      144         0
                text124                           1A9F4    1A9F4      284         0
                text123                           1B134    1B134      22C         0
                text122                           1AEFC    1AEFC      238         0
                text121                           1CBA0    1CBA0       AE         0
                text120                           1C966    1C966       C4         0
                text119                           1E0BA    1E0BA       3E         0
                text118                           1D5D4    1D5D4       66         0
                text117                           1CF64    1CF64       98         0
                text116                           1E07C    1E07C       3E         0
                text115                           1DEBA    1DEBA       44         0
                text114                           1E420    1E420       2E         0
                text113                           1BF1C    1BF1C      122         0
                text112                           1E4A6    1E4A6       2A         0
                text111                           1D08C    1D08C       8C         0
                text110                           1C6F2    1C6F2       D2         0
                text109                           1E3F0    1E3F0       30         0
                text108                           18B34    18B34      30E         0
                text107                           1DCCE    1DCCE       48         0
                text106                           1CA2A    1CA2A       BC         0
                text105                           1D228    1D228       84         0
                text104                           1D506    1D506       68         0
                text103                           1E54C    1E54C       28         0
                text102                           1C23C    1C23C       F6         0
                text101                           1C03E    1C03E      100         0
                text100                           1D8C6    1D8C6       54         0
                text99                            1DE76    1DE76       44         0
                text98                            19A42    19A42      2C2         0
                text97                            1E6C8    1E6C8       22         0
                text96                            1D870    1D870       56         0
                text95                            1E968    1E968       14         0
                text94                            1D1A2    1D1A2       86         0
                text93                            1D424    1D424       72         0
                text92                            167B2    167B2      434         0
                text91                            10000    10000     1724         0
                text90                            1DC86    1DC86       48         0
                text89                            16FFE    16FFE      414         0
                text88                            1E3C0    1E3C0       30         0
                text87                            1CFFC    1CFFC       90         0
                text86                            1E8AA    1E8AA       1A         0
                text85                            1DEFE    1DEFE       42         0
                text84                            1E76A    1E76A       20         0
                text83                            1C51A    1C51A       F0         0
                text82                            1E170    1E170       3C         0
                text81                            1E5EC    1E5EC       26         0
                text80                            1BA04    1BA04      150         0
                text79                            1D7BA    1D7BA       5C         0
                text78                            1B88A    1B88A      17A         0
                text77                            1E390    1E390       30         0
                text76                            1DC3E    1DC3E       48         0
                text75                            12E3C    12E3C     1432         0
                text74                            1EAB4    1EAB4        E         0
                text73                            1D6A0    1D6A0       60         0
                text72                            1E6A6    1E6A6       22         0
                text71                            1EAA6    1EAA6        E         0
                text70                            1EA98    1EA98        E         0
                text69                            1D3B2    1D3B2       72         0
                text68                            1EA8A    1EA8A        E         0
                text67                            1EA7C    1EA7C        E         0
                text66                            1E224    1E224       38         0
                text65                            1EB06    1EB06        C         0
                text64                            1E25C    1E25C       36         0
                text63                            1E74A    1E74A       20         0
                text62                            1E8F8    1E8F8       18         0
                text61                            1EA6E    1EA6E        E         0
                text60                            1EA60    1EA60        E         0
                text59                            1CD94    1CD94       A0         0
                text58                            1E804    1E804       1C         0
                text57                            1EA52    1EA52        E         0
                text56                            1E47C    1E47C       2A         0
                text55                            1EA44    1EA44        E         0
                text54                            1DB02    1DB02       50         0
                text53                            1EA36    1EA36        E         0
                text52                            1E32E    1E32E       32         0
                text51                            1EA28    1EA28        E         0
                text50                            1DAB2    1DAB2       50         0
                text49                            1E134    1E134       3C         0
                text48                            1E03E    1E03E       3E         0
                text47                            1E72A    1E72A       20         0
                text46                            1EA1A    1EA1A        E         0
                text45                            1EB84    1EB84        4         0
                text44                            1E70A    1E70A       20         0
                text43                            1EA0C    1EA0C        E         0
                text42                            1EB80    1EB80        4         0
                text41                            1EB7C    1EB7C        4         0
                text40                            1E6EA    1E6EA       20         0
                text39                            1EB2A    1EB2A        A         0
                text38                            1D816    1D816       5A         0
                text37                            1E890    1E890       1A         0
                text36                            1DBF2    1DBF2       4C         0
                text35                            18826    18826      30E         0
                text34                            1E000    1E000       3E         0
                text33                            1E910    1E910       16         0
                text32                            1E524    1E524       28         0
                text31                            1EB64    1EB64        6         0
                text30                            1DD5E    1DD5E       46         0
                text29                            1E9FC    1E9FC       10         0
                text28                            1E7E8    1E7E8       1C         0
                text27                            1EAFA    1EAFA        C         0
                text26                            1DFC2    1DFC2       3E         0
                text25                            1DA62    1DA62       50         0
                text24                            18518    18518      30E         0
                text23                            1E360    1E360       30         0
                text22                            1CECC    1CECC       98         0
                text21                            1E292    1E292       34         0
                text20                            1B554    1B554      1A4         0
                text19                            1A258    1A258      28A         0
                text18                            1D75E    1D75E       5C         0
                text17                            1D700    1D700       5E         0
                text16                            17412    17412      3A6         0
                text15                            1E0F8    1E0F8       3C         0
                text14                            1D56E    1D56E       66         0
                text13                            177B8    177B8      366         0
                text12                            1E9EC    1E9EC       10         0
                text11                            1631A    1631A      498         0
                text10                            1B360    1B360      1F4         0
                text9                             1945E    1945E      2FA         0
                text8                             19FB2    19FB2      2A6         0
                text7                             1DA12    1DA12       50         0
                text6                             1E9DC    1E9DC       10         0
                text5                             1E9CC    1E9CC       10         0
                text4                             15C66    15C66      6B4         0
                text3                             1C332    1C332       F4         0
                text2                             15470    15470      7F6         0
                text1                             14BE2    14BE2      88E         0
                text0                             19758    19758      2EA         0
                cinit                             1CE34    1CE34       98         0
                idataBANK2                        1E638    1E638       25         0
                idataBANK1                        1EBBA    1EBBA        1         0

        CLASS   CONST          

        CLASS   SMALLCONST     

        CLASS   MEDIUMCONST    
                mediumconst                        D91E     D91E     26E2         0

        CLASS   COMRAM         
                temp                                 5F       5F        1         1
                cstackCOMRAM                          1        1       5E         1

        CLASS   ABS1           

        CLASS   BIGRAM         
                bssBIGRAM                           534      534      400         1

        CLASS   RAM            

        CLASS   BANK0          
                cstackBANK0                          60       60       59         1
                bssBANK0                             B9       B9       46         1
                bitbssBANK0                         7F8       FF        1         1

        CLASS   BANK1          
                cstackBANK1                         100      100       61         1
                dataBANK1                           1B9      1B9        1         1
                bssBANK1                            161      161       58         1

        CLASS   BANK2          
                cstackBANK2                         200      200       BE         1
                dataBANK2                           2BE      2BE       25         1
                bssBANK2                            2E3      2E3       1C         1
                nvBANK2                             2FF      2FF        1         1

        CLASS   BANK3          
                cstackBANK3                         3F9      3F9        7         1
                bssBANK3                            300      300       F9         1

        CLASS   BANK4          
                bssBANK4                            400      400      100         1

        CLASS   BANK5          
                cstackBANK5                         500      500       34         1

        CLASS   BANK6          

        CLASS   BANK7          

        CLASS   BANK8          

        CLASS   BANK9          

        CLASS   BANK10         

        CLASS   BANK11         

        CLASS   BANK12         

        CLASS   BANK13         

        CLASS   BANK14         

        CLASS   SFR            

        CLASS   FARRAM         

        CLASS   CONFIG         
                config                           300000   300000        C         0

        CLASS   IDLOC          
                idloc                            200000   200000       10         0

        CLASS   EEDATA         



SEGMENTS        Name                           Load    Length   Top    Selector   Space  Class

                reset_vec                      000000  000004  000004         0       0  CODE    
                cstackCOMRAM                   000001  00005F  000060         1       1  COMRAM  
                intcode                        000008  000006  00000E         4       0  CODE    
                intcodelo                      000018  00008E  0000A6         C       0  CODE    
                cstackBANK0                    000060  0000A0  000100        60       1  BANK0   
                cstackBANK1                    000100  0000BA  0001BA       100       1  BANK1   
                cstackBANK2                    000200  000100  000300       200       1  BANK2   
                bssBANK3                       000300  000100  000400       300       1  BANK3   
                bssBANK4                       000400  000100  000500       400       1  BANK4   
                cstackBANK5                    000500  000034  000534       500       1  BANK5   
                bssBIGRAM                      000534  000400  000934       534       1  BIGRAM  
                mediumconst                    00D91E  0026E2  010000      6C8F       0  MEDIUMCO
                text91                         010000  00E65D  01E65D      8000       0  CODE    
                text181                        01E65E  00055D  01EBBB      F32F       0  CODE    
                idloc                          200000  000010  200010    200000       0  IDLOC   
                config                         300000  00000C  30000C    300000       0  CONFIG  


UNUSED ADDRESS RANGES

        Name                Unused          Largest block    Delta
        BANK1            0001BA-0001FF               46
        BANK10           000A00-000AFF              100
        BANK11           000B00-000BFF              100
        BANK12           000C00-000CFF              100
        BANK13           000D00-000DFF              100
        BANK14           000E00-000E87               88
        BANK9            000934-0009FF               CC
        BIGRAM           0001BA-0001FF               46
                         000934-000E87              554
        CODE             000004-000007                4
                         00000E-000017                A
                         0000A6-00D91D             D878
                         01E65D-01E65D                1
                         01EBBB-01FFFF             1445
        CONST            000004-000007                4
                         00000E-000017                A
                         0000A6-00D91D             D878
                         01E65D-01E65D                1
                         01EBBB-01FFFF             1445
        EEDATA           310000-3103FF              400
        MEDIUMCONST      000F00-00D91D             CA1E
                         01E65D-01E65D                1
                         01EBBB-01FFFF             1445
        RAM              0001BA-0001FF               46
                         000934-000E87              100
        SFR              000E8D-000FFF               73
        SMALLCONST       000F00-00D91D              100
                         01E65D-01E65D                1
                         01EBBB-01FFFF              100
        STACK            000934-000E87              554

                                  Symbol Table

?_ADCC_GetConversionResult                     cstackCOMRAM 000001
?_ADCC_GetFilterValue                          cstackCOMRAM 000001
?_FLASH_ReadWord                               cstackBANK2  000204
?___awdiv                                      cstackBANK2  000206
?___awmod                                      cstackBANK2  000200
?___fladd                                      cstackBANK2  000234
?___fldiv                                      cstackBANK2  000200
?___flmul                                      cstackBANK2  00020E
?___flneg                                      cstackBANK2  000200
?___flsub                                      cstackBANK2  00024C
?___fltol                                      cstackBANK2  000230
?___lldiv                                      cstackBANK2  000200
?___llmod                                      cstackBANK2  00020D
?___lwdiv                                      cstackBANK2  000205
?___lwmod                                      cstackBANK2  000200
?___wmul                                       cstackBANK2  000200
?___xxtofl                                     cstackBANK2  00023E
?__div_to_l_                                   cstackBANK2  000200
?__doprnt                                      cstackBANK2  000254
?__tdiv_to_l_                                  cstackBANK2  000200
?_abs                                          cstackBANK2  00023A
?_fabs                                         cstackCOMRAM 000005
?_floatToEngineeringFormat                     cstackBANK2  00029F
?_fround                                       cstackBANK2  000227
?_getCauseOfResetString                        cstackBANK2  000200
?_getCauseOfResetStringSmall                   cstackBANK2  000200
?_getDeviceID                                  cstackBANK2  00020B
?_getDeviceIDString                            cstackBANK2  00020D
?_getNXQChargeStateString                      cstackBANK2  000200
?_getNXQChargeStateStringCaps                  cstackBANK2  000200
?_getStringSecondsAsTime                       cstackBANK2  00029F
?_getUserID                                    cstackBANK2  00020B
?_printf                                       cstackBANK2  0002AD
?_readFloatFromEEPROM                          cstackBANK2  000202
?_scale                                        cstackBANK2  000227
?_sprintf                                      cstackBANK2  00028C
?_strcmp                                       cstackBANK2  000200
?_strlen                                       cstackBANK2  000200
?i1___fladd                                    cstackBANK1  00010E
?i1___fldiv                                    cstackBANK1  00011E
?i1___flmul                                    cstackBANK1  000137
?i1___xxtofl                                   cstackBANK1  000100
?i2___awdiv                                    cstackCOMRAM 000007
?i2___awmod                                    cstackCOMRAM 000001
?i2___fladd                                    cstackCOMRAM 000052
?i2___fldiv                                    cstackCOMRAM 000013
?i2___flmul                                    cstackCOMRAM 00002C
?i2___flneg                                    cstackCOMRAM 000001
?i2___flsub                                    cstackBANK0  000064
?i2___fltol                                    cstackCOMRAM 00004E
?i2___lldiv                                    cstackCOMRAM 000001
?i2___llmod                                    cstackCOMRAM 00000E
?i2___lwdiv                                    cstackCOMRAM 000006
?i2___lwmod                                    cstackCOMRAM 000001
?i2___wmul                                     cstackCOMRAM 000001
?i2___xxtofl                                   cstackCOMRAM 000005
?i2__div_to_l_                                 cstackCOMRAM 000001
?i2__doprnt                                    cstackBANK0  00006C
?i2__tdiv_to_l_                                cstackCOMRAM 000001
?i2_fround                                     cstackCOMRAM 000045
?i2_printf                                     cstackBANK0  0000A4
?i2_scale                                      cstackCOMRAM 000045
ADCC_SetADTIInterruptHandler@InterruptHandler  cstackBANK2  000200
ADCC_StartConversion@channel                   cstackBANK1  000100
ADC_PostProcessingHandler@current_adc_channel  cstackBANK0  000078
ADC_PostProcessingHandler@i                    cstackBANK0  000079
ADC_PostProcessingHandler@i_3624               cstackBANK0  00007A
CCP2_CallBack@capturedValue                    cstackBANK1  000154
CCP2_CaptureISR@module                         cstackBANK1  000156
DATAEE_ReadByte@bAdd                           cstackBANK2  000200
DATAEE_WriteByte@GIEBitValue                   cstackBANK2  000203
DATAEE_WriteByte@bAdd                          cstackBANK2  000200
DATAEE_WriteByte@bData                         cstackBANK2  000202
EUSART2_Read@readValue                         cstackBANK2  000200
EUSART2_SetRxInterruptHandler@interruptHandler cstackBANK2  000200
EUSART2_SetTxInterruptHandler@interruptHandler cstackBANK2  000200
EUSART2_Write@txData                           cstackBANK2  000200
FLASH_ReadByte@flashAddr                       cstackBANK2  000200
FLASH_ReadWord@flashAddr                       cstackBANK2  000204
I2C2_ISR@i2c_10bit_address_restart             bssBANK0     0000DC
I2C2_ISR@i2c_address                           bssBANK0     0000FD
I2C2_ISR@i2c_bytes_left                        bssBANK0     0000DD
I2C2_ISR@pi2c_buf_ptr                          bssBANK1     000197
I2C2_MasterRead@address                        cstackBANK2  00020C
I2C2_MasterRead@length                         cstackBANK2  00020B
I2C2_MasterRead@pdata                          cstackBANK2  000209
I2C2_MasterRead@pflag                          cstackBANK2  00020E
I2C2_MasterRead@trBlock                        bssBANK1     0001A9
I2C2_MasterReadTRBBuild@address                cstackBANK2  000205
I2C2_MasterReadTRBBuild@length                 cstackBANK2  000204
I2C2_MasterReadTRBBuild@pdata                  cstackBANK2  000202
I2C2_MasterReadTRBBuild@ptrb                   cstackBANK2  000200
I2C2_MasterTRBInsert@count                     cstackBANK2  000205
I2C2_MasterTRBInsert@pflag                     cstackBANK2  000202
I2C2_MasterTRBInsert@ptrb_list                 cstackBANK2  000200
I2C2_MasterWrite@address                       cstackBANK2  00020C
I2C2_MasterWrite@length                        cstackBANK2  00020B
I2C2_MasterWrite@pdata                         cstackBANK2  000209
I2C2_MasterWrite@pflag                         cstackBANK2  00020E
I2C2_MasterWrite@trBlock                       bssBANK1     0001AE
I2C2_MasterWriteTRBBuild@address               cstackBANK2  000205
I2C2_MasterWriteTRBBuild@length                cstackBANK2  000204
I2C2_MasterWriteTRBBuild@pdata                 cstackBANK2  000202
I2C2_MasterWriteTRBBuild@ptrb                  cstackBANK2  000200
I2C2_Stop@completion_code                      cstackBANK1  000102
INT1_SetInterruptHandler@InterruptHandler      cstackBANK2  000200
INT2_SetInterruptHandler@InterruptHandler      cstackBANK2  000200
IOCBF2_SetInterruptHandler@InterruptHandler    cstackBANK2  000200
IOCBF3_SetInterruptHandler@InterruptHandler    cstackBANK2  000200
LM73Convert@Ambient_Conv                       cstackBANK2  000253
LM73Convert@POS5_Conv                          cstackBANK2  000251
LM73Convert@QI_Conv                            cstackBANK2  00024F
LM73TempSensorInitialize@output_data_array     cstackBANK2  000210
OLED_Clear@col                                 cstackBANK2  000223
OLED_Clear@row                                 cstackBANK2  000221
OLED_Command@data_array                        cstackBANK2  000212
OLED_Command@temp                              cstackBANK2  000210
OLED_PutChar@ch                                cstackBANK2  000220
OLED_PutChar@data_array                        cstackBANK2  000214
OLED_PutChar@input_base                        cstackBANK2  00021D
OLED_UpdateFromRAMBuffer@char_index            cstackBANK2  000224
OLED_UpdateFromRAMBuffer@char_index_4430       cstackBANK2  000225
OLED_UpdateFromRAMBuffer@char_index_4431       cstackBANK2  000226
OLED_UpdateFromRAMBuffer@char_index_4432       cstackBANK2  000227
OLED_WriteString@s                             cstackBANK2  000221
OLED_WriteString@str_len                       cstackBANK2  000223
OLED_YX@Column                                 cstackBANK2  000214
OLED_YX@Row                                    cstackBANK2  000218
OLED_updateHandler@dev_id_str                  cstackBANK5  000500
OLED_updateHandler@rev_id_str                  cstackBANK5  000511
TMR0_SetInterruptHandler@InterruptHandler      cstackBANK2  000200
TMR1_SetInterruptHandler@InterruptHandler      cstackBANK2  000200
TMR1_WriteTimer@timerVal                       cstackBANK2  000200
TMR2_SetInterruptHandler@InterruptHandler      cstackBANK2  000200
TMR3_SetInterruptHandler@InterruptHandler      cstackBANK2  000200
TMR3_WriteTimer@timerVal                       cstackBANK2  000200
TMR5_WriteTimer@timerVal                       cstackBANK2  000200
_ADACCH                                        (abs)        000F71
_ADACCL                                        (abs)        000F70
_ADACQ                                         (abs)        000F5C
_ADACT                                         (abs)        000F56
_ADCAP                                         (abs)        000F5D
_ADCC_ADTI_InterruptHandler                    bssBANK1     00017E
_ADCC_ClearAccumulator                         text147      01EB70
_ADCC_DefaultInterruptHandler                  text209      01EBB8
_ADCC_DischargeSampleCapacitor                 text146      01EB5C
_ADCC_GetConversionResult                      text225      01E9B8
_ADCC_GetCurrentCountofConversions             text224      01EBA4
_ADCC_GetFilterValue                           text223      01E9A4
_ADCC_HasAccumulatorOverflowed                 text222      01EB1E
_ADCC_Initialize                               text73       01D6A0
_ADCC_SetADTIInterruptHandler                  text74       01EAB4
_ADCC_StartConversion                          text145      01EAD0
_ADCC_StopConversion                           text221      01EBA0
_ADCC_ThresholdISR                             text208      01E5C4
_ADCLK                                         (abs)        000F57
_ADCNT                                         (abs)        000F67
_ADCON0                                        (abs)        000F60
_ADCON0bits                                    (abs)        000F60
_ADCON1                                        (abs)        000F59
_ADCON1bits                                    (abs)        000F59
_ADCON2                                        (abs)        000F5A
_ADCON2bits                                    (abs)        000F5A
_ADCON3                                        (abs)        000F5B
_ADCON3bits                                    (abs)        000F5B
_ADC_PostProcessingHandler                     text210      01426E
_ADC_PostProcessingHandler$6778                cstackBANK0  00007B
_ADC_PostProcessingHandler$6779                cstackBANK0  00007F
_ADC_PostProcessingHandler$6780                cstackBANK0  00006C
_ADC_PostProcessingHandler$6781                cstackBANK0  000070
_ADC_PostProcessingHandler$6782                cstackBANK0  000074
_ADC_acquisitionTimerHandler                   text141      01E8C4
_ADERRH                                        (abs)        000F6F
_ADERRL                                        (abs)        000F6E
_ADFLTRH                                       (abs)        000F73
_ADFLTRL                                       (abs)        000F72
_ADLTHH                                        (abs)        000F6B
_ADLTHL                                        (abs)        000F6A
_ADPCH                                         (abs)        000F5F
_ADPRE                                         (abs)        000F5E
_ADPREVH                                       (abs)        000F62
_ADPREVL                                       (abs)        000F61
_ADREF                                         (abs)        000F58
_ADRESH                                        (abs)        000F64
_ADRESL                                        (abs)        000F63
_ADRPT                                         (abs)        000F66
_ADSTAT                                        (abs)        000F65
_ADSTATbits                                    (abs)        000F65
_ADSTPTH                                       (abs)        000F69
_ADSTPTL                                       (abs)        000F68
_ADUTHH                                        (abs)        000F6D
_ADUTHL                                        (abs)        000F6C
_ANSELA                                        (abs)        000F11
_ANSELB                                        (abs)        000F19
_ANSELC                                        (abs)        000F21
_BAUD2CON                                      (abs)        000E9F
_CCP2CAP                                       (abs)        000FA9
_CCP2CON                                       (abs)        000FA8
_CCP2CONbits                                   (abs)        000FA8
_CCP2PPS                                       (abs)        000EB0
_CCP2_CallBack                                 text153      01DF82
_CCP2_CaptureISR                               text152      01E8DE
_CCP2_Initialize                               text72       01E6A6
_CCPR2H                                        (abs)        000FA7
_CCPR2L                                        (abs)        000FA6
_CCPTMRSbits                                   (abs)        000FAE
_DATAEE_ReadByte                               text37       01E890
_DATAEE_WriteByte                              text26       01DFC2
_EUSART2_Initialize                            text69       01D3B2
_EUSART2_Read                                  text34       01E000
_EUSART2_Receive_ISR                           text189      01CC4E
_EUSART2_RxDefaultInterruptHandler             bssBANK1     000187
_EUSART2_SetRxInterruptHandler                 text71       01EAA6
_EUSART2_SetTxInterruptHandler                 text70       01EA98
_EUSART2_Transmit_ISR                          text188      01DE30
_EUSART2_TxDefaultInterruptHandler             bssBANK1     00018A
_EUSART2_Write                                 text96       01D870
_EXT_INT_Initialize                            text66       01E224
_FLASH_ReadByte                                text86       01E8AA
_FLASH_ReadWord                                text85       01DEFE
_FVRCON                                        (abs)        000F31
_FVRCONbits                                    (abs)        000F31
_FVR_Initialize                                text65       01EB06
_I2C2_BusCollisionISR                          text151      01EB12
_I2C2_FunctionComplete                         text150      01E820
_I2C2_ISR                                      text148      01AC78
_I2C2_Initialize                               text64       01E25C
_I2C2_MasterRead                               text129      01DBA2
_I2C2_MasterReadTRBBuild                       text132      01D96E
_I2C2_MasterTRBInsert                          text130      01CCF2
_I2C2_MasterWrite                              text127      01DB52
_I2C2_MasterWriteTRBBuild                      text128      01DDA4
_I2C2_Stop                                     text149      01DDEA
_I2C2_WaitForLastPacketToComplete              text131      01EB34
_I2C_STATUS                                    bssBANK1     0001B8
_INT1PPS                                       (abs)        000EA2
_INT1_CallBack                                 text185      01E682
_INT1_DefaultInterruptHandler                  text186      01EBB6
_INT1_ISR                                      text184      01EB48
_INT1_InterruptHandler                         bssBANK1     000190
_INT1_SetInterruptHandler                      text68       01EA8A
_INT2PPS                                       (abs)        000EA3
_INT2_CallBack                                 text181      01E65E
_INT2_DefaultInterruptHandler                  text182      01EBB4
_INT2_ISR                                      text180      01EB3E
_INT2_InterruptHandler                         bssBANK1     00018D
_INT2_SetInterruptHandler                      text67       01EA7C
_INTCONbits                                    (abs)        000FF2
_INTERRUPT_Initialize                          text63       01E74A
_INTERRUPT_InterruptManagerHigh                intcode      000008
_INTERRUPT_InterruptManagerLow                 intcodelo    000018
_IOCBF2_DefaultInterruptHandler                text174      01EBB2
_IOCBF2_ISR                                    text173      01E4FA
_IOCBF2_InterruptHandler                       bssBANK1     000184
_IOCBF2_SetInterruptHandler                    text61       01EA6E
_IOCBF3_DefaultInterruptHandler                text169      01EBB0
_IOCBF3_ISR                                    text168      01E4D0
_IOCBF3_InterruptHandler                       bssBANK1     000181
_IOCBF3_SetInterruptHandler                    text60       01EA60
_IOCBFbits                                     (abs)        000F12
_IOCBNbits                                     (abs)        000F13
_IOCBPbits                                     (abs)        000F14
_IPR0bits                                      (abs)        000EBA
_IPR1bits                                      (abs)        000EBB
_IPR3bits                                      (abs)        000EBD
_IPR4bits                                      (abs)        000EBE
_IPR6bits                                      (abs)        000EC0
_LATA                                          (abs)        000F83
_LATB                                          (abs)        000F84
_LATBbits                                      (abs)        000F84
_LATC                                          (abs)        000F85
_LATCbits                                      (abs)        000F85
_LM73AcquisitionHandler                        text123      01B134
_LM73Convert                                   text124      01A9F4
_LM73TempSensorInitialize                      text122      01AEFC
_LM73_start_flag                               bssBANK2     0002EA
_LM73_temp_results                             bssBANK2     0002ED
_NVMADRH                                       (abs)        000F7F
_NVMADRL                                       (abs)        000F7E
_NVMCON1bits                                   (abs)        000F81
_NVMCON2                                       (abs)        000F82
_NVMDAT                                        (abs)        000F80
_ODCONA                                        (abs)        000F0F
_ODCONB                                        (abs)        000F17
_ODCONC                                        (abs)        000F1F
_OLED_Clear                                    text119      01E0BA
_OLED_Command                                  text118      01D5D4
_OLED_Frame                                    bssBANK2     0002E9
_OLED_Init                                     text117      01CF64
_OLED_PutChar                                  text120      01C966
_OLED_RAM_Buffer                               bssBANK3     000368
_OLED_UpdateFromRAMBuffer                      text113      01BF1C
_OLED_WriteString                              text116      01E07C
_OLED_YX                                       text115      01DEBA
_OLED_updateHandler                            text75       012E3C
_OLED_updateHandler$6395                       cstackBANK5  000522
_OLED_update_flag                              bssBANK2     0002E8
_OLED_update_time                              dataBANK2    0002E2
_OSCCON1                                       (abs)        000ED8
_OSCCON3                                       (abs)        000EDA
_OSCEN                                         (abs)        000EDC
_OSCFRQ                                        (abs)        000EDE
_OSCILLATOR_Initialize                         text62       01E8F8
_OSCTUNE                                       (abs)        000EDD
_OledFont                                      mediumconst  00D9A7
_PCON0bits                                     (abs)        000FD7
_PIE0bits                                      (abs)        000EC2
_PIE1bits                                      (abs)        000EC3
_PIE3bits                                      (abs)        000EC5
_PIE4bits                                      (abs)        000EC6
_PIE6bits                                      (abs)        000EC8
_PIN_MANAGER_IOC                               text167      01E97C
_PIN_MANAGER_Initialize                        text59       01CD94
_PIR0bits                                      (abs)        000ECA
_PIR1bits                                      (abs)        000ECB
_PIR3bits                                      (abs)        000ECD
_PIR4bits                                      (abs)        000ECE
_PIR6bits                                      (abs)        000ED0
_PIR7bits                                      (abs)        000ED1
_PMD0                                          (abs)        000EE1
_PMD1                                          (abs)        000EE2
_PMD2                                          (abs)        000EE3
_PMD3                                          (abs)        000EE4
_PMD4                                          (abs)        000EE5
_PMD5                                          (abs)        000EE6
_PMD_Initialize                                text58       01E804
_PORTBbits                                     (abs)        000F8E
_PR2                                           (abs)        000FBC
_QIChargeIOCHandler                            text170      01E83C
_QIErrorTimerHandler                           text161      01E926
_QIIdleChargedTimerHandler                     text135      01E78A
_QIIdleIOCHandler                              text175      01E990
_QI_charge_time                                bssBANK2     0002E3
_QI_current_edge                               bssBANK1     0001A6
_RB4PPS                                        (abs)        000EF3
_RB5PPS                                        (abs)        000EF4
_RC2REG                                        (abs)        000E99
_RC2STA                                        (abs)        000E9D
_RC2STAbits                                    (abs)        000E9D
_RC4PPS                                        (abs)        000EFB
_RX2PPS                                        (abs)        000E8D
_SLRCONA                                       (abs)        000F0E
_SLRCONB                                       (abs)        000F16
_SLRCONC                                       (abs)        000F1E
_SP2BRGH                                       (abs)        000E9C
_SP2BRGL                                       (abs)        000E9B
_SSP2ADD                                       (abs)        000E93
_SSP2BUF                                       (abs)        000E92
_SSP2CLKPPS                                    (abs)        000E8F
_SSP2CON1                                      (abs)        000E96
_SSP2CON1bits                                  (abs)        000E96
_SSP2CON2bits                                  (abs)        000E97
_SSP2CON3                                      (abs)        000E98
_SSP2DATPPS                                    (abs)        000E90
_SSP2STAT                                      (abs)        000E95
_SYSTEM_Initialize                             text48       01E03E
_T0CON0                                        (abs)        000FD5
_T0CON0bits                                    (abs)        000FD5
_T0CON1                                        (abs)        000FD6
_T1CLK                                         (abs)        000FD2
_T1CON                                         (abs)        000FCF
_T1CONbits                                     (abs)        000FCF
_T1GATE                                        (abs)        000FD1
_T1GCON                                        (abs)        000FD0
_T1GCONbits                                    (abs)        000FD0
_T2CLKCON                                      (abs)        000FBF
_T2CON                                         (abs)        000FBD
_T2CONbits                                     (abs)        000FBD
_T2HLT                                         (abs)        000FBE
_T2HLTbits                                     (abs)        000FBE
_T2PR                                          (abs)        000FBC
_T2RST                                         (abs)        000FC0
_T2RSTbits                                     (abs)        000FC0
_T2TMR                                         (abs)        000FBB
_T3CLK                                         (abs)        000FCC
_T3CON                                         (abs)        000FC9
_T3CONbits                                     (abs)        000FC9
_T3GATE                                        (abs)        000FCB
_T3GCON                                        (abs)        000FCA
_T3GCONbits                                    (abs)        000FCA
_T5CLK                                         (abs)        000FC6
_T5CON                                         (abs)        000FC3
_T5CONbits                                     (abs)        000FC3
_T5GATE                                        (abs)        000FC5
_T5GCON                                        (abs)        000FC4
_T5GCONbits                                    (abs)        000FC4
_TABLAT                                        (abs)        000FF5
_TBLPTRH                                       (abs)        000FF7
_TBLPTRL                                       (abs)        000FF6
_TBLPTRU                                       (abs)        000FF8
_TMR0H                                         (abs)        000FD4
_TMR0L                                         (abs)        000FD3
_TMR0_DefaultInterruptHandler                  text165      01EBAE
_TMR0_ISR                                      text164      01E59C
_TMR0_Initialize                               text56       01E47C
_TMR0_InterruptHandler                         bssBANK1     00017B
_TMR0_SetInterruptHandler                      text57       01EA52
_TMR1H                                         (abs)        000FCE
_TMR1L                                         (abs)        000FCD
_TMR1_DefaultInterruptHandler                  text162      01EBAC
_TMR1_ISR                                      text160      01E2FA
_TMR1_Initialize                               text54       01DB02
_TMR1_InterruptHandler                         bssBANK1     000172
_TMR1_Reload                                   text46       01EA1A
_TMR1_SetInterruptHandler                      text55       01EA44
_TMR1_StartTimer                               text179      01EB98
_TMR1_StopTimer                                text45       01EB84
_TMR1_WriteTimer                               text47       01E72A
_TMR2                                          (abs)        000FBB
_TMR2_DefaultInterruptHandler                  text142      01EBAA
_TMR2_ISR                                      text140      01E574
_TMR2_Initialize                               text52       01E32E
_TMR2_InterruptHandler                         bssBANK1     000178
_TMR2_SetInterruptHandler                      text53       01EA36
_TMR2_Start                                    text220      01EB9C
_TMR2_StartTimer                               text219      01EB76
_TMR2_Stop                                     text144      01EB8C
_TMR2_StopTimer                                text143      01EB6A
_TMR3H                                         (abs)        000FC8
_TMR3L                                         (abs)        000FC7
_TMR3_DefaultInterruptHandler                  text136      01EBA8
_TMR3_ISR                                      text134      01E2C6
_TMR3_Initialize                               text50       01DAB2
_TMR3_InterruptHandler                         bssBANK1     000175
_TMR3_Reload                                   text43       01EA0C
_TMR3_SetInterruptHandler                      text51       01EA28
_TMR3_StartTimer                               text178      01EB94
_TMR3_StopTimer                                text42       01EB80
_TMR3_WriteTimer                               text44       01E70A
_TMR5H                                         (abs)        000FC2
_TMR5L                                         (abs)        000FC1
_TMR5_Initialize                               text49       01E134
_TMR5_StopTimer                                text41       01EB7C
_TMR5_WriteTimer                               text40       01E6EA
_TRISA                                         (abs)        000F88
_TRISB                                         (abs)        000F89
_TRISC                                         (abs)        000F8A
_TX2REG                                        (abs)        000E9A
[...]
      Locals:         0       0       0       0       0       0       0       0       0       0       0       0       0       0       0       0
      Temps:          2       0       0       0       0       0       0       0       0       0       0       0       0       0       0       0
      Totals:         4       0       0       0       0       0       0       0       0       0       0       0       0       0       0       0
Total ram usage:        4 bytes
 Hardware stack levels used:    1
 This function calls:
		Nothing
 This function is called by:
		_ADC_PostProcessingHandler
 This function uses a non-reentrant model



MODULE INFORMATION

Module		Function		Class		Link	Load	Size
C:\Program Files (x86)\Microchip\xc8\v2.05\pic\sources\c90\common\isdigit.c
		_isdigit       		CODE           	1E6C8	0000	35

C:\Program Files (x86)\Microchip\xc8\v2.05\pic\sources\c90\common\isdigit.c estimated size: 35

C:\Program Files (x86)\Microchip\xc8\v2.05\pic\sources\c90\common\doprnt.c
		_scale         		CODE           	167B2	0000	1077
		_fround        		CODE           	19A42	0000	707
		__doprnt       		CODE           	10000	0000	5925

C:\Program Files (x86)\Microchip\xc8\v2.05\pic\sources\c90\common\doprnt.c estimated size: 7709

C:\Program Files (x86)\Microchip\xc8\v2.05\pic\sources\c90\common\sprcadd.c
		___flsub       		CODE           	1DCCE	0000	73
		___fladd       		CODE           	18B34	0000	783

C:\Program Files (x86)\Microchip\xc8\v2.05\pic\sources\c90\common\sprcadd.c estimated size: 856

C:\Program Files (x86)\Microchip\xc8\v2.05\pic\sources\c90\common\llmod.c
		___llmod       		CODE           	1D506	0000	105

C:\Program Files (x86)\Microchip\xc8\v2.05\pic\sources\c90\common\llmod.c estimated size: 105

NXQ_charge_state.c
		_QIIdleChargedTimerHandler		CODE           	1E78A	0000	33
		_getNXQChargeStateString		CODE           	1D75E	0000	93
		_QIChargeIOCHandler		CODE           	1E83C	0000	29
		_getNXQChargeStateStringCaps		CODE           	1D7BA	0000	93
		_QIErrorTimerHandler		CODE           	1E926	0000	23
		_QIIdleIOCHandler		CODE           	1E990	0000	21

NXQ_charge_state.c estimated size: 292

mcc_generated_files/eusart2.c
		_putch         		CODE           	1E968	0000	21
		_EUSART2_Read  		CODE           	1E000	0000	63
		_EUSART2_Write 		CODE           	1D870	0000	87
		_EUSART2_Receive_ISR		CODE           	1CC4E	0000	165
		_EUSART2_Transmit_ISR		CODE           	1DE30	0000	71
		_EUSART2_SetRxInterruptHandler		CODE           	1EAA6	0000	15
		_EUSART2_SetTxInterruptHandler		CODE           	1EA98	0000	15
		_EUSART2_Initialize		CODE           	1D3B2	0000	115

mcc_generated_files/eusart2.c estimated size: 552

mcc_generated_files/fvr.c
		_FVR_Initialize		CODE           	1EB06	0000	13

mcc_generated_files/fvr.c estimated size: 13

error_handling.c
		_updateErrorLEDs		CODE           	1DD5E	0000	71
		_getADCError   		CODE           	1E910	0000	23
		_clearADCErrors		CODE           	1E9FC	0000	17
		_clearUARTErrors		CODE           	1EAFA	0000	13
		_clearI2CErrors		CODE           	1E7E8	0000	29
		_getI2CError   		CODE           	1E524	0000	41
		_getUARTError  		CODE           	1EB64	0000	7

error_handling.c estimated size: 201

mcc_generated_files/tmr2.c
		_TMR2_ISR      		CODE           	1E574	0000	41
		_TMR2_Initialize		CODE           	1E32E	0000	51
		_TMR2_Stop     		CODE           	1EB8C	0000	5
		_TMR2_Start    		CODE           	1EB9C	0000	5
		_TMR2_SetInterruptHandler		CODE           	1EA36	0000	15
		_TMR2_StopTimer		CODE           	1EB6A	0000	7
		_TMR2_DefaultInterruptHandler		CODE           	1EBAA	0000	3
		_TMR2_StartTimer		CODE           	1EB76	0000	7

mcc_generated_files/tmr2.c estimated size: 134

mcc_generated_files/interrupt_manager.c
		_INTERRUPT_Initialize		CODE           	1E74A	0000	33
		_INTERRUPT_InterruptManagerLow		CODE           	0018	0000	139
		_INTERRUPT_InterruptManagerHigh		CODE           	0008	0000	239

mcc_generated_files/interrupt_manager.c estimated size: 411

C:\Program Files (x86)\Microchip\xc8\v2.05\pic\sources\c90\common\sprintf.c
		_sprintf       		CODE           	1DC86	0000	73

C:\Program Files (x86)\Microchip\xc8\v2.05\pic\sources\c90\common\sprintf.c estimated size: 73

heartbeat_timer.c
		_getStringSecondsAsTime		CODE           	17412	0000	935
		_getYearsFromOnTime		CODE           	1E390	0000	49
		_getHoursFromOnTime		CODE           	1C51A	0000	241
		_heartbeatTimerHandler		CODE           	1B6F8	0000	403
		_getDaysFromOnTime		CODE           	1CFFC	0000	145
		_getSecondsFromOnTime		CODE           	1B88A	0000	379
		_getMinutesFromOnTime		CODE           	1BA04	0000	337

heartbeat_timer.c estimated size: 2489

C:\Program Files (x86)\Microchip\xc8\v2.05\pic\sources\c90\common\awmod.c
		___awmod       		CODE           	1D424	0000	115

C:\Program Files (x86)\Microchip\xc8\v2.05\pic\sources\c90\common\awmod.c estimated size: 115

terminal_control.c
		_terminalTextAttributesReset		CODE           	1E9EC	0000	17
		_terminalClearScreen		CODE           	1E9DC	0000	17
		_terminalTextAttributes		CODE           	177B8	0000	871
		_terminalSetCursorHome		CODE           	1E9CC	0000	17

terminal_control.c estimated size: 922

adc_postprocessing.c
		_ADC_acquisitionTimerHandler		CODE           	1E8C4	0000	27
		_ADC_PostProcessingHandler		CODE           	1426E	0000	2421

adc_postprocessing.c estimated size: 2448

mcc_generated_files/tmr0.c
		_TMR0_SetInterruptHandler		CODE           	1EA52	0000	15
		_TMR0_DefaultInterruptHandler		CODE           	1EBAE	0000	3
		_TMR0_ISR      		CODE           	1E59C	0000	41
		_TMR0_Initialize		CODE           	1E47C	0000	43

mcc_generated_files/tmr0.c estimated size: 102

double_to_EEPROM.c
		_recoverEEPROMToRAM		CODE           	18826	0000	783
		_forceEEPROMSave		CODE           	18518	0000	783
		_minMaxInitialize		CODE           	1B554	0000	421
		_writeEEPROMFromRAM		CODE           	14BE2	0000	2191
		_writeFloatToEEPROM		CODE           	1DA62	0000	81
		_readFloatFromEEPROM		CODE           	1DBF2	0000	77
		_updataMinMaxRAMAliases		CODE           	15470	0000	2039

double_to_EEPROM.c estimated size: 6375

C:\Program Files (x86)\Microchip\xc8\v2.05\pic\sources\c90\common\ftdivl.c
		__tdiv_to_l_   		CODE           	1C03E	0000	257

C:\Program Files (x86)\Microchip\xc8\v2.05\pic\sources\c90\common\ftdivl.c estimated size: 257

mcc_generated_files/pin_manager.c
		_IOCBF3_DefaultInterruptHandler		CODE           	1EBB0	0000	3
		_PIN_MANAGER_Initialize		CODE           	1CD94	0000	161
		_IOCBF3_ISR    		CODE           	1E4D0	0000	43
		_IOCBF2_SetInterruptHandler		CODE           	1EA6E	0000	15
		_IOCBF3_SetInterruptHandler		CODE           	1EA60	0000	15
		_IOCBF2_DefaultInterruptHandler		CODE           	1EBB2	0000	3
		_PIN_MANAGER_IOC		CODE           	1E97C	0000	21
		_IOCBF2_ISR    		CODE           	1E4FA	0000	43

mcc_generated_files/pin_manager.c estimated size: 304

C:\Program Files (x86)\Microchip\xc8\v2.05\pic\sources\c90\common\lwdiv.c
		___lwdiv       		CODE           	1D8C6	0000	85

C:\Program Files (x86)\Microchip\xc8\v2.05\pic\sources\c90\common\lwdiv.c estimated size: 85

C:\Program Files (x86)\Microchip\xc8\v2.05\pic\sources\c90\common\fltol.c
		___fltol       		CODE           	1CA2A	0000	189

C:\Program Files (x86)\Microchip\xc8\v2.05\pic\sources\c90\common\fltol.c estimated size: 189

cap_touch_int.c
		_leftCapTouchHandler		CODE           	1E952	0000	23
		_rightCapTouchHandler		CODE           	1E93C	0000	23

cap_touch_int.c estimated size: 46

C:\Program Files (x86)\Microchip\xc8\v2.05\pic\sources\c90\common\Umul16.c
		___wmul        		CODE           	1E54C	0000	41

C:\Program Files (x86)\Microchip\xc8\v2.05\pic\sources\c90\common\Umul16.c estimated size: 41

device_IDs.c
		_getDeviceID   		CODE           	1E76A	0000	33
		_getUserID     		CODE           	1E292	0000	53
		_getMinorRevisionID		CODE           	1E5EC	0000	39
		_getDeviceIDString		CODE           	1CECC	0000	153
		_getMajorRevisionID		CODE           	1E170	0000	61

device_IDs.c estimated size: 339

C:\Program Files (x86)\Microchip\xc8\v2.05\pic\sources\c90\common\fldivl.c
		__div_to_l_    		CODE           	1C23C	0000	247

C:\Program Files (x86)\Microchip\xc8\v2.05\pic\sources\c90\common\fldivl.c estimated size: 247

C:\Program Files (x86)\Microchip\xc8\v2.05\pic\sources\c90\common\flge.c
		___flge        		CODE           	1C6F2	0000	211

C:\Program Files (x86)\Microchip\xc8\v2.05\pic\sources\c90\common\flge.c estimated size: 211

mcc_generated_files/ccp2.c
		_CCP2_CallBack 		CODE           	1DF82	0000	65
		_CCP2_CaptureISR		CODE           	1E8DE	0000	27
		_CCP2_Initialize		CODE           	1E6A6	0000	35

mcc_generated_files/ccp2.c estimated size: 127

C:\Program Files (x86)\Microchip\xc8\v2.05\pic\sources\c90\common\printf.c
		_printf        		CODE           	1E0F8	0000	61

C:\Program Files (x86)\Microchip\xc8\v2.05\pic\sources\c90\common\printf.c estimated size: 61

mcc_generated_files/ext_int.c
		_INT1_SetInterruptHandler		CODE           	1EA8A	0000	15
		_EXT_INT_Initialize		CODE           	1E224	0000	57
		_INT2_SetInterruptHandler		CODE           	1EA7C	0000	15
		_INT1_DefaultInterruptHandler		CODE           	1EBB6	0000	3
		_INT1_CallBack 		CODE           	1E682	0000	37
		_INT2_DefaultInterruptHandler		CODE           	1EBB4	0000	3
		_INT2_CallBack 		CODE           	1E65E	0000	37
		_INT1_ISR      		CODE           	1EB48	0000	11
		_INT2_ISR      		CODE           	1EB3E	0000	11

mcc_generated_files/ext_int.c estimated size: 189

C:\Program Files (x86)\Microchip\xc8\v2.05\pic\sources\c90\common\awdiv.c
		___awdiv       		CODE           	1D1A2	0000	135

C:\Program Files (x86)\Microchip\xc8\v2.05\pic\sources\c90\common\awdiv.c estimated size: 135

LM73_I2C.c
		_LM73TempSensorInitialize		CODE           	1AEFC	0000	569
		_LM73Convert   		CODE           	1A9F4	0000	645
		_LM73AcquisitionHandler		CODE           	1B134	0000	557

LM73_I2C.c estimated size: 1771

freq_meas.c
		_freqMeasStartCaptures		CODE           	1EB2A	0000	11
		_freqMeasConvert		CODE           	1C7C4	0000	211

freq_meas.c estimated size: 222

mcc_generated_files/tmr5.c
		_TMR5_Initialize		CODE           	1E134	0000	61
		_TMR5_StopTimer		CODE           	1EB7C	0000	5
		_TMR5_WriteTimer		CODE           	1E6EA	0000	33

mcc_generated_files/tmr5.c estimated size: 99

shared
		i2_printf      		CODE           	1E1AC	0000	61
		i1_TMR3_Reload 		CODE           	1EAC2	0000	15
		i2_TMR3_Reload 		CODE           	1EAEC	0000	15
		_OledFont      		MEDIUMCONST    	D9A7	0000	769
		i1_TMR3_StopTimer		CODE           	1EB88	0000	5
		i2_putch       		CODE           	1EB52	0000	11
		i2___fleq      		CODE           	1D118	0000	139
		__powers_      		MEDIUMCONST    	D91F	0000	53
		i1_TMR3_WriteTimer		CODE           	1E7AA	0000	33
		_dpowers       		MEDIUMCONST    	DCA7	0000	41
		i2_TMR3_WriteTimer		CODE           	1E874	0000	29
		i2___lwdiv     		CODE           	1D9C0	0000	83
		i2_isdigit     		CODE           	1E7CA	0000	31
		i2___flneg     		CODE           	1E44E	0000	47
		i2___awdiv     		CODE           	1D2AC	0000	133
		i1___fladd     		CODE           	18E42	0000	783
		i2_TMR1_Reload 		CODE           	1EADE	0000	15
		i2___fladd     		CODE           	19150	0000	783
		i2__tdiv_to_l_ 		CODE           	1C13E	0000	255
		i2___wmul      		CODE           	1E612	0000	39
		i2_TMR1_StopTimer		CODE           	1EB90	0000	5
		i2__doprnt     		CODE           	11724	0000	5913
		i1___fldiv     		CODE           	1A4E2	0000	651
		i2___fldiv     		CODE           	1A76C	0000	649
		i2__div_to_l_  		CODE           	1C426	0000	245
		__npowers_     		MEDIUMCONST    	D953	0000	53
		i2___lwmod     		CODE           	1DF40	0000	67
		i2___fltol     		CODE           	1CAE6	0000	187
		i2_scale       		CODE           	16BE6	0000	1049
		i2___lldiv     		CODE           	1D330	0000	131
		__initialization		CODE           	1CE34	0000	143
		i2___flge      		CODE           	1C896	0000	209
		i2___awmod     		CODE           	1D496	0000	113
		i2_TMR1_WriteTimer		CODE           	1E858	0000	29
		i2_EUSART2_Write		CODE           	1D91A	0000	85
		i1___flmul     		CODE           	17E72	0000	853
		i2___flmul     		CODE           	181C6	0000	851
		_hexpowers     		MEDIUMCONST    	D987	0000	33
		i2___llmod     		CODE           	1D63A	0000	103
		i1___xxtofl    		CODE           	1BC98	0000	325
		i2___xxtofl    		CODE           	1BDDC	0000	321
		i2___flsub     		CODE           	1DD16	0000	73
		_temp_adc_offset		MEDIUMCONST    	0000	0000	0
		i2_fround      		CODE           	19D04	0000	687

shared estimated size: 16115

C:\Program Files (x86)\Microchip\xc8\v2.05\pic\sources\c90\common\sprcmul.c
		___flmul       		CODE           	17B1E	0000	853

C:\Program Files (x86)\Microchip\xc8\v2.05\pic\sources\c90\common\sprcmul.c estimated size: 853

C:\Program Files (x86)\Microchip\xc8\v2.05\pic\sources\c90\common\strncpy.c
		_strncpy       		CODE           	1D56E	0000	103

C:\Program Files (x86)\Microchip\xc8\v2.05\pic\sources\c90\common\strncpy.c estimated size: 103

mcc_generated_files/mcc.c
		_PMD_Initialize		CODE           	1E804	0000	29
		_OSCILLATOR_Initialize		CODE           	1E8F8	0000	25
		_SYSTEM_Initialize		CODE           	1E03E	0000	63

mcc_generated_files/mcc.c estimated size: 117

ring_buffer_interface.c
		_terminal_ringBufferPull		CODE           	1C332	0000	245

ring_buffer_interface.c estimated size: 245

mcc_generated_files/tmr3.c
		_TMR3_ISR      		CODE           	1E2C6	0000	53
		_TMR3_Initialize		CODE           	1DAB2	0000	81
		_TMR3_SetInterruptHandler		CODE           	1EA28	0000	15
		_TMR3_StopTimer		CODE           	1EB80	0000	5
		_TMR3_Reload   		CODE           	1EA0C	0000	15
		_TMR3_DefaultInterruptHandler		CODE           	1EBA8	0000	3
		_TMR3_WriteTimer		CODE           	1E70A	0000	33
		_TMR3_StartTimer		CODE           	1EB94	0000	5

mcc_generated_files/tmr3.c estimated size: 210

C:\Program Files (x86)\Microchip\xc8\v2.05\pic\sources\c90\common\abs.c
		_abs           		CODE           	1E4A6	0000	43

C:\Program Files (x86)\Microchip\xc8\v2.05\pic\sources\c90\common\abs.c estimated size: 43

C:\Program Files (x86)\Microchip\xc8\v2.05\pic\sources\c90\common\sprcdiv.c
		___fldiv       		CODE           	1A258	0000	651

C:\Program Files (x86)\Microchip\xc8\v2.05\pic\sources\c90\common\sprcdiv.c estimated size: 651

C:\Program Files (x86)\Microchip\xc8\v2.05\pic\sources\c90\common\strcat.c
		_strcat        		CODE           	1D700	0000	95

C:\Program Files (x86)\Microchip\xc8\v2.05\pic\sources\c90\common\strcat.c estimated size: 95

C:\Program Files (x86)\Microchip\xc8\v2.05\pic\sources\c90\common\flneg.c
		___flneg       		CODE           	1E3F0	0000	49

C:\Program Files (x86)\Microchip\xc8\v2.05\pic\sources\c90\common\flneg.c estimated size: 49

C:\Program Files (x86)\Microchip\xc8\v2.05\pic\sources\c90\common\fabs.c
		_fabs          		CODE           	1E1E8	0000	61

C:\Program Files (x86)\Microchip\xc8\v2.05\pic\sources\c90\common\fabs.c estimated size: 61

cause_of_reset.c
		_getCauseOfResetStringSmall		CODE           	1E3C0	0000	49
		_getCauseOfResetString		CODE           	1E360	0000	49
		_getCauseOfReset		CODE           	1D816	0000	91

cause_of_reset.c estimated size: 189

mcc_generated_files/tmr1.c
		_TMR1_Initialize		CODE           	1DB02	0000	81
		_TMR1_SetInterruptHandler		CODE           	1EA44	0000	15
		_TMR1_StopTimer		CODE           	1EB84	0000	5
		_TMR1_Reload   		CODE           	1EA1A	0000	15
		_TMR1_DefaultInterruptHandler		CODE           	1EBAC	0000	3
		_TMR1_WriteTimer		CODE           	1E72A	0000	33
		_TMR1_StartTimer		CODE           	1EB98	0000	5
		_TMR1_ISR      		CODE           	1E2FA	0000	53

mcc_generated_files/tmr1.c estimated size: 210

C:\Program Files (x86)\Microchip\xc8\v2.05\pic\sources\c90\common\memmove.c
		_memmove       		CODE           	1CBA0	0000	175

C:\Program Files (x86)\Microchip\xc8\v2.05\pic\sources\c90\common\memmove.c estimated size: 175

mcc_generated_files/i2c2.c
		_I2C2_BusCollisionISR		CODE           	1EB12	0000	13
		_I2C2_MasterRead		CODE           	1DBA2	0000	81
		_I2C2_FunctionComplete		CODE           	1E820	0000	29
		_I2C2_MasterWriteTRBBuild		CODE           	1DDA4	0000	71
		_I2C2_ISR      		CODE           	1AC78	0000	645
		_I2C2_MasterWrite		CODE           	1DB52	0000	81
		_I2C2_Initialize		CODE           	1E25C	0000	55
		_I2C2_Stop     		CODE           	1DDEA	0000	71
		_I2C2_MasterReadTRBBuild		CODE           	1D96E	0000	83
		_I2C2_WaitForLastPacketToComplete		CODE           	1EB34	0000	11
		_I2C2_MasterTRBInsert		CODE           	1CCF2	0000	163

mcc_generated_files/i2c2.c estimated size: 1303

C:\Program Files (x86)\Microchip\xc8\v2.05\pic\sources\c90\common\xxtofl.c
		___xxtofl      		CODE           	1BB54	0000	325

C:\Program Files (x86)\Microchip\xc8\v2.05\pic\sources\c90\common\xxtofl.c estimated size: 325

oled.c
		_OLED_Clear    		CODE           	1E0BA	0000	63
		_OLED_Command  		CODE           	1D5D4	0000	103
		_OLED_WriteString		CODE           	1E07C	0000	63
		_OLED_UpdateFromRAMBuffer		CODE           	1BF1C	0000	291
		_OLED_Init     		CODE           	1CF64	0000	153
		_OLED_updateHandler		CODE           	12E3C	0000	5171
		_OLED_PutChar  		CODE           	1C966	0000	197
		_OLED_YX       		CODE           	1DEBA	0000	69

oled.c estimated size: 6110

mcc_generated_files/memory.c
		_FLASH_ReadWord		CODE           	1DEFE	0000	67
		_FLASH_ReadByte		CODE           	1E8AA	0000	27
		_DATAEE_WriteByte		CODE           	1DFC2	0000	63
		_DATAEE_ReadByte		CODE           	1E890	0000	27

mcc_generated_files/memory.c estimated size: 184

ring_buffer_LUT.c
		_ringBufferLUT 		CODE           	15C66	0000	1717
		_printMaximumMeasurements		CODE           	1945E	0000	763
		_printErrorHandlerStatus		CODE           	1B360	0000	501
		_floatToEngineeringFormat		CODE           	16FFE	0000	1045
		_printCurrentMeasurements		CODE           	1631A	0000	1177
		_printMinimumMeasurements		CODE           	19FB2	0000	679

ring_buffer_LUT.c estimated size: 5882

C:\Program Files (x86)\Microchip\xc8\v2.05\pic\sources\c90\common\strlen.c
		_strlen        		CODE           	1E420	0000	47

C:\Program Files (x86)\Microchip\xc8\v2.05\pic\sources\c90\common\strlen.c estimated size: 47

mcc_generated_files/adcc.c
		_ADCC_StopConversion		CODE           	1EBA0	0000	5
		_ADCC_DefaultInterruptHandler		CODE           	1EBB8	0000	3
		_ADCC_ClearAccumulator		CODE           	1EB70	0000	7
		_ADCC_GetFilterValue		CODE           	1E9A4	0000	21
		_ADCC_GetCurrentCountofConversions		CODE           	1EBA4	0000	5
		_ADCC_SetADTIInterruptHandler		CODE           	1EAB4	0000	15
		_ADCC_GetConversionResult		CODE           	1E9B8	0000	21
		_ADCC_ThresholdISR		CODE           	1E5C4	0000	41
		_ADCC_StartConversion		CODE           	1EAD0	0000	15
		_ADCC_Initialize		CODE           	1D6A0	0000	97
		_ADCC_HasAccumulatorOverflowed		CODE           	1EB1E	0000	13
		_ADCC_DischargeSampleCapacitor		CODE           	1EB5C	0000	9

mcc_generated_files/adcc.c estimated size: 252

C:\Program Files (x86)\Microchip\xc8\v2.05\pic\sources\c90\common\strcmp.c
		_strcmp        		CODE           	1DA12	0000	81

C:\Program Files (x86)\Microchip\xc8\v2.05\pic\sources\c90\common\strcmp.c estimated size: 81

C:\Program Files (x86)\Microchip\xc8\v2.05\pic\sources\c90\common\strcpy.c
		_strcpy        		CODE           	1DC3E	0000	73

C:\Program Files (x86)\Microchip\xc8\v2.05\pic\sources\c90\common\strcpy.c estimated size: 73

C:\Program Files (x86)\Microchip\xc8\v2.05\pic\sources\c90\common\__lldiv.c
		___lldiv       		CODE           	1D228	0000	133

C:\Program Files (x86)\Microchip\xc8\v2.05\pic\sources\c90\common\__lldiv.c estimated size: 133

main.c
		_main          		CODE           	19758	0000	747

main.c estimated size: 747

C:\Program Files (x86)\Microchip\xc8\v2.05\pic\sources\c90\common\fleq.c
		___fleq        		CODE           	1D08C	0000	141

C:\Program Files (x86)\Microchip\xc8\v2.05\pic\sources\c90\common\fleq.c estimated size: 141

C:\Program Files (x86)\Microchip\xc8\v2.05\pic\sources\c90\common\lwmod.c
		___lwmod       		CODE           	1DE76	0000	69

C:\Program Files (x86)\Microchip\xc8\v2.05\pic\sources\c90\common\lwmod.c estimated size: 69

