Microchip MPLAB XC8 Compiler V2.05 ()

Linker command line:

-W-3 --edf=C:\Program Files (x86)\Microchip\xc8\v2.05\pic\dat\en_msgs.txt \
  -cs -h+dist/default/production\QI_Monitor.X.production.sym \
  --cmf=dist/default/production\QI_Monitor.X.production.cmf -z -Q18F27K40 \
  -oC:\Users\DREWMA~1\AppData\Local\Temp\sg20.2 --defsym=__MPLAB_BUILD=1 \
  -Mdist/default/production/QI_Monitor.X.production.map -E1 -ver=XC8 \
  --acfsm=1493 -ASTACK=04DAh-0E87h -pstack=STACK -ACODE=00h-01FFFFh \
  -ACONST=00h-01FFFFh -ASMALLCONST=0F00h-0FFFhx497 \
  -AMEDIUMCONST=0F00h-0FFFFh,010F00h-01FFFFh -ACOMRAM=01h-05Fh \
  -AABS1=00h-0E87h -ABIGRAM=01h-0E87h \
  -ARAM=060h-0FFh,0100h-01FFhx13,0E00h-0E87h -ABANK0=060h-0FFh \
  -ABANK1=0100h-01FFh -ABANK2=0200h-02FFh -ABANK3=0300h-03FFh \
  -ABANK4=0400h-04FFh -ABANK5=0500h-05FFh -ABANK6=0600h-06FFh \
  -ABANK7=0700h-07FFh -ABANK8=0800h-08FFh -ABANK9=0900h-09FFh \
  -ABANK10=0A00h-0AFFh -ABANK11=0B00h-0BFFh -ABANK12=0C00h-0CFFh \
  -ABANK13=0D00h-0DFFh -ABANK14=0E00h-0E87h \
  -ASFR=0E8Dh-0EFFh,0F00h-0F5Fh,0F60h-0FFFh \
  -preset_vec=00h,intcode=08h,intcodelo=018h,powerup,init -pramtop=0F00h \
  -psmallconst=SMALLCONST -pmediumconst=MEDIUMCONST -pconst=CONST \
  -AFARRAM=00h-00h -ACONFIG=0300000h-030000Bh -pconfig=CONFIG \
  -AIDLOC=0200000h-020000Fh -pidloc=IDLOC -AEEDATA=0310000h-03103FFh \
  -peeprom_data=EEDATA \
  -prdata=COMRAM,nvrram=COMRAM,nvbit=COMRAM,rbss=COMRAM,rbit=COMRAM \
  -pfarbss=FARRAM,fardata=FARRAM,nvFARRAM=FARRAM \
  -pintsave_regs=BIGRAM,bigbss=BIGRAM,bigdata=BIGRAM -pbss=RAM \
  -pidata=CODE,irdata=CODE,ibigdata=CODE,ifardata=CODE -prparam=COMRAM \
  C:\Users\DREWMA~1\AppData\Local\Temp\sg20.o \
  dist/default/production\QI_Monitor.X.production.o 

Object code version is 3.11

Machine type is 18F27K40

Call graph: (short form)




                Name                               Link     Load   Length Selector   Space Scale
C:\Users\DREWMA~1\AppData\Local\Temp\sg20.o
                init                                 C2       C2        4        C       0
                reset_vec                             0        0        4        0       0
                idloc                            200000   200000       10   200000       0
                config                           300000   300000        C   300000       0
dist/default/production\QI_Monitor.X.production.o
                intcodelo                            18       18       AA        C       0
                intcode                               8        8        6        4       0
                temp                                 5E       5E        1        1       1
                mediumconst                        E122     E122     1EDE     7091       0
                text210                           1BEAA    1BEAA       14     8000       0
                text209                           1C096    1C096        4     8000       0
                text208                           1BE96    1BE96       14     8000       0
                text207                           1C010    1C010        C     8000       0
                text206                           1C092    1C092        4     8000       0
                text205                           1C08E    1C08E        4     8000       0
                text204                           1C068    1C068        6     8000       0
                text203                           1B988    1B988       2E     8000       0
                text202                           1B6F0    1B6F0       3C     8000       0
                text201                           182B0    182B0      288     8000       0
                text200                           19CDE    19CDE       D0     8000       0
                text199                           16914    16914      352     8000       0
                text198                           17282    17282      30E     8000       0
                text197                           1B25C    1B25C       48     8000       0
                text196                           193DE    193DE      140     8000       0
                text195                           149A0    149A0      974     8000       0
                text194                           1C0AA    1C0AA        2     8000       0
                text193                           1BAD4    1BAD4       28     8000       0
                text192                           1A6EC    1A6EC       8A     8000       0
                text191                           1A0C4    1A0C4       BA     8000       0
                text190                           1A904    1A904       82     8000       0
                text189                           1AC6E    1AC6E       66     8000       0
                text188                           1BB22    1BB22       26     8000       0
                text187                           19A28    19A28       F4     8000       0
                text186                           19740    19740       FE     8000       0
                text185                           1AFA2    1AFA2       52     8000       0
                text184                           1B4C4    1B4C4       42     8000       0
                text183                           17852    17852      2AE     8000       0
                text182                           1BCD8    1BCD8       1E     8000       0
                text181                           1B482    1B482       42     8000       0
                text180                           1C044    1C044        A     8000       0
                text179                           1A880    1A880       84     8000       0
                text178                           1A9F8    1A9F8       70     8000       0
                text177                           15748    15748      418     8000       0
                text176                           11724    11724     1718     8000       0
                text175                           1B6B4    1B6B4       3C     8000       0
                text174                           1A22C    1A22C       A4     8000       0
                text173                           1BE44    1BE44       16     8000       0
                text172                           1C0A8    1C0A8        2     8000       0
                text171                           1BB90    1BB90       24     8000       0
                text170                           1C03A    1C03A        A     8000       0
                text169                           1BE2E    1BE2E       16     8000       0
                text168                           1C0A6    1C0A6        2     8000       0
                text167                           1BB6C    1BB6C       24     8000       0
                text166                           1C030    1C030        A     8000       0
                text165                           1C08A    1C08A        4     8000       0
                text164                           1C086    1C086        4     8000       0
                text163                           1BD66    1BD66       1C     8000       0
                text162                           1BFDE    1BFDE        E     8000       0
                text161                           1BE82    1BE82       14     8000       0
                text160                           1C0A4    1C0A4        2     8000       0
                text159                           1BA0A    1BA0A       2A     8000       0
                text158                           1BD4A    1BD4A       1C     8000       0
                text157                           1BFD0    1BFD0        E     8000       0
                text156                           1BD2E    1BD2E       1C     8000       0
                text155                           1C0A2    1C0A2        2     8000       0
                text154                           1B9E0    1B9E0       2A     8000       0
                text153                           1BE6E    1BE6E       14     8000       0
                text152                           1AA68    1AA68       6C     8000       0
                text151                           1C0A0    1C0A0        2     8000       0
                text150                           1BAAC    1BAAC       28     8000       0
                text149                           1C082    1C082        4     8000       0
                text148                           1C09E    1C09E        2     8000       0
                text147                           1BE18    1BE18       16     8000       0
                text146                           1B802    1B802       34     8000       0
                intcode_body                      19DAE    19DAE       CC     8000       0
                text144                           16F74    16F74      30E     8000       0
                text143                           18026    18026      28A     8000       0
                text142                           165C0    165C0      354     8000       0
                text141                           1929A    1929A      144     8000       0
                text140                           19E7A    19E7A       CA     8000       0
                text139                           1B506    1B506       40     8000       0
                text138                           1BDD0    1BDD0       1A     8000       0
                text137                           1B868    1B868       32     8000       0
                text136                           1C004    1C004        C     8000       0
                text135                           1BDB6    1BDB6       1A     8000       0
                text134                           1B3FC    1B3FC       44     8000       0
                text133                           187B2    187B2      276     8000       0
                text132                           1C062    1C062        6     8000       0
                text131                           1C04E    1C04E        8     8000       0
                text130                           1BFC2    1BFC2        E     8000       0
                text129                           1C07E    1C07E        4     8000       0
                text128                           1C05C    1C05C        6     8000       0
                text127                           1C09C    1C09C        2     8000       0
                text126                           1BD9C    1BD9C       1A     8000       0
                text125                           1BA84    1BA84       28     8000       0
                text124                           1BCB8    1BCB8       20     8000       0
                text123                           1BFB4    1BFB4        E     8000       0
                text122                           1C07A    1C07A        4     8000       0
                text121                           1C09A    1C09A        2     8000       0
                text120                           1BC98    1BC98       20     8000       0
                text119                           1B7CE    1B7CE       34     8000       0
                text117                           1AF50    1AF50       52     8000       0
                text116                           1C026    1C026        A     8000       0
                text115                           1A2D0    1A2D0       A2     8000       0
                text114                           1B134    1B134       50     8000       0
                text113                           1B2EA    1B2EA       46     8000       0
                text112                           1B0E4    1B0E4       50     8000       0
                text111                           1626C    1626C      354     8000       0
                text110                           19156    19156      144     8000       0
                text109                           17B00    17B00      29C     8000       0
                text108                           18C60    18C60      22C     8000       0
                text107                           18A28    18A28      238     8000       0
                text106                           1A17E    1A17E       AE     8000       0
                text105                           19F44    19F44       C4     8000       0
                text104                           1B5C2    1B5C2       3E     8000       0
                text103                           1AC08    1AC08       66     8000       0
                text102                           1A4AA    1A4AA       98     8000       0
                text101                           1AEA4    1AEA4       58     8000       0
                text100                           1B3B8    1B3B8       44     8000       0
                text99                            1B95A    1B95A       2E     8000       0
                text98                            1951E    1951E      122     8000       0
                text97                            17D9C    17D9C      28A     8000       0
                text96                            1B92A    1B92A       30     8000       0
                text95                            1A7FC    1A7FC       84     8000       0
                text94                            1BA5C    1BA5C       28     8000       0
                text93                            1A542    1A542       90     8000       0
                text92                            1BD82    1BD82       1A     8000       0
                text91                            1B440    1B440       42     8000       0
                text90                            1BC78    1BC78       20     8000       0
                text89                            19B1C    19B1C       F0     8000       0
                text88                            1B678    1B678       3C     8000       0
                text87                            1BAFC    1BAFC       26     8000       0
                text86                            19006    19006      150     8000       0
                text85                            1ADEE    1ADEE       5C     8000       0
                text84                            18E8C    18E8C      17A     8000       0
                text83                            1B8FA    1B8FA       30     8000       0
                text82                            1A660    1A660       8C     8000       0
                text81                            19C0C    19C0C       D2     8000       0
                text80                            1B8CA    1B8CA       30     8000       0
                text79                            16C66    16C66      30E     8000       0
                text78                            1B214    1B214       48     8000       0
                text77                            1A008    1A008       BC     8000       0
                text76                            1AAD4    1AAD4       68     8000       0
                text75                            1983E    1983E       F6     8000       0
                text74                            19640    19640      100     8000       0
                text73                            1AEFC    1AEFC       54     8000       0
                text72                            1B374    1B374       44     8000       0
                text71                            17590    17590      2C2     8000       0
                text70                            1BBD6    1BBD6       22     8000       0
                text69                            1B330    1B330       44     8000       0
                text68                            1BE5A    1BE5A       14     8000       0
                text67                            1A776    1A776       86     8000       0
                text66                            1A986    1A986       72     8000       0
                text65                            15314    15314      434     8000       0
                text64                            10000    10000     1724     8000       0
                text63                            1B1CC    1B1CC       48     8000       0
                text62                            1B184    1B184       48     8000       0
                text61                            12E3C    12E3C      E60     8000       0
                text60                            1BFA6    1BFA6        E     8000       0
                text59                            1ACD4    1ACD4       60     8000       0
                text58                            1BBB4    1BBB4       22     8000       0
                text57                            1BF98    1BF98        E     8000       0
                text56                            1BF8A    1BF8A        E     8000       0
                text55                            1ABA2    1ABA2       66     8000       0
                text54                            1BF7C    1BF7C        E     8000       0
                text53                            1BF6E    1BF6E        E     8000       0
                text52                            1B72C    1B72C       38     8000       0
                text51                            1BFF8    1BFF8        C     8000       0
                text50                            1B764    1B764       36     8000       0
                text49                            1BC58    1BC58       20     8000       0
                text48                            1BDEA    1BDEA       18     8000       0
                text47                            1BF60    1BF60        E     8000       0
                text46                            1BF52    1BF52        E     8000       0
                text45                            1A372    1A372       A0     8000       0
                text44                            1BD12    1BD12       1C     8000       0
                text43                            1BF44    1BF44        E     8000       0
                text42                            1B9B6    1B9B6       2A     8000       0
                text41                            1BF36    1BF36        E     8000       0
                text40                            1B094    1B094       50     8000       0
                text39                            1BF28    1BF28        E     8000       0
                text38                            1B836    1B836       32     8000       0
                text37                            1BF1A    1BF1A        E     8000       0
                text36                            1B044    1B044       50     8000       0
                text35                            1B63C    1B63C       3C     8000       0
                text34                            1B584    1B584       3E     8000       0
                text33                            1BC38    1BC38       20     8000       0
                text32                            1BF0C    1BF0C        E     8000       0
                text31                            1C076    1C076        4     8000       0
                text30                            1BC18    1BC18       20     8000       0
                text29                            1BEFE    1BEFE        E     8000       0
                text28                            1C072    1C072        4     8000       0
                text27                            1C06E    1C06E        4     8000       0
                text26                            1BBF8    1BBF8       20     8000       0
                text25                            1C01C    1C01C        A     8000       0
                text24                            1AE4A    1AE4A       5A     8000       0
                text23                            1B600    1B600       3C     8000       0
                text22                            1BEEE    1BEEE       10     8000       0
                text21                            1BEDE    1BEDE       10     8000       0
                text20                            1B546    1B546       3E     8000       0
                text19                            1BE02    1BE02       16     8000       0
                text18                            1BA34    1BA34       28     8000       0
                text17                            1C056    1C056        6     8000       0
                text16                            1B2A4    1B2A4       46     8000       0
                text15                            1BECE    1BECE       10     8000       0
                text14                            1BCF6    1BCF6       1C     8000       0
                text13                            1BFEC    1BFEC        C     8000       0
                text12                            1B89A    1B89A       30     8000       0
                text11                            1A412    1A412       98     8000       0
                text10                            1AD92    1AD92       5C     8000       0
                text9                             1AD34    1AD34       5E     8000       0
                text8                             15B60    15B60      3A6     8000       0
                text7                             1B79A    1B79A       34     8000       0
                text6                             1AFF4    1AFF4       50     8000       0
                text5                             1AB3C    1AB3C       66     8000       0
                text4                             15F06    15F06      366     8000       0
                text3                             1BEBE    1BEBE       10     8000       0
                text2                             13C9C    13C9C      D04     8000       0
                text1                             19934    19934       F4     8000       0
                text0                             18538    18538      27A     8000       0
                cstackCOMRAM                          1        1       5D        1       1
                cstackBANK0                          60       60       59       60       1
                cstackBANK1                         100      100       61      100       1
                cstackBANK2                         200      200       B2      200       1
                cstackBANK3                         3DD      3DD       22      300       1
                cstackBANK4                         4C0      4C0       1A      400       1
                bssBANK4                            400      400       C0      400       1
                dataBANK3                           3B9      3B9       24      300       1
                bssBANK3                            300      300       B9      300       1
                dataBANK2                           2FF      2FF        1      200       1
                bssBANK2                            2B2      2B2       4C      200       1
                bssBANK1                            161      161       5D      100       1
                dataBANK0                            FD       FD        1       60       1
                bssBANK0                             B9       B9       43       60       1
                bitbssBANK0                         7E0       FC        1       60       1     8
                cinit                             1A5D2    1A5D2       8E     8000       0
                nvBANK2                             2FE      2FE        1      200       1
                idataBANK3                        1BB48    1BB48       24     8000       0
                idataBANK2                        1C0AD    1C0AD        1     8000       0
                idataBANK0                        1C0AC    1C0AC        1     8000       0

TOTAL           Name                               Link     Load   Length     Space
        CLASS   STACK          

        CLASS   CODE           
                intcodelo                            18       18       AA         0
                intcode                               8        8        6         0
                init                                 C2       C2        4         0
                reset_vec                             0        0        4         0
                text210                           1BEAA    1BEAA       14         0
                text209                           1C096    1C096        4         0
                text208                           1BE96    1BE96       14         0
                text207                           1C010    1C010        C         0
                text206                           1C092    1C092        4         0
                text205                           1C08E    1C08E        4         0
                text204                           1C068    1C068        6         0
                text203                           1B988    1B988       2E         0
                text202                           1B6F0    1B6F0       3C         0
                text201                           182B0    182B0      288         0
                text200                           19CDE    19CDE       D0         0
                text199                           16914    16914      352         0
                text198                           17282    17282      30E         0
                text197                           1B25C    1B25C       48         0
                text196                           193DE    193DE      140         0
                text195                           149A0    149A0      974         0
                text194                           1C0AA    1C0AA        2         0
                text193                           1BAD4    1BAD4       28         0
                text192                           1A6EC    1A6EC       8A         0
                text191                           1A0C4    1A0C4       BA         0
                text190                           1A904    1A904       82         0
                text189                           1AC6E    1AC6E       66         0
                text188                           1BB22    1BB22       26         0
                text187                           19A28    19A28       F4         0
                text186                           19740    19740       FE         0
                text185                           1AFA2    1AFA2       52         0
                text184                           1B4C4    1B4C4       42         0
                text183                           17852    17852      2AE         0
                text182                           1BCD8    1BCD8       1E         0
                text181                           1B482    1B482       42         0
                text180                           1C044    1C044        A         0
                text179                           1A880    1A880       84         0
                text178                           1A9F8    1A9F8       70         0
                text177                           15748    15748      418         0
                text176                           11724    11724     1718         0
                text175                           1B6B4    1B6B4       3C         0
                text174                           1A22C    1A22C       A4         0
                text173                           1BE44    1BE44       16         0
                text172                           1C0A8    1C0A8        2         0
                text171                           1BB90    1BB90       24         0
                text170                           1C03A    1C03A        A         0
                text169                           1BE2E    1BE2E       16         0
                text168                           1C0A6    1C0A6        2         0
                text167                           1BB6C    1BB6C       24         0
                text166                           1C030    1C030        A         0
                text165                           1C08A    1C08A        4         0
                text164                           1C086    1C086        4         0
                text163                           1BD66    1BD66       1C         0
                text162                           1BFDE    1BFDE        E         0
                text161                           1BE82    1BE82       14         0
                text160                           1C0A4    1C0A4        2         0
                text159                           1BA0A    1BA0A       2A         0
                text158                           1BD4A    1BD4A       1C         0
                text157                           1BFD0    1BFD0        E         0
                text156                           1BD2E    1BD2E       1C         0
                text155                           1C0A2    1C0A2        2         0
                text154                           1B9E0    1B9E0       2A         0
                text153                           1BE6E    1BE6E       14         0
                text152                           1AA68    1AA68       6C         0
                text151                           1C0A0    1C0A0        2         0
                text150                           1BAAC    1BAAC       28         0
                text149                           1C082    1C082        4         0
                text148                           1C09E    1C09E        2         0
                text147                           1BE18    1BE18       16         0
                text146                           1B802    1B802       34         0
                intcode_body                      19DAE    19DAE       CC         0
                text144                           16F74    16F74      30E         0
                text143                           18026    18026      28A         0
                text142                           165C0    165C0      354         0
                text141                           1929A    1929A      144         0
                text140                           19E7A    19E7A       CA         0
                text139                           1B506    1B506       40         0
                text138                           1BDD0    1BDD0       1A         0
                text137                           1B868    1B868       32         0
                text136                           1C004    1C004        C         0
                text135                           1BDB6    1BDB6       1A         0
                text134                           1B3FC    1B3FC       44         0
                text133                           187B2    187B2      276         0
                text132                           1C062    1C062        6         0
                text131                           1C04E    1C04E        8         0
                text130                           1BFC2    1BFC2        E         0
                text129                           1C07E    1C07E        4         0
                text128                           1C05C    1C05C        6         0
                text127                           1C09C    1C09C        2         0
                text126                           1BD9C    1BD9C       1A         0
                text125                           1BA84    1BA84       28         0
                text124                           1BCB8    1BCB8       20         0
                text123                           1BFB4    1BFB4        E         0
                text122                           1C07A    1C07A        4         0
                text121                           1C09A    1C09A        2         0
                text120                           1BC98    1BC98       20         0
                text119                           1B7CE    1B7CE       34         0
                text117                           1AF50    1AF50       52         0
                text116                           1C026    1C026        A         0
                text115                           1A2D0    1A2D0       A2         0
                text114                           1B134    1B134       50         0
                text113                           1B2EA    1B2EA       46         0
                text112                           1B0E4    1B0E4       50         0
                text111                           1626C    1626C      354         0
                text110                           19156    19156      144         0
                text109                           17B00    17B00      29C         0
                text108                           18C60    18C60      22C         0
                text107                           18A28    18A28      238         0
                text106                           1A17E    1A17E       AE         0
                text105                           19F44    19F44       C4         0
                text104                           1B5C2    1B5C2       3E         0
                text103                           1AC08    1AC08       66         0
                text102                           1A4AA    1A4AA       98         0
                text101                           1AEA4    1AEA4       58         0
                text100                           1B3B8    1B3B8       44         0
                text99                            1B95A    1B95A       2E         0
                text98                            1951E    1951E      122         0
                text97                            17D9C    17D9C      28A         0
                text96                            1B92A    1B92A       30         0
                text95                            1A7FC    1A7FC       84         0
                text94                            1BA5C    1BA5C       28         0
                text93                            1A542    1A542       90         0
                text92                            1BD82    1BD82       1A         0
                text91                            1B440    1B440       42         0
                text90                            1BC78    1BC78       20         0
                text89                            19B1C    19B1C       F0         0
                text88                            1B678    1B678       3C         0
                text87                            1BAFC    1BAFC       26         0
                text86                            19006    19006      150         0
                text85                            1ADEE    1ADEE       5C         0
                text84                            18E8C    18E8C      17A         0
                text83                            1B8FA    1B8FA       30         0
                text82                            1A660    1A660       8C         0
                text81                            19C0C    19C0C       D2         0
                text80                            1B8CA    1B8CA       30         0
                text79                            16C66    16C66      30E         0
                text78                            1B214    1B214       48         0
                text77                            1A008    1A008       BC         0
                text76                            1AAD4    1AAD4       68         0
                text75                            1983E    1983E       F6         0
                text74                            19640    19640      100         0
                text73                            1AEFC    1AEFC       54         0
                text72                            1B374    1B374       44         0
                text71                            17590    17590      2C2         0
                text70                            1BBD6    1BBD6       22         0
                text69                            1B330    1B330       44         0
                text68                            1BE5A    1BE5A       14         0
                text67                            1A776    1A776       86         0
                text66                            1A986    1A986       72         0
                text65                            15314    15314      434         0
                text64                            10000    10000     1724         0
                text63                            1B1CC    1B1CC       48         0
                text62                            1B184    1B184       48         0
                text61                            12E3C    12E3C      E60         0
                text60                            1BFA6    1BFA6        E         0
                text59                            1ACD4    1ACD4       60         0
                text58                            1BBB4    1BBB4       22         0
                text57                            1BF98    1BF98        E         0
                text56                            1BF8A    1BF8A        E         0
                text55                            1ABA2    1ABA2       66         0
                text54                            1BF7C    1BF7C        E         0
                text53                            1BF6E    1BF6E        E         0
                text52                            1B72C    1B72C       38         0
                text51                            1BFF8    1BFF8        C         0
                text50                            1B764    1B764       36         0
                text49                            1BC58    1BC58       20         0
                text48                            1BDEA    1BDEA       18         0
                text47                            1BF60    1BF60        E         0
                text46                            1BF52    1BF52        E         0
                text45                            1A372    1A372       A0         0
                text44                            1BD12    1BD12       1C         0
                text43                            1BF44    1BF44        E         0
                text42                            1B9B6    1B9B6       2A         0
                text41                            1BF36    1BF36        E         0
                text40                            1B094    1B094       50         0
                text39                            1BF28    1BF28        E         0
                text38                            1B836    1B836       32         0
                text37                            1BF1A    1BF1A        E         0
                text36                            1B044    1B044       50         0
                text35                            1B63C    1B63C       3C         0
                text34                            1B584    1B584       3E         0
                text33                            1BC38    1BC38       20         0
                text32                            1BF0C    1BF0C        E         0
                text31                            1C076    1C076        4         0
                text30                            1BC18    1BC18       20         0
                text29                            1BEFE    1BEFE        E         0
                text28                            1C072    1C072        4         0
                text27                            1C06E    1C06E        4         0
                text26                            1BBF8    1BBF8       20         0
                text25                            1C01C    1C01C        A         0
                text24                            1AE4A    1AE4A       5A         0
                text23                            1B600    1B600       3C         0
                text22                            1BEEE    1BEEE       10         0
                text21                            1BEDE    1BEDE       10         0
                text20                            1B546    1B546       3E         0
                text19                            1BE02    1BE02       16         0
                text18                            1BA34    1BA34       28         0
                text17                            1C056    1C056        6         0
                text16                            1B2A4    1B2A4       46         0
                text15                            1BECE    1BECE       10         0
                text14                            1BCF6    1BCF6       1C         0
                text13                            1BFEC    1BFEC        C         0
                text12                            1B89A    1B89A       30         0
                text11                            1A412    1A412       98         0
                text10                            1AD92    1AD92       5C         0
                text9                             1AD34    1AD34       5E         0
                text8                             15B60    15B60      3A6         0
                text7                             1B79A    1B79A       34         0
                text6                             1AFF4    1AFF4       50         0
                text5                             1AB3C    1AB3C       66         0
                text4                             15F06    15F06      366         0
                text3                             1BEBE    1BEBE       10         0
                text2                             13C9C    13C9C      D04         0
                text1                             19934    19934       F4         0
                text0                             18538    18538      27A         0
                cinit                             1A5D2    1A5D2       8E         0
                idataBANK3                        1BB48    1BB48       24         0
                idataBANK2                        1C0AD    1C0AD        1         0
                idataBANK0                        1C0AC    1C0AC        1         0

        CLASS   CONST          

        CLASS   SMALLCONST     

        CLASS   MEDIUMCONST    
                mediumconst                        E122     E122     1EDE         0

        CLASS   COMRAM         
                temp                                 5E       5E        1         1
                cstackCOMRAM                          1        1       5D         1

        CLASS   ABS1           

        CLASS   BIGRAM         

        CLASS   RAM            

        CLASS   BANK0          
                cstackBANK0                          60       60       59         1
                dataBANK0                            FD       FD        1         1
                bssBANK0                             B9       B9       43         1
                bitbssBANK0                         7E0       FC        1         1

        CLASS   BANK1          
                cstackBANK1                         100      100       61         1
                bssBANK1                            161      161       5D         1

        CLASS   BANK2          
                cstackBANK2                         200      200       B2         1
                dataBANK2                           2FF      2FF        1         1
                bssBANK2                            2B2      2B2       4C         1
                nvBANK2                             2FE      2FE        1         1

        CLASS   BANK3          
                cstackBANK3                         3DD      3DD       22         1
                dataBANK3                           3B9      3B9       24         1
                bssBANK3                            300      300       B9         1

        CLASS   BANK4          
                cstackBANK4                         4C0      4C0       1A         1
                bssBANK4                            400      400       C0         1

        CLASS   BANK5          

        CLASS   BANK6          

        CLASS   BANK7          

        CLASS   BANK8          

        CLASS   BANK9          

        CLASS   BANK10         

        CLASS   BANK11         

        CLASS   BANK12         

        CLASS   BANK13         

        CLASS   BANK14         

        CLASS   SFR            

        CLASS   FARRAM         

        CLASS   CONFIG         
                config                           300000   300000        C         0

        CLASS   IDLOC          
                idloc                            200000   200000       10         0

        CLASS   EEDATA         



SEGMENTS        Name                           Load    Length   Top    Selector   Space  Class

                reset_vec                      000000  000004  000004         0       0  CODE    
                cstackCOMRAM                   000001  00005E  00005F         1       1  COMRAM  
                intcode                        000008  000006  00000E         4       0  CODE    
                intcodelo                      000018  0000AE  0000C6         C       0  CODE    
                cstackBANK0                    000060  00009E  0000FE        60       1  BANK0   
                cstackBANK1                    000100  0000BE  0001BE       100       1  BANK1   
                cstackBANK2                    000200  000100  000300       200       1  BANK2   
                bssBANK3                       000300  0000FF  0003FF       300       1  BANK3   
                bssBANK4                       000400  0000DA  0004DA       400       1  BANK4   
                mediumconst                    00E122  001EDE  010000      7091       0  MEDIUMCO
                text64                         010000  00C0AE  01C0AE      8000       0  CODE    
                idloc                          200000  000010  200010    200000       0  IDLOC   
                config                         300000  00000C  30000C    300000       0  CONFIG  


UNUSED ADDRESS RANGES

        Name                Unused          Largest block    Delta
        BANK0            0000FE-0000FF                2
        BANK1            0001BE-0001FF               42
        BANK10           000A00-000AFF              100
        BANK11           000B00-000BFF              100
        BANK12           000C00-000CFF              100
        BANK13           000D00-000DFF              100
        BANK14           000E00-000E87               88
        BANK3            0003FF-0003FF                1
        BANK4            0004DA-0004FF               26
        BANK5            000500-0005FF              100
        BANK6            000600-0006FF              100
        BANK7            000700-0007FF              100
        BANK8            000800-0008FF              100
        BANK9            000900-0009FF              100
        BIGRAM           00005F-00005F                1
                         0000FE-0000FF                2
                         0001BE-0001FF               42
                         0003FF-0003FF                1
                         0004DA-000E87              9AE
        CODE             000004-000007                4
                         00000E-000017                A
                         0000C6-00E121             E05C
                         01C0AE-01FFFF             3F52
        COMRAM           00005F-00005F                1
        CONST            000004-000007                4
                         00000E-000017                A
                         0000C6-00E121             E05C
                         01C0AE-01FFFF             3F52
        EEDATA           310000-3103FF              400
        MEDIUMCONST      000F00-00E121             D222
                         01C0AE-01FFFF             3F52
        RAM              0000FE-0000FF                2
                         0001BE-0001FF               42
                         0003FF-0003FF                1
                         0004DA-000E87              100
        SFR              000E8D-000FFF               73
        SMALLCONST       000F00-00E121              100
                         01C0AE-01FFFF              100
        STACK            0004DA-000E87              9AE

                                  Symbol Table

?_ADCC_GetConversionResult                     cstackCOMRAM 000001
?_ADCC_GetFilterValue                          cstackCOMRAM 000001
?_FLASH_ReadWord                               cstackBANK2  000204
?___awdiv                                      cstackBANK2  000206
?___awmod                                      cstackBANK2  000200
?___fladd                                      cstackBANK2  000234
?___fldiv                                      cstackBANK2  000200
?___flmul                                      cstackBANK2  00020E
?___flneg                                      cstackBANK2  000200
?___flsub                                      cstackBANK2  000244
?___fltol                                      cstackBANK2  000230
?___lldiv                                      cstackBANK2  000200
?___llmod                                      cstackBANK2  00020D
?___lwdiv                                      cstackBANK2  000205
?___lwmod                                      cstackBANK2  000200
?___wmul                                       cstackBANK2  000200
?___xxtofl                                     cstackBANK2  000200
?__div_to_l_                                   cstackBANK2  000200
?__doprnt                                      cstackBANK2  00024C
?__tdiv_to_l_                                  cstackBANK2  000200
?_fabs                                         cstackCOMRAM 000005
?_fround                                       cstackBANK2  000227
?_getCauseOfResetString                        cstackBANK2  000200
?_getCauseOfResetStringSmall                   cstackBANK2  000200
?_getDeviceID                                  cstackBANK2  00020B
?_getDeviceIDString                            cstackBANK2  00020D
?_getNXQChargeStateString                      cstackBANK2  000200
?_getNXQChargeStateStringCaps                  cstackBANK2  000200
?_getStringSecondsAsTime                       cstackBANK2  000297
?_getUserID                                    cstackBANK2  00020B
?_printf                                       cstackBANK2  00029F
?_scale                                        cstackBANK2  000227
?_sprintf                                      cstackBANK2  000284
?_strcmp                                       cstackBANK2  000200
?_strlen                                       cstackBANK2  000200
?i1___fladd                                    cstackBANK1  00010E
?i1___fldiv                                    cstackBANK1  00011E
?i1___flmul                                    cstackBANK1  000137
?i1___xxtofl                                   cstackBANK1  000100
?i2___awdiv                                    cstackCOMRAM 000007
?i2___awmod                                    cstackCOMRAM 000001
?i2___fladd                                    cstackCOMRAM 000052
?i2___fldiv                                    cstackCOMRAM 000013
?i2___flmul                                    cstackCOMRAM 00002C
?i2___flneg                                    cstackCOMRAM 000001
?i2___flsub                                    cstackBANK0  000064
?i2___fltol                                    cstackCOMRAM 00004E
?i2___lldiv                                    cstackCOMRAM 000001
?i2___llmod                                    cstackCOMRAM 00000E
?i2___lwdiv                                    cstackCOMRAM 000006
?i2___lwmod                                    cstackCOMRAM 000001
?i2___wmul                                     cstackCOMRAM 000001
?i2___xxtofl                                   cstackCOMRAM 000005
?i2__div_to_l_                                 cstackCOMRAM 000001
?i2__doprnt                                    cstackBANK0  00006C
?i2__tdiv_to_l_                                cstackCOMRAM 000001
?i2_fround                                     cstackCOMRAM 000045
?i2_printf                                     cstackBANK0  0000A4
?i2_scale                                      cstackCOMRAM 000045
ADCC_SetADTIInterruptHandler@InterruptHandler  cstackBANK2  000200
ADCC_StartConversion@channel                   cstackBANK1  000100
ADC_PostProcessingHandler@current_adc_channel  cstackBANK0  000078
ADC_PostProcessingHandler@i                    cstackBANK0  000079
ADC_PostProcessingHandler@i_3358               cstackBANK0  00007A
CCP2_CallBack@capturedValue                    cstackBANK1  000154
CCP2_CaptureISR@module                         cstackBANK1  000156
EUSART2_Read@readValue                         cstackBANK2  000200
EUSART2_SetRxInterruptHandler@interruptHandler cstackBANK2  000200
EUSART2_SetTxInterruptHandler@interruptHandler cstackBANK2  000200
EUSART2_Write@txData                           cstackBANK2  000200
FLASH_ReadByte@flashAddr                       cstackBANK2  000200
FLASH_ReadWord@flashAddr                       cstackBANK2  000204
I2C2_ISR@i2c_10bit_address_restart             bssBANK0     0000D9
I2C2_ISR@i2c_address                           bssBANK0     0000FA
I2C2_ISR@i2c_bytes_left                        bssBANK0     0000DA
I2C2_ISR@pi2c_buf_ptr                          bssBANK0     0000D1
I2C2_MasterRead@address                        cstackBANK2  00020C
I2C2_MasterRead@length                         cstackBANK2  00020B
I2C2_MasterRead@pdata                          cstackBANK2  000209
I2C2_MasterRead@pflag                          cstackBANK2  00020E
I2C2_MasterRead@trBlock                        bssBANK1     0001AE
I2C2_MasterReadTRBBuild@address                cstackBANK2  000205
I2C2_MasterReadTRBBuild@length                 cstackBANK2  000204
I2C2_MasterReadTRBBuild@pdata                  cstackBANK2  000202
I2C2_MasterReadTRBBuild@ptrb                   cstackBANK2  000200
I2C2_MasterTRBInsert@count                     cstackBANK2  000205
I2C2_MasterTRBInsert@pflag                     cstackBANK2  000202
I2C2_MasterTRBInsert@ptrb_list                 cstackBANK2  000200
I2C2_MasterWrite@address                       cstackBANK2  00020C
I2C2_MasterWrite@length                        cstackBANK2  00020B
I2C2_MasterWrite@pdata                         cstackBANK2  000209
I2C2_MasterWrite@pflag                         cstackBANK2  00020E
I2C2_MasterWrite@trBlock                       bssBANK1     0001B3
I2C2_MasterWriteTRBBuild@address               cstackBANK2  000205
I2C2_MasterWriteTRBBuild@length                cstackBANK2  000204
I2C2_MasterWriteTRBBuild@pdata                 cstackBANK2  000202
I2C2_MasterWriteTRBBuild@ptrb                  cstackBANK2  000200
I2C2_Stop@completion_code                      cstackBANK1  000102
INT1_SetInterruptHandler@InterruptHandler      cstackBANK2  000200
INT2_SetInterruptHandler@InterruptHandler      cstackBANK2  000200
IOCBF2_SetInterruptHandler@InterruptHandler    cstackBANK2  000200
IOCBF3_SetInterruptHandler@InterruptHandler    cstackBANK2  000200
LM73Convert@Ambient_Conv                       cstackBANK2  00022E
LM73Convert@POS5_Conv                          cstackBANK2  00022C
LM73Convert@QI_Conv                            cstackBANK2  00022A
LM73TempSensorInitialize@output_data_array     cstackBANK2  000210
OLED_Clear@col                                 cstackBANK2  000223
OLED_Clear@row                                 cstackBANK2  000221
OLED_Command@data_array                        cstackBANK2  000212
OLED_Command@temp                              cstackBANK2  000210
OLED_PutChar@ch                                cstackBANK2  000220
OLED_PutChar@data_array                        cstackBANK2  000214
OLED_PutChar@input_base                        cstackBANK2  00021D
OLED_UpdateFromRAMBuffer@char_index            cstackBANK2  000223
OLED_UpdateFromRAMBuffer@char_index_4043       cstackBANK2  000224
OLED_UpdateFromRAMBuffer@char_index_4044       cstackBANK2  000225
OLED_UpdateFromRAMBuffer@char_index_4045       cstackBANK2  000226
OLED_WriteString@s                             cstackBANK2  000221
OLED_YX@Column                                 cstackBANK2  000214
OLED_YX@Row                                    cstackBANK2  000218
OLED_updateHandler@dev_id_str                  cstackBANK3  0003DD
OLED_updateHandler@rev_id_str                  cstackBANK3  0003EE
TMR0_SetInterruptHandler@InterruptHandler      cstackBANK2  000200
TMR1_SetInterruptHandler@InterruptHandler      cstackBANK2  000200
TMR1_WriteTimer@timerVal                       cstackBANK2  000200
TMR2_SetInterruptHandler@InterruptHandler      cstackBANK2  000200
TMR3_SetInterruptHandler@InterruptHandler      cstackBANK2  000200
TMR3_WriteTimer@timerVal                       cstackBANK2  000200
TMR5_WriteTimer@timerVal                       cstackBANK2  000200
_ADACCH                                        (abs)        000F71
_ADACCL                                        (abs)        000F70
_ADACQ                                         (abs)        000F5C
_ADACT                                         (abs)        000F56
_ADCAP                                         (abs)        000F5D
_ADCC_ADTI_InterruptHandler                    bssBANK1     00017A
_ADCC_ClearAccumulator                         text132      01C062
_ADCC_DefaultInterruptHandler                  text194      01C0AA
_ADCC_DischargeSampleCapacitor                 text131      01C04E
_ADCC_GetConversionResult                      text210      01BEAA
_ADCC_GetCurrentCountofConversions             text209      01C096
_ADCC_GetFilterValue                           text208      01BE96
_ADCC_HasAccumulatorOverflowed                 text207      01C010
_ADCC_Initialize                               text59       01ACD4
_ADCC_SetADTIInterruptHandler                  text60       01BFA6
_ADCC_StartConversion                          text130      01BFC2
_ADCC_StopConversion                           text206      01C092
_ADCC_ThresholdISR                             text193      01BAD4
_ADCLK                                         (abs)        000F57
_ADCNT                                         (abs)        000F67
_ADCON0                                        (abs)        000F60
_ADCON0bits                                    (abs)        000F60
_ADCON1                                        (abs)        000F59
_ADCON1bits                                    (abs)        000F59
_ADCON2                                        (abs)        000F5A
_ADCON2bits                                    (abs)        000F5A
_ADCON3                                        (abs)        000F5B
_ADCON3bits                                    (abs)        000F5B
_ADC_PostProcessingHandler                     text195      0149A0
_ADC_PostProcessingHandler$6287                cstackBANK0  00007B
_ADC_PostProcessingHandler$6288                cstackBANK0  00007F
_ADC_PostProcessingHandler$6289                cstackBANK0  00006C
_ADC_PostProcessingHandler$6290                cstackBANK0  000070
_ADC_PostProcessingHandler$6291                cstackBANK0  000074
_ADC_acquisitionTimerHandler                   text126      01BD9C
_ADERRH                                        (abs)        000F6F
_ADERRL                                        (abs)        000F6E
_ADFLTRH                                       (abs)        000F73
_ADFLTRL                                       (abs)        000F72
_ADLTHH                                        (abs)        000F6B
_ADLTHL                                        (abs)        000F6A
_ADPCH                                         (abs)        000F5F
_ADPRE                                         (abs)        000F5E
_ADPREVH                                       (abs)        000F62
_ADPREVL                                       (abs)        000F61
_ADREF                                         (abs)        000F58
_ADRESH                                        (abs)        000F64
_ADRESL                                        (abs)        000F63
_ADRPT                                         (abs)        000F66
_ADSTAT                                        (abs)        000F65
_ADSTATbits                                    (abs)        000F65
_ADSTPTH                                       (abs)        000F69
_ADSTPTL                                       (abs)        000F68
_ADUTHH                                        (abs)        000F6D
_ADUTHL                                        (abs)        000F6C
_ANSELA                                        (abs)        000F11
_ANSELB                                        (abs)        000F19
_ANSELC                                        (abs)        000F21
_BAUD2CON                                      (abs)        000E9F
_CCP2CAP                                       (abs)        000FA9
_CCP2CON                                       (abs)        000FA8
_CCP2CONbits                                   (abs)        000FA8
_CCP2PPS                                       (abs)        000EB0
_CCP2_CallBack                                 text139      01B506
_CCP2_CaptureISR                               text138      01BDD0
_CCP2_Initialize                               text58       01BBB4
_CCPR2H                                        (abs)        000FA7
_CCPR2L                                        (abs)        000FA6
_CCPTMRSbits                                   (abs)        000FAE
_EUSART2_Initialize                            text55       01ABA2
_EUSART2_Read                                  text20       01B546
_EUSART2_Receive_ISR                           text174      01A22C
_EUSART2_RxDefaultInterruptHandler             bssBANK1     000183
_EUSART2_SetRxInterruptHandler                 text57       01BF98
_EUSART2_SetTxInterruptHandler                 text56       01BF8A
_EUSART2_Transmit_ISR                          text137      01B868
_EUSART2_TxDefaultInterruptHandler             bssBANK1     000186
_EUSART2_Write                                 text69       01B330
_EXT_INT_Initialize                            text52       01B72C
_FLASH_ReadByte                                text92       01BD82
_FLASH_ReadWord                                text91       01B440
_FVRCON                                        (abs)        000F31
_FVRCONbits                                    (abs)        000F31
_FVR_Initialize                                text51       01BFF8
_I2C2_BusCollisionISR                          text136      01C004
_I2C2_FunctionComplete                         text135      01BDB6
_I2C2_ISR                                      text133      0187B2
_I2C2_Initialize                               text50       01B764
_I2C2_MasterRead                               text114      01B134
_I2C2_MasterReadTRBBuild                       text117      01AF50
_I2C2_MasterTRBInsert                          text115      01A2D0
_I2C2_MasterWrite                              text112      01B0E4
_I2C2_MasterWriteTRBBuild                      text113      01B2EA
_I2C2_Stop                                     text134      01B3FC
_I2C2_WaitForLastPacketToComplete              text116      01C026
_I2C_STATUS                                    bssBANK1     0001BD
_INT1PPS                                       (abs)        000EA2
_INT1_CallBack                                 text171      01BB90
_INT1_DefaultInterruptHandler                  text172      01C0A8
_INT1_ISR                                      text170      01C03A
_INT1_InterruptHandler                         bssBANK1     00018C
_INT1_SetInterruptHandler                      text54       01BF7C
_INT2PPS                                       (abs)        000EA3
_INT2_CallBack                                 text167      01BB6C
_INT2_DefaultInterruptHandler                  text168      01C0A6
_INT2_ISR                                      text166      01C030
_INT2_InterruptHandler                         bssBANK1     000189
_INT2_SetInterruptHandler                      text53       01BF6E
_INTCONbits                                    (abs)        000FF2
_INTERRUPT_Initialize                          text49       01BC58
_INTERRUPT_InterruptManagerHigh                intcode      000008
_INTERRUPT_InterruptManagerLow                 intcodelo    000018
_IOCBF2_DefaultInterruptHandler                text160      01C0A4
_IOCBF2_ISR                                    text159      01BA0A
_IOCBF2_InterruptHandler                       bssBANK1     000180
_IOCBF2_SetInterruptHandler                    text47       01BF60
_IOCBF3_DefaultInterruptHandler                text155      01C0A2
_IOCBF3_ISR                                    text154      01B9E0
_IOCBF3_InterruptHandler                       bssBANK1     00017D
_IOCBF3_SetInterruptHandler                    text46       01BF52
_IOCBFbits                                     (abs)        000F12
_IOCBNbits                                     (abs)        000F13
_IOCBPbits                                     (abs)        000F14
_IPR0bits                                      (abs)        000EBA
_IPR1bits                                      (abs)        000EBB
_IPR3bits                                      (abs)        000EBD
_IPR4bits                                      (abs)        000EBE
_IPR6bits                                      (abs)        000EC0
_LATA                                          (abs)        000F83
_LATB                                          (abs)        000F84
_LATBbits                                      (abs)        000F84
_LATC                                          (abs)        000F85
_LATCbits                                      (abs)        000F85
_LM73AcquisitionHandler                        text108      018C60
_LM73Convert                                   text109      017B00
_LM73TempSensorInitialize                      text107      018A28
_LM73_start_flag                               bssBANK2     0002B8
_LM73_temp_results                             bssBANK1     00019C
_NVMADRH                                       (abs)        000F7F
_NVMADRL                                       (abs)        000F7E
_NVMCON1bits                                   (abs)        000F81
_NVMCON2                                       (abs)        000F82
_NVMDAT                                        (abs)        000F80
_ODCONA                                        (abs)        000F0F
_ODCONB                                        (abs)        000F17
_ODCONC                                        (abs)        000F1F
_OLED_Clear                                    text104      01B5C2
_OLED_Command                                  text103      01AC08
_OLED_Frame                                    bssBANK2     0002B7
_OLED_Init                                     text102      01A4AA
_OLED_PutChar                                  text105      019F44
_OLED_RAM_Buffer                               bssBANK2     0002BA
_OLED_UpdateFromRAMBuffer                      text98       01951E
_OLED_WriteString                              text101      01AEA4
_OLED_YX                                       text100      01B3B8
_OLED_updateHandler                            text61       012E3C
_OLED_update_flag                              bssBANK2     0002B6
_OLED_update_time                              dataBANK2    0002FF
_OSCCON1                                       (abs)        000ED8
_OSCCON3                                       (abs)        000EDA
_OSCEN                                         (abs)        000EDC
_OSCFRQ                                        (abs)        000EDE
_OSCILLATOR_Initialize                         text48       01BDEA
_OSCTUNE                                       (abs)        000EDD
_OledFont                                      mediumconst  00E1AB
_PCON0bits                                     (abs)        000FD7
_PIE0bits                                      (abs)        000EC2
_PIE1bits                                      (abs)        000EC3
_PIE3bits                                      (abs)        000EC5
_PIE4bits                                      (abs)        000EC6
_PIE6bits                                      (abs)        000EC8
_PIN_MANAGER_IOC                               text153      01BE6E
_PIN_MANAGER_Initialize                        text45       01A372
_PIR0bits                                      (abs)        000ECA
_PIR1bits                                      (abs)        000ECB
_PIR3bits                                      (abs)        000ECD
_PIR4bits                                      (abs)        000ECE
_PIR6bits                                      (abs)        000ED0
_PIR7bits                                      (abs)        000ED1
_PMD0                                          (abs)        000EE1
_PMD1                                          (abs)        000EE2
_PMD2                                          (abs)        000EE3
_PMD3                                          (abs)        000EE4
_PMD4                                          (abs)        000EE5
_PMD5                                          (abs)        000EE6
_PMD_Initialize                                text44       01BD12
_PORTBbits                                     (abs)        000F8E
_PR2                                           (abs)        000FBC
_QIChargeIOCHandler                            text156      01BD2E
_QIErrorTimerHandler                           text147      01BE18
_QIIdleChargedTimerHandler                     text120      01BC98
_QIIdleIOCHandler                              text161      01BE82
_QI_current_edge                               bssBANK1     000196
_RB4PPS                                        (abs)        000EF3
_RB5PPS                                        (abs)        000EF4
_RC2REG                                        (abs)        000E99
_RC2STA                                        (abs)        000E9D
_RC2STAbits                                    (abs)        000E9D
_RC4PPS                                        (abs)        000EFB
_RX2PPS                                        (abs)        000E8D
_SLRCONA                                       (abs)        000F0E
_SLRCONB                                       (abs)        000F16
_SLRCONC                                       (abs)        000F1E
_SP2BRGH                                       (abs)        000E9C
_SP2BRGL                                       (abs)        000E9B
_SSP2ADD                                       (abs)        000E93
_SSP2BUF                                       (abs)        000E92
_SSP2CLKPPS                                    (abs)        000E8F
_SSP2CON1                                      (abs)        000E96
_SSP2CON1bits                                  (abs)        000E96
_SSP2CON2bits                                  (abs)        000E97
_SSP2CON3                                      (abs)        000E98
_SSP2DATPPS                                    (abs)        000E90
_SSP2STAT                                      (abs)        000E95
_SYSTEM_Initialize                             text34       01B584
_T0CON0                                        (abs)        000FD5
_T0CON0bits                                    (abs)        000FD5
_T0CON1                                        (abs)        000FD6
_T1CLK                                         (abs)        000FD2
_T1CON                                         (abs)        000FCF
_T1CONbits                                     (abs)        000FCF
_T1GATE                                        (abs)        000FD1
_T1GCON                                        (abs)        000FD0
_T1GCONbits                                    (abs)        000FD0
_T2CLKCON                                      (abs)        000FBF
_T2CON                                         (abs)        000FBD
_T2CONbits                                     (abs)        000FBD
_T2HLT                                         (abs)        000FBE
_T2HLTbits                                     (abs)        000FBE
_T2PR                                          (abs)        000FBC
_T2RST                                         (abs)        000FC0
_T2RSTbits                                     (abs)        000FC0
_T2TMR                                         (abs)        000FBB
_T3CLK                                         (abs)        000FCC
_T3CON                                         (abs)        000FC9
_T3CONbits                                     (abs)        000FC9
_T3GATE                                        (abs)        000FCB
_T3GCON                                        (abs)        000FCA
_T3GCONbits                                    (abs)        000FCA
_T5CLK                                         (abs)        000FC6
_T5CON                                         (abs)        000FC3
_T5CONbits                                     (abs)        000FC3
_T5GATE                                        (abs)        000FC5
_T5GCON                                        (abs)        000FC4
_T5GCONbits                                    (abs)        000FC4
_TABLAT                                        (abs)        000FF5
_TBLPTRH                                       (abs)        000FF7
_TBLPTRL                                       (abs)        000FF6
_TBLPTRU                                       (abs)        000FF8
_TMR0H                                         (abs)        000FD4
_TMR0L                                         (abs)        000FD3
_TMR0_DefaultInterruptHandler                  text151      01C0A0
_TMR0_ISR                                      text150      01BAAC
_TMR0_Initialize                               text42       01B9B6
_TMR0_InterruptHandler                         bssBANK1     000177
_TMR0_SetInterruptHandler                      text43       01BF44
_TMR1H                                         (abs)        000FCE
_TMR1L                                         (abs)        000FCD
_TMR1_DefaultInterruptHandler                  text148      01C09E
_TMR1_ISR                                      text146      01B802
_TMR1_Initialize                               text40       01B094
_TMR1_InterruptHandler                         bssBANK1     00016E
_TMR1_Reload                                   text32       01BF0C
_TMR1_SetInterruptHandler                      text41       01BF36
_TMR1_StartTimer                               text165      01C08A
_TMR1_StopTimer                                text31       01C076
_TMR1_WriteTimer                               text33       01BC38
_TMR2                                          (abs)        000FBB
_TMR2_DefaultInterruptHandler                  text127      01C09C
_TMR2_ISR                                      text125      01BA84
_TMR2_Initialize                               text38       01B836
_TMR2_InterruptHandler                         bssBANK1     000174
_TMR2_SetInterruptHandler                      text39       01BF28
_TMR2_Start                                    text205      01C08E
_TMR2_StartTimer                               text204      01C068
_TMR2_Stop                                     text129      01C07E
_TMR2_StopTimer                                text128      01C05C
_TMR3H                                         (abs)        000FC8
_TMR3L                                         (abs)        000FC7
_TMR3_DefaultInterruptHandler                  text121      01C09A
_TMR3_ISR                                      text119      01B7CE
_TMR3_Initialize                               text36       01B044
_TMR3_InterruptHandler                         bssBANK1     000171
_TMR3_Reload                                   text29       01BEFE
_TMR3_SetInterruptHandler                      text37       01BF1A
_TMR3_StartTimer                               text164      01C086
_TMR3_StopTimer                                text28       01C072
_TMR3_WriteTimer                               text30       01BC18
_TMR5H                                         (abs)        000FC2
_TMR5L                                         (abs)        000FC1
_TMR5_Initialize                               text35       01B63C
_TMR5_StopTimer                                text27       01C06E
_TMR5_WriteTimer                               text26       01BBF8
_TRISA                                         (abs)        000F88
_TRISB                                         (abs)        000F89
_TRISC                                         (abs)        000F8A
_TX2REG                                        (abs)        000E9A
_TX2STA                                        (abs)        000E9E
_TX2STAbits                                    (abs)        000E9E
_WPUA                                          (abs)        000F10
_WPUB                                          (abs)        000F18
_WPUC                                          (abs)        000F20
_WPUE                                          (abs)        000F2D
__CFG_BOREN$SBORDIS                            (abs)        000000
__CFG_BORV$VBOR_2P45                           (abs)        000000
__CFG_CLKOUTEN$OFF                             (abs)        000000
__CFG_CP$OFF                                   (abs)        000000
__CFG_CPD$OFF                                  (abs)        000000
__CFG_CSWEN$ON                                 (abs)        000000
__CFG_DEBUG$OFF                                (abs)        000000
__CFG_EBTR0$OFF                                (abs)        000000
__CFG_EBTR1$OFF                                (abs)        000000
__CFG_EBTR2$OFF                                (abs)        000000
__CFG_EBTR3$OFF                                (abs)        000000
__CFG_EBTR4$OFF                                (abs)        000000
__CFG_EBTR5$OFF                                (abs)        000000
__CFG_EBTR6$OFF                                (abs)        000000
__CFG_EBTR7$OFF                                (abs)        000000
__CFG_EBTRB$OFF                                (abs)        000000
__CFG_FCMEN$ON                                 (abs)        000000
__CFG_FEXTOSC$OFF                              (abs)        000000
__CFG_LPBOREN$OFF                              (abs)        000000
__CFG_LVP$OFF                                  (abs)        000000
__CFG_MCLRE$EXTMCLR                            (abs)        000000
__CFG_PPS1WAY$ON                               (abs)        000000
__CFG_PWRTE$ON                                 (abs)        000000
__CFG_RSTOSC$HFINTOSC_64MHZ                    (abs)        000000
__CFG_SCANE$ON                                 (abs)        000000
__CFG_STVREN$ON                                (abs)        000000
__CFG_WDTCCS$LFINTOSC                          (abs)        000000
__CFG_WDTCPS$WDTCPS_11                         (abs)        000000
__CFG_WDTCWS$WDTCWS_7                          (abs)        000000
__CFG_WDTE$NSLEEP                              (abs)        000000
__CFG_WRT0$OFF                                 (abs)        000000
__CFG_WRT1$OFF                                 (abs)        000000
__CFG_WRT2$OFF                                 (abs)        000000
__CFG_WRT3$OFF                                 (abs)        000000
__CFG_WRT4$OFF                                 (abs)        000000
__CFG_WRT5$OFF                                 (abs)        000000
__CFG_WRT6$OFF                                 (abs)        000000
__CFG_WRT7$OFF                                 (abs)        000000
__CFG_WRTB$OFF                                 (abs)        000000
[...]
      Totals:         0       0       0       0       0       0       0       0       0       0       0       0       0       0       0       0
Total ram usage:        0 bytes
 Hardware stack levels used:    1
 This function calls:
		Nothing
 This function is called by:
		_ADC_PostProcessingHandler
 This function uses a non-reentrant model


 *************** function _ADCC_GetConversionResult *****************
 Defined at:
		line 130 in file "mcc_generated_files/adcc.c"
 Parameters:    Size  Location     Type
		None
 Auto vars:     Size  Location     Type
		None
 Return value:  Size  Location     Type
                  2    0[COMRAM] unsigned int 
 Registers used:
		wreg, status,2, status,0
 Tracked objects:
		On entry : 
		On exit  : 
		Unchanged: 
 Data sizes:     COMRAM   BANK0   BANK1   BANK2   BANK3   BANK4   BANK5   BANK6   BANK7   BANK8   BANK9  BANK10  BANK11  BANK12  BANK13  BANK14
      Params:         2       0       0       0       0       0       0       0       0       0       0       0       0       0       0       0
      Locals:         0       0       0       0       0       0       0       0       0       0       0       0       0       0       0       0
      Temps:          2       0       0       0       0       0       0       0       0       0       0       0       0       0       0       0
      Totals:         4       0       0       0       0       0       0       0       0       0       0       0       0       0       0       0
Total ram usage:        4 bytes
 Hardware stack levels used:    1
 This function calls:
		Nothing
 This function is called by:
		_ADC_PostProcessingHandler
 This function uses a non-reentrant model



MODULE INFORMATION

Module		Function		Class		Link	Load	Size
C:\Program Files (x86)\Microchip\xc8\v2.05\pic\sources\c90\common\isdigit.c
		_isdigit       		CODE           	1BBD6	0000	35

C:\Program Files (x86)\Microchip\xc8\v2.05\pic\sources\c90\common\isdigit.c estimated size: 35

C:\Program Files (x86)\Microchip\xc8\v2.05\pic\sources\c90\common\doprnt.c
		_scale         		CODE           	15314	0000	1077
		_fround        		CODE           	17590	0000	707
		__doprnt       		CODE           	10000	0000	5925

C:\Program Files (x86)\Microchip\xc8\v2.05\pic\sources\c90\common\doprnt.c estimated size: 7709

C:\Program Files (x86)\Microchip\xc8\v2.05\pic\sources\c90\common\sprcadd.c
		___flsub       		CODE           	1B214	0000	73
		___fladd       		CODE           	16C66	0000	783

C:\Program Files (x86)\Microchip\xc8\v2.05\pic\sources\c90\common\sprcadd.c estimated size: 856

C:\Program Files (x86)\Microchip\xc8\v2.05\pic\sources\c90\common\llmod.c
		___llmod       		CODE           	1AAD4	0000	105

C:\Program Files (x86)\Microchip\xc8\v2.05\pic\sources\c90\common\llmod.c estimated size: 105

NXQ_charge_state.c
		_QIIdleChargedTimerHandler		CODE           	1BC98	0000	33
		_getNXQChargeStateString		CODE           	1AD92	0000	93
		_QIChargeIOCHandler		CODE           	1BD2E	0000	29
		_getNXQChargeStateStringCaps		CODE           	1ADEE	0000	93
		_QIErrorTimerHandler		CODE           	1BE18	0000	23
		_QIIdleIOCHandler		CODE           	1BE82	0000	21

NXQ_charge_state.c estimated size: 292

mcc_generated_files/eusart2.c
		_putch         		CODE           	1BE5A	0000	21
		_EUSART2_Read  		CODE           	1B546	0000	63
		_EUSART2_Write 		CODE           	1B330	0000	69
		_EUSART2_Receive_ISR		CODE           	1A22C	0000	165
		_EUSART2_Transmit_ISR		CODE           	1B868	0000	51
		_EUSART2_SetRxInterruptHandler		CODE           	1BF98	0000	15
		_EUSART2_SetTxInterruptHandler		CODE           	1BF8A	0000	15
		_EUSART2_Initialize		CODE           	1ABA2	0000	103

mcc_generated_files/eusart2.c estimated size: 502

mcc_generated_files/fvr.c
		_FVR_Initialize		CODE           	1BFF8	0000	13

mcc_generated_files/fvr.c estimated size: 13

error_handling.c
		_updateErrorLEDs		CODE           	1B2A4	0000	71
		_getADCError   		CODE           	1BE02	0000	23
		_clearADCErrors		CODE           	1BECE	0000	17
		_clearUARTErrors		CODE           	1BFEC	0000	13
		_clearI2CErrors		CODE           	1BCF6	0000	29
		_getI2CError   		CODE           	1BA34	0000	41
		_getUARTError  		CODE           	1C056	0000	7

error_handling.c estimated size: 201

mcc_generated_files/tmr2.c
		_TMR2_ISR      		CODE           	1BA84	0000	41
		_TMR2_Initialize		CODE           	1B836	0000	51
		_TMR2_Stop     		CODE           	1C07E	0000	5
		_TMR2_Start    		CODE           	1C08E	0000	5
		_TMR2_SetInterruptHandler		CODE           	1BF28	0000	15
		_TMR2_StopTimer		CODE           	1C05C	0000	7
		_TMR2_DefaultInterruptHandler		CODE           	1C09C	0000	3
		_TMR2_StartTimer		CODE           	1C068	0000	7

mcc_generated_files/tmr2.c estimated size: 134

mcc_generated_files/interrupt_manager.c
		_INTERRUPT_Initialize		CODE           	1BC58	0000	33
		_INTERRUPT_InterruptManagerLow		CODE           	0018	0000	171
		_INTERRUPT_InterruptManagerHigh		CODE           	0008	0000	211

mcc_generated_files/interrupt_manager.c estimated size: 415

C:\Program Files (x86)\Microchip\xc8\v2.05\pic\sources\c90\common\sprintf.c
		_sprintf       		CODE           	1B1CC	0000	73

C:\Program Files (x86)\Microchip\xc8\v2.05\pic\sources\c90\common\sprintf.c estimated size: 73

heartbeat_timer.c
		_getStringSecondsAsTime		CODE           	15B60	0000	935
		_getYearsFromOnTime		CODE           	1B8FA	0000	49
		_getHoursFromOnTime		CODE           	19B1C	0000	241
		_heartbeatTimerHandler		CODE           	1AA68	0000	109
		_getDaysFromOnTime		CODE           	1A542	0000	145
		_getSecondsFromOnTime		CODE           	18E8C	0000	379
		_getMinutesFromOnTime		CODE           	19006	0000	337

heartbeat_timer.c estimated size: 2195

C:\Program Files (x86)\Microchip\xc8\v2.05\pic\sources\c90\common\awmod.c
		___awmod       		CODE           	1A986	0000	115

C:\Program Files (x86)\Microchip\xc8\v2.05\pic\sources\c90\common\awmod.c estimated size: 115

terminal_control.c
		_terminalTextAttributesReset		CODE           	1BEBE	0000	17
		_terminalClearScreen		CODE           	1BEEE	0000	17
		_terminalTextAttributes		CODE           	15F06	0000	871
		_terminalSetCursorHome		CODE           	1BEDE	0000	17

terminal_control.c estimated size: 922

adc_postprocessing.c
		_ADC_acquisitionTimerHandler		CODE           	1BD9C	0000	27
		_ADC_PostProcessingHandler		CODE           	149A0	0000	2421

adc_postprocessing.c estimated size: 2448

mcc_generated_files/tmr0.c
		_TMR0_SetInterruptHandler		CODE           	1BF44	0000	15
		_TMR0_DefaultInterruptHandler		CODE           	1C0A0	0000	3
		_TMR0_ISR      		CODE           	1BAAC	0000	41
		_TMR0_Initialize		CODE           	1B9B6	0000	43

mcc_generated_files/tmr0.c estimated size: 102

C:\Program Files (x86)\Microchip\xc8\v2.05\pic\sources\c90\common\ftdivl.c
		__tdiv_to_l_   		CODE           	19640	0000	257

C:\Program Files (x86)\Microchip\xc8\v2.05\pic\sources\c90\common\ftdivl.c estimated size: 257

mcc_generated_files/pin_manager.c
		_IOCBF3_DefaultInterruptHandler		CODE           	1C0A2	0000	3
		_PIN_MANAGER_Initialize		CODE           	1A372	0000	161
		_IOCBF3_ISR    		CODE           	1B9E0	0000	43
		_IOCBF2_SetInterruptHandler		CODE           	1BF60	0000	15
		_IOCBF3_SetInterruptHandler		CODE           	1BF52	0000	15
		_IOCBF2_DefaultInterruptHandler		CODE           	1C0A4	0000	3
		_PIN_MANAGER_IOC		CODE           	1BE6E	0000	21
		_IOCBF2_ISR    		CODE           	1BA0A	0000	43

mcc_generated_files/pin_manager.c estimated size: 304

C:\Program Files (x86)\Microchip\xc8\v2.05\pic\sources\c90\common\lwdiv.c
		___lwdiv       		CODE           	1AEFC	0000	85

C:\Program Files (x86)\Microchip\xc8\v2.05\pic\sources\c90\common\lwdiv.c estimated size: 85

C:\Program Files (x86)\Microchip\xc8\v2.05\pic\sources\c90\common\fltol.c
		___fltol       		CODE           	1A008	0000	189

C:\Program Files (x86)\Microchip\xc8\v2.05\pic\sources\c90\common\fltol.c estimated size: 189

cap_touch_int.c
		_leftCapTouchHandler		CODE           	1BE44	0000	23
		_rightCapTouchHandler		CODE           	1BE2E	0000	23

cap_touch_int.c estimated size: 46

C:\Program Files (x86)\Microchip\xc8\v2.05\pic\sources\c90\common\Umul16.c
		___wmul        		CODE           	1BA5C	0000	41

C:\Program Files (x86)\Microchip\xc8\v2.05\pic\sources\c90\common\Umul16.c estimated size: 41

device_IDs.c
		_getDeviceID   		CODE           	1BC78	0000	33
		_getUserID     		CODE           	1B79A	0000	53
		_getMinorRevisionID		CODE           	1BAFC	0000	39
		_getDeviceIDString		CODE           	1A412	0000	153
		_getMajorRevisionID		CODE           	1B678	0000	61

device_IDs.c estimated size: 339

C:\Program Files (x86)\Microchip\xc8\v2.05\pic\sources\c90\common\fldivl.c
		__div_to_l_    		CODE           	1983E	0000	247

C:\Program Files (x86)\Microchip\xc8\v2.05\pic\sources\c90\common\fldivl.c estimated size: 247

C:\Program Files (x86)\Microchip\xc8\v2.05\pic\sources\c90\common\flge.c
		___flge        		CODE           	19C0C	0000	211

C:\Program Files (x86)\Microchip\xc8\v2.05\pic\sources\c90\common\flge.c estimated size: 211

mcc_generated_files/ccp2.c
		_CCP2_CallBack 		CODE           	1B506	0000	65
		_CCP2_CaptureISR		CODE           	1BDD0	0000	27
		_CCP2_Initialize		CODE           	1BBB4	0000	35

mcc_generated_files/ccp2.c estimated size: 127

C:\Program Files (x86)\Microchip\xc8\v2.05\pic\sources\c90\common\printf.c
		_printf        		CODE           	1B600	0000	61

C:\Program Files (x86)\Microchip\xc8\v2.05\pic\sources\c90\common\printf.c estimated size: 61

mcc_generated_files/ext_int.c
		_INT1_SetInterruptHandler		CODE           	1BF7C	0000	15
		_EXT_INT_Initialize		CODE           	1B72C	0000	57
		_INT2_SetInterruptHandler		CODE           	1BF6E	0000	15
		_INT1_DefaultInterruptHandler		CODE           	1C0A8	0000	3
		_INT1_CallBack 		CODE           	1BB90	0000	37
		_INT2_DefaultInterruptHandler		CODE           	1C0A6	0000	3
		_INT2_CallBack 		CODE           	1BB6C	0000	37
		_INT1_ISR      		CODE           	1C03A	0000	11
		_INT2_ISR      		CODE           	1C030	0000	11

mcc_generated_files/ext_int.c estimated size: 189

C:\Program Files (x86)\Microchip\xc8\v2.05\pic\sources\c90\common\awdiv.c
		___awdiv       		CODE           	1A776	0000	135

C:\Program Files (x86)\Microchip\xc8\v2.05\pic\sources\c90\common\awdiv.c estimated size: 135

LM73_I2C.c
		_LM73TempSensorInitialize		CODE           	18A28	0000	569
		_LM73Convert   		CODE           	17B00	0000	669
		_LM73AcquisitionHandler		CODE           	18C60	0000	557

LM73_I2C.c estimated size: 1795

freq_meas.c
		_freqMeasStartCaptures		CODE           	1C01C	0000	11
		_freqMeasConvert		CODE           	19E7A	0000	203

freq_meas.c estimated size: 214

mcc_generated_files/tmr5.c
		_TMR5_Initialize		CODE           	1B63C	0000	61
		_TMR5_StopTimer		CODE           	1C06E	0000	5
		_TMR5_WriteTimer		CODE           	1BBF8	0000	33

mcc_generated_files/tmr5.c estimated size: 99

shared
		i2_printf      		CODE           	1B6B4	0000	61
		i1_TMR3_Reload 		CODE           	1BFB4	0000	15
		i2_TMR3_Reload 		CODE           	1BFDE	0000	15
		_OledFont      		MEDIUMCONST    	E1AB	0000	769
		i1_TMR3_StopTimer		CODE           	1C07A	0000	5
		i2_putch       		CODE           	1C044	0000	11
		i2___fleq      		CODE           	1A6EC	0000	139
		__powers_      		MEDIUMCONST    	E123	0000	53
		i1_TMR3_WriteTimer		CODE           	1BCB8	0000	33
		_dpowers       		MEDIUMCONST    	E4AB	0000	41
		i2_TMR3_WriteTimer		CODE           	1BD66	0000	29
		i2___lwdiv     		CODE           	1AFA2	0000	83
		i2_isdigit     		CODE           	1BCD8	0000	31
		i2___flneg     		CODE           	1B988	0000	47
		i2___awdiv     		CODE           	1A880	0000	133
		i1___fladd     		CODE           	16F74	0000	783
		i2_TMR1_Reload 		CODE           	1BFD0	0000	15
		i2___fladd     		CODE           	17282	0000	783
		i2__tdiv_to_l_ 		CODE           	19740	0000	255
		i2___wmul      		CODE           	1BB22	0000	39
		i2_TMR1_StopTimer		CODE           	1C082	0000	5
		i2__doprnt     		CODE           	11724	0000	5913
		i1___fldiv     		CODE           	18026	0000	651
		i2___fldiv     		CODE           	182B0	0000	649
		i2__div_to_l_  		CODE           	19A28	0000	245
		__npowers_     		MEDIUMCONST    	E157	0000	53
		i2___lwmod     		CODE           	1B4C4	0000	67
		i2___fltol     		CODE           	1A0C4	0000	187
		i2_scale       		CODE           	15748	0000	1049
		i2___lldiv     		CODE           	1A904	0000	131
		__initialization		CODE           	1A5D2	0000	133
		i2___flge      		CODE           	19CDE	0000	209
		i2___awmod     		CODE           	1A9F8	0000	113
		i2_TMR1_WriteTimer		CODE           	1BD4A	0000	29
		i2_EUSART2_Write		CODE           	1B482	0000	67
		i1___flmul     		CODE           	165C0	0000	853
		i2___flmul     		CODE           	16914	0000	851
		_hexpowers     		MEDIUMCONST    	E18B	0000	33
		i2___llmod     		CODE           	1AC6E	0000	103
		i1___xxtofl    		CODE           	1929A	0000	325
		i2___xxtofl    		CODE           	193DE	0000	321
		i2___flsub     		CODE           	1B25C	0000	73
		_temp_adc_offset		MEDIUMCONST    	0000	0000	0
		i2_fround      		CODE           	17852	0000	687

shared estimated size: 16087

C:\Program Files (x86)\Microchip\xc8\v2.05\pic\sources\c90\common\sprcmul.c
		___flmul       		CODE           	1626C	0000	853

C:\Program Files (x86)\Microchip\xc8\v2.05\pic\sources\c90\common\sprcmul.c estimated size: 853

C:\Program Files (x86)\Microchip\xc8\v2.05\pic\sources\c90\common\strncpy.c
		_strncpy       		CODE           	1AB3C	0000	103

C:\Program Files (x86)\Microchip\xc8\v2.05\pic\sources\c90\common\strncpy.c estimated size: 103

mcc_generated_files/mcc.c
		_PMD_Initialize		CODE           	1BD12	0000	29
		_OSCILLATOR_Initialize		CODE           	1BDEA	0000	25
		_SYSTEM_Initialize		CODE           	1B584	0000	63

mcc_generated_files/mcc.c estimated size: 117

ring_buffer_interface.c
		_terminal_ringBufferPull		CODE           	19934	0000	245

ring_buffer_interface.c estimated size: 245

mcc_generated_files/tmr3.c
		_TMR3_ISR      		CODE           	1B7CE	0000	53
		_TMR3_Initialize		CODE           	1B044	0000	81
		_TMR3_SetInterruptHandler		CODE           	1BF1A	0000	15
		_TMR3_StopTimer		CODE           	1C072	0000	5
		_TMR3_Reload   		CODE           	1BEFE	0000	15
		_TMR3_DefaultInterruptHandler		CODE           	1C09A	0000	3
		_TMR3_WriteTimer		CODE           	1BC18	0000	33
		_TMR3_StartTimer		CODE           	1C086	0000	5

mcc_generated_files/tmr3.c estimated size: 210

C:\Program Files (x86)\Microchip\xc8\v2.05\pic\sources\c90\common\sprcdiv.c
		___fldiv       		CODE           	17D9C	0000	651

C:\Program Files (x86)\Microchip\xc8\v2.05\pic\sources\c90\common\sprcdiv.c estimated size: 651

C:\Program Files (x86)\Microchip\xc8\v2.05\pic\sources\c90\common\strcat.c
		_strcat        		CODE           	1AD34	0000	95

C:\Program Files (x86)\Microchip\xc8\v2.05\pic\sources\c90\common\strcat.c estimated size: 95

C:\Program Files (x86)\Microchip\xc8\v2.05\pic\sources\c90\common\flneg.c
		___flneg       		CODE           	1B8CA	0000	49

C:\Program Files (x86)\Microchip\xc8\v2.05\pic\sources\c90\common\flneg.c estimated size: 49

C:\Program Files (x86)\Microchip\xc8\v2.05\pic\sources\c90\common\fabs.c
		_fabs          		CODE           	1B6F0	0000	61

C:\Program Files (x86)\Microchip\xc8\v2.05\pic\sources\c90\common\fabs.c estimated size: 61

cause_of_reset.c
		_getCauseOfResetStringSmall		CODE           	1B92A	0000	49
		_getCauseOfResetString		CODE           	1B89A	0000	49
		_getCauseOfReset		CODE           	1AE4A	0000	91

cause_of_reset.c estimated size: 189

mcc_generated_files/tmr1.c
		_TMR1_Initialize		CODE           	1B094	0000	81
		_TMR1_SetInterruptHandler		CODE           	1BF36	0000	15
		_TMR1_StopTimer		CODE           	1C076	0000	5
		_TMR1_Reload   		CODE           	1BF0C	0000	15
		_TMR1_DefaultInterruptHandler		CODE           	1C09E	0000	3
		_TMR1_WriteTimer		CODE           	1BC38	0000	33
		_TMR1_StartTimer		CODE           	1C08A	0000	5
		_TMR1_ISR      		CODE           	1B802	0000	53

mcc_generated_files/tmr1.c estimated size: 210

C:\Program Files (x86)\Microchip\xc8\v2.05\pic\sources\c90\common\memmove.c
		_memmove       		CODE           	1A17E	0000	175

C:\Program Files (x86)\Microchip\xc8\v2.05\pic\sources\c90\common\memmove.c estimated size: 175

mcc_generated_files/i2c2.c
		_I2C2_BusCollisionISR		CODE           	1C004	0000	13
		_I2C2_MasterRead		CODE           	1B134	0000	81
		_I2C2_FunctionComplete		CODE           	1BDB6	0000	27
		_I2C2_MasterWriteTRBBuild		CODE           	1B2EA	0000	71
		_I2C2_ISR      		CODE           	187B2	0000	631
		_I2C2_MasterWrite		CODE           	1B0E4	0000	81
		_I2C2_Initialize		CODE           	1B764	0000	55
		_I2C2_Stop     		CODE           	1B3FC	0000	69
		_I2C2_MasterReadTRBBuild		CODE           	1AF50	0000	83
		_I2C2_WaitForLastPacketToComplete		CODE           	1C026	0000	11
		_I2C2_MasterTRBInsert		CODE           	1A2D0	0000	163

mcc_generated_files/i2c2.c estimated size: 1285

C:\Program Files (x86)\Microchip\xc8\v2.05\pic\sources\c90\common\xxtofl.c
		___xxtofl      		CODE           	19156	0000	325

C:\Program Files (x86)\Microchip\xc8\v2.05\pic\sources\c90\common\xxtofl.c estimated size: 325

oled.c
		_OLED_Clear    		CODE           	1B5C2	0000	63
		_OLED_Command  		CODE           	1AC08	0000	103
		_OLED_WriteString		CODE           	1AEA4	0000	89
		_OLED_UpdateFromRAMBuffer		CODE           	1951E	0000	291
		_OLED_Init     		CODE           	1A4AA	0000	153
		_OLED_updateHandler		CODE           	12E3C	0000	3681
		_OLED_PutChar  		CODE           	19F44	0000	197
		_OLED_YX       		CODE           	1B3B8	0000	69

oled.c estimated size: 4646

mcc_generated_files/memory.c
		_FLASH_ReadWord		CODE           	1B440	0000	67
		_FLASH_ReadByte		CODE           	1BD82	0000	27

mcc_generated_files/memory.c estimated size: 94

ring_buffer_LUT.c
		_ringBufferLUT 		CODE           	13C9C	0000	3333

ring_buffer_LUT.c estimated size: 3333

C:\Program Files (x86)\Microchip\xc8\v2.05\pic\sources\c90\common\strlen.c
		_strlen        		CODE           	1B95A	0000	47

C:\Program Files (x86)\Microchip\xc8\v2.05\pic\sources\c90\common\strlen.c estimated size: 47

mcc_generated_files/adcc.c
		_ADCC_StopConversion		CODE           	1C092	0000	5
		_ADCC_DefaultInterruptHandler		CODE           	1C0AA	0000	3
		_ADCC_ClearAccumulator		CODE           	1C062	0000	7
		_ADCC_GetFilterValue		CODE           	1BE96	0000	21
		_ADCC_GetCurrentCountofConversions		CODE           	1C096	0000	5
		_ADCC_SetADTIInterruptHandler		CODE           	1BFA6	0000	15
		_ADCC_GetConversionResult		CODE           	1BEAA	0000	21
		_ADCC_ThresholdISR		CODE           	1BAD4	0000	41
		_ADCC_StartConversion		CODE           	1BFC2	0000	15
		_ADCC_Initialize		CODE           	1ACD4	0000	97
		_ADCC_HasAccumulatorOverflowed		CODE           	1C010	0000	13
		_ADCC_DischargeSampleCapacitor		CODE           	1C04E	0000	9

mcc_generated_files/adcc.c estimated size: 252

C:\Program Files (x86)\Microchip\xc8\v2.05\pic\sources\c90\common\strcmp.c
		_strcmp        		CODE           	1AFF4	0000	81

C:\Program Files (x86)\Microchip\xc8\v2.05\pic\sources\c90\common\strcmp.c estimated size: 81

C:\Program Files (x86)\Microchip\xc8\v2.05\pic\sources\c90\common\strcpy.c
		_strcpy        		CODE           	1B184	0000	73

C:\Program Files (x86)\Microchip\xc8\v2.05\pic\sources\c90\common\strcpy.c estimated size: 73

C:\Program Files (x86)\Microchip\xc8\v2.05\pic\sources\c90\common\__lldiv.c
		___lldiv       		CODE           	1A7FC	0000	133

C:\Program Files (x86)\Microchip\xc8\v2.05\pic\sources\c90\common\__lldiv.c estimated size: 133

main.c
		_main          		CODE           	18538	0000	635

main.c estimated size: 635

C:\Program Files (x86)\Microchip\xc8\v2.05\pic\sources\c90\common\fleq.c
		___fleq        		CODE           	1A660	0000	141

C:\Program Files (x86)\Microchip\xc8\v2.05\pic\sources\c90\common\fleq.c estimated size: 141

C:\Program Files (x86)\Microchip\xc8\v2.05\pic\sources\c90\common\lwmod.c
		___lwmod       		CODE           	1B374	0000	69

C:\Program Files (x86)\Microchip\xc8\v2.05\pic\sources\c90\common\lwmod.c estimated size: 69

