Microchip MPLAB XC8 Compiler V2.05 ()

Linker command line:

-W-3 --edf=C:\Program Files (x86)\Microchip\xc8\v2.05\pic\dat\en_msgs.txt \
  -cs -h+dist/default/production\QI_Monitor.X.production.sym \
  --cmf=dist/default/production\QI_Monitor.X.production.cmf -z -Q18F27K40 \
  -oC:\Users\DREWMA~1\AppData\Local\Temp\s2gk.2 --defsym=__MPLAB_BUILD=1 \
  -Mdist/default/production/QI_Monitor.X.production.map -E1 -ver=XC8 \
  --acfsm=1493 -ASTACK=0440h-0E87h -pstack=STACK -ACODE=00h-01FFFFh \
  -ACONST=00h-01FFFFh -ASMALLCONST=0F00h-0FFFhx497 \
  -AMEDIUMCONST=0F00h-0FFFFh,010F00h-01FFFFh -ACOMRAM=01h-05Fh \
  -AABS1=00h-0E87h -ABIGRAM=01h-0E87h \
  -ARAM=060h-0FFh,0100h-01FFhx13,0E00h-0E87h -ABANK0=060h-0FFh \
  -ABANK1=0100h-01FFh -ABANK2=0200h-02FFh -ABANK3=0300h-03FFh \
  -ABANK4=0400h-04FFh -ABANK5=0500h-05FFh -ABANK6=0600h-06FFh \
  -ABANK7=0700h-07FFh -ABANK8=0800h-08FFh -ABANK9=0900h-09FFh \
  -ABANK10=0A00h-0AFFh -ABANK11=0B00h-0BFFh -ABANK12=0C00h-0CFFh \
  -ABANK13=0D00h-0DFFh -ABANK14=0E00h-0E87h \
  -ASFR=0E8Dh-0EFFh,0F00h-0F5Fh,0F60h-0FFFh \
  -preset_vec=00h,intcode=08h,intcodelo=018h,powerup,init -pramtop=0F00h \
  -psmallconst=SMALLCONST -pmediumconst=MEDIUMCONST -pconst=CONST \
  -AFARRAM=00h-00h -ACONFIG=0300000h-030000Bh -pconfig=CONFIG \
  -AIDLOC=0200000h-020000Fh -pidloc=IDLOC -AEEDATA=0310000h-03103FFh \
  -peeprom_data=EEDATA \
  -prdata=COMRAM,nvrram=COMRAM,nvbit=COMRAM,rbss=COMRAM,rbit=COMRAM \
  -pfarbss=FARRAM,fardata=FARRAM,nvFARRAM=FARRAM \
  -pintsave_regs=BIGRAM,bigbss=BIGRAM,bigdata=BIGRAM -pbss=RAM \
  -pidata=CODE,irdata=CODE,ibigdata=CODE,ifardata=CODE -prparam=COMRAM \
  C:\Users\DREWMA~1\AppData\Local\Temp\s2gk.o \
  dist/default/production\QI_Monitor.X.production.o 

Object code version is 3.11

Machine type is 18F27K40

Call graph: (short form)




                Name                               Link     Load   Length Selector   Space Scale
C:\Users\DREWMA~1\AppData\Local\Temp\s2gk.o
                init                                 C0       C0        4        C       0
                reset_vec                             0        0        4        0       0
                idloc                            200000   200000       10   200000       0
                config                           300000   300000        C   300000       0
dist/default/production\QI_Monitor.X.production.o
                intcodelo                            18       18       A8        C       0
                intcode                               8        8        6        4       0
                temp                                 5E       5E        1        1       1
                mediumconst                        E2CA     E2CA     1D36     7165       0
                text180                           1A58A    1A58A       14     8000       0
                text179                           1A742    1A742        4     8000       0
                text178                           1A576    1A576       14     8000       0
                text177                           1A6D6    1A6D6        C     8000       0
                text176                           1A73E    1A73E        4     8000       0
                text175                           1A73A    1A73A        4     8000       0
                text174                           1A724    1A724        6     8000       0
                text173                           1726E    1726E      288     8000       0
                text172                           1A128    1A128       2E     8000       0
                text171                           19E88    19E88       3C     8000       0
                text170                           18758    18758       D0     8000       0
                text169                           160F4    160F4      352     8000       0
                text168                           16754    16754      30E     8000       0
                text167                           19AEC    19AEC       48     8000       0
                text166                           17F52    17F52      140     8000       0
                text165                           1453A    1453A      93A     8000       0
                text164                           1A754    1A754        2     8000       0
                text163                           1A29E    1A29E       28     8000       0
                text162                           18FEC    18FEC       8A     8000       0
                text161                           189A8    189A8       BA     8000       0
                text160                           19204    19204       82     8000       0
                text159                           19568    19568       66     8000       0
                text158                           1A2EC    1A2EC       26     8000       0
                text157                           184A8    184A8       F4     8000       0
                text156                           182B4    182B4       FE     8000       0
                text155                           19888    19888       52     8000       0
                text154                           19D54    19D54       42     8000       0
                text153                           16D24    16D24      2AE     8000       0
                text152                           1A400    1A400       1E     8000       0
                text151                           19D12    19D12       42     8000       0
                text150                           1A700    1A700        A     8000       0
                text149                           19180    19180       84     8000       0
                text148                           192F8    192F8       70     8000       0
                text147                           152A8    152A8      418     8000       0
                text146                           11724    11724     1718     8000       0
                text145                           19E4C    19E4C       3C     8000       0
                text144                           18BB8    18BB8       A4     8000       0
                text143                           1A736    1A736        4     8000       0
                text142                           1A472    1A472       1C     8000       0
                text141                           1A6A4    1A6A4        E     8000       0
                text140                           1A5DE    1A5DE       10     8000       0
                text139                           1A752    1A752        2     8000       0
                text138                           1A1D4    1A1D4       2A     8000       0
                text137                           1A4F4    1A4F4       18     8000       0
                text136                           1A750    1A750        2     8000       0
                text135                           1A1AA    1A1AA       2A     8000       0
                text134                           1A562    1A562       14     8000       0
                text133                           19502    19502       66     8000       0
                text132                           1A74E    1A74E        2     8000       0
                text131                           1A276    1A276       28     8000       0
                intcode_body                      18B10    18B10       A8     8000       0
                text129                           1A038    1A038       32     8000       0
                text128                           1A6CA    1A6CA        C     8000       0
                text127                           1A4C2    1A4C2       1A     8000       0
                text126                           19C8C    19C8C       44     8000       0
                text125                           174F6    174F6      26E     8000       0
                text124                           1A538    1A538       16     8000       0
                text123                           1A74C    1A74C        2     8000       0
                text122                           1A35A    1A35A       24     8000       0
                text121                           1A6F6    1A6F6        A     8000       0
                text120                           1A522    1A522       16     8000       0
                text119                           1A74A    1A74A        2     8000       0
                text118                           1A336    1A336       24     8000       0
                text117                           1A6EC    1A6EC        A     8000       0
                text116                           1A71E    1A71E        6     8000       0
                text115                           1A70A    1A70A        8     8000       0
                text114                           1A696    1A696        E     8000       0
                text113                           1A732    1A732        4     8000       0
                text112                           1A718    1A718        6     8000       0
                text111                           1A748    1A748        2     8000       0
                text110                           1A4A8    1A4A8       1A     8000       0
                text109                           1A24E    1A24E       28     8000       0
                text108                           1A3E0    1A3E0       20     8000       0
                text107                           1A688    1A688        E     8000       0
                text106                           1A72E    1A72E        4     8000       0
                text105                           1A746    1A746        2     8000       0
                text104                           1A180    1A180       2A     8000       0
                text103                           19FA0    19FA0       34     8000       0
                text101                           19836    19836       52     8000       0
                text100                           1A6E2    1A6E2        A     8000       0
                text99                            18C5C    18C5C       A2     8000       0
                text98                            1997A    1997A       50     8000       0
                text97                            19B7A    19B7A       46     8000       0
                text96                            1992A    1992A       50     8000       0
                text95                            15DA0    15DA0      354     8000       0
                text94                            17E0E    17E0E      144     8000       0
                text93                            16FD2    16FD2      29C     8000       0
                text92                            17BE4    17BE4      22A     8000       0
                text91                            179AE    179AE      236     8000       0
                text90                            18A62    18A62       AE     8000       0
                text89                            18828    18828       C4     8000       0
                text88                            19D96    19D96       3E     8000       0
                text87                            1949C    1949C       66     8000       0
                text86                            18E32    18E32       98     8000       0
                text85                            196E6    196E6       58     8000       0
                text84                            19C48    19C48       44     8000       0
                text83                            1A0FA    1A0FA       2E     8000       0
                text82                            18092    18092      122     8000       0
                text81                            1A0CA    1A0CA       30     8000       0
                text80                            1A48E    1A48E       1A     8000       0
                text79                            19CD0    19CD0       42     8000       0
                text78                            1A3C0    1A3C0       20     8000       0
                text77                            19E10    19E10       3C     8000       0
                text76                            1A2C6    1A2C6       26     8000       0
                text75                            197E4    197E4       52     8000       0
                text74                            18F60    18F60       8C     8000       0
                text73                            18686    18686       D2     8000       0
                text72                            1A09A    1A09A       30     8000       0
                text71                            16446    16446      30E     8000       0
                text70                            19AA4    19AA4       48     8000       0
                text69                            188EC    188EC       BC     8000       0
                text68                            190FC    190FC       84     8000       0
                text67                            19368    19368       68     8000       0
                text66                            1A226    1A226       28     8000       0
                text65                            183B2    183B2       F6     8000       0
                text64                            181B4    181B4      100     8000       0
                text63                            1973E    1973E       54     8000       0
                text62                            19C04    19C04       44     8000       0
                text61                            16A62    16A62      2C2     8000       0
                text60                            1A37E    1A37E       22     8000       0
                text59                            19BC0    19BC0       44     8000       0
                text58                            1A54E    1A54E       14     8000       0
                text57                            19076    19076       86     8000       0
                text56                            19286    19286       72     8000       0
                text55                            14E74    14E74      434     8000       0
                text54                            10000    10000     1724     8000       0
                text53                            19A5C    19A5C       48     8000       0
                text52                            19A14    19A14       48     8000       0
                text51                            13A26    13A26      B14     8000       0
                text50                            1A67A    1A67A        E     8000       0
                text49                            195CE    195CE       60     8000       0
                text48                            1A66C    1A66C        E     8000       0
                text47                            1A65E    1A65E        E     8000       0
                text46                            19436    19436       66     8000       0
                text45                            1A650    1A650        E     8000       0
                text44                            1A642    1A642        E     8000       0
                text43                            19EFE    19EFE       38     8000       0
                text42                            1A6BE    1A6BE        C     8000       0
                text41                            19F36    19F36       36     8000       0
                text40                            1A456    1A456       1C     8000       0
                text39                            1A4DC    1A4DC       18     8000       0
                text38                            1A634    1A634        E     8000       0
                text37                            1A626    1A626        E     8000       0
                text36                            18CFE    18CFE       9C     8000       0
                text35                            1A43A    1A43A       1C     8000       0
                text34                            1A618    1A618        E     8000       0
                text33                            1A156    1A156       2A     8000       0
                text32                            1A60A    1A60A        E     8000       0
                text31                            1A006    1A006       32     8000       0
                text30                            1A5FC    1A5FC        E     8000       0
                text29                            199CA    199CA       4A     8000       0
                text28                            19FD4    19FD4       32     8000       0
                text27                            1A3A0    1A3A0       20     8000       0
                text26                            1A5EE    1A5EE        E     8000       0
                text25                            1A72A    1A72A        4     8000       0
                text24                            1968C    1968C       5A     8000       0
                text23                            19DD4    19DD4       3C     8000       0
                text22                            1A5CE    1A5CE       10     8000       0
                text21                            1A5BE    1A5BE       10     8000       0
                text20                            19EC4    19EC4       3A     8000       0
                text19                            1A50C    1A50C       16     8000       0
                text18                            1A1FE    1A1FE       28     8000       0
                text17                            1A712    1A712        6     8000       0
                text16                            19B34    19B34       46     8000       0
                text15                            1A5AE    1A5AE       10     8000       0
                text14                            1A41E    1A41E       1C     8000       0
                text13                            1A6B2    1A6B2        C     8000       0
                text12                            1A06A    1A06A       30     8000       0
                text11                            18D9A    18D9A       98     8000       0
                text10                            19792    19792       52     8000       0
                text9                             1962E    1962E       5E     8000       0
                text8                             156C0    156C0      37A     8000       0
                text7                             19F6C    19F6C       34     8000       0
                text6                             198DA    198DA       50     8000       0
                text5                             193D0    193D0       66     8000       0
                text4                             15A3A    15A3A      366     8000       0
                text3                             1A59E    1A59E       10     8000       0
                text2                             12E3C    12E3C      BEA     8000       0
                text1                             1859C    1859C       EA     8000       0
                text0                             17764    17764      24A     8000       0
                cstackCOMRAM                          1        1       5D        1       1
                cstackBANK0                          60       60       59       60       1
                cstackBANK1                         100      100       E5      100       1
                cstackBANK2                         2EA      2EA       12      200       1
                bssBANK4                            400      400       40      400       1
                bssBANK3                            300      300      100      300       1
                dataBANK2                           2C6      2C6       24      200       1
                bssBANK2                            200      200       C6      200       1
                dataBANK1                           1F1      1F1        1      100       1
                bssBANK1                            1E5      1E5        C      100       1
                dataBANK0                            FF       FF        1       60       1
                bssBANK0                             B9       B9       44       60       1
                bitbssBANK0                         7F0       FE        1       60       1     8
                cinit                             18ECA    18ECA       96     8000       0
                nvBANK0                              FD       FD        1       60       1
                idataBANK2                        1A312    1A312       24     8000       0
                idataBANK1                        1A757    1A757        1     8000       0
                idataBANK0                        1A756    1A756        1     8000       0

TOTAL           Name                               Link     Load   Length     Space
        CLASS   STACK          

        CLASS   CODE           
                intcodelo                            18       18       A8         0
                intcode                               8        8        6         0
                init                                 C0       C0        4         0
                reset_vec                             0        0        4         0
                text180                           1A58A    1A58A       14         0
                text179                           1A742    1A742        4         0
                text178                           1A576    1A576       14         0
                text177                           1A6D6    1A6D6        C         0
                text176                           1A73E    1A73E        4         0
                text175                           1A73A    1A73A        4         0
                text174                           1A724    1A724        6         0
                text173                           1726E    1726E      288         0
                text172                           1A128    1A128       2E         0
                text171                           19E88    19E88       3C         0
                text170                           18758    18758       D0         0
                text169                           160F4    160F4      352         0
                text168                           16754    16754      30E         0
                text167                           19AEC    19AEC       48         0
                text166                           17F52    17F52      140         0
                text165                           1453A    1453A      93A         0
                text164                           1A754    1A754        2         0
                text163                           1A29E    1A29E       28         0
                text162                           18FEC    18FEC       8A         0
                text161                           189A8    189A8       BA         0
                text160                           19204    19204       82         0
                text159                           19568    19568       66         0
                text158                           1A2EC    1A2EC       26         0
                text157                           184A8    184A8       F4         0
                text156                           182B4    182B4       FE         0
                text155                           19888    19888       52         0
                text154                           19D54    19D54       42         0
                text153                           16D24    16D24      2AE         0
                text152                           1A400    1A400       1E         0
                text151                           19D12    19D12       42         0
                text150                           1A700    1A700        A         0
                text149                           19180    19180       84         0
                text148                           192F8    192F8       70         0
                text147                           152A8    152A8      418         0
                text146                           11724    11724     1718         0
                text145                           19E4C    19E4C       3C         0
                text144                           18BB8    18BB8       A4         0
                text143                           1A736    1A736        4         0
                text142                           1A472    1A472       1C         0
                text141                           1A6A4    1A6A4        E         0
                text140                           1A5DE    1A5DE       10         0
                text139                           1A752    1A752        2         0
                text138                           1A1D4    1A1D4       2A         0
                text137                           1A4F4    1A4F4       18         0
                text136                           1A750    1A750        2         0
                text135                           1A1AA    1A1AA       2A         0
                text134                           1A562    1A562       14         0
                text133                           19502    19502       66         0
                text132                           1A74E    1A74E        2         0
                text131                           1A276    1A276       28         0
                intcode_body                      18B10    18B10       A8         0
                text129                           1A038    1A038       32         0
                text128                           1A6CA    1A6CA        C         0
                text127                           1A4C2    1A4C2       1A         0
                text126                           19C8C    19C8C       44         0
                text125                           174F6    174F6      26E         0
                text124                           1A538    1A538       16         0
                text123                           1A74C    1A74C        2         0
                text122                           1A35A    1A35A       24         0
                text121                           1A6F6    1A6F6        A         0
                text120                           1A522    1A522       16         0
                text119                           1A74A    1A74A        2         0
                text118                           1A336    1A336       24         0
                text117                           1A6EC    1A6EC        A         0
                text116                           1A71E    1A71E        6         0
                text115                           1A70A    1A70A        8         0
                text114                           1A696    1A696        E         0
                text113                           1A732    1A732        4         0
                text112                           1A718    1A718        6         0
                text111                           1A748    1A748        2         0
                text110                           1A4A8    1A4A8       1A         0
                text109                           1A24E    1A24E       28         0
                text108                           1A3E0    1A3E0       20         0
                text107                           1A688    1A688        E         0
                text106                           1A72E    1A72E        4         0
                text105                           1A746    1A746        2         0
                text104                           1A180    1A180       2A         0
                text103                           19FA0    19FA0       34         0
                text101                           19836    19836       52         0
                text100                           1A6E2    1A6E2        A         0
                text99                            18C5C    18C5C       A2         0
                text98                            1997A    1997A       50         0
                text97                            19B7A    19B7A       46         0
                text96                            1992A    1992A       50         0
                text95                            15DA0    15DA0      354         0
                text94                            17E0E    17E0E      144         0
                text93                            16FD2    16FD2      29C         0
                text92                            17BE4    17BE4      22A         0
                text91                            179AE    179AE      236         0
                text90                            18A62    18A62       AE         0
                text89                            18828    18828       C4         0
                text88                            19D96    19D96       3E         0
                text87                            1949C    1949C       66         0
                text86                            18E32    18E32       98         0
                text85                            196E6    196E6       58         0
                text84                            19C48    19C48       44         0
                text83                            1A0FA    1A0FA       2E         0
                text82                            18092    18092      122         0
                text81                            1A0CA    1A0CA       30         0
                text80                            1A48E    1A48E       1A         0
                text79                            19CD0    19CD0       42         0
                text78                            1A3C0    1A3C0       20         0
                text77                            19E10    19E10       3C         0
                text76                            1A2C6    1A2C6       26         0
                text75                            197E4    197E4       52         0
                text74                            18F60    18F60       8C         0
                text73                            18686    18686       D2         0
                text72                            1A09A    1A09A       30         0
                text71                            16446    16446      30E         0
                text70                            19AA4    19AA4       48         0
                text69                            188EC    188EC       BC         0
                text68                            190FC    190FC       84         0
                text67                            19368    19368       68         0
                text66                            1A226    1A226       28         0
                text65                            183B2    183B2       F6         0
                text64                            181B4    181B4      100         0
                text63                            1973E    1973E       54         0
                text62                            19C04    19C04       44         0
                text61                            16A62    16A62      2C2         0
                text60                            1A37E    1A37E       22         0
                text59                            19BC0    19BC0       44         0
                text58                            1A54E    1A54E       14         0
                text57                            19076    19076       86         0
                text56                            19286    19286       72         0
                text55                            14E74    14E74      434         0
                text54                            10000    10000     1724         0
                text53                            19A5C    19A5C       48         0
                text52                            19A14    19A14       48         0
                text51                            13A26    13A26      B14         0
                text50                            1A67A    1A67A        E         0
                text49                            195CE    195CE       60         0
                text48                            1A66C    1A66C        E         0
                text47                            1A65E    1A65E        E         0
                text46                            19436    19436       66         0
                text45                            1A650    1A650        E         0
                text44                            1A642    1A642        E         0
                text43                            19EFE    19EFE       38         0
                text42                            1A6BE    1A6BE        C         0
                text41                            19F36    19F36       36         0
                text40                            1A456    1A456       1C         0
                text39                            1A4DC    1A4DC       18         0
                text38                            1A634    1A634        E         0
                text37                            1A626    1A626        E         0
                text36                            18CFE    18CFE       9C         0
                text35                            1A43A    1A43A       1C         0
                text34                            1A618    1A618        E         0
                text33                            1A156    1A156       2A         0
                text32                            1A60A    1A60A        E         0
                text31                            1A006    1A006       32         0
                text30                            1A5FC    1A5FC        E         0
                text29                            199CA    199CA       4A         0
                text28                            19FD4    19FD4       32         0
                text27                            1A3A0    1A3A0       20         0
                text26                            1A5EE    1A5EE        E         0
                text25                            1A72A    1A72A        4         0
                text24                            1968C    1968C       5A         0
                text23                            19DD4    19DD4       3C         0
                text22                            1A5CE    1A5CE       10         0
                text21                            1A5BE    1A5BE       10         0
                text20                            19EC4    19EC4       3A         0
                text19                            1A50C    1A50C       16         0
                text18                            1A1FE    1A1FE       28         0
                text17                            1A712    1A712        6         0
                text16                            19B34    19B34       46         0
                text15                            1A5AE    1A5AE       10         0
                text14                            1A41E    1A41E       1C         0
                text13                            1A6B2    1A6B2        C         0
                text12                            1A06A    1A06A       30         0
                text11                            18D9A    18D9A       98         0
                text10                            19792    19792       52         0
                text9                             1962E    1962E       5E         0
                text8                             156C0    156C0      37A         0
                text7                             19F6C    19F6C       34         0
                text6                             198DA    198DA       50         0
                text5                             193D0    193D0       66         0
                text4                             15A3A    15A3A      366         0
                text3                             1A59E    1A59E       10         0
                text2                             12E3C    12E3C      BEA         0
                text1                             1859C    1859C       EA         0
                text0                             17764    17764      24A         0
                cinit                             18ECA    18ECA       96         0
                idataBANK2                        1A312    1A312       24         0
                idataBANK1                        1A757    1A757        1         0
                idataBANK0                        1A756    1A756        1         0

        CLASS   CONST          

        CLASS   SMALLCONST     

        CLASS   MEDIUMCONST    
                mediumconst                        E2CA     E2CA     1D36         0

        CLASS   COMRAM         
                temp                                 5E       5E        1         1
                cstackCOMRAM                          1        1       5D         1

        CLASS   ABS1           

        CLASS   BIGRAM         

        CLASS   RAM            

        CLASS   BANK0          
                cstackBANK0                          60       60       59         1
                dataBANK0                            FF       FF        1         1
                bssBANK0                             B9       B9       44         1
                bitbssBANK0                         7F0       FE        1         1
                nvBANK0                              FD       FD        1         1

        CLASS   BANK1          
                cstackBANK1                         100      100       E5         1
                dataBANK1                           1F1      1F1        1         1
                bssBANK1                            1E5      1E5        C         1

        CLASS   BANK2          
                cstackBANK2                         2EA      2EA       12         1
                dataBANK2                           2C6      2C6       24         1
                bssBANK2                            200      200       C6         1

        CLASS   BANK3          
                bssBANK3                            300      300      100         1

        CLASS   BANK4          
                bssBANK4                            400      400       40         1

        CLASS   BANK5          

        CLASS   BANK6          

        CLASS   BANK7          

        CLASS   BANK8          

        CLASS   BANK9          

        CLASS   BANK10         

        CLASS   BANK11         

        CLASS   BANK12         

        CLASS   BANK13         

        CLASS   BANK14         

        CLASS   SFR            

        CLASS   FARRAM         

        CLASS   CONFIG         
                config                           300000   300000        C         0

        CLASS   IDLOC          
                idloc                            200000   200000       10         0

        CLASS   EEDATA         



SEGMENTS        Name                           Load    Length   Top    Selector   Space  Class

                reset_vec                      000000  000004  000004         0       0  CODE    
                cstackCOMRAM                   000001  00005E  00005F         1       1  COMRAM  
                intcode                        000008  000006  00000E         4       0  CODE    
                intcodelo                      000018  0000AC  0000C4         C       0  CODE    
                cstackBANK0                    000060  0000A0  000100        60       1  BANK0   
                cstackBANK1                    000100  0000F2  0001F2       100       1  BANK1   
                bssBANK2                       000200  0000FC  0002FC       200       1  BANK2   
                bssBANK3                       000300  000100  000400       300       1  BANK3   
                bssBANK4                       000400  000040  000440       400       1  BANK4   
                mediumconst                    00E2CA  001D36  010000      7165       0  MEDIUMCO
                text54                         010000  00A758  01A758      8000       0  CODE    
                idloc                          200000  000010  200010    200000       0  IDLOC   
                config                         300000  00000C  30000C    300000       0  CONFIG  


UNUSED ADDRESS RANGES

        Name                Unused          Largest block    Delta
        BANK1            0001F2-0001FF                E
        BANK10           000A00-000AFF              100
        BANK11           000B00-000BFF              100
        BANK12           000C00-000CFF              100
        BANK13           000D00-000DFF              100
        BANK14           000E00-000E87               88
        BANK2            0002FC-0002FF                4
        BANK4            000440-0004FF               C0
        BANK5            000500-0005FF              100
        BANK6            000600-0006FF              100
        BANK7            000700-0007FF              100
        BANK8            000800-0008FF              100
        BANK9            000900-0009FF              100
        BIGRAM           00005F-00005F                1
                         0001F2-0001FF                E
                         0002FC-0002FF                4
                         000440-000E87              A48
        CODE             000004-000007                4
                         00000E-000017                A
                         0000C4-00E2C9             E206
                         01A758-01FFFF             58A8
        COMRAM           00005F-00005F                1
        CONST            000004-000007                4
                         00000E-000017                A
                         0000C4-00E2C9             E206
                         01A758-01FFFF             58A8
        EEDATA           310000-3103FF              400
        MEDIUMCONST      000F00-00E2C9             D3CA
                         01A758-01FFFF             58A8
        RAM              0001F2-0001FF                E
                         0002FC-0002FF                4
                         000440-000E87              100
        SFR              000E8D-000FFF               73
        SMALLCONST       000F00-00E2C9              100
                         01A758-01FFFF              100
        STACK            000440-000E87              A48

                                  Symbol Table

?_ADCC_GetConversionResult                     cstackCOMRAM 000001
?_ADCC_GetFilterValue                          cstackCOMRAM 000001
?_FLASH_ReadWord                               cstackBANK1  000110
?___awdiv                                      cstackBANK1  000112
?___awmod                                      cstackBANK1  00010C
?___fladd                                      cstackBANK1  000140
?___fldiv                                      cstackCOMRAM 000013
?___flmul                                      cstackBANK1  00011A
?___flneg                                      cstackBANK1  00010C
?___flsub                                      cstackBANK1  000150
?___fltol                                      cstackBANK1  00013C
?___lldiv                                      cstackBANK1  00010C
?___llmod                                      cstackBANK1  000119
?___lwdiv                                      cstackBANK1  000111
?___lwmod                                      cstackBANK1  00010C
?___wmul                                       cstackBANK1  00010C
?___xxtofl                                     cstackBANK1  00010C
?__div_to_l_                                   cstackBANK1  00010C
?__doprnt                                      cstackBANK1  000158
?__tdiv_to_l_                                  cstackBANK1  00010C
?_fabs                                         cstackCOMRAM 000005
?_fround                                       cstackBANK1  000133
?_getCauseOfResetString                        cstackBANK1  00010C
?_getCauseOfResetStringSmall                   cstackBANK1  00010C
?_getDeviceID                                  cstackBANK1  000117
?_getDeviceIDString                            cstackBANK1  000119
?_getNXQChargeStateString                      cstackBANK1  00010C
?_getNXQChargeStateStringCaps                  cstackBANK1  00010C
?_getStringSecondsAsTime                       cstackBANK1  0001A3
?_getUserID                                    cstackBANK1  000117
?_printf                                       cstackBANK1  0001C5
?_scale                                        cstackBANK1  000133
?_sprintf                                      cstackBANK1  000190
?_strcmp                                       cstackBANK1  00010C
?_strlen                                       cstackBANK1  00010C
?i2___awdiv                                    cstackCOMRAM 000007
?i2___awmod                                    cstackCOMRAM 000001
?i2___fladd                                    cstackCOMRAM 000052
?i2___flmul                                    cstackCOMRAM 00002C
?i2___flneg                                    cstackCOMRAM 000001
?i2___flsub                                    cstackBANK0  000064
?i2___fltol                                    cstackCOMRAM 00004E
?i2___lldiv                                    cstackCOMRAM 000001
?i2___llmod                                    cstackCOMRAM 00000E
?i2___lwdiv                                    cstackCOMRAM 000006
?i2___lwmod                                    cstackCOMRAM 000001
?i2___wmul                                     cstackCOMRAM 000001
?i2___xxtofl                                   cstackCOMRAM 000005
?i2__div_to_l_                                 cstackCOMRAM 000001
?i2__doprnt                                    cstackBANK0  00006C
?i2__tdiv_to_l_                                cstackCOMRAM 000001
?i2_fround                                     cstackCOMRAM 000045
?i2_printf                                     cstackBANK0  0000A4
?i2_scale                                      cstackCOMRAM 000045
ADCC_SetADTIInterruptHandler@InterruptHandler  cstackBANK1  00010C
ADCC_StartConversion@channel                   cstackBANK1  000100
ADC_PostProcessingHandler@current_adc_channel  cstackBANK0  000078
ADC_PostProcessingHandler@i                    cstackBANK0  000079
ADC_PostProcessingHandler@i_2966               cstackBANK0  00007A
EUSART2_Read@readValue                         cstackBANK1  00010C
EUSART2_SetRxInterruptHandler@interruptHandler cstackBANK1  00010C
EUSART2_SetTxInterruptHandler@interruptHandler cstackBANK1  00010C
EUSART2_Write@txData                           cstackBANK1  00010C
FLASH_ReadByte@flashAddr                       cstackBANK1  00010C
FLASH_ReadWord@flashAddr                       cstackBANK1  000110
I2C2_ISR@i2c_10bit_address_restart             bssBANK0     0000DA
I2C2_ISR@i2c_address                           bssBANK0     0000FB
I2C2_ISR@i2c_bytes_left                        bssBANK0     0000DB
I2C2_ISR@pi2c_buf_ptr                          bssBANK0     0000D2
I2C2_MasterRead@address                        cstackBANK1  000118
I2C2_MasterRead@length                         cstackBANK1  000117
I2C2_MasterRead@pdata                          cstackBANK1  000115
I2C2_MasterRead@pflag                          cstackBANK1  00011A
I2C2_MasterRead@trBlock                        bssBANK2     0002B7
I2C2_MasterReadTRBBuild@address                cstackBANK1  000111
I2C2_MasterReadTRBBuild@length                 cstackBANK1  000110
I2C2_MasterReadTRBBuild@pdata                  cstackBANK1  00010E
I2C2_MasterReadTRBBuild@ptrb                   cstackBANK1  00010C
I2C2_MasterTRBInsert@count                     cstackBANK1  000111
I2C2_MasterTRBInsert@pflag                     cstackBANK1  00010E
I2C2_MasterTRBInsert@ptrb_list                 cstackBANK1  00010C
I2C2_MasterWrite@address                       cstackBANK1  000118
I2C2_MasterWrite@length                        cstackBANK1  000117
I2C2_MasterWrite@pdata                         cstackBANK1  000115
I2C2_MasterWrite@pflag                         cstackBANK1  00011A
I2C2_MasterWrite@trBlock                       bssBANK2     0002BC
I2C2_MasterWriteTRBBuild@address               cstackBANK1  000111
I2C2_MasterWriteTRBBuild@length                cstackBANK1  000110
I2C2_MasterWriteTRBBuild@pdata                 cstackBANK1  00010E
I2C2_MasterWriteTRBBuild@ptrb                  cstackBANK1  00010C
I2C2_Stop@completion_code                      cstackBANK1  000102
INT1_SetInterruptHandler@InterruptHandler      cstackBANK1  00010C
INT2_SetInterruptHandler@InterruptHandler      cstackBANK1  00010C
IOCBF2_SetInterruptHandler@InterruptHandler    cstackBANK1  00010C
IOCBF3_SetInterruptHandler@InterruptHandler    cstackBANK1  00010C
LM73Convert@Ambient_Conv                       cstackBANK1  00013A
LM73Convert@POS5_Conv                          cstackBANK1  000138
LM73Convert@QI_Conv                            cstackBANK1  000136
LM73TempSensorInitialize@output_data_array     cstackBANK1  00011C
OLED_Clear@col                                 cstackBANK1  00012F
OLED_Clear@row                                 cstackBANK1  00012D
OLED_Command@data_array                        cstackBANK1  00011E
OLED_Command@temp                              cstackBANK1  00011C
OLED_PutChar@ch                                cstackBANK1  00012C
OLED_PutChar@data_array                        cstackBANK1  000120
OLED_PutChar@input_base                        cstackBANK1  000129
OLED_UpdateFromRAMBuffer@char_index            cstackBANK1  00012F
OLED_UpdateFromRAMBuffer@char_index_3602       cstackBANK1  000130
OLED_UpdateFromRAMBuffer@char_index_3603       cstackBANK1  000131
OLED_UpdateFromRAMBuffer@char_index_3604       cstackBANK1  000132
OLED_WriteString@s                             cstackBANK1  00012D
OLED_YX@Column                                 cstackBANK1  000120
OLED_YX@Row                                    cstackBANK1  000124
OLED_updateHandler@dev_id_str                  cstackBANK1  0001A5
OLED_updateHandler@rev_id_str                  cstackBANK1  0001B6
TMR0_SetInterruptHandler@InterruptHandler      cstackBANK1  00010C
TMR2_SetInterruptHandler@InterruptHandler      cstackBANK1  00010C
TMR3_SetInterruptHandler@InterruptHandler      cstackBANK1  00010C
TMR3_WriteTimer@timerVal                       cstackBANK1  00010C
_ADACCH                                        (abs)        000F71
_ADACCL                                        (abs)        000F70
_ADACQ                                         (abs)        000F5C
_ADACT                                         (abs)        000F56
_ADCAP                                         (abs)        000F5D
_ADCC_ADTI_InterruptHandler                    bssBANK2     000219
_ADCC_ClearAccumulator                         text116      01A71E
_ADCC_DefaultInterruptHandler                  text164      01A754
_ADCC_DischargeSampleCapacitor                 text115      01A70A
_ADCC_GetConversionResult                      text180      01A58A
_ADCC_GetCurrentCountofConversions             text179      01A742
_ADCC_GetFilterValue                           text178      01A576
_ADCC_HasAccumulatorOverflowed                 text177      01A6D6
_ADCC_Initialize                               text49       0195CE
_ADCC_SetADTIInterruptHandler                  text50       01A67A
_ADCC_StartConversion                          text114      01A696
_ADCC_StopConversion                           text176      01A73E
_ADCC_ThresholdISR                             text163      01A29E
_ADCLK                                         (abs)        000F57
_ADCNT                                         (abs)        000F67
_ADCON0                                        (abs)        000F60
_ADCON0bits                                    (abs)        000F60
_ADCON1                                        (abs)        000F59
_ADCON1bits                                    (abs)        000F59
_ADCON2                                        (abs)        000F5A
_ADCON2bits                                    (abs)        000F5A
_ADCON3                                        (abs)        000F5B
_ADCON3bits                                    (abs)        000F5B
_ADC_PostProcessingHandler                     text165      01453A
_ADC_PostProcessingHandler$5390                cstackBANK0  00007B
_ADC_PostProcessingHandler$5391                cstackBANK0  00007F
_ADC_PostProcessingHandler$5392                cstackBANK0  00006C
_ADC_PostProcessingHandler$5393                cstackBANK0  000070
_ADC_PostProcessingHandler$5394                cstackBANK0  000074
_ADC_acquisitionTimerHandler                   text110      01A4A8
_ADERRH                                        (abs)        000F6F
_ADERRL                                        (abs)        000F6E
_ADFLTRH                                       (abs)        000F73
_ADFLTRL                                       (abs)        000F72
_ADLTHH                                        (abs)        000F6B
_ADLTHL                                        (abs)        000F6A
_ADPCH                                         (abs)        000F5F
_ADPRE                                         (abs)        000F5E
_ADPREVH                                       (abs)        000F62
_ADPREVL                                       (abs)        000F61
_ADREF                                         (abs)        000F58
_ADRESH                                        (abs)        000F64
_ADRESL                                        (abs)        000F63
_ADRPT                                         (abs)        000F66
_ADSTAT                                        (abs)        000F65
_ADSTATbits                                    (abs)        000F65
_ADSTPTH                                       (abs)        000F69
_ADSTPTL                                       (abs)        000F68
_ADUTHH                                        (abs)        000F6D
_ADUTHL                                        (abs)        000F6C
_ANSELA                                        (abs)        000F11
_ANSELB                                        (abs)        000F19
_ANSELC                                        (abs)        000F21
_BAUD2CON                                      (abs)        000E9F
_EUSART2_Initialize                            text46       019436
_EUSART2_Read                                  text20       019EC4
_EUSART2_Receive_ISR                           text144      018BB8
_EUSART2_RxDefaultInterruptHandler             bssBANK2     000222
_EUSART2_SetRxInterruptHandler                 text48       01A66C
_EUSART2_SetTxInterruptHandler                 text47       01A65E
_EUSART2_Transmit_ISR                          text129      01A038
_EUSART2_TxDefaultInterruptHandler             bssBANK2     000225
_EUSART2_Write                                 text59       019BC0
_EXT_INT_Initialize                            text43       019EFE
_FLASH_ReadByte                                text80       01A48E
_FLASH_ReadWord                                text79       019CD0
_FVRCON                                        (abs)        000F31
_FVRCONbits                                    (abs)        000F31
_FVR_Initialize                                text42       01A6BE
_I2C2_BusCollisionISR                          text128      01A6CA
_I2C2_FunctionComplete                         text127      01A4C2
_I2C2_ISR                                      text125      0174F6
_I2C2_Initialize                               text41       019F36
_I2C2_MasterRead                               text98       01997A
_I2C2_MasterReadTRBBuild                       text101      019836
_I2C2_MasterTRBInsert                          text99       018C5C
_I2C2_MasterWrite                              text96       01992A
_I2C2_MasterWriteTRBBuild                      text97       019B7A
_I2C2_Stop                                     text126      019C8C
_I2C2_WaitForLastPacketToComplete              text100      01A6E2
_I2C_STATUS                                    bssBANK1     0001F0
_INT1PPS                                       (abs)        000EA2
_INT1_CallBack                                 text122      01A35A
_INT1_DefaultInterruptHandler                  text123      01A74C
_INT1_ISR                                      text121      01A6F6
_INT1_InterruptHandler                         bssBANK0     0000CF
_INT1_SetInterruptHandler                      text45       01A650
_INT2PPS                                       (abs)        000EA3
_INT2_CallBack                                 text118      01A336
_INT2_DefaultInterruptHandler                  text119      01A74A
_INT2_ISR                                      text117      01A6EC
_INT2_InterruptHandler                         bssBANK0     0000CC
_INT2_SetInterruptHandler                      text44       01A642
_INTCONbits                                    (abs)        000FF2
_INTERRUPT_Initialize                          text40       01A456
_INTERRUPT_InterruptManagerHigh                intcode      000008
_INTERRUPT_InterruptManagerLow                 intcodelo    000018
_IOCBF2_DefaultInterruptHandler                text139      01A752
_IOCBF2_ISR                                    text138      01A1D4
_IOCBF2_InterruptHandler                       bssBANK2     00021F
_IOCBF2_SetInterruptHandler                    text38       01A634
_IOCBF3_DefaultInterruptHandler                text136      01A750
_IOCBF3_ISR                                    text135      01A1AA
_IOCBF3_InterruptHandler                       bssBANK2     00021C
_IOCBF3_SetInterruptHandler                    text37       01A626
_IOCBFbits                                     (abs)        000F12
_IOCBNbits                                     (abs)        000F13
_IOCBPbits                                     (abs)        000F14
_IPR0bits                                      (abs)        000EBA
_IPR1bits                                      (abs)        000EBB
_IPR3bits                                      (abs)        000EBD
_IPR4bits                                      (abs)        000EBE
_LATA                                          (abs)        000F83
_LATB                                          (abs)        000F84
_LATBbits                                      (abs)        000F84
_LATC                                          (abs)        000F85
_LATCbits                                      (abs)        000F85
_LM73AcquisitionHandler                        text92       017BE4
_LM73Convert                                   text93       016FD2
_LM73TempSensorInitialize                      text91       0179AE
_LM73_start_flag                               bssBANK1     0001EA
_LM73_temp_results                             bssBANK2     000294
_NVMADRH                                       (abs)        000F7F
_NVMADRL                                       (abs)        000F7E
_NVMCON1bits                                   (abs)        000F81
_NVMCON2                                       (abs)        000F82
_NVMDAT                                        (abs)        000F80
_ODCONA                                        (abs)        000F0F
_ODCONB                                        (abs)        000F17
_ODCONC                                        (abs)        000F1F
_OLED_Clear                                    text88       019D96
_OLED_Command                                  text87       01949C
_OLED_Frame                                    bssBANK1     0001E8
_OLED_Init                                     text86       018E32
_OLED_PutChar                                  text89       018828
_OLED_RAM_Buffer                               bssBANK2     000228
_OLED_UpdateFromRAMBuffer                      text82       018092
_OLED_WriteString                              text85       0196E6
_OLED_YX                                       text84       019C48
_OLED_updateHandler                            text51       013A26
_OLED_update_flag                              bssBANK1     0001E7
_OLED_update_time                              dataBANK1    0001F1
_OSCCON1                                       (abs)        000ED8
_OSCCON3                                       (abs)        000EDA
_OSCEN                                         (abs)        000EDC
_OSCFRQ                                        (abs)        000EDE
_OSCILLATOR_Initialize                         text39       01A4DC
_OSCTUNE                                       (abs)        000EDD
_OledFont                                      mediumconst  00E353
_PCON0bits                                     (abs)        000FD7
_PIE0bits                                      (abs)        000EC2
_PIE1bits                                      (abs)        000EC3
_PIE3bits                                      (abs)        000EC5
_PIE4bits                                      (abs)        000EC6
_PIN_MANAGER_IOC                               text134      01A562
_PIN_MANAGER_Initialize                        text36       018CFE
_PIR0bits                                      (abs)        000ECA
_PIR1bits                                      (abs)        000ECB
_PIR3bits                                      (abs)        000ECD
_PIR4bits                                      (abs)        000ECE
_PIR7bits                                      (abs)        000ED1
_PMD0                                          (abs)        000EE1
_PMD1                                          (abs)        000EE2
_PMD2                                          (abs)        000EE3
_PMD3                                          (abs)        000EE4
_PMD4                                          (abs)        000EE5
_PMD5                                          (abs)        000EE6
_PMD_Initialize                                text35       01A43A
_PORTBbits                                     (abs)        000F8E
_PR2                                           (abs)        000FBC
_QIChargeIOCHandler                            text137      01A4F4
_QIIdleIOCHandler                              text140      01A5DE
_QIIdleTimerHandler                            text104      01A180
_RB4PPS                                        (abs)        000EF3
_RB5PPS                                        (abs)        000EF4
_RC2REG                                        (abs)        000E99
_RC2STA                                        (abs)        000E9D
_RC2STAbits                                    (abs)        000E9D
_RC4PPS                                        (abs)        000EFB
_RX2PPS                                        (abs)        000E8D
_SLRCONA                                       (abs)        000F0E
_SLRCONB                                       (abs)        000F16
_SLRCONC                                       (abs)        000F1E
_SP2BRGH                                       (abs)        000E9C
_SP2BRGL                                       (abs)        000E9B
_SSP2ADD                                       (abs)        000E93
_SSP2BUF                                       (abs)        000E92
_SSP2CLKPPS                                    (abs)        000E8F
_SSP2CON1                                      (abs)        000E96
_SSP2CON1bits                                  (abs)        000E96
_SSP2CON2bits                                  (abs)        000E97
_SSP2CON3                                      (abs)        000E98
_SSP2DATPPS                                    (abs)        000E90
_SSP2STAT                                      (abs)        000E95
_SYSTEM_Initialize                             text28       019FD4
_T0CON0                                        (abs)        000FD5
_T0CON0bits                                    (abs)        000FD5
_T0CON1                                        (abs)        000FD6
_T2CLKCON                                      (abs)        000FBF
_T2CON                                         (abs)        000FBD
_T2CONbits                                     (abs)        000FBD
_T2HLT                                         (abs)        000FBE
_T2HLTbits                                     (abs)        000FBE
_T2PR                                          (abs)        000FBC
_T2RST                                         (abs)        000FC0
_T2RSTbits                                     (abs)        000FC0
_T2TMR                                         (abs)        000FBB
_T3CLK                                         (abs)        000FCC
_T3CON                                         (abs)        000FC9
_T3CONbits                                     (abs)        000FC9
_T3GATE                                        (abs)        000FCB
_T3GCON                                        (abs)        000FCA
_T3GCONbits                                    (abs)        000FCA
_TABLAT                                        (abs)        000FF5
_TBLPTRH                                       (abs)        000FF7
_TBLPTRL                                       (abs)        000FF6
_TBLPTRU                                       (abs)        000FF8
_TMR0H                                         (abs)        000FD4
_TMR0L                                         (abs)        000FD3
_TMR0_DefaultInterruptHandler                  text132      01A74E
_TMR0_ISR                                      text131      01A276
_TMR0_Initialize                               text33       01A156
_TMR0_InterruptHandler                         bssBANK2     000216
_TMR0_SetInterruptHandler                      text34       01A618
_TMR2                                          (abs)        000FBB
_TMR2_DefaultInterruptHandler                  text111      01A748
_TMR2_ISR                                      text109      01A24E
_TMR2_Initialize                               text31       01A006
_TMR2_InterruptHandler                         bssBANK2     000213
_TMR2_SetInterruptHandler                      text32       01A60A
_TMR2_Start                                    text175      01A73A
_TMR2_StartTimer                               text174      01A724
_TMR2_Stop                                     text113      01A732
_TMR2_StopTimer                                text112      01A718
_TMR3H                                         (abs)        000FC8
_TMR3L                                         (abs)        000FC7
_TMR3_DefaultInterruptHandler                  text105      01A746
_TMR3_ISR                                      text103      019FA0
_TMR3_Initialize                               text29       0199CA
_TMR3_InterruptHandler                         bssBANK2     000210
_TMR3_Reload                                   text26       01A5EE
_TMR3_SetInterruptHandler                      text30       01A5FC
_TMR3_StartTimer                               text143      01A736
_TMR3_StopTimer                                text25       01A72A
_TMR3_WriteTimer                               text27       01A3A0
_TRISA                                         (abs)        000F88
_TRISB                                         (abs)        000F89
_TRISC                                         (abs)        000F8A
_TX2REG                                        (abs)        000E9A
_TX2STA                                        (abs)        000E9E
_TX2STAbits                                    (abs)        000E9E
_WPUA                                          (abs)        000F10
_WPUB                                          (abs)        000F18
_WPUC                                          (abs)        000F20
_WPUE                                          (abs)        000F2D
__CFG_BOREN$SBORDIS                            (abs)        000000
__CFG_BORV$VBOR_2P45                           (abs)        000000
__CFG_CLKOUTEN$OFF                             (abs)        000000
__CFG_CP$OFF                                   (abs)        000000
__CFG_CPD$OFF                                  (abs)        000000
__CFG_CSWEN$ON                                 (abs)        000000
__CFG_DEBUG$OFF                                (abs)        000000
__CFG_EBTR0$OFF                                (abs)        000000
__CFG_EBTR1$OFF                                (abs)        000000
__CFG_EBTR2$OFF                                (abs)        000000
__CFG_EBTR3$OFF                                (abs)        000000
__CFG_EBTR4$OFF                                (abs)        000000
__CFG_EBTR5$OFF                                (abs)        000000
__CFG_EBTR6$OFF                                (abs)        000000
__CFG_EBTR7$OFF                                (abs)        000000
__CFG_EBTRB$OFF                                (abs)        000000
__CFG_FCMEN$ON                                 (abs)        000000
__CFG_FEXTOSC$OFF                              (abs)        000000
__CFG_LPBOREN$OFF                              (abs)        000000
__CFG_LVP$OFF                                  (abs)        000000
__CFG_MCLRE$EXTMCLR                            (abs)        000000
__CFG_PPS1WAY$ON                               (abs)        000000
__CFG_PWRTE$ON                                 (abs)        000000
__CFG_RSTOSC$HFINTOSC_64MHZ                    (abs)        000000
__CFG_SCANE$ON                                 (abs)        000000
__CFG_STVREN$ON                                (abs)        000000
__CFG_WDTCCS$LFINTOSC                          (abs)        000000
__CFG_WDTCPS$WDTCPS_11                         (abs)        000000
__CFG_WDTCWS$WDTCWS_7                          (abs)        000000
__CFG_WDTE$NSLEEP                              (abs)        000000
__CFG_WRT0$OFF                                 (abs)        000000
__CFG_WRT1$OFF                                 (abs)        000000
__CFG_WRT2$OFF                                 (abs)        000000
__CFG_WRT3$OFF                                 (abs)        000000
__CFG_WRT4$OFF                                 (abs)        000000
__CFG_WRT5$OFF                                 (abs)        000000
__CFG_WRT6$OFF                                 (abs)        000000
__CFG_WRT7$OFF                                 (abs)        000000
__CFG_WRTB$OFF                                 (abs)        000000
__CFG_WRTC$OFF                                 (abs)        000000
__CFG_WRTD$OFF                                 (abs)        000000
__CFG_XINST$OFF                                (abs)        000000
__CFG_ZCD$OFF                                  (abs)        000000
__HRAM                                         (abs)        000000
__Habs1                                        abs1         000000
__Hbank0                                       bank0        000000
__Hbank1                                       bank1        000000
__Hbank10                                      bank10       000000
__Hbank11                                      bank11       000000
__Hbank12                                      bank12       000000
__Hbank13                                      bank13       000000
__Hbank14                                      bank14       000000
__Hbank2                                       bank2        000000
__Hbank3                                       bank3        000000
__Hbank4                                       bank4        000000
__Hbank5                                       bank5        000000
__Hbank6                                       bank6        000000
__Hbank7                                       bank7        000000
__Hbank8                                       bank8        000000
__Hbank9                                       bank9        000000
__Hbigbss                                      bigbss       000000
__Hbigdata                                     bigdata      000000
__Hbigram                                      bigram       000000
__HbitbssBANK0                                 bitbssBANK0  000000
__Hbss                                         bss          000000
__HbssBANK0                                    bssBANK0     000000
__HbssBANK1                                    bssBANK1     000000
__HbssBANK2                                    bssBANK2     000000
__HbssBANK3                                    bssBANK3     000000
__HbssBANK4                                    bssBANK4     000000
__Hcinit                                       cinit        000000
__Hclrtext                                     clrtext      000000
__Hcomram                                      comram       000000
__Hconfig                                      config       30000C
__Hconst                                       const        000000
__HcstackBANK0                                 cstackBANK0  000000
__HcstackBANK1                                 cstackBANK1  000000
__HcstackBANK2                                 cstackBANK2  000000
__HcstackCOMRAM                                cstackCOMRAM 000000
__Hdata                                        data         000000
__HdataBANK0                                   dataBANK0    000000
__HdataBANK1                                   dataBANK1    000000
__HdataBANK2                                   dataBANK2    000000
__Heeprom_data                                 eeprom_data  000000
__Hfarbss                                      farbss       000000
__Hfardata                                     fardata      000000
__Hibigdata                                    ibigdata     000000
__Hidata                                       idata        000000
__HidataBANK0                                  idataBANK0   000000
__HidataBANK1                                  idataBANK1   000000
__HidataBANK2                                  idataBANK2   000000
__Hidloc                                       idloc        200010
__Hifardata                                    ifardata     000000
__Hinit                                        init         0000C4
__Hintcode                                     intcode      00000E
__Hintcode_body                                intcode_body 000000
__Hintcodelo                                   intcodelo    0000C0
__Hintentry                                    intentry     000000
__Hintret                                      intret       000000
__Hintsave_regs                                intsave_regs 000000
__Hirdata                                      irdata       000000
__Hmediumconst                                 mediumconst  010000
__HnvBANK0                                     nvBANK0      000000
__HnvFARRAM                                    nvFARRAM     000000
__Hnvbit                                       nvbit        000000
__Hnvrram                                      nvrram       000000
__Hparam                                       rparam       000000
__Hpowerup                                     powerup      0000C0
__Hram                                         ram          000000
__Hramtop                                      ramtop       000F00
__Hrbit                                        rbit         000000
__Hrbss                                        rbss         000000
__Hrdata                                       rdata        000000
__Hreset_vec                                   reset_vec    000004
__Hrparam                                      rparam       000000
__Hsfr                                         sfr          000000
__Hsmallconst                                  smallconst   000000
__Hspace_0                                     (abs)        30000C
__Hspace_1                                     (abs)        0007F1
__Hspace_2                                     (abs)        000000
__Hstack                                       stack        000000
__Hstruct                                      struct       000000
__Htemp                                        temp         00005F
__Htext                                        text         000000
__Htext0                                       text0        000000
__Htext1                                       text1        000000
__Htext10                                      text10       000000
__Htext100                                     text100      000000
__Htext101                                     text101      000000
__Htext103                                     text103      000000
__Htext104                                     text104      000000
__Htext105                                     text105      000000
__Htext106                                     text106      000000
__Htext107                                     text107      000000
__Htext108                                     text108      000000
__Htext109                                     text109      000000
__Htext11                                      text11       000000
__Htext110                                     text110      000000
__Htext111                                     text111      000000
__Htext112                                     text112      000000
__Htext113                                     text113      000000
__Htext114                                     text114      000000
__Htext115                                     text115      000000
__Htext116                                     text116      000000
__Htext117                                     text117      000000
__Htext118                                     text118      000000
__Htext119                                     text119      000000
__Htext12                                      text12       000000
__Htext120                                     text120      000000
__Htext121                                     text121      000000
__Htext122                                     text122      000000
__Htext123                                     text123      000000
__Htext124                                     text124      000000
__Htext125                                     text125      000000
__Htext126                                     text126      000000
__Htext127                                     text127      000000
__Htext128                                     text128      000000
__Htext129                                     text129      000000
__Htext13                                      text13       000000
__Htext131                                     text131      000000
__Htext132                                     text132      000000
__Htext133                                     text133      000000
__Htext134                                     text134      000000
__Htext135                                     text135      000000
__Htext136                                     text136      000000
__Htext137                                     text137      000000
__Htext138                                     text138      000000
__Htext139                                     text139      000000
__Htext14                                      text14       000000
__Htext140                                     text140      000000
__Htext141                                     text141      000000
__Htext142                                     text142      000000
__Htext143                                     text143      000000
__Htext144                                     text144      000000
__Htext145                                     text145      000000
__Htext146                                     text146      000000
__Htext147                                     text147      000000
__Htext148                                     text148      000000
[...]
      Params:         2       0       0       0       0       0       0       0       0       0       0       0       0       0       0       0
      Locals:         0       0       0       0       0       0       0       0       0       0       0       0       0       0       0       0
      Temps:          2       0       0       0       0       0       0       0       0       0       0       0       0       0       0       0
      Totals:         4       0       0       0       0       0       0       0       0       0       0       0       0       0       0       0
Total ram usage:        4 bytes
 Hardware stack levels used:    1
 This function calls:
		Nothing
 This function is called by:
		_ADC_PostProcessingHandler
 This function uses a non-reentrant model


 *************** function _ADCC_GetCurrentCountofConversions *****************
 Defined at:
		line 198 in file "mcc_generated_files/adcc.c"
 Parameters:    Size  Location     Type
		None
 Auto vars:     Size  Location     Type
		None
 Return value:  Size  Location     Type
                  1    wreg      unsigned char 
 Registers used:
		wreg, status,2
 Tracked objects:
		On entry : 
		On exit  : 
		Unchanged: 
 Data sizes:     COMRAM   BANK0   BANK1   BANK2   BANK3   BANK4   BANK5   BANK6   BANK7   BANK8   BANK9  BANK10  BANK11  BANK12  BANK13  BANK14
      Params:         0       0       0       0       0       0       0       0       0       0       0       0       0       0       0       0
      Locals:         0       0       0       0       0       0       0       0       0       0       0       0       0       0       0       0
      Temps:          0       0       0       0       0       0       0       0       0       0       0       0       0       0       0       0
      Totals:         0       0       0       0       0       0       0       0       0       0       0       0       0       0       0       0
Total ram usage:        0 bytes
 Hardware stack levels used:    1
 This function calls:
		Nothing
 This function is called by:
		_ADC_PostProcessingHandler
 This function uses a non-reentrant model


 *************** function _ADCC_GetConversionResult *****************
 Defined at:
		line 130 in file "mcc_generated_files/adcc.c"
 Parameters:    Size  Location     Type
		None
 Auto vars:     Size  Location     Type
		None
 Return value:  Size  Location     Type
                  2    0[COMRAM] unsigned int 
 Registers used:
		wreg, status,2, status,0
 Tracked objects:
		On entry : 
		On exit  : 
		Unchanged: 
 Data sizes:     COMRAM   BANK0   BANK1   BANK2   BANK3   BANK4   BANK5   BANK6   BANK7   BANK8   BANK9  BANK10  BANK11  BANK12  BANK13  BANK14
      Params:         2       0       0       0       0       0       0       0       0       0       0       0       0       0       0       0
      Locals:         0       0       0       0       0       0       0       0       0       0       0       0       0       0       0       0
      Temps:          2       0       0       0       0       0       0       0       0       0       0       0       0       0       0       0
      Totals:         4       0       0       0       0       0       0       0       0       0       0       0       0       0       0       0
Total ram usage:        4 bytes
 Hardware stack levels used:    1
 This function calls:
		Nothing
 This function is called by:
		_ADC_PostProcessingHandler
 This function uses a non-reentrant model



MODULE INFORMATION

Module		Function		Class		Link	Load	Size
C:\Program Files (x86)\Microchip\xc8\v2.05\pic\sources\c90\common\isdigit.c
		_isdigit       		CODE           	1A37E	0000	35

C:\Program Files (x86)\Microchip\xc8\v2.05\pic\sources\c90\common\isdigit.c estimated size: 35

C:\Program Files (x86)\Microchip\xc8\v2.05\pic\sources\c90\common\doprnt.c
		_scale         		CODE           	14E74	0000	1077
		_fround        		CODE           	16A62	0000	707
		__doprnt       		CODE           	10000	0000	5925

C:\Program Files (x86)\Microchip\xc8\v2.05\pic\sources\c90\common\doprnt.c estimated size: 7709

C:\Program Files (x86)\Microchip\xc8\v2.05\pic\sources\c90\common\sprcadd.c
		___flsub       		CODE           	19AA4	0000	73
		___fladd       		CODE           	16446	0000	783

C:\Program Files (x86)\Microchip\xc8\v2.05\pic\sources\c90\common\sprcadd.c estimated size: 856

C:\Program Files (x86)\Microchip\xc8\v2.05\pic\sources\c90\common\llmod.c
		___llmod       		CODE           	19368	0000	105

C:\Program Files (x86)\Microchip\xc8\v2.05\pic\sources\c90\common\llmod.c estimated size: 105

NXQ_charge_state.c
		_QIIdleTimerHandler		CODE           	1A180	0000	43
		_getNXQChargeStateString		CODE           	19792	0000	83
		_QIChargeIOCHandler		CODE           	1A4F4	0000	25
		_getNXQChargeStateStringCaps		CODE           	197E4	0000	83
		_QIIdleIOCHandler		CODE           	1A5DE	0000	17

NXQ_charge_state.c estimated size: 251

mcc_generated_files/eusart2.c
		_putch         		CODE           	1A54E	0000	21
		_EUSART2_Read  		CODE           	19EC4	0000	59
		_EUSART2_Write 		CODE           	19BC0	0000	69
		_EUSART2_Receive_ISR		CODE           	18BB8	0000	165
		_EUSART2_Transmit_ISR		CODE           	1A038	0000	51
		_EUSART2_SetRxInterruptHandler		CODE           	1A66C	0000	15
		_EUSART2_SetTxInterruptHandler		CODE           	1A65E	0000	15
		_EUSART2_Initialize		CODE           	19436	0000	103

mcc_generated_files/eusart2.c estimated size: 498

mcc_generated_files/fvr.c
		_FVR_Initialize		CODE           	1A6BE	0000	13

mcc_generated_files/fvr.c estimated size: 13

error_handling.c
		_updateErrorLEDs		CODE           	19B34	0000	71
		_getADCError   		CODE           	1A50C	0000	23
		_clearADCErrors		CODE           	1A5AE	0000	17
		_clearUARTErrors		CODE           	1A6B2	0000	13
		_clearI2CErrors		CODE           	1A41E	0000	29
		_getI2CError   		CODE           	1A1FE	0000	41
		_getUARTError  		CODE           	1A712	0000	7

error_handling.c estimated size: 201

mcc_generated_files/tmr2.c
		_TMR2_ISR      		CODE           	1A24E	0000	41
		_TMR2_Initialize		CODE           	1A006	0000	51
		_TMR2_Stop     		CODE           	1A732	0000	5
		_TMR2_Start    		CODE           	1A73A	0000	5
		_TMR2_SetInterruptHandler		CODE           	1A60A	0000	15
		_TMR2_StopTimer		CODE           	1A718	0000	7
		_TMR2_DefaultInterruptHandler		CODE           	1A748	0000	3
		_TMR2_StartTimer		CODE           	1A724	0000	7

mcc_generated_files/tmr2.c estimated size: 134

mcc_generated_files/interrupt_manager.c
		_INTERRUPT_Initialize		CODE           	1A456	0000	29
		_INTERRUPT_InterruptManagerLow		CODE           	0018	0000	169
		_INTERRUPT_InterruptManagerHigh		CODE           	0008	0000	175

mcc_generated_files/interrupt_manager.c estimated size: 373

C:\Program Files (x86)\Microchip\xc8\v2.05\pic\sources\c90\common\sprintf.c
		_sprintf       		CODE           	19A5C	0000	73

C:\Program Files (x86)\Microchip\xc8\v2.05\pic\sources\c90\common\sprintf.c estimated size: 73

heartbeat_timer.c
		_getStringSecondsAsTime		CODE           	156C0	0000	891
		_heartbeatTimerHandler		CODE           	19502	0000	103

heartbeat_timer.c estimated size: 994

C:\Program Files (x86)\Microchip\xc8\v2.05\pic\sources\c90\common\awmod.c
		___awmod       		CODE           	19286	0000	115

C:\Program Files (x86)\Microchip\xc8\v2.05\pic\sources\c90\common\awmod.c estimated size: 115

terminal_control.c
		_terminalTextAttributesReset		CODE           	1A59E	0000	17
		_terminalClearScreen		CODE           	1A5CE	0000	17
		_terminalTextAttributes		CODE           	15A3A	0000	871
		_terminalSetCursorHome		CODE           	1A5BE	0000	17

terminal_control.c estimated size: 922

adc_postprocessing.c
		_ADC_acquisitionTimerHandler		CODE           	1A4A8	0000	27
		_ADC_PostProcessingHandler		CODE           	1453A	0000	2363

adc_postprocessing.c estimated size: 2390

mcc_generated_files/tmr0.c
		_TMR0_SetInterruptHandler		CODE           	1A618	0000	15
		_TMR0_DefaultInterruptHandler		CODE           	1A74E	0000	3
		_TMR0_ISR      		CODE           	1A276	0000	41
		_TMR0_Initialize		CODE           	1A156	0000	43

mcc_generated_files/tmr0.c estimated size: 102

C:\Program Files (x86)\Microchip\xc8\v2.05\pic\sources\c90\common\ftdivl.c
		__tdiv_to_l_   		CODE           	181B4	0000	257

C:\Program Files (x86)\Microchip\xc8\v2.05\pic\sources\c90\common\ftdivl.c estimated size: 257

mcc_generated_files/pin_manager.c
		_IOCBF3_DefaultInterruptHandler		CODE           	1A750	0000	3
		_PIN_MANAGER_Initialize		CODE           	18CFE	0000	157
		_IOCBF3_ISR    		CODE           	1A1AA	0000	43
		_IOCBF2_SetInterruptHandler		CODE           	1A634	0000	15
		_IOCBF3_SetInterruptHandler		CODE           	1A626	0000	15
		_IOCBF2_DefaultInterruptHandler		CODE           	1A752	0000	3
		_PIN_MANAGER_IOC		CODE           	1A562	0000	21
		_IOCBF2_ISR    		CODE           	1A1D4	0000	43

mcc_generated_files/pin_manager.c estimated size: 300

C:\Program Files (x86)\Microchip\xc8\v2.05\pic\sources\c90\common\lwdiv.c
		___lwdiv       		CODE           	1973E	0000	85

C:\Program Files (x86)\Microchip\xc8\v2.05\pic\sources\c90\common\lwdiv.c estimated size: 85

C:\Program Files (x86)\Microchip\xc8\v2.05\pic\sources\c90\common\fltol.c
		___fltol       		CODE           	188EC	0000	189

C:\Program Files (x86)\Microchip\xc8\v2.05\pic\sources\c90\common\fltol.c estimated size: 189

cap_touch_int.c
		_leftCapTouchHandler		CODE           	1A538	0000	23
		_rightCapTouchHandler		CODE           	1A522	0000	23

cap_touch_int.c estimated size: 46

C:\Program Files (x86)\Microchip\xc8\v2.05\pic\sources\c90\common\Umul16.c
		___wmul        		CODE           	1A226	0000	41

C:\Program Files (x86)\Microchip\xc8\v2.05\pic\sources\c90\common\Umul16.c estimated size: 41

device_IDs.c
		_getDeviceID   		CODE           	1A3C0	0000	33
		_getUserID     		CODE           	19F6C	0000	53
		_getMinorRevisionID		CODE           	1A2C6	0000	39
		_getDeviceIDString		CODE           	18D9A	0000	153
		_getMajorRevisionID		CODE           	19E10	0000	61

device_IDs.c estimated size: 339

C:\Program Files (x86)\Microchip\xc8\v2.05\pic\sources\c90\common\fldivl.c
		__div_to_l_    		CODE           	183B2	0000	247

C:\Program Files (x86)\Microchip\xc8\v2.05\pic\sources\c90\common\fldivl.c estimated size: 247

C:\Program Files (x86)\Microchip\xc8\v2.05\pic\sources\c90\common\flge.c
		___flge        		CODE           	18686	0000	211

C:\Program Files (x86)\Microchip\xc8\v2.05\pic\sources\c90\common\flge.c estimated size: 211

C:\Program Files (x86)\Microchip\xc8\v2.05\pic\sources\c90\common\printf.c
		_printf        		CODE           	19DD4	0000	61

C:\Program Files (x86)\Microchip\xc8\v2.05\pic\sources\c90\common\printf.c estimated size: 61

mcc_generated_files/ext_int.c
		_INT1_SetInterruptHandler		CODE           	1A650	0000	15
		_EXT_INT_Initialize		CODE           	19EFE	0000	57
		_INT2_SetInterruptHandler		CODE           	1A642	0000	15
		_INT1_DefaultInterruptHandler		CODE           	1A74C	0000	3
		_INT1_CallBack 		CODE           	1A35A	0000	37
		_INT2_DefaultInterruptHandler		CODE           	1A74A	0000	3
		_INT2_CallBack 		CODE           	1A336	0000	37
		_INT1_ISR      		CODE           	1A6F6	0000	11
		_INT2_ISR      		CODE           	1A6EC	0000	11

mcc_generated_files/ext_int.c estimated size: 189

C:\Program Files (x86)\Microchip\xc8\v2.05\pic\sources\c90\common\awdiv.c
		___awdiv       		CODE           	19076	0000	135

C:\Program Files (x86)\Microchip\xc8\v2.05\pic\sources\c90\common\awdiv.c estimated size: 135

LM73_I2C.c
		_LM73TempSensorInitialize		CODE           	179AE	0000	567
		_LM73Convert   		CODE           	16FD2	0000	669
		_LM73AcquisitionHandler		CODE           	17BE4	0000	555

LM73_I2C.c estimated size: 1791

shared
		i2_printf      		CODE           	19E4C	0000	61
		i1_TMR3_Reload 		CODE           	1A688	0000	15
		i2_TMR3_Reload 		CODE           	1A6A4	0000	15
		_OledFont      		MEDIUMCONST    	E353	0000	769
		i1_TMR3_StopTimer		CODE           	1A72E	0000	5
		i2_putch       		CODE           	1A700	0000	11
		i2___fleq      		CODE           	18FEC	0000	139
		__powers_      		MEDIUMCONST    	E2CB	0000	53
		i1_TMR3_WriteTimer		CODE           	1A3E0	0000	33
		_dpowers       		MEDIUMCONST    	E653	0000	41
		i2_TMR3_WriteTimer		CODE           	1A472	0000	29
		i2___lwdiv     		CODE           	19888	0000	83
		i2_isdigit     		CODE           	1A400	0000	31
		i2___flneg     		CODE           	1A128	0000	47
		i2___awdiv     		CODE           	19180	0000	133
		i2___fladd     		CODE           	16754	0000	783
		i2__tdiv_to_l_ 		CODE           	182B4	0000	255
		i2___wmul      		CODE           	1A2EC	0000	39
		i2__doprnt     		CODE           	11724	0000	5913
		i2__div_to_l_  		CODE           	184A8	0000	245
		__npowers_     		MEDIUMCONST    	E2FF	0000	53
		i2___lwmod     		CODE           	19D54	0000	67
		i2___fltol     		CODE           	189A8	0000	187
		i2_scale       		CODE           	152A8	0000	1049
		i2___lldiv     		CODE           	19204	0000	131
		__initialization		CODE           	18ECA	0000	141
		i2___flge      		CODE           	18758	0000	209
		i2___awmod     		CODE           	192F8	0000	113
		i2_EUSART2_Write		CODE           	19D12	0000	67
		i2___flmul     		CODE           	160F4	0000	851
		_hexpowers     		MEDIUMCONST    	E333	0000	33
		i2___llmod     		CODE           	19568	0000	103
		i2___xxtofl    		CODE           	17F52	0000	321
		i2___flsub     		CODE           	19AEC	0000	73
		_temp_adc_offset		MEDIUMCONST    	0000	0000	0
		i2_fround      		CODE           	16D24	0000	687

shared estimated size: 12785

C:\Program Files (x86)\Microchip\xc8\v2.05\pic\sources\c90\common\sprcmul.c
		___flmul       		CODE           	15DA0	0000	853

C:\Program Files (x86)\Microchip\xc8\v2.05\pic\sources\c90\common\sprcmul.c estimated size: 853

C:\Program Files (x86)\Microchip\xc8\v2.05\pic\sources\c90\common\strncpy.c
		_strncpy       		CODE           	193D0	0000	103

C:\Program Files (x86)\Microchip\xc8\v2.05\pic\sources\c90\common\strncpy.c estimated size: 103

mcc_generated_files/mcc.c
		_PMD_Initialize		CODE           	1A43A	0000	29
		_OSCILLATOR_Initialize		CODE           	1A4DC	0000	25
		_SYSTEM_Initialize		CODE           	19FD4	0000	51

mcc_generated_files/mcc.c estimated size: 105

ring_buffer_interface.c
		_terminal_ringBufferPull		CODE           	1859C	0000	235

ring_buffer_interface.c estimated size: 235

mcc_generated_files/tmr3.c
		_TMR3_ISR      		CODE           	19FA0	0000	53
		_TMR3_Initialize		CODE           	199CA	0000	75
		_TMR3_SetInterruptHandler		CODE           	1A5FC	0000	15
		_TMR3_StopTimer		CODE           	1A72A	0000	5
		_TMR3_Reload   		CODE           	1A5EE	0000	15
		_TMR3_DefaultInterruptHandler		CODE           	1A746	0000	3
		_TMR3_WriteTimer		CODE           	1A3A0	0000	33
		_TMR3_StartTimer		CODE           	1A736	0000	5

mcc_generated_files/tmr3.c estimated size: 204

C:\Program Files (x86)\Microchip\xc8\v2.05\pic\sources\c90\common\sprcdiv.c
		___fldiv       		CODE           	1726E	0000	649

C:\Program Files (x86)\Microchip\xc8\v2.05\pic\sources\c90\common\sprcdiv.c estimated size: 649

C:\Program Files (x86)\Microchip\xc8\v2.05\pic\sources\c90\common\strcat.c
		_strcat        		CODE           	1962E	0000	95

C:\Program Files (x86)\Microchip\xc8\v2.05\pic\sources\c90\common\strcat.c estimated size: 95

C:\Program Files (x86)\Microchip\xc8\v2.05\pic\sources\c90\common\flneg.c
		___flneg       		CODE           	1A09A	0000	49

C:\Program Files (x86)\Microchip\xc8\v2.05\pic\sources\c90\common\flneg.c estimated size: 49

C:\Program Files (x86)\Microchip\xc8\v2.05\pic\sources\c90\common\fabs.c
		_fabs          		CODE           	19E88	0000	61

C:\Program Files (x86)\Microchip\xc8\v2.05\pic\sources\c90\common\fabs.c estimated size: 61

cause_of_reset.c
		_getCauseOfResetStringSmall		CODE           	1A0CA	0000	49
		_getCauseOfResetString		CODE           	1A06A	0000	49
		_getCauseOfReset		CODE           	1968C	0000	91

cause_of_reset.c estimated size: 189

C:\Program Files (x86)\Microchip\xc8\v2.05\pic\sources\c90\common\memmove.c
		_memmove       		CODE           	18A62	0000	175

C:\Program Files (x86)\Microchip\xc8\v2.05\pic\sources\c90\common\memmove.c estimated size: 175

mcc_generated_files/i2c2.c
		_I2C2_BusCollisionISR		CODE           	1A6CA	0000	13
		_I2C2_MasterRead		CODE           	1997A	0000	81
		_I2C2_FunctionComplete		CODE           	1A4C2	0000	27
		_I2C2_MasterWriteTRBBuild		CODE           	19B7A	0000	71
		_I2C2_ISR      		CODE           	174F6	0000	623
		_I2C2_MasterWrite		CODE           	1992A	0000	81
		_I2C2_Initialize		CODE           	19F36	0000	55
		_I2C2_Stop     		CODE           	19C8C	0000	69
		_I2C2_MasterReadTRBBuild		CODE           	19836	0000	83
		_I2C2_WaitForLastPacketToComplete		CODE           	1A6E2	0000	11
		_I2C2_MasterTRBInsert		CODE           	18C5C	0000	163

mcc_generated_files/i2c2.c estimated size: 1277

C:\Program Files (x86)\Microchip\xc8\v2.05\pic\sources\c90\common\xxtofl.c
		___xxtofl      		CODE           	17E0E	0000	325

C:\Program Files (x86)\Microchip\xc8\v2.05\pic\sources\c90\common\xxtofl.c estimated size: 325

oled.c
		_OLED_Clear    		CODE           	19D96	0000	63
		_OLED_Command  		CODE           	1949C	0000	103
		_OLED_WriteString		CODE           	196E6	0000	89
		_OLED_UpdateFromRAMBuffer		CODE           	18092	0000	291
		_OLED_Init     		CODE           	18E32	0000	153
		_OLED_updateHandler		CODE           	13A26	0000	2837
		_OLED_PutChar  		CODE           	18828	0000	197
		_OLED_YX       		CODE           	19C48	0000	69

oled.c estimated size: 3802

mcc_generated_files/memory.c
		_FLASH_ReadWord		CODE           	19CD0	0000	67
		_FLASH_ReadByte		CODE           	1A48E	0000	27

mcc_generated_files/memory.c estimated size: 94

ring_buffer_LUT.c
		_ringBufferLUT 		CODE           	12E3C	0000	3051

ring_buffer_LUT.c estimated size: 3051

C:\Program Files (x86)\Microchip\xc8\v2.05\pic\sources\c90\common\strlen.c
		_strlen        		CODE           	1A0FA	0000	47

C:\Program Files (x86)\Microchip\xc8\v2.05\pic\sources\c90\common\strlen.c estimated size: 47

mcc_generated_files/adcc.c
		_ADCC_StopConversion		CODE           	1A73E	0000	5
		_ADCC_DefaultInterruptHandler		CODE           	1A754	0000	3
		_ADCC_ClearAccumulator		CODE           	1A71E	0000	7
		_ADCC_GetFilterValue		CODE           	1A576	0000	21
		_ADCC_GetCurrentCountofConversions		CODE           	1A742	0000	5
		_ADCC_SetADTIInterruptHandler		CODE           	1A67A	0000	15
		_ADCC_GetConversionResult		CODE           	1A58A	0000	21
		_ADCC_ThresholdISR		CODE           	1A29E	0000	41
		_ADCC_StartConversion		CODE           	1A696	0000	15
		_ADCC_Initialize		CODE           	195CE	0000	97
		_ADCC_HasAccumulatorOverflowed		CODE           	1A6D6	0000	13
		_ADCC_DischargeSampleCapacitor		CODE           	1A70A	0000	9

mcc_generated_files/adcc.c estimated size: 252

C:\Program Files (x86)\Microchip\xc8\v2.05\pic\sources\c90\common\strcmp.c
		_strcmp        		CODE           	198DA	0000	81

C:\Program Files (x86)\Microchip\xc8\v2.05\pic\sources\c90\common\strcmp.c estimated size: 81

C:\Program Files (x86)\Microchip\xc8\v2.05\pic\sources\c90\common\strcpy.c
		_strcpy        		CODE           	19A14	0000	73

C:\Program Files (x86)\Microchip\xc8\v2.05\pic\sources\c90\common\strcpy.c estimated size: 73

C:\Program Files (x86)\Microchip\xc8\v2.05\pic\sources\c90\common\__lldiv.c
		___lldiv       		CODE           	190FC	0000	133

C:\Program Files (x86)\Microchip\xc8\v2.05\pic\sources\c90\common\__lldiv.c estimated size: 133

main.c
		_main          		CODE           	17764	0000	587

main.c estimated size: 587

C:\Program Files (x86)\Microchip\xc8\v2.05\pic\sources\c90\common\fleq.c
		___fleq        		CODE           	18F60	0000	141

C:\Program Files (x86)\Microchip\xc8\v2.05\pic\sources\c90\common\fleq.c estimated size: 141

C:\Program Files (x86)\Microchip\xc8\v2.05\pic\sources\c90\common\lwmod.c
		___lwmod       		CODE           	19C04	0000	69

C:\Program Files (x86)\Microchip\xc8\v2.05\pic\sources\c90\common\lwmod.c estimated size: 69

