Microchip MPLAB XC8 Compiler V2.05 ()

Linker command line:

-W-3 --edf=C:\Program Files (x86)\Microchip\xc8\v2.05\pic\dat\en_msgs.txt \
  -cs -h+dist/default/production\QI_Monitor.X.production.sym \
  --cmf=dist/default/production\QI_Monitor.X.production.cmf -z -Q18F27K40 \
  -oC:\Users\DREWMA~1\AppData\Local\Temp\s9q0.2 --defsym=__MPLAB_BUILD=1 \
  -Mdist/default/production/QI_Monitor.X.production.map -E1 -ver=XC8 \
  --acfsm=1493 -ASTACK=0964h-0E87h -pstack=STACK -ACODE=00h-01FFFFh \
  -ACONST=00h-01FFFFh -ASMALLCONST=0F00h-0FFFhx497 \
  -AMEDIUMCONST=0F00h-0FFFFh,010F00h-01FFFFh -ACOMRAM=01h-05Fh \
  -AABS1=00h-0E87h -ABIGRAM=01h-0E87h \
  -ARAM=060h-0FFh,0100h-01FFhx13,0E00h-0E87h -ABANK0=060h-0FFh \
  -ABANK1=0100h-01FFh -ABANK2=0200h-02FFh -ABANK3=0300h-03FFh \
  -ABANK4=0400h-04FFh -ABANK5=0500h-05FFh -ABANK6=0600h-06FFh \
  -ABANK7=0700h-07FFh -ABANK8=0800h-08FFh -ABANK9=0900h-09FFh \
  -ABANK10=0A00h-0AFFh -ABANK11=0B00h-0BFFh -ABANK12=0C00h-0CFFh \
  -ABANK13=0D00h-0DFFh -ABANK14=0E00h-0E87h \
  -ASFR=0E8Dh-0EFFh,0F00h-0F5Fh,0F60h-0FFFh \
  -preset_vec=00h,intcode=08h,intcodelo=018h,powerup,init -pramtop=0F00h \
  -psmallconst=SMALLCONST -pmediumconst=MEDIUMCONST -pconst=CONST \
  -AFARRAM=00h-00h -ACONFIG=0300000h-030000Bh -pconfig=CONFIG \
  -AIDLOC=0200000h-020000Fh -pidloc=IDLOC -AEEDATA=0310000h-03103FFh \
  -peeprom_data=EEDATA \
  -prdata=COMRAM,nvrram=COMRAM,nvbit=COMRAM,rbss=COMRAM,rbit=COMRAM \
  -pfarbss=FARRAM,fardata=FARRAM,nvFARRAM=FARRAM \
  -pintsave_regs=BIGRAM,bigbss=BIGRAM,bigdata=BIGRAM -pbss=RAM \
  -pidata=CODE,irdata=CODE,ibigdata=CODE,ifardata=CODE -prparam=COMRAM \
  C:\Users\DREWMA~1\AppData\Local\Temp\s9q0.o \
  dist/default/production\QI_Monitor.X.production.o 

Object code version is 3.11

Machine type is 18F27K40

Call graph: (short form)




                Name                               Link     Load   Length Selector   Space Scale
C:\Users\DREWMA~1\AppData\Local\Temp\s9q0.o
                init                                 A2       A2        4        C       0
                reset_vec                             0        0        4        0       0
                idloc                            200000   200000       10   200000       0
                config                           300000   300000        C   300000       0
dist/default/production\QI_Monitor.X.production.o
                intcodelo                            18       18       8A        C       0
                intcode                               8        8        6        4       0
                temp                                 5F       5F        1        1       1
                mediumconst                        D778     D778     2888     6BBC       0
                text226                           1EB16    1EB16       14     F3DE       0
                text225                           1ED02    1ED02        4     F3DE       0
                text224                           1EB02    1EB02       14     F3DE       0
                text223                           1EC7C    1EC7C        C     F3DE       0
                text222                           1ECFE    1ECFE        4     F3DE       0
                text221                           1ECFA    1ECFA        4     F3DE       0
                text220                           1ECD4    1ECD4        6     F3DE       0
                text219                           1E5AC    1E5AC       2E     8000       0
                text218                           1E346    1E346       3C     8000       0
                text217                           1A78A    1A78A      288     8000       0
                text216                           1C9F0    1C9F0       D0     8000       0
                text215                           181E4    181E4      352     8000       0
                text214                           1916E    1916E      30E     8000       0
                text213                           1DE74    1DE74       48     8000       0
                text212                           1BDFA    1BDFA      140     8000       0
                text211                           1422C    1422C      974     8000       0
                text210                           1ED16    1ED16        2     F3DE       0
                text209                           1E722    1E722       28     8000       0
                text208                           1D276    1D276       8A     8000       0
                text207                           1CC40    1CC40       BA     8000       0
                text206                           1D48E    1D48E       82     8000       0
                text205                           1D798    1D798       66     8000       0
                text204                           1E770    1E770       26     8000       0
                text203                           1C580    1C580       F4     8000       0
                text202                           1C298    1C298       FE     8000       0
                text201                           1DB1E    1DB1E       52     8000       0
                text200                           1E09E    1E09E       42     8000       0
                text199                           19D22    19D22      2AE     8000       0
                text198                           1E928    1E928       1E     F3DE       0
                text197                           1DA78    1DA78       54     8000       0
                text196                           1ECB0    1ECB0        A     F3DE       0
                text195                           1D40A    1D40A       84     8000       0
                text194                           1D5F4    1D5F4       70     8000       0
                text193                           16C04    16C04      418     8000       0
                text192                           11724    11724     1718     8000       0
                text191                           1E30A    1E30A       3C     8000       0
                text190                           1CDA8    1CDA8       A4     8000       0
                text189                           1DF8E    1DF8E       46     8000       0
                text188                           1EAB0    1EAB0       16     F3DE       0
                text187                           1ED14    1ED14        2     F3DE       0
                text186                           1E7E0    1E7E0       24     F3DE       0
                text185                           1ECA6    1ECA6        A     F3DE       0
                text184                           1EA9A    1EA9A       16     F3DE       0
                text183                           1ED12    1ED12        2     F3DE       0
                text182                           1E7BC    1E7BC       24     F3DE       0
                text181                           1EC9C    1EC9C        A     F3DE       0
                text180                           1ECF6    1ECF6        4     F3DE       0
                text179                           1ECF2    1ECF2        4     F3DE       0
                text178                           1E9D2    1E9D2       1C     F3DE       0
                text177                           1EC4A    1EC4A        E     F3DE       0
                text176                           1EAEE    1EAEE       14     F3DE       0
                text175                           1ED10    1ED10        2     F3DE       0
                text174                           1E658    1E658       2A     8000       0
                text173                           1E9B6    1E9B6       1C     F3DE       0
                text172                           1EC3C    1EC3C        E     F3DE       0
                text171                           1E99A    1E99A       1C     F3DE       0
                text170                           1ED0E    1ED0E        2     F3DE       0
                text169                           1E62E    1E62E       2A     8000       0
                text168                           1EADA    1EADA       14     F3DE       0
                text167                           1B716    1B716      192     8000       0
                text166                           1ED0C    1ED0C        2     F3DE       0
                text165                           1E6FA    1E6FA       28     8000       0
                text164                           1ECEE    1ECEE        4     F3DE       0
                text163                           1ED0A    1ED0A        2     F3DE       0
                text162                           1EA84    1EA84       16     F3DE       0
                text161                           1E458    1E458       34     8000       0
                intcode_body                      1C764    1C764       E8     8000       0
                text159                           18E60    18E60      30E     8000       0
                text158                           1A500    1A500      28A     8000       0
                text157                           1C91E    1C91E       D2     8000       0
                text156                           17E90    17E90      354     8000       0
                text155                           1BCB6    1BCB6      144     8000       0
                text154                           1BF3A    1BF3A      13C     8000       0
                text153                           1E0E0    1E0E0       40     8000       0
                text152                           1EA3C    1EA3C       1A     F3DE       0
                text151                           1EC70    1EC70        C     F3DE       0
                text150                           1E97E    1E97E       1C     F3DE       0
                text149                           1DF48    1DF48       46     8000       0
                text148                           1AC96    1AC96      284     8000       0
                text147                           1ECCE    1ECCE        6     F3DE       0
                text146                           1ECBA    1ECBA        8     F3DE       0
                text145                           1EC2E    1EC2E        E     F3DE       0
                text144                           1ECEA    1ECEA        4     F3DE       0
                text143                           1ECC8    1ECC8        6     F3DE       0
                text142                           1ED08    1ED08        2     F3DE       0
                text141                           1EA22    1EA22       1A     F3DE       0
                text140                           1E6D2    1E6D2       28     8000       0
                text139                           1E908    1E908       20     F3DE       0
                text138                           1EC20    1EC20        E     F3DE       0
                text137                           1ECE6    1ECE6        4     F3DE       0
                text136                           1ED06    1ED06        2     F3DE       0
                text135                           1E8E8    1E8E8       20     F3DE       0
                text134                           1E424    1E424       34     8000       0
                text132                           1DACC    1DACC       52     8000       0
                text131                           1EC92    1EC92        A     F3DE       0
                text130                           1CE4C    1CE4C       A2     8000       0
                text129                           1DD00    1DD00       50     8000       0
                text128                           1DF02    1DF02       46     8000       0
                text127                           1DCB0    1DCB0       50     8000       0
                text126                           17B3C    17B3C      354     8000       0
                text125                           1BB72    1BB72      144     8000       0
                text124                           1AA12    1AA12      284     8000       0
                text123                           1B152    1B152      22C     8000       0
                text122                           1AF1A    1AF1A      238     8000       0
                text121                           1CCFA    1CCFA       AE     8000       0
                text120                           1CAC0    1CAC0       C4     8000       0
                text119                           1E218    1E218       3E     8000       0
                text118                           1D732    1D732       66     8000       0
                text117                           1D0C2    1D0C2       98     8000       0
                text116                           1E1DA    1E1DA       3E     8000       0
                text115                           1E018    1E018       44     8000       0
                text114                           1E57E    1E57E       2E     8000       0
                text113                           1C076    1C076      122     8000       0
                text112                           1E604    1E604       2A     8000       0
                text111                           1D1EA    1D1EA       8C     8000       0
                text110                           1C84C    1C84C       D2     8000       0
                text109                           1E54E    1E54E       30     8000       0
                text108                           18B52    18B52      30E     8000       0
                text107                           1DE2C    1DE2C       48     8000       0
                text106                           1CB84    1CB84       BC     8000       0
                text105                           1D386    1D386       84     8000       0
                text104                           1D664    1D664       68     8000       0
                text103                           1E6AA    1E6AA       28     8000       0
                text102                           1C396    1C396       F6     8000       0
                text101                           1C198    1C198      100     8000       0
                text100                           1DA24    1DA24       54     8000       0
                text99                            1DFD4    1DFD4       44     8000       0
                text98                            19A60    19A60      2C2     8000       0
                text97                            1E826    1E826       22     F3DE       0
                text96                            1D9CE    1D9CE       56     8000       0
                text95                            1EAC6    1EAC6       14     F3DE       0
                text94                            1D300    1D300       86     8000       0
                text93                            1D582    1D582       72     8000       0
                text92                            167D0    167D0      434     8000       0
                text91                            10000    10000     1724     8000       0
                text90                            1DDE4    1DDE4       48     8000       0
                text89                            1701C    1701C      414     8000       0
                text88                            1E51E    1E51E       30     8000       0
                text87                            1D15A    1D15A       90     8000       0
                text86                            1EA08    1EA08       1A     F3DE       0
                text85                            1E05C    1E05C       42     8000       0
                text84                            1E8C8    1E8C8       20     F3DE       0
                text83                            1D02A    1D02A       98     8000       0
                text82                            1C674    1C674       F0     8000       0
                text81                            1E2CE    1E2CE       3C     8000       0
                text80                            1E74A    1E74A       26     8000       0
                text79                            1BA22    1BA22      150     8000       0
                text78                            1D918    1D918       5C     8000       0
                text77                            1B8A8    1B8A8      17A     8000       0
                text76                            1E4EE    1E4EE       30     8000       0
                text75                            1DD9C    1DD9C       48     8000       0
                text74                            12E3C    12E3C     13F0     8000       0
                text73                            1EC12    1EC12        E     F3DE       0
                text72                            1D7FE    1D7FE       60     8000       0
                text71                            1E804    1E804       22     F3DE       0
                text70                            1EC04    1EC04        E     F3DE       0
                text69                            1EBF6    1EBF6        E     F3DE       0
                text68                            1D510    1D510       72     8000       0
                text67                            1EBE8    1EBE8        E     F3DE       0
                text66                            1EBDA    1EBDA        E     F3DE       0
                text65                            1E382    1E382       38     8000       0
                text64                            1EC64    1EC64        C     F3DE       0
                text63                            1E3BA    1E3BA       36     8000       0
                text62                            1E8A8    1E8A8       20     F3DE       0
                text61                            1EA56    1EA56       18     F3DE       0
                text60                            1EBCC    1EBCC        E     F3DE       0
                text59                            1EBBE    1EBBE        E     F3DE       0
                text58                            1CEEE    1CEEE       A0     8000       0
                text57                            1E962    1E962       1C     F3DE       0
                text56                            1EBB0    1EBB0        E     F3DE       0
                text55                            1E5DA    1E5DA       2A     8000       0
                text54                            1EBA2    1EBA2        E     F3DE       0
                text53                            1DC60    1DC60       50     8000       0
                text52                            1EB94    1EB94        E     F3DE       0
                text51                            1E48C    1E48C       32     8000       0
                text50                            1EB86    1EB86        E     F3DE       0
                text49                            1DC10    1DC10       50     8000       0
                text48                            1E292    1E292       3C     8000       0
                text47                            1E19C    1E19C       3E     8000       0
                text46                            1E888    1E888       20     F3DE       0
                text45                            1EB78    1EB78        E     F3DE       0
                text44                            1ECE2    1ECE2        4     F3DE       0
                text43                            1E868    1E868       20     F3DE       0
                text42                            1EB6A    1EB6A        E     F3DE       0
                text41                            1ECDE    1ECDE        4     F3DE       0
                text40                            1ECDA    1ECDA        4     F3DE       0
                text39                            1E848    1E848       20     F3DE       0
                text38                            1EC88    1EC88        A     F3DE       0
                text37                            1D974    1D974       5A     8000       0
                text36                            1E9EE    1E9EE       1A     F3DE       0
                text35                            1DD50    1DD50       4C     8000       0
                text34                            18844    18844      30E     8000       0
                text33                            1E15E    1E15E       3E     8000       0
                text32                            1EA6E    1EA6E       16     F3DE       0
                text31                            1E682    1E682       28     8000       0
                text30                            1ECC2    1ECC2        6     F3DE       0
                text29                            1DEBC    1DEBC       46     8000       0
                text28                            1EB5A    1EB5A       10     F3DE       0
                text27                            1E946    1E946       1C     F3DE       0
                text26                            1EC58    1EC58        C     F3DE       0
                text25                            1E120    1E120       3E     8000       0
                text24                            1DBC0    1DBC0       50     8000       0
                text23                            18536    18536      30E     8000       0
                text22                            1E4BE    1E4BE       30     8000       0
                text21                            1E3F0    1E3F0       34     8000       0
                text20                            1B572    1B572      1A4     8000       0
                text19                            1A276    1A276      28A     8000       0
                text18                            1D8BC    1D8BC       5C     8000       0
                text17                            1D85E    1D85E       5E     8000       0
                text16                            17430    17430      3A6     8000       0
                text15                            1E256    1E256       3C     8000       0
                text14                            1D6CC    1D6CC       66     8000       0
                text13                            177D6    177D6      366     8000       0
                text12                            1EB4A    1EB4A       10     F3DE       0
                text11                            162D8    162D8      4F8     8000       0
                text10                            1B37E    1B37E      1F4     8000       0
                text9                             1947C    1947C      2FA     8000       0
                text8                             19FD0    19FD0      2A6     8000       0
                text7                             1DB70    1DB70       50     8000       0
                text6                             1EB3A    1EB3A       10     F3DE       0
                text5                             1EB2A    1EB2A       10     F3DE       0
                text4                             15C24    15C24      6B4     8000       0
                text3                             1C48C    1C48C       F4     8000       0
                text2                             1542E    1542E      7F6     8000       0
                text1                             14BA0    14BA0      88E     8000       0
                text0                             19776    19776      2EA     8000       0
                cstackCOMRAM                          1        1       5E        1       1
                cstackBANK0                          60       60       59       60       1
                cstackBANK1                         100      100       65      100       1
                cstackBANK2                         200      200       BE      200       1
                cstackBANK3                         3E5      3E5       1B      300       1
                cstackBANK4                         4DE      4DE       20      400       1
                cstackBANK5                         540      540       24      500       1
                bssBIGRAM                           564      564      400      564       1
                bssBANK5                            500      500       40      500       1
                bssBANK4                            400      400       DE      400       1
                bssBANK3                            300      300       E5      300       1
                dataBANK2                           2BE      2BE       25      200       1
                bssBANK2                            2E3      2E3       1C      200       1
                dataBANK1                           1BD      1BD        1      100       1
                bssBANK1                            165      165       58      100       1
                bssBANK0                             B9       B9       46       60       1
                bitbssBANK0                         7F8       FF        1       60       1     8
                cinit                             1CF8E    1CF8E       9C     8000       0
                nvBANK2                             2FF      2FF        1      200       1
                idataBANK2                        1E796    1E796       25     8000       0
                idataBANK1                        1ED18    1ED18        1     F3DE       0

TOTAL           Name                               Link     Load   Length     Space
        CLASS   STACK          

        CLASS   CODE           
                intcodelo                            18       18       8A         0
                intcode                               8        8        6         0
                init                                 A2       A2        4         0
                reset_vec                             0        0        4         0
                text226                           1EB16    1EB16       14         0
                text225                           1ED02    1ED02        4         0
                text224                           1EB02    1EB02       14         0
                text223                           1EC7C    1EC7C        C         0
                text222                           1ECFE    1ECFE        4         0
                text221                           1ECFA    1ECFA        4         0
                text220                           1ECD4    1ECD4        6         0
                text219                           1E5AC    1E5AC       2E         0
                text218                           1E346    1E346       3C         0
                text217                           1A78A    1A78A      288         0
                text216                           1C9F0    1C9F0       D0         0
                text215                           181E4    181E4      352         0
                text214                           1916E    1916E      30E         0
                text213                           1DE74    1DE74       48         0
                text212                           1BDFA    1BDFA      140         0
                text211                           1422C    1422C      974         0
                text210                           1ED16    1ED16        2         0
                text209                           1E722    1E722       28         0
                text208                           1D276    1D276       8A         0
                text207                           1CC40    1CC40       BA         0
                text206                           1D48E    1D48E       82         0
                text205                           1D798    1D798       66         0
                text204                           1E770    1E770       26         0
                text203                           1C580    1C580       F4         0
                text202                           1C298    1C298       FE         0
                text201                           1DB1E    1DB1E       52         0
                text200                           1E09E    1E09E       42         0
                text199                           19D22    19D22      2AE         0
                text198                           1E928    1E928       1E         0
                text197                           1DA78    1DA78       54         0
                text196                           1ECB0    1ECB0        A         0
                text195                           1D40A    1D40A       84         0
                text194                           1D5F4    1D5F4       70         0
                text193                           16C04    16C04      418         0
                text192                           11724    11724     1718         0
                text191                           1E30A    1E30A       3C         0
                text190                           1CDA8    1CDA8       A4         0
                text189                           1DF8E    1DF8E       46         0
                text188                           1EAB0    1EAB0       16         0
                text187                           1ED14    1ED14        2         0
                text186                           1E7E0    1E7E0       24         0
                text185                           1ECA6    1ECA6        A         0
                text184                           1EA9A    1EA9A       16         0
                text183                           1ED12    1ED12        2         0
                text182                           1E7BC    1E7BC       24         0
                text181                           1EC9C    1EC9C        A         0
                text180                           1ECF6    1ECF6        4         0
                text179                           1ECF2    1ECF2        4         0
                text178                           1E9D2    1E9D2       1C         0
                text177                           1EC4A    1EC4A        E         0
                text176                           1EAEE    1EAEE       14         0
                text175                           1ED10    1ED10        2         0
                text174                           1E658    1E658       2A         0
                text173                           1E9B6    1E9B6       1C         0
                text172                           1EC3C    1EC3C        E         0
                text171                           1E99A    1E99A       1C         0
                text170                           1ED0E    1ED0E        2         0
                text169                           1E62E    1E62E       2A         0
                text168                           1EADA    1EADA       14         0
                text167                           1B716    1B716      192         0
                text166                           1ED0C    1ED0C        2         0
                text165                           1E6FA    1E6FA       28         0
                text164                           1ECEE    1ECEE        4         0
                text163                           1ED0A    1ED0A        2         0
                text162                           1EA84    1EA84       16         0
                text161                           1E458    1E458       34         0
                intcode_body                      1C764    1C764       E8         0
                text159                           18E60    18E60      30E         0
                text158                           1A500    1A500      28A         0
                text157                           1C91E    1C91E       D2         0
                text156                           17E90    17E90      354         0
                text155                           1BCB6    1BCB6      144         0
                text154                           1BF3A    1BF3A      13C         0
                text153                           1E0E0    1E0E0       40         0
                text152                           1EA3C    1EA3C       1A         0
                text151                           1EC70    1EC70        C         0
                text150                           1E97E    1E97E       1C         0
                text149                           1DF48    1DF48       46         0
                text148                           1AC96    1AC96      284         0
                text147                           1ECCE    1ECCE        6         0
                text146                           1ECBA    1ECBA        8         0
                text145                           1EC2E    1EC2E        E         0
                text144                           1ECEA    1ECEA        4         0
                text143                           1ECC8    1ECC8        6         0
                text142                           1ED08    1ED08        2         0
                text141                           1EA22    1EA22       1A         0
                text140                           1E6D2    1E6D2       28         0
                text139                           1E908    1E908       20         0
                text138                           1EC20    1EC20        E         0
                text137                           1ECE6    1ECE6        4         0
                text136                           1ED06    1ED06        2         0
                text135                           1E8E8    1E8E8       20         0
                text134                           1E424    1E424       34         0
                text132                           1DACC    1DACC       52         0
                text131                           1EC92    1EC92        A         0
                text130                           1CE4C    1CE4C       A2         0
                text129                           1DD00    1DD00       50         0
                text128                           1DF02    1DF02       46         0
                text127                           1DCB0    1DCB0       50         0
                text126                           17B3C    17B3C      354         0
                text125                           1BB72    1BB72      144         0
                text124                           1AA12    1AA12      284         0
                text123                           1B152    1B152      22C         0
                text122                           1AF1A    1AF1A      238         0
                text121                           1CCFA    1CCFA       AE         0
                text120                           1CAC0    1CAC0       C4         0
                text119                           1E218    1E218       3E         0
                text118                           1D732    1D732       66         0
                text117                           1D0C2    1D0C2       98         0
                text116                           1E1DA    1E1DA       3E         0
                text115                           1E018    1E018       44         0
                text114                           1E57E    1E57E       2E         0
                text113                           1C076    1C076      122         0
                text112                           1E604    1E604       2A         0
                text111                           1D1EA    1D1EA       8C         0
                text110                           1C84C    1C84C       D2         0
                text109                           1E54E    1E54E       30         0
                text108                           18B52    18B52      30E         0
                text107                           1DE2C    1DE2C       48         0
                text106                           1CB84    1CB84       BC         0
                text105                           1D386    1D386       84         0
                text104                           1D664    1D664       68         0
                text103                           1E6AA    1E6AA       28         0
                text102                           1C396    1C396       F6         0
                text101                           1C198    1C198      100         0
                text100                           1DA24    1DA24       54         0
                text99                            1DFD4    1DFD4       44         0
                text98                            19A60    19A60      2C2         0
                text97                            1E826    1E826       22         0
                text96                            1D9CE    1D9CE       56         0
                text95                            1EAC6    1EAC6       14         0
                text94                            1D300    1D300       86         0
                text93                            1D582    1D582       72         0
                text92                            167D0    167D0      434         0
                text91                            10000    10000     1724         0
                text90                            1DDE4    1DDE4       48         0
                text89                            1701C    1701C      414         0
                text88                            1E51E    1E51E       30         0
                text87                            1D15A    1D15A       90         0
                text86                            1EA08    1EA08       1A         0
                text85                            1E05C    1E05C       42         0
                text84                            1E8C8    1E8C8       20         0
                text83                            1D02A    1D02A       98         0
                text82                            1C674    1C674       F0         0
                text81                            1E2CE    1E2CE       3C         0
                text80                            1E74A    1E74A       26         0
                text79                            1BA22    1BA22      150         0
                text78                            1D918    1D918       5C         0
                text77                            1B8A8    1B8A8      17A         0
                text76                            1E4EE    1E4EE       30         0
                text75                            1DD9C    1DD9C       48         0
                text74                            12E3C    12E3C     13F0         0
                text73                            1EC12    1EC12        E         0
                text72                            1D7FE    1D7FE       60         0
                text71                            1E804    1E804       22         0
                text70                            1EC04    1EC04        E         0
                text69                            1EBF6    1EBF6        E         0
                text68                            1D510    1D510       72         0
                text67                            1EBE8    1EBE8        E         0
                text66                            1EBDA    1EBDA        E         0
                text65                            1E382    1E382       38         0
                text64                            1EC64    1EC64        C         0
                text63                            1E3BA    1E3BA       36         0
                text62                            1E8A8    1E8A8       20         0
                text61                            1EA56    1EA56       18         0
                text60                            1EBCC    1EBCC        E         0
                text59                            1EBBE    1EBBE        E         0
                text58                            1CEEE    1CEEE       A0         0
                text57                            1E962    1E962       1C         0
                text56                            1EBB0    1EBB0        E         0
                text55                            1E5DA    1E5DA       2A         0
                text54                            1EBA2    1EBA2        E         0
                text53                            1DC60    1DC60       50         0
                text52                            1EB94    1EB94        E         0
                text51                            1E48C    1E48C       32         0
                text50                            1EB86    1EB86        E         0
                text49                            1DC10    1DC10       50         0
                text48                            1E292    1E292       3C         0
                text47                            1E19C    1E19C       3E         0
                text46                            1E888    1E888       20         0
                text45                            1EB78    1EB78        E         0
                text44                            1ECE2    1ECE2        4         0
                text43                            1E868    1E868       20         0
                text42                            1EB6A    1EB6A        E         0
                text41                            1ECDE    1ECDE        4         0
                text40                            1ECDA    1ECDA        4         0
                text39                            1E848    1E848       20         0
                text38                            1EC88    1EC88        A         0
                text37                            1D974    1D974       5A         0
                text36                            1E9EE    1E9EE       1A         0
                text35                            1DD50    1DD50       4C         0
                text34                            18844    18844      30E         0
                text33                            1E15E    1E15E       3E         0
                text32                            1EA6E    1EA6E       16         0
                text31                            1E682    1E682       28         0
                text30                            1ECC2    1ECC2        6         0
                text29                            1DEBC    1DEBC       46         0
                text28                            1EB5A    1EB5A       10         0
                text27                            1E946    1E946       1C         0
                text26                            1EC58    1EC58        C         0
                text25                            1E120    1E120       3E         0
                text24                            1DBC0    1DBC0       50         0
                text23                            18536    18536      30E         0
                text22                            1E4BE    1E4BE       30         0
                text21                            1E3F0    1E3F0       34         0
                text20                            1B572    1B572      1A4         0
                text19                            1A276    1A276      28A         0
                text18                            1D8BC    1D8BC       5C         0
                text17                            1D85E    1D85E       5E         0
                text16                            17430    17430      3A6         0
                text15                            1E256    1E256       3C         0
                text14                            1D6CC    1D6CC       66         0
                text13                            177D6    177D6      366         0
                text12                            1EB4A    1EB4A       10         0
                text11                            162D8    162D8      4F8         0
                text10                            1B37E    1B37E      1F4         0
                text9                             1947C    1947C      2FA         0
                text8                             19FD0    19FD0      2A6         0
                text7                             1DB70    1DB70       50         0
                text6                             1EB3A    1EB3A       10         0
                text5                             1EB2A    1EB2A       10         0
                text4                             15C24    15C24      6B4         0
                text3                             1C48C    1C48C       F4         0
                text2                             1542E    1542E      7F6         0
                text1                             14BA0    14BA0      88E         0
                text0                             19776    19776      2EA         0
                cinit                             1CF8E    1CF8E       9C         0
                idataBANK2                        1E796    1E796       25         0
                idataBANK1                        1ED18    1ED18        1         0

        CLASS   CONST          

        CLASS   SMALLCONST     

        CLASS   MEDIUMCONST    
                mediumconst                        D778     D778     2888         0

        CLASS   COMRAM         
                temp                                 5F       5F        1         1
                cstackCOMRAM                          1        1       5E         1

        CLASS   ABS1           

        CLASS   BIGRAM         
                bssBIGRAM                           564      564      400         1

        CLASS   RAM            

        CLASS   BANK0          
                cstackBANK0                          60       60       59         1
                bssBANK0                             B9       B9       46         1
                bitbssBANK0                         7F8       FF        1         1

        CLASS   BANK1          
                cstackBANK1                         100      100       65         1
                dataBANK1                           1BD      1BD        1         1
                bssBANK1                            165      165       58         1

        CLASS   BANK2          
                cstackBANK2                         200      200       BE         1
                dataBANK2                           2BE      2BE       25         1
                bssBANK2                            2E3      2E3       1C         1
                nvBANK2                             2FF      2FF        1         1

        CLASS   BANK3          
                cstackBANK3                         3E5      3E5       1B         1
                bssBANK3                            300      300       E5         1

        CLASS   BANK4          
                cstackBANK4                         4DE      4DE       20         1
                bssBANK4                            400      400       DE         1

        CLASS   BANK5          
                cstackBANK5                         540      540       24         1
                bssBANK5                            500      500       40         1

        CLASS   BANK6          

        CLASS   BANK7          

        CLASS   BANK8          

        CLASS   BANK9          

        CLASS   BANK10         

        CLASS   BANK11         

        CLASS   BANK12         

        CLASS   BANK13         

        CLASS   BANK14         

        CLASS   SFR            

        CLASS   FARRAM         

        CLASS   CONFIG         
                config                           300000   300000        C         0

        CLASS   IDLOC          
                idloc                            200000   200000       10         0

        CLASS   EEDATA         



SEGMENTS        Name                           Load    Length   Top    Selector   Space  Class

                reset_vec                      000000  000004  000004         0       0  CODE    
                cstackCOMRAM                   000001  00005F  000060         1       1  COMRAM  
                intcode                        000008  000006  00000E         4       0  CODE    
                intcodelo                      000018  00008E  0000A6         C       0  CODE    
                cstackBANK0                    000060  0000A0  000100        60       1  BANK0   
                cstackBANK1                    000100  0000BE  0001BE       100       1  BANK1   
                cstackBANK2                    000200  000100  000300       200       1  BANK2   
                bssBANK3                       000300  000100  000400       300       1  BANK3   
                bssBANK4                       000400  0000FE  0004FE       400       1  BANK4   
                bssBANK5                       000500  000064  000564       500       1  BANK5   
                bssBIGRAM                      000564  000400  000964       564       1  BIGRAM  
                mediumconst                    00D778  002888  010000      6BBC       0  MEDIUMCO
                text91                         010000  00E7BB  01E7BB      8000       0  CODE    
                text182                        01E7BC  00055D  01ED19      F3DE       0  CODE    
                idloc                          200000  000010  200010    200000       0  IDLOC   
                config                         300000  00000C  30000C    300000       0  CONFIG  


UNUSED ADDRESS RANGES

        Name                Unused          Largest block    Delta
        BANK1            0001BE-0001FF               42
        BANK10           000A00-000AFF              100
        BANK11           000B00-000BFF              100
        BANK12           000C00-000CFF              100
        BANK13           000D00-000DFF              100
        BANK14           000E00-000E87               88
        BANK4            0004FE-0004FF                2
        BANK9            000964-0009FF               9C
        BIGRAM           0001BE-0001FF               42
                         0004FE-0004FF                2
                         000964-000E87              524
        CODE             000004-000007                4
                         00000E-000017                A
                         0000A6-00D777             D6D2
                         01E7BB-01E7BB                1
                         01ED19-01FFFF             12E7
        CONST            000004-000007                4
                         00000E-000017                A
                         0000A6-00D777             D6D2
                         01E7BB-01E7BB                1
                         01ED19-01FFFF             12E7
        EEDATA           310000-3103FF              400
        MEDIUMCONST      000F00-00D777             C878
                         01E7BB-01E7BB                1
                         01ED19-01FFFF             12E7
        RAM              0001BE-0001FF               42
                         0004FE-0004FF                2
                         000964-000E87              100
        SFR              000E8D-000FFF               73
        SMALLCONST       000F00-00D777              100
                         01E7BB-01E7BB                1
                         01ED19-01FFFF              100
        STACK            000964-000E87              524

                                  Symbol Table

?_ADCC_GetConversionResult                     cstackCOMRAM 000001
?_ADCC_GetFilterValue                          cstackCOMRAM 000001
?_FLASH_ReadWord                               cstackBANK2  000204
?___awdiv                                      cstackBANK2  000206
?___awmod                                      cstackBANK2  000200
?___fladd                                      cstackBANK2  000234
?___fldiv                                      cstackBANK2  000200
?___flmul                                      cstackBANK2  00020E
?___flneg                                      cstackBANK2  000200
?___flsub                                      cstackBANK2  00024C
?___fltol                                      cstackBANK2  000230
?___lldiv                                      cstackBANK2  000200
?___llmod                                      cstackBANK2  00020D
?___lwdiv                                      cstackBANK2  000205
?___lwmod                                      cstackBANK2  000200
?___wmul                                       cstackBANK2  000200
?___xxtofl                                     cstackBANK2  00023E
?__div_to_l_                                   cstackBANK2  000200
?__doprnt                                      cstackBANK2  000254
?__tdiv_to_l_                                  cstackBANK2  000200
?_abs                                          cstackBANK2  00023A
?_fabs                                         cstackCOMRAM 000005
?_floatToEngineeringFormat                     cstackBANK2  00029F
?_fround                                       cstackBANK2  000227
?_getCauseOfResetString                        cstackBANK2  000200
?_getCauseOfResetStringSmall                   cstackBANK2  000200
?_getDeviceID                                  cstackBANK2  00020B
?_getDeviceIDString                            cstackBANK2  00020D
?_getNXQChargeStateString                      cstackBANK2  000200
?_getNXQChargeStateStringCaps                  cstackBANK2  000200
?_getStringSecondsAsTime                       cstackBANK2  00029F
?_getUserID                                    cstackBANK2  00020B
?_printf                                       cstackBANK2  0002AD
?_readFloatFromEEPROM                          cstackBANK2  000202
?_scale                                        cstackBANK2  000227
?_sprintf                                      cstackBANK2  00028C
?_strcmp                                       cstackBANK2  000200
?_strlen                                       cstackBANK2  000200
?i1___fladd                                    cstackBANK1  00010E
?i1___fldiv                                    cstackBANK1  00011E
?i1___flmul                                    cstackBANK1  000137
?i1___xxtofl                                   cstackBANK1  000100
?i2___awdiv                                    cstackCOMRAM 000007
?i2___awmod                                    cstackCOMRAM 000001
?i2___fladd                                    cstackCOMRAM 000052
?i2___fldiv                                    cstackCOMRAM 000013
?i2___flmul                                    cstackCOMRAM 00002C
?i2___flneg                                    cstackCOMRAM 000001
?i2___flsub                                    cstackBANK0  000064
?i2___fltol                                    cstackCOMRAM 00004E
?i2___lldiv                                    cstackCOMRAM 000001
?i2___llmod                                    cstackCOMRAM 00000E
?i2___lwdiv                                    cstackCOMRAM 000006
?i2___lwmod                                    cstackCOMRAM 000001
?i2___wmul                                     cstackCOMRAM 000001
?i2___xxtofl                                   cstackCOMRAM 000005
?i2__div_to_l_                                 cstackCOMRAM 000001
?i2__doprnt                                    cstackBANK0  00006C
?i2__tdiv_to_l_                                cstackCOMRAM 000001
?i2_fround                                     cstackCOMRAM 000045
?i2_printf                                     cstackBANK0  0000A4
?i2_scale                                      cstackCOMRAM 000045
ADCC_SetADTIInterruptHandler@InterruptHandler  cstackBANK2  000200
ADCC_StartConversion@channel                   cstackBANK1  000100
ADC_PostProcessingHandler@current_adc_channel  cstackBANK0  000078
ADC_PostProcessingHandler@i                    cstackBANK0  000079
ADC_PostProcessingHandler@i_3624               cstackBANK0  00007A
CCP2_CallBack@capturedValue                    cstackBANK1  000158
CCP2_CaptureISR@module                         cstackBANK1  00015A
DATAEE_ReadByte@bAdd                           cstackBANK2  000200
DATAEE_WriteByte@GIEBitValue                   cstackBANK2  000203
DATAEE_WriteByte@bAdd                          cstackBANK2  000200
DATAEE_WriteByte@bData                         cstackBANK2  000202
EUSART2_Read@readValue                         cstackBANK2  000200
EUSART2_SetRxInterruptHandler@interruptHandler cstackBANK2  000200
EUSART2_SetTxInterruptHandler@interruptHandler cstackBANK2  000200
EUSART2_Write@txData                           cstackBANK2  000200
FLASH_ReadByte@flashAddr                       cstackBANK2  000200
FLASH_ReadWord@flashAddr                       cstackBANK2  000204
I2C2_ISR@i2c_10bit_address_restart             bssBANK0     0000DC
I2C2_ISR@i2c_address                           bssBANK0     0000FD
I2C2_ISR@i2c_bytes_left                        bssBANK0     0000DD
I2C2_ISR@pi2c_buf_ptr                          bssBANK1     00019B
I2C2_MasterRead@address                        cstackBANK2  00020C
I2C2_MasterRead@length                         cstackBANK2  00020B
I2C2_MasterRead@pdata                          cstackBANK2  000209
I2C2_MasterRead@pflag                          cstackBANK2  00020E
I2C2_MasterRead@trBlock                        bssBANK1     0001AD
I2C2_MasterReadTRBBuild@address                cstackBANK2  000205
I2C2_MasterReadTRBBuild@length                 cstackBANK2  000204
I2C2_MasterReadTRBBuild@pdata                  cstackBANK2  000202
I2C2_MasterReadTRBBuild@ptrb                   cstackBANK2  000200
I2C2_MasterTRBInsert@count                     cstackBANK2  000205
I2C2_MasterTRBInsert@pflag                     cstackBANK2  000202
I2C2_MasterTRBInsert@ptrb_list                 cstackBANK2  000200
I2C2_MasterWrite@address                       cstackBANK2  00020C
I2C2_MasterWrite@length                        cstackBANK2  00020B
I2C2_MasterWrite@pdata                         cstackBANK2  000209
I2C2_MasterWrite@pflag                         cstackBANK2  00020E
I2C2_MasterWrite@trBlock                       bssBANK1     0001B2
I2C2_MasterWriteTRBBuild@address               cstackBANK2  000205
I2C2_MasterWriteTRBBuild@length                cstackBANK2  000204
I2C2_MasterWriteTRBBuild@pdata                 cstackBANK2  000202
I2C2_MasterWriteTRBBuild@ptrb                  cstackBANK2  000200
I2C2_Stop@completion_code                      cstackBANK1  000102
INT1_SetInterruptHandler@InterruptHandler      cstackBANK2  000200
INT2_SetInterruptHandler@InterruptHandler      cstackBANK2  000200
IOCBF2_SetInterruptHandler@InterruptHandler    cstackBANK2  000200
IOCBF3_SetInterruptHandler@InterruptHandler    cstackBANK2  000200
LM73Convert@Ambient_Conv                       cstackBANK2  000253
LM73Convert@POS5_Conv                          cstackBANK2  000251
LM73Convert@QI_Conv                            cstackBANK2  00024F
LM73TempSensorInitialize@output_data_array     cstackBANK2  000210
OLED_Clear@col                                 cstackBANK2  000223
OLED_Clear@row                                 cstackBANK2  000221
OLED_Command@data_array                        cstackBANK2  000212
OLED_Command@temp                              cstackBANK2  000210
OLED_PutChar@ch                                cstackBANK2  000220
OLED_PutChar@data_array                        cstackBANK2  000214
OLED_PutChar@input_base                        cstackBANK2  00021D
OLED_UpdateFromRAMBuffer@char_index            cstackBANK2  000224
OLED_UpdateFromRAMBuffer@char_index_4431       cstackBANK2  000225
OLED_UpdateFromRAMBuffer@char_index_4432       cstackBANK2  000226
OLED_UpdateFromRAMBuffer@char_index_4433       cstackBANK2  000227
OLED_WriteString@s                             cstackBANK2  000221
OLED_WriteString@str_len                       cstackBANK2  000223
OLED_YX@Column                                 cstackBANK2  000214
OLED_YX@Row                                    cstackBANK2  000218
OLED_updateHandler@dev_id_str                  cstackBANK5  000540
OLED_updateHandler@rev_id_str                  cstackBANK5  000551
TMR0_SetInterruptHandler@InterruptHandler      cstackBANK2  000200
TMR1_SetInterruptHandler@InterruptHandler      cstackBANK2  000200
TMR1_WriteTimer@timerVal                       cstackBANK2  000200
TMR2_SetInterruptHandler@InterruptHandler      cstackBANK2  000200
TMR3_SetInterruptHandler@InterruptHandler      cstackBANK2  000200
TMR3_WriteTimer@timerVal                       cstackBANK2  000200
TMR5_WriteTimer@timerVal                       cstackBANK2  000200
_ADACCH                                        (abs)        000F71
_ADACCL                                        (abs)        000F70
_ADACQ                                         (abs)        000F5C
_ADACT                                         (abs)        000F56
_ADCAP                                         (abs)        000F5D
_ADCC_ADTI_InterruptHandler                    bssBANK1     000182
_ADCC_ClearAccumulator                         text147      01ECCE
_ADCC_DefaultInterruptHandler                  text210      01ED16
_ADCC_DischargeSampleCapacitor                 text146      01ECBA
_ADCC_GetConversionResult                      text226      01EB16
_ADCC_GetCurrentCountofConversions             text225      01ED02
_ADCC_GetFilterValue                           text224      01EB02
_ADCC_HasAccumulatorOverflowed                 text223      01EC7C
_ADCC_Initialize                               text72       01D7FE
_ADCC_SetADTIInterruptHandler                  text73       01EC12
_ADCC_StartConversion                          text145      01EC2E
_ADCC_StopConversion                           text222      01ECFE
_ADCC_ThresholdISR                             text209      01E722
_ADCLK                                         (abs)        000F57
_ADCNT                                         (abs)        000F67
_ADCON0                                        (abs)        000F60
_ADCON0bits                                    (abs)        000F60
_ADCON1                                        (abs)        000F59
_ADCON1bits                                    (abs)        000F59
_ADCON2                                        (abs)        000F5A
_ADCON2bits                                    (abs)        000F5A
_ADCON3                                        (abs)        000F5B
_ADCON3bits                                    (abs)        000F5B
_ADC_PostProcessingHandler                     text211      01422C
_ADC_PostProcessingHandler$6787                cstackBANK0  00007B
_ADC_PostProcessingHandler$6788                cstackBANK0  00007F
_ADC_PostProcessingHandler$6789                cstackBANK0  00006C
_ADC_PostProcessingHandler$6790                cstackBANK0  000070
_ADC_PostProcessingHandler$6791                cstackBANK0  000074
_ADC_acquisitionTimerHandler                   text141      01EA22
_ADERRH                                        (abs)        000F6F
_ADERRL                                        (abs)        000F6E
_ADFLTRH                                       (abs)        000F73
_ADFLTRL                                       (abs)        000F72
_ADLTHH                                        (abs)        000F6B
_ADLTHL                                        (abs)        000F6A
_ADPCH                                         (abs)        000F5F
_ADPRE                                         (abs)        000F5E
_ADPREVH                                       (abs)        000F62
_ADPREVL                                       (abs)        000F61
_ADREF                                         (abs)        000F58
_ADRESH                                        (abs)        000F64
_ADRESL                                        (abs)        000F63
_ADRPT                                         (abs)        000F66
_ADSTAT                                        (abs)        000F65
_ADSTATbits                                    (abs)        000F65
_ADSTPTH                                       (abs)        000F69
_ADSTPTL                                       (abs)        000F68
_ADUTHH                                        (abs)        000F6D
_ADUTHL                                        (abs)        000F6C
_ANSELA                                        (abs)        000F11
_ANSELB                                        (abs)        000F19
_ANSELC                                        (abs)        000F21
_BAUD2CON                                      (abs)        000E9F
_CCP2CAP                                       (abs)        000FA9
_CCP2CON                                       (abs)        000FA8
_CCP2CONbits                                   (abs)        000FA8
_CCP2PPS                                       (abs)        000EB0
_CCP2_CallBack                                 text153      01E0E0
_CCP2_CaptureISR                               text152      01EA3C
_CCP2_Initialize                               text71       01E804
_CCPR2H                                        (abs)        000FA7
_CCPR2L                                        (abs)        000FA6
_CCPTMRSbits                                   (abs)        000FAE
_DATAEE_ReadByte                               text36       01E9EE
_DATAEE_WriteByte                              text25       01E120
_EUSART2_Initialize                            text68       01D510
_EUSART2_Read                                  text33       01E15E
_EUSART2_Receive_ISR                           text190      01CDA8
_EUSART2_RxDefaultInterruptHandler             bssBANK1     00018B
_EUSART2_SetRxInterruptHandler                 text70       01EC04
_EUSART2_SetTxInterruptHandler                 text69       01EBF6
_EUSART2_Transmit_ISR                          text189      01DF8E
_EUSART2_TxDefaultInterruptHandler             bssBANK1     00018E
_EUSART2_Write                                 text96       01D9CE
_EXT_INT_Initialize                            text65       01E382
_FLASH_ReadByte                                text86       01EA08
_FLASH_ReadWord                                text85       01E05C
_FVRCON                                        (abs)        000F31
_FVRCONbits                                    (abs)        000F31
_FVR_Initialize                                text64       01EC64
_I2C2_BusCollisionISR                          text151      01EC70
_I2C2_FunctionComplete                         text150      01E97E
_I2C2_ISR                                      text148      01AC96
_I2C2_Initialize                               text63       01E3BA
_I2C2_MasterRead                               text129      01DD00
_I2C2_MasterReadTRBBuild                       text132      01DACC
_I2C2_MasterTRBInsert                          text130      01CE4C
_I2C2_MasterWrite                              text127      01DCB0
_I2C2_MasterWriteTRBBuild                      text128      01DF02
_I2C2_Stop                                     text149      01DF48
_I2C2_WaitForLastPacketToComplete              text131      01EC92
_I2C_STATUS                                    bssBANK1     0001BC
_INT1PPS                                       (abs)        000EA2
_INT1_CallBack                                 text186      01E7E0
_INT1_DefaultInterruptHandler                  text187      01ED14
_INT1_ISR                                      text185      01ECA6
_INT1_InterruptHandler                         bssBANK1     000194
_INT1_SetInterruptHandler                      text67       01EBE8
_INT2PPS                                       (abs)        000EA3
_INT2_CallBack                                 text182      01E7BC
_INT2_DefaultInterruptHandler                  text183      01ED12
_INT2_ISR                                      text181      01EC9C
_INT2_InterruptHandler                         bssBANK1     000191
_INT2_SetInterruptHandler                      text66       01EBDA
_INTCONbits                                    (abs)        000FF2
_INTERRUPT_Initialize                          text62       01E8A8
_INTERRUPT_InterruptManagerHigh                intcode      000008
_INTERRUPT_InterruptManagerLow                 intcodelo    000018
_IOCBF2_DefaultInterruptHandler                text175      01ED10
_IOCBF2_ISR                                    text174      01E658
_IOCBF2_InterruptHandler                       bssBANK1     000188
_IOCBF2_SetInterruptHandler                    text60       01EBCC
_IOCBF3_DefaultInterruptHandler                text170      01ED0E
_IOCBF3_ISR                                    text169      01E62E
_IOCBF3_InterruptHandler                       bssBANK1     000185
_IOCBF3_SetInterruptHandler                    text59       01EBBE
_IOCBFbits                                     (abs)        000F12
_IOCBNbits                                     (abs)        000F13
_IOCBPbits                                     (abs)        000F14
_IPR0bits                                      (abs)        000EBA
_IPR1bits                                      (abs)        000EBB
_IPR3bits                                      (abs)        000EBD
_IPR4bits                                      (abs)        000EBE
_IPR6bits                                      (abs)        000EC0
_LATA                                          (abs)        000F83
_LATB                                          (abs)        000F84
_LATBbits                                      (abs)        000F84
_LATC                                          (abs)        000F85
_LATCbits                                      (abs)        000F85
_LM73AcquisitionHandler                        text123      01B152
_LM73Convert                                   text124      01AA12
_LM73TempSensorInitialize                      text122      01AF1A
_LM73_start_flag                               bssBANK2     0002EA
_LM73_temp_results                             bssBANK2     0002ED
_NVMADRH                                       (abs)        000F7F
_NVMADRL                                       (abs)        000F7E
_NVMCON1bits                                   (abs)        000F81
_NVMCON2                                       (abs)        000F82
_NVMDAT                                        (abs)        000F80
_ODCONA                                        (abs)        000F0F
_ODCONB                                        (abs)        000F17
_ODCONC                                        (abs)        000F1F
_OLED_Clear                                    text119      01E218
_OLED_Command                                  text118      01D732
_OLED_Frame                                    bssBANK2     0002E9
_OLED_Init                                     text117      01D0C2
_OLED_PutChar                                  text120      01CAC0
_OLED_RAM_Buffer                               bssBANK3     000368
_OLED_UpdateFromRAMBuffer                      text113      01C076
_OLED_WriteString                              text116      01E1DA
_OLED_YX                                       text115      01E018
_OLED_updateHandler                            text74       012E3C
_OLED_updateHandler$6398                       cstackBANK5  000562
_OLED_update_flag                              bssBANK2     0002E8
_OLED_update_time                              dataBANK2    0002E2
_OSCCON1                                       (abs)        000ED8
_OSCCON3                                       (abs)        000EDA
_OSCEN                                         (abs)        000EDC
_OSCFRQ                                        (abs)        000EDE
_OSCILLATOR_Initialize                         text61       01EA56
_OSCTUNE                                       (abs)        000EDD
_OledFont                                      mediumconst  00D801
_PCON0bits                                     (abs)        000FD7
_PIE0bits                                      (abs)        000EC2
_PIE1bits                                      (abs)        000EC3
_PIE3bits                                      (abs)        000EC5
_PIE4bits                                      (abs)        000EC6
_PIE6bits                                      (abs)        000EC8
_PIN_MANAGER_IOC                               text168      01EADA
_PIN_MANAGER_Initialize                        text58       01CEEE
_PIR0bits                                      (abs)        000ECA
_PIR1bits                                      (abs)        000ECB
_PIR3bits                                      (abs)        000ECD
_PIR4bits                                      (abs)        000ECE
_PIR6bits                                      (abs)        000ED0
_PIR7bits                                      (abs)        000ED1
_PMD0                                          (abs)        000EE1
_PMD1                                          (abs)        000EE2
_PMD2                                          (abs)        000EE3
_PMD3                                          (abs)        000EE4
_PMD4                                          (abs)        000EE5
_PMD5                                          (abs)        000EE6
_PMD_Initialize                                text57       01E962
_PORTBbits                                     (abs)        000F8E
_PR2                                           (abs)        000FBC
_QIChargeIOCHandler                            text171      01E99A
_QIErrorTimerHandler                           text162      01EA84
_QIIdleChargedTimerHandler                     text135      01E8E8
_QIIdleIOCHandler                              text176      01EAEE
_QI_charge_time                                bssBANK2     0002E3
_QI_current_edge                               bssBANK1     0001AA
_RB4PPS                                        (abs)        000EF3
_RB5PPS                                        (abs)        000EF4
_RC2REG                                        (abs)        000E99
_RC2STA                                        (abs)        000E9D
_RC2STAbits                                    (abs)        000E9D
_RC4PPS                                        (abs)        000EFB
_RX2PPS                                        (abs)        000E8D
_SLRCONA                                       (abs)        000F0E
_SLRCONB                                       (abs)        000F16
_SLRCONC                                       (abs)        000F1E
_SP2BRGH                                       (abs)        000E9C
_SP2BRGL                                       (abs)        000E9B
_SSP2ADD                                       (abs)        000E93
_SSP2BUF                                       (abs)        000E92
_SSP2CLKPPS                                    (abs)        000E8F
_SSP2CON1                                      (abs)        000E96
_SSP2CON1bits                                  (abs)        000E96
_SSP2CON2bits                                  (abs)        000E97
_SSP2CON3                                      (abs)        000E98
_SSP2DATPPS                                    (abs)        000E90
_SSP2STAT                                      (abs)        000E95
_SYSTEM_Initialize                             text47       01E19C
_T0CON0                                        (abs)        000FD5
_T0CON0bits                                    (abs)        000FD5
_T0CON1                                        (abs)        000FD6
_T1CLK                                         (abs)        000FD2
_T1CON                                         (abs)        000FCF
_T1CONbits                                     (abs)        000FCF
_T1GATE                                        (abs)        000FD1
_T1GCON                                        (abs)        000FD0
_T1GCONbits                                    (abs)        000FD0
_T2CLKCON                                      (abs)        000FBF
_T2CON                                         (abs)        000FBD
_T2CONbits                                     (abs)        000FBD
_T2HLT                                         (abs)        000FBE
_T2HLTbits                                     (abs)        000FBE
_T2PR                                          (abs)        000FBC
_T2RST                                         (abs)        000FC0
_T2RSTbits                                     (abs)        000FC0
_T2TMR                                         (abs)        000FBB
_T3CLK                                         (abs)        000FCC
_T3CON                                         (abs)        000FC9
_T3CONbits                                     (abs)        000FC9
_T3GATE                                        (abs)        000FCB
_T3GCON                                        (abs)        000FCA
_T3GCONbits                                    (abs)        000FCA
_T5CLK                                         (abs)        000FC6
_T5CON                                         (abs)        000FC3
_T5CONbits                                     (abs)        000FC3
_T5GATE                                        (abs)        000FC5
_T5GCON                                        (abs)        000FC4
_T5GCONbits                                    (abs)        000FC4
_TABLAT                                        (abs)        000FF5
_TBLPTRH                                       (abs)        000FF7
_TBLPTRL                                       (abs)        000FF6
_TBLPTRU                                       (abs)        000FF8
_TMR0H                                         (abs)        000FD4
_TMR0L                                         (abs)        000FD3
_TMR0_DefaultInterruptHandler                  text166      01ED0C
_TMR0_ISR                                      text165      01E6FA
_TMR0_Initialize                               text55       01E5DA
_TMR0_InterruptHandler                         bssBANK1     00017F
_TMR0_SetInterruptHandler                      text56       01EBB0
_TMR1H                                         (abs)        000FCE
_TMR1L                                         (abs)        000FCD
_TMR1_DefaultInterruptHandler                  text163      01ED0A
_TMR1_ISR                                      text161      01E458
_TMR1_Initialize                               text53       01DC60
_TMR1_InterruptHandler                         bssBANK1     000176
_TMR1_Reload                                   text45       01EB78
_TMR1_SetInterruptHandler                      text54       01EBA2
_TMR1_StartTimer                               text180      01ECF6
_TMR1_StopTimer                                text44       01ECE2
_TMR1_WriteTimer                               text46       01E888
_TMR2                                          (abs)        000FBB
_TMR2_DefaultInterruptHandler                  text142      01ED08
_TMR2_ISR                                      text140      01E6D2
_TMR2_Initialize                               text51       01E48C
_TMR2_InterruptHandler                         bssBANK1     00017C
_TMR2_SetInterruptHandler                      text52       01EB94
_TMR2_Start                                    text221      01ECFA
_TMR2_StartTimer                               text220      01ECD4
_TMR2_Stop                                     text144      01ECEA
_TMR2_StopTimer                                text143      01ECC8
_TMR3H                                         (abs)        000FC8
_TMR3L                                         (abs)        000FC7
_TMR3_DefaultInterruptHandler                  text136      01ED06
_TMR3_ISR                                      text134      01E424
_TMR3_Initialize                               text49       01DC10
_TMR3_InterruptHandler                         bssBANK1     000179
_TMR3_Reload                                   text42       01EB6A
_TMR3_SetInterruptHandler                      text50       01EB86
_TMR3_StartTimer                               text179      01ECF2
[...]
      Temps:          2       0       0       0       0       0       0       0       0       0       0       0       0       0       0       0
      Totals:         4       0       0       0       0       0       0       0       0       0       0       0       0       0       0       0
Total ram usage:        4 bytes
 Hardware stack levels used:    1
 This function calls:
		Nothing
 This function is called by:
		_ADC_PostProcessingHandler
 This function uses a non-reentrant model



MODULE INFORMATION

Module		Function		Class		Link	Load	Size
C:\Program Files (x86)\Microchip\xc8\v2.05\pic\sources\c90\common\isdigit.c
		_isdigit       		CODE           	1E826	0000	35

C:\Program Files (x86)\Microchip\xc8\v2.05\pic\sources\c90\common\isdigit.c estimated size: 35

C:\Program Files (x86)\Microchip\xc8\v2.05\pic\sources\c90\common\doprnt.c
		_scale         		CODE           	167D0	0000	1077
		_fround        		CODE           	19A60	0000	707
		__doprnt       		CODE           	10000	0000	5925

C:\Program Files (x86)\Microchip\xc8\v2.05\pic\sources\c90\common\doprnt.c estimated size: 7709

C:\Program Files (x86)\Microchip\xc8\v2.05\pic\sources\c90\common\sprcadd.c
		___flsub       		CODE           	1DE2C	0000	73
		___fladd       		CODE           	18B52	0000	783

C:\Program Files (x86)\Microchip\xc8\v2.05\pic\sources\c90\common\sprcadd.c estimated size: 856

C:\Program Files (x86)\Microchip\xc8\v2.05\pic\sources\c90\common\llmod.c
		___llmod       		CODE           	1D664	0000	105

C:\Program Files (x86)\Microchip\xc8\v2.05\pic\sources\c90\common\llmod.c estimated size: 105

NXQ_charge_state.c
		_QIIdleChargedTimerHandler		CODE           	1E8E8	0000	33
		_getNXQChargeStateString		CODE           	1D8BC	0000	93
		_QIChargeIOCHandler		CODE           	1E99A	0000	29
		_getNXQChargeStateStringCaps		CODE           	1D918	0000	93
		_QIErrorTimerHandler		CODE           	1EA84	0000	23
		_QIIdleIOCHandler		CODE           	1EAEE	0000	21

NXQ_charge_state.c estimated size: 292

mcc_generated_files/eusart2.c
		_putch         		CODE           	1EAC6	0000	21
		_EUSART2_Read  		CODE           	1E15E	0000	63
		_EUSART2_Write 		CODE           	1D9CE	0000	87
		_EUSART2_Receive_ISR		CODE           	1CDA8	0000	165
		_EUSART2_Transmit_ISR		CODE           	1DF8E	0000	71
		_EUSART2_SetRxInterruptHandler		CODE           	1EC04	0000	15
		_EUSART2_SetTxInterruptHandler		CODE           	1EBF6	0000	15
		_EUSART2_Initialize		CODE           	1D510	0000	115

mcc_generated_files/eusart2.c estimated size: 552

mcc_generated_files/fvr.c
		_FVR_Initialize		CODE           	1EC64	0000	13

mcc_generated_files/fvr.c estimated size: 13

error_handling.c
		_updateErrorLEDs		CODE           	1DEBC	0000	71
		_getADCError   		CODE           	1EA6E	0000	23
		_clearADCErrors		CODE           	1EB5A	0000	17
		_clearUARTErrors		CODE           	1EC58	0000	13
		_clearI2CErrors		CODE           	1E946	0000	29
		_getI2CError   		CODE           	1E682	0000	41
		_getUARTError  		CODE           	1ECC2	0000	7

error_handling.c estimated size: 201

mcc_generated_files/tmr2.c
		_TMR2_ISR      		CODE           	1E6D2	0000	41
		_TMR2_Initialize		CODE           	1E48C	0000	51
		_TMR2_Stop     		CODE           	1ECEA	0000	5
		_TMR2_Start    		CODE           	1ECFA	0000	5
		_TMR2_SetInterruptHandler		CODE           	1EB94	0000	15
		_TMR2_StopTimer		CODE           	1ECC8	0000	7
		_TMR2_DefaultInterruptHandler		CODE           	1ED08	0000	3
		_TMR2_StartTimer		CODE           	1ECD4	0000	7

mcc_generated_files/tmr2.c estimated size: 134

mcc_generated_files/interrupt_manager.c
		_INTERRUPT_Initialize		CODE           	1E8A8	0000	33
		_INTERRUPT_InterruptManagerLow		CODE           	0018	0000	139
		_INTERRUPT_InterruptManagerHigh		CODE           	0008	0000	239

mcc_generated_files/interrupt_manager.c estimated size: 411

C:\Program Files (x86)\Microchip\xc8\v2.05\pic\sources\c90\common\sprintf.c
		_sprintf       		CODE           	1DDE4	0000	73

C:\Program Files (x86)\Microchip\xc8\v2.05\pic\sources\c90\common\sprintf.c estimated size: 73

heartbeat_timer.c
		_getStringSecondsAsTime		CODE           	17430	0000	935
		_getYearsFromOnTime		CODE           	1E4EE	0000	49
		_getHoursFromOnTime		CODE           	1C674	0000	241
		_heartbeatTimerHandler		CODE           	1B716	0000	403
		_getDaysFromOnTime		CODE           	1D15A	0000	145
		_getSecondsFromOnTime		CODE           	1B8A8	0000	379
		_getMinutesFromOnTime		CODE           	1BA22	0000	337

heartbeat_timer.c estimated size: 2489

C:\Program Files (x86)\Microchip\xc8\v2.05\pic\sources\c90\common\awmod.c
		___awmod       		CODE           	1D582	0000	115

C:\Program Files (x86)\Microchip\xc8\v2.05\pic\sources\c90\common\awmod.c estimated size: 115

terminal_control.c
		_terminalTextAttributesReset		CODE           	1EB4A	0000	17
		_terminalClearScreen		CODE           	1EB3A	0000	17
		_terminalTextAttributes		CODE           	177D6	0000	871
		_terminalSetCursorHome		CODE           	1EB2A	0000	17

terminal_control.c estimated size: 922

adc_postprocessing.c
		_ADC_acquisitionTimerHandler		CODE           	1EA22	0000	27
		_ADC_PostProcessingHandler		CODE           	1422C	0000	2421

adc_postprocessing.c estimated size: 2448

mcc_generated_files/tmr0.c
		_TMR0_SetInterruptHandler		CODE           	1EBB0	0000	15
		_TMR0_DefaultInterruptHandler		CODE           	1ED0C	0000	3
		_TMR0_ISR      		CODE           	1E6FA	0000	41
		_TMR0_Initialize		CODE           	1E5DA	0000	43

mcc_generated_files/tmr0.c estimated size: 102

double_to_EEPROM.c
		_recoverEEPROMToRAM		CODE           	18844	0000	783
		_forceEEPROMSave		CODE           	18536	0000	783
		_minMaxInitialize		CODE           	1B572	0000	421
		_writeEEPROMFromRAM		CODE           	14BA0	0000	2191
		_writeFloatToEEPROM		CODE           	1DBC0	0000	81
		_readFloatFromEEPROM		CODE           	1DD50	0000	77
		_updataMinMaxRAMAliases		CODE           	1542E	0000	2039

double_to_EEPROM.c estimated size: 6375

C:\Program Files (x86)\Microchip\xc8\v2.05\pic\sources\c90\common\ftdivl.c
		__tdiv_to_l_   		CODE           	1C198	0000	257

C:\Program Files (x86)\Microchip\xc8\v2.05\pic\sources\c90\common\ftdivl.c estimated size: 257

mcc_generated_files/pin_manager.c
		_IOCBF3_DefaultInterruptHandler		CODE           	1ED0E	0000	3
		_PIN_MANAGER_Initialize		CODE           	1CEEE	0000	161
		_IOCBF3_ISR    		CODE           	1E62E	0000	43
		_IOCBF2_SetInterruptHandler		CODE           	1EBCC	0000	15
		_IOCBF3_SetInterruptHandler		CODE           	1EBBE	0000	15
		_IOCBF2_DefaultInterruptHandler		CODE           	1ED10	0000	3
		_PIN_MANAGER_IOC		CODE           	1EADA	0000	21
		_IOCBF2_ISR    		CODE           	1E658	0000	43

mcc_generated_files/pin_manager.c estimated size: 304

C:\Program Files (x86)\Microchip\xc8\v2.05\pic\sources\c90\common\lwdiv.c
		___lwdiv       		CODE           	1DA24	0000	85

C:\Program Files (x86)\Microchip\xc8\v2.05\pic\sources\c90\common\lwdiv.c estimated size: 85

C:\Program Files (x86)\Microchip\xc8\v2.05\pic\sources\c90\common\fltol.c
		___fltol       		CODE           	1CB84	0000	189

C:\Program Files (x86)\Microchip\xc8\v2.05\pic\sources\c90\common\fltol.c estimated size: 189

cap_touch_int.c
		_leftCapTouchHandler		CODE           	1EAB0	0000	23
		_rightCapTouchHandler		CODE           	1EA9A	0000	23

cap_touch_int.c estimated size: 46

C:\Program Files (x86)\Microchip\xc8\v2.05\pic\sources\c90\common\Umul16.c
		___wmul        		CODE           	1E6AA	0000	41

C:\Program Files (x86)\Microchip\xc8\v2.05\pic\sources\c90\common\Umul16.c estimated size: 41

device_IDs.c
		_getDeviceID   		CODE           	1E8C8	0000	33
		_getUserID     		CODE           	1E3F0	0000	53
		_getMinorRevisionID		CODE           	1E74A	0000	39
		_getDeviceIDString		CODE           	1D02A	0000	153
		_getMajorRevisionID		CODE           	1E2CE	0000	61

device_IDs.c estimated size: 339

C:\Program Files (x86)\Microchip\xc8\v2.05\pic\sources\c90\common\fldivl.c
		__div_to_l_    		CODE           	1C396	0000	247

C:\Program Files (x86)\Microchip\xc8\v2.05\pic\sources\c90\common\fldivl.c estimated size: 247

C:\Program Files (x86)\Microchip\xc8\v2.05\pic\sources\c90\common\flge.c
		___flge        		CODE           	1C84C	0000	211

C:\Program Files (x86)\Microchip\xc8\v2.05\pic\sources\c90\common\flge.c estimated size: 211

mcc_generated_files/ccp2.c
		_CCP2_CallBack 		CODE           	1E0E0	0000	65
		_CCP2_CaptureISR		CODE           	1EA3C	0000	27
		_CCP2_Initialize		CODE           	1E804	0000	35

mcc_generated_files/ccp2.c estimated size: 127

C:\Program Files (x86)\Microchip\xc8\v2.05\pic\sources\c90\common\printf.c
		_printf        		CODE           	1E256	0000	61

C:\Program Files (x86)\Microchip\xc8\v2.05\pic\sources\c90\common\printf.c estimated size: 61

mcc_generated_files/ext_int.c
		_INT1_SetInterruptHandler		CODE           	1EBE8	0000	15
		_EXT_INT_Initialize		CODE           	1E382	0000	57
		_INT2_SetInterruptHandler		CODE           	1EBDA	0000	15
		_INT1_DefaultInterruptHandler		CODE           	1ED14	0000	3
		_INT1_CallBack 		CODE           	1E7E0	0000	37
		_INT2_DefaultInterruptHandler		CODE           	1ED12	0000	3
		_INT2_CallBack 		CODE           	1E7BC	0000	37
		_INT1_ISR      		CODE           	1ECA6	0000	11
		_INT2_ISR      		CODE           	1EC9C	0000	11

mcc_generated_files/ext_int.c estimated size: 189

C:\Program Files (x86)\Microchip\xc8\v2.05\pic\sources\c90\common\awdiv.c
		___awdiv       		CODE           	1D300	0000	135

C:\Program Files (x86)\Microchip\xc8\v2.05\pic\sources\c90\common\awdiv.c estimated size: 135

LM73_I2C.c
		_LM73TempSensorInitialize		CODE           	1AF1A	0000	569
		_LM73Convert   		CODE           	1AA12	0000	645
		_LM73AcquisitionHandler		CODE           	1B152	0000	557

LM73_I2C.c estimated size: 1771

freq_meas.c
		_freqMeasStartCaptures		CODE           	1EC88	0000	11
		_freqMeasConvert		CODE           	1BF3A	0000	317

freq_meas.c estimated size: 328

mcc_generated_files/tmr5.c
		_TMR5_Initialize		CODE           	1E292	0000	61
		_TMR5_StopTimer		CODE           	1ECDA	0000	5
		_TMR5_WriteTimer		CODE           	1E848	0000	33

mcc_generated_files/tmr5.c estimated size: 99

shared
		i2_printf      		CODE           	1E30A	0000	61
		i1_TMR3_Reload 		CODE           	1EC20	0000	15
		i2_TMR3_Reload 		CODE           	1EC4A	0000	15
		_OledFont      		MEDIUMCONST    	D801	0000	769
		i1_TMR3_StopTimer		CODE           	1ECE6	0000	5
		i2_putch       		CODE           	1ECB0	0000	11
		i2___fleq      		CODE           	1D276	0000	139
		__powers_      		MEDIUMCONST    	D779	0000	53
		i1_TMR3_WriteTimer		CODE           	1E908	0000	33
		_dpowers       		MEDIUMCONST    	DB01	0000	41
		i2_TMR3_WriteTimer		CODE           	1E9D2	0000	29
		i2___lwdiv     		CODE           	1DB1E	0000	83
		i2_isdigit     		CODE           	1E928	0000	31
		i2___flneg     		CODE           	1E5AC	0000	47
		i2___awdiv     		CODE           	1D40A	0000	133
		i1___fladd     		CODE           	18E60	0000	783
		i2_TMR1_Reload 		CODE           	1EC3C	0000	15
		i2___fladd     		CODE           	1916E	0000	783
		i2__tdiv_to_l_ 		CODE           	1C298	0000	255
		i2___wmul      		CODE           	1E770	0000	39
		i2_TMR1_StopTimer		CODE           	1ECEE	0000	5
		i2__doprnt     		CODE           	11724	0000	5913
		i1___fldiv     		CODE           	1A500	0000	651
		i2___fldiv     		CODE           	1A78A	0000	649
		i2__div_to_l_  		CODE           	1C580	0000	245
		__npowers_     		MEDIUMCONST    	D7AD	0000	53
		i2___lwmod     		CODE           	1E09E	0000	67
		i2___fltol     		CODE           	1CC40	0000	187
		i2_scale       		CODE           	16C04	0000	1049
		i2___lldiv     		CODE           	1D48E	0000	131
		__initialization		CODE           	1CF8E	0000	147
		i1___flge      		CODE           	1C91E	0000	211
		i2___flge      		CODE           	1C9F0	0000	209
		i2___awmod     		CODE           	1D5F4	0000	113
		i2_TMR1_WriteTimer		CODE           	1E9B6	0000	29
		i2_EUSART2_Write		CODE           	1DA78	0000	85
		i1___flmul     		CODE           	17E90	0000	853
		i2___flmul     		CODE           	181E4	0000	851
		_hexpowers     		MEDIUMCONST    	D7E1	0000	33
		i2___llmod     		CODE           	1D798	0000	103
		i1___xxtofl    		CODE           	1BCB6	0000	325
		i2___xxtofl    		CODE           	1BDFA	0000	321
		i2___flsub     		CODE           	1DE74	0000	73
		_temp_adc_offset		MEDIUMCONST    	0000	0000	0
		i2_fround      		CODE           	19D22	0000	687

shared estimated size: 16330

C:\Program Files (x86)\Microchip\xc8\v2.05\pic\sources\c90\common\sprcmul.c
		___flmul       		CODE           	17B3C	0000	853

C:\Program Files (x86)\Microchip\xc8\v2.05\pic\sources\c90\common\sprcmul.c estimated size: 853

C:\Program Files (x86)\Microchip\xc8\v2.05\pic\sources\c90\common\strncpy.c
		_strncpy       		CODE           	1D6CC	0000	103

C:\Program Files (x86)\Microchip\xc8\v2.05\pic\sources\c90\common\strncpy.c estimated size: 103

mcc_generated_files/mcc.c
		_PMD_Initialize		CODE           	1E962	0000	29
		_OSCILLATOR_Initialize		CODE           	1EA56	0000	25
		_SYSTEM_Initialize		CODE           	1E19C	0000	63

mcc_generated_files/mcc.c estimated size: 117

ring_buffer_interface.c
		_terminal_ringBufferPull		CODE           	1C48C	0000	245

ring_buffer_interface.c estimated size: 245

mcc_generated_files/tmr3.c
		_TMR3_ISR      		CODE           	1E424	0000	53
		_TMR3_Initialize		CODE           	1DC10	0000	81
		_TMR3_SetInterruptHandler		CODE           	1EB86	0000	15
		_TMR3_StopTimer		CODE           	1ECDE	0000	5
		_TMR3_Reload   		CODE           	1EB6A	0000	15
		_TMR3_DefaultInterruptHandler		CODE           	1ED06	0000	3
		_TMR3_WriteTimer		CODE           	1E868	0000	33
		_TMR3_StartTimer		CODE           	1ECF2	0000	5

mcc_generated_files/tmr3.c estimated size: 210

C:\Program Files (x86)\Microchip\xc8\v2.05\pic\sources\c90\common\abs.c
		_abs           		CODE           	1E604	0000	43

C:\Program Files (x86)\Microchip\xc8\v2.05\pic\sources\c90\common\abs.c estimated size: 43

C:\Program Files (x86)\Microchip\xc8\v2.05\pic\sources\c90\common\sprcdiv.c
		___fldiv       		CODE           	1A276	0000	651

C:\Program Files (x86)\Microchip\xc8\v2.05\pic\sources\c90\common\sprcdiv.c estimated size: 651

C:\Program Files (x86)\Microchip\xc8\v2.05\pic\sources\c90\common\strcat.c
		_strcat        		CODE           	1D85E	0000	95

C:\Program Files (x86)\Microchip\xc8\v2.05\pic\sources\c90\common\strcat.c estimated size: 95

C:\Program Files (x86)\Microchip\xc8\v2.05\pic\sources\c90\common\flneg.c
		___flneg       		CODE           	1E54E	0000	49

C:\Program Files (x86)\Microchip\xc8\v2.05\pic\sources\c90\common\flneg.c estimated size: 49

C:\Program Files (x86)\Microchip\xc8\v2.05\pic\sources\c90\common\fabs.c
		_fabs          		CODE           	1E346	0000	61

C:\Program Files (x86)\Microchip\xc8\v2.05\pic\sources\c90\common\fabs.c estimated size: 61

cause_of_reset.c
		_getCauseOfResetStringSmall		CODE           	1E51E	0000	49
		_getCauseOfResetString		CODE           	1E4BE	0000	49
		_getCauseOfReset		CODE           	1D974	0000	91

cause_of_reset.c estimated size: 189

mcc_generated_files/tmr1.c
		_TMR1_Initialize		CODE           	1DC60	0000	81
		_TMR1_SetInterruptHandler		CODE           	1EBA2	0000	15
		_TMR1_StopTimer		CODE           	1ECE2	0000	5
		_TMR1_Reload   		CODE           	1EB78	0000	15
		_TMR1_DefaultInterruptHandler		CODE           	1ED0A	0000	3
		_TMR1_WriteTimer		CODE           	1E888	0000	33
		_TMR1_StartTimer		CODE           	1ECF6	0000	5
		_TMR1_ISR      		CODE           	1E458	0000	53

mcc_generated_files/tmr1.c estimated size: 210

C:\Program Files (x86)\Microchip\xc8\v2.05\pic\sources\c90\common\memmove.c
		_memmove       		CODE           	1CCFA	0000	175

C:\Program Files (x86)\Microchip\xc8\v2.05\pic\sources\c90\common\memmove.c estimated size: 175

mcc_generated_files/i2c2.c
		_I2C2_BusCollisionISR		CODE           	1EC70	0000	13
		_I2C2_MasterRead		CODE           	1DD00	0000	81
		_I2C2_FunctionComplete		CODE           	1E97E	0000	29
		_I2C2_MasterWriteTRBBuild		CODE           	1DF02	0000	71
		_I2C2_ISR      		CODE           	1AC96	0000	645
		_I2C2_MasterWrite		CODE           	1DCB0	0000	81
		_I2C2_Initialize		CODE           	1E3BA	0000	55
		_I2C2_Stop     		CODE           	1DF48	0000	71
		_I2C2_MasterReadTRBBuild		CODE           	1DACC	0000	83
		_I2C2_WaitForLastPacketToComplete		CODE           	1EC92	0000	11
		_I2C2_MasterTRBInsert		CODE           	1CE4C	0000	163

mcc_generated_files/i2c2.c estimated size: 1303

C:\Program Files (x86)\Microchip\xc8\v2.05\pic\sources\c90\common\xxtofl.c
		___xxtofl      		CODE           	1BB72	0000	325

C:\Program Files (x86)\Microchip\xc8\v2.05\pic\sources\c90\common\xxtofl.c estimated size: 325

oled.c
		_OLED_Clear    		CODE           	1E218	0000	63
		_OLED_Command  		CODE           	1D732	0000	103
		_OLED_WriteString		CODE           	1E1DA	0000	63
		_OLED_UpdateFromRAMBuffer		CODE           	1C076	0000	291
		_OLED_Init     		CODE           	1D0C2	0000	153
		_OLED_updateHandler		CODE           	12E3C	0000	5105
		_OLED_PutChar  		CODE           	1CAC0	0000	197
		_OLED_YX       		CODE           	1E018	0000	69

oled.c estimated size: 6044

mcc_generated_files/memory.c
		_FLASH_ReadWord		CODE           	1E05C	0000	67
		_FLASH_ReadByte		CODE           	1EA08	0000	27
		_DATAEE_WriteByte		CODE           	1E120	0000	63
		_DATAEE_ReadByte		CODE           	1E9EE	0000	27

mcc_generated_files/memory.c estimated size: 184

ring_buffer_LUT.c
		_ringBufferLUT 		CODE           	15C24	0000	1717
		_printMaximumMeasurements		CODE           	1947C	0000	763
		_printErrorHandlerStatus		CODE           	1B37E	0000	501
		_floatToEngineeringFormat		CODE           	1701C	0000	1045
		_printCurrentMeasurements		CODE           	162D8	0000	1273
		_printMinimumMeasurements		CODE           	19FD0	0000	679

ring_buffer_LUT.c estimated size: 5978

C:\Program Files (x86)\Microchip\xc8\v2.05\pic\sources\c90\common\strlen.c
		_strlen        		CODE           	1E57E	0000	47

C:\Program Files (x86)\Microchip\xc8\v2.05\pic\sources\c90\common\strlen.c estimated size: 47

mcc_generated_files/adcc.c
		_ADCC_StopConversion		CODE           	1ECFE	0000	5
		_ADCC_DefaultInterruptHandler		CODE           	1ED16	0000	3
		_ADCC_ClearAccumulator		CODE           	1ECCE	0000	7
		_ADCC_GetFilterValue		CODE           	1EB02	0000	21
		_ADCC_GetCurrentCountofConversions		CODE           	1ED02	0000	5
		_ADCC_SetADTIInterruptHandler		CODE           	1EC12	0000	15
		_ADCC_GetConversionResult		CODE           	1EB16	0000	21
		_ADCC_ThresholdISR		CODE           	1E722	0000	41
		_ADCC_StartConversion		CODE           	1EC2E	0000	15
		_ADCC_Initialize		CODE           	1D7FE	0000	97
		_ADCC_HasAccumulatorOverflowed		CODE           	1EC7C	0000	13
		_ADCC_DischargeSampleCapacitor		CODE           	1ECBA	0000	9

mcc_generated_files/adcc.c estimated size: 252

C:\Program Files (x86)\Microchip\xc8\v2.05\pic\sources\c90\common\strcmp.c
		_strcmp        		CODE           	1DB70	0000	81

C:\Program Files (x86)\Microchip\xc8\v2.05\pic\sources\c90\common\strcmp.c estimated size: 81

C:\Program Files (x86)\Microchip\xc8\v2.05\pic\sources\c90\common\strcpy.c
		_strcpy        		CODE           	1DD9C	0000	73

C:\Program Files (x86)\Microchip\xc8\v2.05\pic\sources\c90\common\strcpy.c estimated size: 73

C:\Program Files (x86)\Microchip\xc8\v2.05\pic\sources\c90\common\__lldiv.c
		___lldiv       		CODE           	1D386	0000	133

C:\Program Files (x86)\Microchip\xc8\v2.05\pic\sources\c90\common\__lldiv.c estimated size: 133

main.c
		_main          		CODE           	19776	0000	747

main.c estimated size: 747

C:\Program Files (x86)\Microchip\xc8\v2.05\pic\sources\c90\common\fleq.c
		___fleq        		CODE           	1D1EA	0000	141

C:\Program Files (x86)\Microchip\xc8\v2.05\pic\sources\c90\common\fleq.c estimated size: 141

C:\Program Files (x86)\Microchip\xc8\v2.05\pic\sources\c90\common\lwmod.c
		___lwmod       		CODE           	1DFD4	0000	69

C:\Program Files (x86)\Microchip\xc8\v2.05\pic\sources\c90\common\lwmod.c estimated size: 69

